{
  "status": "Expanded",
  "sourceHash": "fb507bfb848a8859a55c020faf410e52f9e40c00fc3938a90ea3c763e1cf1d6c",
  "scenarioHash": "12928a795bba2435140fc22c0d33f039da3b04c8de6c244d0c4da338900f0430",
  "source6": "profile \"moriarty-financial-agreement-source/6\";\nagreement Invoice {\ndomain Midnight;\nsettlement A scale 2;\nselected TransferLiteralFee source_hash \"src1\" digest \"policy1\";\nintent {\nsigner Owner key \"key1\";\nnonce \"n1\";\npre_head \"h0\";\nvalid 0..10;\ngross_cap 1010;\nfee_cap 10;\nnet_floor 1000;\nfailure success_only;\nsigned_action transfer from Owner to Recipient fee_to Fee value 1000 fee 10;\nobservations empty;\ndisclosures empty;\nretained_effects empty;\nretained_duties empty;\ndelegation none;\nrecovery none;\n}\nauthenticated {\nhead \"h0\";\npredecessor \"genesis\";\nround 1;\nbalance Owner 10000;\nbalance Recipient 0;\nbalance Fee 0;\nallowance Owner remaining 10000 spent 0;\nreplay unused;\nwork_remaining 10;\nwork_spent 0;\n}\nsubmit transfer from Owner to Recipient fee_to Fee value 1000 fee 10;\neffects {\ndebit Owner 1010;\ncredit Recipient 1000;\ncredit Fee 10;\nuse_allowance Owner 1010;\nuse_replay \"n1\";\nadvance_head \"h0\" \"h1\";\n}\npost_head \"h1\";\n}\n",
  "fieldMap": [
    {
      "field": "profile",
      "generatedSpan": {
        "start": 0,
        "end": 49
      },
      "origins": [
        "o0"
      ]
    },
    {
      "field": "agreement",
      "generatedSpan": {
        "start": 49,
        "end": 69
      },
      "origins": [
        "o1"
      ]
    },
    {
      "field": "domain",
      "generatedSpan": {
        "start": 69,
        "end": 86
      },
      "origins": [
        "o3"
      ]
    },
    {
      "field": "settlement",
      "generatedSpan": {
        "start": 86,
        "end": 108
      },
      "origins": [
        "o9",
        "o17"
      ]
    },
    {
      "field": "selected",
      "generatedSpan": {
        "start": 108,
        "end": 173
      },
      "origins": [
        "o0",
        "o19",
        "o56",
        "o57"
      ]
    },
    {
      "field": "intent",
      "generatedSpan": {
        "start": 173,
        "end": 182
      },
      "origins": [
        "o59"
      ]
    },
    {
      "field": "intent.signer",
      "generatedSpan": {
        "start": 182,
        "end": 207
      },
      "origins": [
        "o67",
        "o68"
      ]
    },
    {
      "field": "intent.nonce",
      "generatedSpan": {
        "start": 207,
        "end": 219
      },
      "origins": [
        "o69"
      ]
    },
    {
      "field": "intent.pre_head",
      "generatedSpan": {
        "start": 219,
        "end": 234
      },
      "origins": [
        "o70"
      ]
    },
    {
      "field": "intent.valid",
      "generatedSpan": {
        "start": 234,
        "end": 247
      },
      "origins": [
        "o72"
      ]
    },
    {
      "field": "intent.gross_cap",
      "generatedSpan": {
        "start": 247,
        "end": 263
      },
      "origins": [
        "o74"
      ]
    },
    {
      "field": "intent.fee_cap",
      "generatedSpan": {
        "start": 263,
        "end": 275
      },
      "origins": [
        "o76"
      ]
    },
    {
      "field": "intent.net_floor",
      "generatedSpan": {
        "start": 275,
        "end": 291
      },
      "origins": [
        "o78"
      ]
    },
    {
      "field": "intent.failure",
      "generatedSpan": {
        "start": 291,
        "end": 313
      },
      "origins": [
        "o79"
      ]
    },
    {
      "field": "intent.signed_action",
      "generatedSpan": {
        "start": 313,
        "end": 390
      },
      "origins": [
        "o19"
      ]
    },
    {
      "field": "intent.observations",
      "generatedSpan": {
        "start": 390,
        "end": 410
      },
      "origins": [
        "o80"
      ]
    },
    {
      "field": "intent.disclosures",
      "generatedSpan": {
        "start": 410,
        "end": 429
      },
      "origins": [
        "o81"
      ]
    },
    {
      "field": "intent.retained_effects",
      "generatedSpan": {
        "start": 429,
        "end": 453
      },
      "origins": [
        "o82"
      ]
    },
    {
      "field": "intent.retained_duties",
      "generatedSpan": {
        "start": 453,
        "end": 476
      },
      "origins": [
        "o83"
      ]
    },
    {
      "field": "intent.delegation",
      "generatedSpan": {
        "start": 476,
        "end": 493
      },
      "origins": [
        "o84"
      ]
    },
    {
      "field": "intent.recovery",
      "generatedSpan": {
        "start": 493,
        "end": 508
      },
      "origins": [
        "o85"
      ]
    },
    {
      "field": "intent.end",
      "generatedSpan": {
        "start": 508,
        "end": 510
      },
      "origins": [
        "o0"
      ]
    },
    {
      "field": "authenticated",
      "generatedSpan": {
        "start": 510,
        "end": 526
      },
      "origins": [
        "o0"
      ]
    },
    {
      "field": "scenario.head",
      "generatedSpan": {
        "start": 526,
        "end": 537
      },
      "origins": [
        "o86"
      ]
    },
    {
      "field": "scenario.predecessor",
      "generatedSpan": {
        "start": 537,
        "end": 560
      },
      "origins": [
        "o87"
      ]
    },
    {
      "field": "scenario.round",
      "generatedSpan": {
        "start": 560,
        "end": 569
      },
      "origins": [
        "o88"
      ]
    },
    {
      "field": "scenario.balances.0",
      "generatedSpan": {
        "start": 569,
        "end": 590
      },
      "origins": [
        "o89"
      ]
    },
    {
      "field": "scenario.balances.1",
      "generatedSpan": {
        "start": 590,
        "end": 611
      },
      "origins": [
        "o90"
      ]
    },
    {
      "field": "scenario.balances.2",
      "generatedSpan": {
        "start": 611,
        "end": 626
      },
      "origins": [
        "o91"
      ]
    },
    {
      "field": "scenario.allowance",
      "generatedSpan": {
        "start": 626,
        "end": 667
      },
      "origins": [
        "o92"
      ]
    },
    {
      "field": "scenario.replay",
      "generatedSpan": {
        "start": 667,
        "end": 682
      },
      "origins": [
        "o93"
      ]
    },
    {
      "field": "scenario.work_remaining",
      "generatedSpan": {
        "start": 682,
        "end": 701
      },
      "origins": [
        "o94"
      ]
    },
    {
      "field": "scenario.work_spent",
      "generatedSpan": {
        "start": 701,
        "end": 715
      },
      "origins": [
        "o95"
      ]
    },
    {
      "field": "authenticated.end",
      "generatedSpan": {
        "start": 715,
        "end": 717
      },
      "origins": [
        "o0"
      ]
    },
    {
      "field": "submit",
      "generatedSpan": {
        "start": 717,
        "end": 787
      },
      "origins": [
        "o19"
      ]
    },
    {
      "field": "effects",
      "generatedSpan": {
        "start": 787,
        "end": 797
      },
      "origins": [
        "o0"
      ]
    },
    {
      "field": "effects.0",
      "generatedSpan": {
        "start": 797,
        "end": 815
      },
      "origins": [
        "o98"
      ]
    },
    {
      "field": "effects.1",
      "generatedSpan": {
        "start": 815,
        "end": 838
      },
      "origins": [
        "o99"
      ]
    },
    {
      "field": "effects.2",
      "generatedSpan": {
        "start": 838,
        "end": 853
      },
      "origins": [
        "o100"
      ]
    },
    {
      "field": "effects.3",
      "generatedSpan": {
        "start": 853,
        "end": 879
      },
      "origins": [
        "o101"
      ]
    },
    {
      "field": "effects.4",
      "generatedSpan": {
        "start": 879,
        "end": 896
      },
      "origins": [
        "o102"
      ]
    },
    {
      "field": "effects.5",
      "generatedSpan": {
        "start": 896,
        "end": 920
      },
      "origins": [
        "o103"
      ]
    },
    {
      "field": "effects.end",
      "generatedSpan": {
        "start": 920,
        "end": 922
      },
      "origins": [
        "o0"
      ]
    },
    {
      "field": "post_head",
      "generatedSpan": {
        "start": 922,
        "end": 938
      },
      "origins": [
        "o104"
      ]
    },
    {
      "field": "agreement.end",
      "generatedSpan": {
        "start": 938,
        "end": 940
      },
      "origins": [
        "o0"
      ]
    }
  ],
  "origins": [
    {
      "id": "o0",
      "kind": "generated",
      "rule": "beta1-to-source6-s0"
    },
    {
      "id": "o1",
      "kind": "source",
      "span": {
        "start": 37,
        "end": 44
      }
    },
    {
      "id": "o2",
      "kind": "source",
      "span": {
        "start": 469,
        "end": 476
      }
    },
    {
      "id": "o3",
      "kind": "derived",
      "rule": "resolved-reference-use-and-definition",
      "dependencies": [
        "o2",
        "o7"
      ]
    },
    {
      "id": "o4",
      "kind": "derived",
      "rule": "declaration-definition",
      "dependencies": [
        "o5",
        "o6"
      ]
    },
    {
      "id": "o5",
      "kind": "source",
      "span": {
        "start": 48,
        "end": 123
      }
    },
    {
      "id": "o6",
      "kind": "source",
      "span": {
        "start": 65,
        "end": 122
      }
    },
    {
      "id": "o7",
      "kind": "source",
      "span": {
        "start": 469,
        "end": 476
      },
      "dependencies": [
        "o4"
      ]
    },
    {
      "id": "o8",
      "kind": "source",
      "span": {
        "start": 485,
        "end": 488
      }
    },
    {
      "id": "o9",
      "kind": "derived",
      "rule": "resolved-reference-use-and-definition",
      "dependencies": [
        "o8",
        "o16"
      ]
    },
    {
      "id": "o10",
      "kind": "derived",
      "rule": "declaration-definition",
      "dependencies": [
        "o12",
        "o15"
      ]
    },
    {
      "id": "o11",
      "kind": "source",
      "span": {
        "start": 284,
        "end": 379
      }
    },
    {
      "id": "o12",
      "kind": "derived",
      "rule": "resolved-reference-use-and-definition",
      "dependencies": [
        "o11",
        "o13"
      ]
    },
    {
      "id": "o13",
      "kind": "source",
      "span": {
        "start": 306,
        "end": 313
      },
      "dependencies": [
        "o4"
      ]
    },
    {
      "id": "o14",
      "kind": "source",
      "span": {
        "start": 296,
        "end": 378
      }
    },
    {
      "id": "o15",
      "kind": "derived",
      "rule": "resolved-reference-use-and-definition",
      "dependencies": [
        "o14",
        "o13"
      ]
    },
    {
      "id": "o16",
      "kind": "source",
      "span": {
        "start": 485,
        "end": 488
      },
      "dependencies": [
        "o10"
      ]
    },
    {
      "id": "o17",
      "kind": "source",
      "span": {
        "start": 331,
        "end": 332
      }
    },
    {
      "id": "o18",
      "kind": "source",
      "span": {
        "start": 667,
        "end": 742
      }
    },
    {
      "id": "o19",
      "kind": "derived",
      "rule": "resolved-reference-use-and-definition",
      "dependencies": [
        "o18",
        "o26",
        "o33",
        "o40",
        "o48",
        "o55"
      ]
    },
    {
      "id": "o20",
      "kind": "derived",
      "rule": "declaration-definition",
      "dependencies": [
        "o22",
        "o25"
      ]
    },
    {
      "id": "o21",
      "kind": "source",
      "span": {
        "start": 125,
        "end": 174
      }
    },
    {
      "id": "o22",
      "kind": "derived",
      "rule": "resolved-reference-use-and-definition",
      "dependencies": [
        "o21",
        "o23"
      ]
    },
    {
      "id": "o23",
      "kind": "source",
      "span": {
        "start": 151,
        "end": 158
      },
      "dependencies": [
        "o4"
      ]
    },
    {
      "id": "o24",
      "kind": "source",
      "span": {
        "start": 141,
        "end": 173
      }
    },
    {
      "id": "o25",
      "kind": "derived",
      "rule": "resolved-reference-use-and-definition",
      "dependencies": [
        "o24",
        "o23"
      ]
    },
    {
      "id": "o26",
      "kind": "source",
      "span": {
        "start": 682,
        "end": 687
      },
      "dependencies": [
        "o20"
      ]
    },
    {
      "id": "o27",
      "kind": "derived",
      "rule": "declaration-definition",
      "dependencies": [
        "o29",
        "o32"
      ]
    },
    {
      "id": "o28",
      "kind": "source",
      "span": {
        "start": 176,
        "end": 230
      }
    },
    {
      "id": "o29",
      "kind": "derived",
      "rule": "resolved-reference-use-and-definition",
      "dependencies": [
        "o28",
        "o30"
      ]
    },
    {
      "id": "o30",
      "kind": "source",
      "span": {
        "start": 203,
        "end": 210
      },
      "dependencies": [
        "o4"
      ]
    },
    {
      "id": "o31",
      "kind": "source",
      "span": {
        "start": 193,
        "end": 229
      }
    },
    {
      "id": "o32",
      "kind": "derived",
      "rule": "resolved-reference-use-and-definition",
      "dependencies": [
        "o31",
        "o30"
      ]
    },
    {
      "id": "o33",
      "kind": "source",
      "span": {
        "start": 693,
        "end": 699
      },
      "dependencies": [
        "o27"
      ]
    },
    {
      "id": "o34",
      "kind": "derived",
      "rule": "declaration-definition",
      "dependencies": [
        "o36",
        "o39"
      ]
    },
    {
      "id": "o35",
      "kind": "source",
      "span": {
        "start": 232,
        "end": 282
      }
    },
    {
      "id": "o36",
      "kind": "derived",
      "rule": "resolved-reference-use-and-definition",
      "dependencies": [
        "o35",
        "o37"
      ]
    },
    {
      "id": "o37",
      "kind": "source",
      "span": {
        "start": 261,
        "end": 268
      },
      "dependencies": [
        "o4"
      ]
    },
    {
      "id": "o38",
      "kind": "source",
      "span": {
        "start": 251,
        "end": 281
      }
    },
    {
      "id": "o39",
      "kind": "derived",
      "rule": "resolved-reference-use-and-definition",
      "dependencies": [
        "o38",
        "o37"
      ]
    },
    {
      "id": "o40",
      "kind": "source",
      "span": {
        "start": 709,
        "end": 717
      },
      "dependencies": [
        "o34"
      ]
    },
    {
      "id": "o41",
      "kind": "derived",
      "rule": "declaration-definition",
      "dependencies": [
        "o43",
        "o47"
      ]
    },
    {
      "id": "o42",
      "kind": "source",
      "span": {
        "start": 381,
        "end": 415
      }
    },
    {
      "id": "o43",
      "kind": "derived",
      "rule": "resolved-reference-use-and-definition",
      "dependencies": [
        "o42",
        "o44",
        "o45"
      ]
    },
    {
      "id": "o44",
      "kind": "source",
      "span": {
        "start": 411,
        "end": 414
      },
      "dependencies": [
        "o10"
      ]
    },
    {
      "id": "o45",
      "kind": "source",
      "span": {
        "start": 398,
        "end": 401
      },
      "dependencies": [
        "o10"
      ]
    },
    {
      "id": "o46",
      "kind": "source",
      "span": {
        "start": 405,
        "end": 414
      }
    },
    {
      "id": "o47",
      "kind": "derived",
      "rule": "resolved-reference-use-and-definition",
      "dependencies": [
        "o46",
        "o44"
      ]
    },
    {
      "id": "o48",
      "kind": "source",
      "span": {
        "start": 726,
        "end": 731
      },
      "dependencies": [
        "o41"
      ]
    },
    {
      "id": "o49",
      "kind": "derived",
      "rule": "declaration-definition",
      "dependencies": [
        "o51",
        "o54"
      ]
    },
    {
      "id": "o50",
      "kind": "source",
      "span": {
        "start": 417,
        "end": 438
      }
    },
    {
      "id": "o51",
      "kind": "derived",
      "rule": "resolved-reference-use-and-definition",
      "dependencies": [
        "o50",
        "o52"
      ]
    },
    {
      "id": "o52",
      "kind": "source",
      "span": {
        "start": 434,
        "end": 437
      },
      "dependencies": [
        "o10"
      ]
    },
    {
      "id": "o53",
      "kind": "source",
      "span": {
        "start": 429,
        "end": 437
      }
    },
    {
      "id": "o54",
      "kind": "derived",
      "rule": "resolved-reference-use-and-definition",
      "dependencies": [
        "o53",
        "o52"
      ]
    },
    {
      "id": "o55",
      "kind": "source",
      "span": {
        "start": 738,
        "end": 741
      },
      "dependencies": [
        "o49"
      ]
    },
    {
      "id": "o56",
      "kind": "source",
      "span": {
        "start": 759,
        "end": 765
      }
    },
    {
      "id": "o57",
      "kind": "source",
      "span": {
        "start": 782,
        "end": 791
      }
    },
    {
      "id": "o58",
      "kind": "source",
      "span": {
        "start": 457,
        "end": 931
      }
    },
    {
      "id": "o59",
      "kind": "derived",
      "rule": "resolved-reference-use-and-definition",
      "dependencies": [
        "o58",
        "o7",
        "o16",
        "o60",
        "o61",
        "o62",
        "o63",
        "o64",
        "o65",
        "o26",
        "o33",
        "o40",
        "o48",
        "o55"
      ]
    },
    {
      "id": "o60",
      "kind": "source",
      "span": {
        "start": 498,
        "end": 503
      },
      "dependencies": [
        "o20"
      ]
    },
    {
      "id": "o61",
      "kind": "source",
      "span": {
        "start": 571,
        "end": 578
      },
      "dependencies": [
        "o4"
      ]
    },
    {
      "id": "o62",
      "kind": "source",
      "span": {
        "start": 609,
        "end": 614
      },
      "dependencies": [
        "o41"
      ]
    },
    {
      "id": "o63",
      "kind": "source",
      "span": {
        "start": 617,
        "end": 620
      },
      "dependencies": [
        "o49"
      ]
    },
    {
      "id": "o64",
      "kind": "source",
      "span": {
        "start": 631,
        "end": 634
      },
      "dependencies": [
        "o49"
      ]
    },
    {
      "id": "o65",
      "kind": "source",
      "span": {
        "start": 647,
        "end": 652
      },
      "dependencies": [
        "o41"
      ]
    },
    {
      "id": "o66",
      "kind": "source",
      "span": {
        "start": 498,
        "end": 503
      }
    },
    {
      "id": "o67",
      "kind": "derived",
      "rule": "resolved-reference-use-and-definition",
      "dependencies": [
        "o66",
        "o60"
      ]
    },
    {
      "id": "o68",
      "kind": "source",
      "span": {
        "start": 510,
        "end": 516
      }
    },
    {
      "id": "o69",
      "kind": "source",
      "span": {
        "start": 525,
        "end": 529
      }
    },
    {
      "id": "o70",
      "kind": "source",
      "span": {
        "start": 541,
        "end": 545
      }
    },
    {
      "id": "o71",
      "kind": "source",
      "span": {
        "start": 556,
        "end": 596
      }
    },
    {
      "id": "o72",
      "kind": "derived",
      "rule": "resolved-reference-use-and-definition",
      "dependencies": [
        "o71",
        "o61"
      ]
    },
    {
      "id": "o73",
      "kind": "source",
      "span": {
        "start": 609,
        "end": 620
      }
    },
    {
      "id": "o74",
      "kind": "derived",
      "rule": "resolved-reference-use-and-definition",
      "dependencies": [
        "o73",
        "o62",
        "o63"
      ]
    },
    {
      "id": "o75",
      "kind": "source",
      "span": {
        "start": 631,
        "end": 634
      }
    },
    {
      "id": "o76",
      "kind": "derived",
      "rule": "resolved-reference-use-and-definition",
      "dependencies": [
        "o75",
        "o64"
      ]
    },
    {
      "id": "o77",
      "kind": "source",
      "span": {
        "start": 647,
        "end": 652
      }
    },
    {
      "id": "o78",
      "kind": "derived",
      "rule": "resolved-reference-use-and-definition",
      "dependencies": [
        "o77",
        "o65"
      ]
    },
    {
      "id": "o79",
      "kind": "source",
      "span": {
        "start": 802,
        "end": 813
      }
    },
    {
      "id": "o80",
      "kind": "source",
      "span": {
        "start": 831,
        "end": 833
      }
    },
    {
      "id": "o81",
      "kind": "source",
      "span": {
        "start": 848,
        "end": 850
      }
    },
    {
      "id": "o82",
      "kind": "source",
      "span": {
        "start": 870,
        "end": 872
      }
    },
    {
      "id": "o83",
      "kind": "source",
      "span": {
        "start": 891,
        "end": 893
      }
    },
    {
      "id": "o84",
      "kind": "source",
      "span": {
        "start": 907,
        "end": 911
      }
    },
    {
      "id": "o85",
      "kind": "source",
      "span": {
        "start": 923,
        "end": 927
      }
    },
    {
      "id": "o86",
      "kind": "scenario",
      "pointer": "/head"
    },
    {
      "id": "o87",
      "kind": "scenario",
      "pointer": "/predecessor"
    },
    {
      "id": "o88",
      "kind": "scenario",
      "pointer": "/round"
    },
    {
      "id": "o89",
      "kind": "scenario",
      "pointer": "/balances/0"
    },
    {
      "id": "o90",
      "kind": "scenario",
      "pointer": "/balances/1"
    },
    {
      "id": "o91",
      "kind": "scenario",
      "pointer": "/balances/2"
    },
    {
      "id": "o92",
      "kind": "scenario",
      "pointer": "/allowance"
    },
    {
      "id": "o93",
      "kind": "scenario",
      "pointer": "/replay"
    },
    {
      "id": "o94",
      "kind": "scenario",
      "pointer": "/work_remaining"
    },
    {
      "id": "o95",
      "kind": "scenario",
      "pointer": "/work_spent"
    },
    {
      "id": "o96",
      "kind": "scenario",
      "pointer": "/post_head"
    },
    {
      "id": "o97",
      "kind": "scenario",
      "pointer": "/balances"
    },
    {
      "id": "o98",
      "kind": "derived",
      "rule": "literal-transfer-proposal",
      "dependencies": [
        "o19",
        "o3",
        "o67",
        "o69",
        "o70",
        "o96",
        "o97"
      ]
    },
    {
      "id": "o99",
      "kind": "derived",
      "rule": "literal-transfer-proposal",
      "dependencies": [
        "o19",
        "o3",
        "o67",
        "o69",
        "o70",
        "o96",
        "o97"
      ]
    },
    {
      "id": "o100",
      "kind": "derived",
      "rule": "literal-transfer-proposal",
      "dependencies": [
        "o19",
        "o3",
        "o67",
        "o69",
        "o70",
        "o96",
        "o97"
      ]
    },
    {
      "id": "o101",
      "kind": "derived",
      "rule": "literal-transfer-proposal",
      "dependencies": [
        "o19",
        "o3",
        "o67",
        "o69",
        "o70",
        "o96",
        "o97"
      ]
    },
    {
      "id": "o102",
      "kind": "derived",
      "rule": "literal-transfer-proposal",
      "dependencies": [
        "o19",
        "o3",
        "o67",
        "o69",
        "o70",
        "o96",
        "o97"
      ]
    },
    {
      "id": "o103",
      "kind": "derived",
      "rule": "literal-transfer-proposal",
      "dependencies": [
        "o19",
        "o3",
        "o67",
        "o69",
        "o70",
        "o96",
        "o97"
      ]
    },
    {
      "id": "o104",
      "kind": "scenario",
      "pointer": "/post_head"
    }
  ],
  "proposalNote": null,
  "qualification": "local-stipulation-only"
}
