{
  "status": "AuthoringChecked",
  "sourceHash": "fb507bfb848a8859a55c020faf410e52f9e40c00fc3938a90ea3c763e1cf1d6c",
  "diagnostics": [],
  "agreement": "Invoice",
  "identities": [
    {
      "kind": "domain",
      "name": "Preview",
      "claims": {
        "id": "Midnight",
        "chain": "midnight",
        "network": "preview"
      },
      "authenticated": false,
      "span": {
        "start": 48,
        "end": 123
      }
    },
    {
      "kind": "account",
      "name": "Buyer",
      "claims": {
        "domain": {
          "declaration": "Preview",
          "kind": "domain",
          "id": "Midnight"
        },
        "id": "Owner"
      },
      "authenticated": false,
      "span": {
        "start": 125,
        "end": 174
      }
    },
    {
      "kind": "account",
      "name": "Seller",
      "claims": {
        "domain": {
          "declaration": "Preview",
          "kind": "domain",
          "id": "Midnight"
        },
        "id": "Recipient"
      },
      "authenticated": false,
      "span": {
        "start": 176,
        "end": 230
      }
    },
    {
      "kind": "account",
      "name": "Treasury",
      "claims": {
        "domain": {
          "declaration": "Preview",
          "kind": "domain",
          "id": "Midnight"
        },
        "id": "Fee"
      },
      "authenticated": false,
      "span": {
        "start": 232,
        "end": 282
      }
    },
    {
      "kind": "asset",
      "name": "USD",
      "claims": {
        "domain": {
          "declaration": "Preview",
          "kind": "domain",
          "id": "Midnight"
        },
        "id": "A",
        "scale": "2",
        "representation": "canonical",
        "symbol": "USD"
      },
      "authenticated": false,
      "span": {
        "start": 284,
        "end": 379
      }
    }
  ],
  "actions": [
    {
      "name": "pay",
      "intent": "Payment",
      "span": {
        "start": 934,
        "end": 958
      },
      "nameSpan": {
        "start": 941,
        "end": 944
      },
      "support": "LocalS0",
      "coverage": {
        "financialRelations": "DelegatedToCoreDuringLocalPreparation",
        "localPreparation": "AvailableUnqualified"
      },
      "bounds": {
        "scalarAndQuantityMax": "340282366920938463463374607431768211455",
        "s0SignedFieldMax": "170141183460469231731687303715884105727"
      },
      "requiredPremises": [
        "canonical-intent-signature",
        "snapshot-to-head",
        "head-extension",
        "atomic-ledger-compare-and-consume"
      ],
      "unverifiedBindings": [
        "agreement-id",
        "selected-program",
        "asset-scale",
        "authenticated-predecessor"
      ]
    }
  ],
  "intents": [
    {
      "name": "Payment",
      "terms": {
        "domain": {
          "tag": "entity",
          "kind": "domain",
          "declaration": "Preview",
          "claims": {
            "id": "Midnight",
            "chain": "midnight",
            "network": "preview"
          },
          "authenticated": false
        },
        "asset": {
          "tag": "entity",
          "kind": "asset",
          "declaration": "USD",
          "claims": {
            "domain": {
              "declaration": "Preview",
              "kind": "domain",
              "id": "Midnight"
            },
            "id": "A",
            "scale": "2",
            "representation": "canonical",
            "symbol": "USD"
          },
          "authenticated": false
        },
        "signer": {
          "tag": "entity",
          "kind": "account",
          "declaration": "Buyer",
          "claims": {
            "domain": {
              "declaration": "Preview",
              "kind": "domain",
              "id": "Midnight"
            },
            "id": "Owner"
          },
          "authenticated": false
        },
        "key": {
          "tag": "string",
          "value": "key1"
        },
        "nonce": {
          "tag": "string",
          "value": "n1"
        },
        "pre_head": {
          "tag": "string",
          "value": "h0"
        },
        "valid": {
          "tag": "call",
          "name": "rounds",
          "args": {
            "domain": {
              "tag": "entity",
              "kind": "domain",
              "declaration": "Preview",
              "claims": {
                "id": "Midnight",
                "chain": "midnight",
                "network": "preview"
              },
              "authenticated": false
            },
            "from": {
              "tag": "scalar",
              "value": "0"
            },
            "to": {
              "tag": "scalar",
              "value": "10"
            }
          }
        },
        "gross_cap": {
          "tag": "qty",
          "asset": "USD",
          "atoms": "1010"
        },
        "fee_cap": {
          "tag": "qty",
          "asset": "USD",
          "atoms": "10"
        },
        "net_floor": {
          "tag": "qty",
          "asset": "USD",
          "atoms": "1000"
        },
        "operation": {
          "tag": "call",
          "name": "transfer",
          "args": {
            "from": {
              "tag": "entity",
              "kind": "account",
              "declaration": "Buyer",
              "claims": {
                "domain": {
                  "declaration": "Preview",
                  "kind": "domain",
                  "id": "Midnight"
                },
                "id": "Owner"
              },
              "authenticated": false
            },
            "to": {
              "tag": "entity",
              "kind": "account",
              "declaration": "Seller",
              "claims": {
                "domain": {
                  "declaration": "Preview",
                  "kind": "domain",
                  "id": "Midnight"
                },
                "id": "Recipient"
              },
              "authenticated": false
            },
            "fee_to": {
              "tag": "entity",
              "kind": "account",
              "declaration": "Treasury",
              "claims": {
                "domain": {
                  "declaration": "Preview",
                  "kind": "domain",
                  "id": "Midnight"
                },
                "id": "Fee"
              },
              "authenticated": false
            },
            "value": {
              "tag": "qty",
              "asset": "USD",
              "atoms": "1000"
            },
            "fee": {
              "tag": "qty",
              "asset": "USD",
              "atoms": "10"
            }
          }
        },
        "source_hash": {
          "tag": "string",
          "value": "src1"
        },
        "policy_digest": {
          "tag": "string",
          "value": "policy1"
        },
        "failure": {
          "tag": "tag",
          "name": "SuccessOnly"
        },
        "observations": {
          "tag": "array",
          "items": []
        },
        "disclosures": {
          "tag": "array",
          "items": []
        },
        "retained_effects": {
          "tag": "array",
          "items": []
        },
        "retained_duties": {
          "tag": "array",
          "items": []
        },
        "delegation": {
          "tag": "tag",
          "name": "None"
        },
        "recovery": {
          "tag": "tag",
          "name": "None"
        }
      }
    }
  ],
  "coverage": {
    "syntax": "checked when diagnostics empty",
    "names": "checked",
    "quantities": "nominal exact arithmetic",
    "financialRelations": "ConditionalOnLocalS0Preparation",
    "localS0Actions": [
      "pay"
    ],
    "authentication": "open",
    "ledgerCommit": "open"
  },
  "bounds": {
    "scalarAndQuantityMax": "340282366920938463463374607431768211455",
    "s0SignedFieldMax": "170141183460469231731687303715884105727",
    "s0Scope": "LocalS0ActionsOnly"
  },
  "requiredPremises": [
    "canonical-intent-signature",
    "snapshot-to-head",
    "head-extension",
    "atomic-ledger-compare-and-consume"
  ],
  "unverifiedBindings": [
    "agreement-id",
    "selected-program",
    "asset-scale",
    "authenticated-predecessor"
  ]
}
