{
  "status": "PreparedUnqualified",
  "sourceHash": "fb507bfb848a8859a55c020faf410e52f9e40c00fc3938a90ea3c763e1cf1d6c",
  "scenarioHash": "12928a795bba2435140fc22c0d33f039da3b04c8de6c244d0c4da338900f0430",
  "result": {
    "status": "PreparedUnqualified",
    "ast": {
      "profile": "moriarty-financial-agreement-source/6",
      "programId": "Invoice",
      "domain": "Midnight",
      "settlement": {
        "asset": "A",
        "scale": "2"
      },
      "selected": {
        "actionId": "TransferLiteralFee",
        "sourceHash": "src1",
        "policyDigest": "policy1"
      },
      "intent": {
        "signer": "Owner",
        "keyRef": "key1",
        "nonce": "n1",
        "preHead": "h0",
        "notBefore": "0",
        "notAfter": "10",
        "grossCap": "1010",
        "feeCap": "10",
        "netFloor": "1000",
        "signedAction": {
          "kind": "Transfer",
          "from": "Owner",
          "to": "Recipient",
          "feeTo": "Fee",
          "value": "1000",
          "fee": "10"
        },
        "failure": "success_only",
        "observations": "empty",
        "disclosures": "empty",
        "retainedEffects": "empty",
        "retainedDuties": "empty",
        "delegation": "none",
        "recovery": "none"
      },
      "authenticated": {
        "head": "h0",
        "predecessor": "genesis",
        "round": "1",
        "balances": [
          {
            "account": "Owner",
            "amount": "10000"
          },
          {
            "account": "Recipient",
            "amount": "0"
          },
          {
            "account": "Fee",
            "amount": "0"
          }
        ],
        "allowance": {
          "owner": "Owner",
          "remaining": "10000",
          "spent": "0"
        },
        "replay": "unused",
        "workRemaining": "10",
        "workSpent": "0"
      },
      "submitted": {
        "action": {
          "kind": "Transfer",
          "from": "Owner",
          "to": "Recipient",
          "feeTo": "Fee",
          "value": "1000",
          "fee": "10"
        },
        "effects": [
          {
            "kind": "Debit",
            "account": "Owner",
            "asset": "A",
            "amount": "1010"
          },
          {
            "kind": "Credit",
            "account": "Recipient",
            "asset": "A",
            "amount": "1000"
          },
          {
            "kind": "Credit",
            "account": "Fee",
            "asset": "A",
            "amount": "10"
          },
          {
            "kind": "UseAllowance",
            "owner": "Owner",
            "amount": "1010"
          },
          {
            "kind": "UseReplay",
            "key": "n1"
          },
          {
            "kind": "AdvanceHead",
            "predecessor": "h0",
            "successor": "h1"
          }
        ],
        "postHead": "h1"
      }
    },
    "candidate": {
      "status": "PreparedUnqualified",
      "core": "moriarty-core/5",
      "preHead": "h0",
      "effects": [
        {
          "kind": "Debit",
          "account": "Owner",
          "asset": "A",
          "amount": "1010"
        },
        {
          "kind": "Credit",
          "account": "Recipient",
          "asset": "A",
          "amount": "1000"
        },
        {
          "kind": "Credit",
          "account": "Fee",
          "asset": "A",
          "amount": "10"
        },
        {
          "kind": "UseAllowance",
          "owner": "Owner",
          "amount": "1010"
        },
        {
          "kind": "UseReplay",
          "key": "[\"Midnight\",\"Owner\",\"n1\"]"
        },
        {
          "kind": "AdvanceHead",
          "predecessor": "h0",
          "successor": "h1"
        }
      ],
      "candidatePost": {
        "core": "moriarty-core/5",
        "domain": "Midnight",
        "asset": "A",
        "head": "h1",
        "round": "1",
        "workRemaining": "9",
        "workSpent": "1",
        "balances": [
          {
            "account": "Owner",
            "amount": "8990"
          },
          {
            "account": "Recipient",
            "amount": "1000"
          },
          {
            "account": "Fee",
            "amount": "10"
          }
        ],
        "allowances": [
          {
            "owner": "Owner",
            "remaining": "8990",
            "spent": "1010"
          }
        ],
        "obligations": [],
        "consumedReplay": [
          "[\"Midnight\",\"Owner\",\"n1\"]"
        ]
      },
      "requiredPremises": [
        "canonical-intent-signature",
        "snapshot-to-head",
        "head-extension",
        "atomic-ledger-compare-and-consume"
      ]
    },
    "unverifiedBindings": [
      "agreement-id",
      "selected-program",
      "asset-scale",
      "authenticated-predecessor"
    ]
  },
  "qualification": "local-stipulation-only"
}
