✔ exact registered bytes independently reproduce the pinned bounds hash and accepted program (63.050381ms)
✔ public frontend rejects all modified and malformed bounds without leaked host exceptions (1070.203489ms)
✔ earlier source diagnostics retain stage priority over malformed registry bytes (30.139673ms)
✔ derive rechecks exact registry even when a forged full program matches altered bounds (489.054248ms)
✔ backend registry admission precedes authentication or commit, including absent binding bytes (247.931368ms)
✔ detached or disguised byte views fail closed; caller mutation cannot alter the trusted registry (155.510491ms)
✔ a source stage7 failure is retained ahead of a bounds stage8 mismatch (4.68543ms)
✔ oversized bounds and decorated typed-array length cannot bypass bounded admission (114.070971ms)
✔ oversized bounds are rejected before encoder or digest work on their contents (0.39851ms)
✔ missing local binding and invalid simulator byte containers reject at program admission (44.868534ms)
✔ closed runtime schema admission precedes authentication even with registered source and bounds (70.272743ms)
✔ Core source-map edits have SOURCE_MAP while non-Core manifest edits have PROGRAM_ENCODING (112.892434ms)
✔ complete parser rejects comments, plain division, chained comparison, trailing input and unknown syntax (3.19697ms)
✔ canonical codec uses ASCII key order, preserves scalar text, and rejects alternative bytes (0.845686ms)
✔ UTF8 spans and erased parentheses retain independent literal span (5.971577ms)
✔ typing rejects forward values, duplicate state writes, wrong actors and nominal units (3.978303ms)
✔ both complete supplied programs produce deterministic full AST, typed annotations, Core and hashes (65.052303ms)
✔ precedence, left association, floor numerator preorder and per-statement IDs are exact (2.505078ms)
✔ unit algebra produces ordered Quantity vectors and cancels exactly without erasing nominal amounts (2.117828ms)
✔ policies reject missing, duplicate, wrong-unit, future and nonfinancial bindings (25.369604ms)
✔ explicit reserve rules are generic, hash-bound, and require the exact structural guard (66.215715ms)
✔ settlements, statuses and exact effect schemas reject malformed records (16.72945ms)
✔ every aggregate encoding and action shape limit is enforced jointly (69.820151ms)
✔ canonical codec rejects sparse, decorated and accessor containers (0.307743ms)
✔ profile-valid redundant parentheses exceed128 without consuming semantic depth (31.133804ms)
✔ public frontend returns one closed diagnostic at earliest stage with exact fields (3.347487ms)
✔ independent stage6 errors select smallest source span, including earlier policies (3.712817ms)
✔ validated canonical record decoding requires a schema validator (0.458955ms)
✔ semantic depth boundary16 accepts and17 rejects with PROGRAM_BOUNDS (11.707787ms)
✔ both example hashes and canonical full records retain audited materialization bytes (53.306721ms)
✔ internal nonadmitted configuration isolates typed versus manifest bounds; public APIs reject overrides (5.26816ms)
✔ malformed settlement literal kinds are stage4 declaration errors after complete syntax (3.620033ms)
✔ settlement wrong shape wins before semantic errors while valid shapes reach stage6 (1.473268ms)
✔ keyword misuse is syntax stage3, reserved tokens are lexical stage2, with numeric stage priority (1.427614ms)
✔ Const State Episode and guard literals preserve schema-versus-typing distinctions (5.206789ms)
✔ loan and swap policies may follow all actions with complete-table metadata resolution (247.635997ms)
✔ policies after actions retain stage6 invalid-target and invalid-rounding controls (32.67056ms)
✔ unexpected astral source characters have exact complete-scalar UTF8 lexical spans (0.761217ms)
✔ SP01 frontend premature episode status keeps NAME_RESOLUTION before later guard mismatch (1.561605ms)
✔ SP01 frontend premature notional status keeps NAME_RESOLUTION before later guard mismatch (1.336042ms)
✔ SP01 frontend policy effect ordinal overflow is UINT_RANGE at the target span (5.819977ms)
✔ SP01 frontend earlier guard TYPE_MISMATCH beats later overflowing policy ordinal (0.647218ms)
✔ SP01 frontend earlier uncovered Amount write beats later overflowing policy ordinal (0.818947ms)
✔ SP01 frontend earlier uncovered emit in another action or unit beats overflowing run ordinal (1.953376ms)
✔ SP01 frontend earlier invalid write target beats overflowing effect target in the same policy (0.819883ms)
✔ generic mapper compiles full loan and swap functions and matches all state/effect operands for four transitions (963.291128ms)
✔ every supplied arithmetic hint is constrained; minOut, actor, state order and lifecycle changes reject (742.629115ms)
✔ unsupported text and short-circuit forms fail closed, while numeric-looking Text remains nominal (8.615768ms)
✔ dynamic compiled overflow is rejected before a later fitting division (250.053132ms)
✔ source map covers every Core expression and numeric unit metadata survives lowering (31.448862ms)
✔ test-only snapshot harness compiles ZKIR and records complete kernel result without mutating failed input state (789.506133ms)
✔ loan accrual and settlement preserve all fields and obligation tombstones (104.785822ms)
✔ swap and close read state and capture effects in source order (93.20157ms)
✔ actionHash binds changed min_out even with identical resulting writes and effects (73.722276ms)
✔ missing backend and client boolean claims cannot produce accepted Complete (15.747415ms)
✔ checked arithmetic rejects overflow BEFORE division, subtraction underflow and zero divisor atomically (14.993546ms)
✔ short circuit execution counts visited expressions and permits Bool and Quantity locals (12.71531ms)
✔ typed input units, unknown members, nominal minOut and state tampering fail closed (153.392899ms)
✔ principal, provider, external prechecks, expiry, invariant, reserve and exhaustion reject (353.077598ms)
✔ exact plan construction is explicitly unsigned simulation, then exact matching rejects changes (122.208355ms)
✔ obligation identity, tombstones, exact amounts and transfer conservation are enforced (289.185048ms)
✔ quantum uses nominal subunits per ledger unit and rejects indivisible transfer or mismatched asset (18.606288ms)
✔ outcome gross caps include fees and never net refunds; net goals include every debit (48.150786ms)
✔ all four complete financial traces agree with retained independent legacy evaluator after documented renaming (149.500108ms)
✔ policy provenance cannot discard floor nodes, and committed action provenance resets (7.262972ms)
✔ rehashed malicious Core and source-map changes cannot substitute for source lowering (42.337713ms)
✔ all binding equalities reject independently even after recomputing affected digest wrappers (302.366196ms)
✔ backend authentication is mandatory, replay prechecks cannot be copied, and unavailable proof work cannot commit (72.611639ms)
✔ resource count body omits the entire counts member and includes every other value (44.127908ms)
✔ same-action creation and settlement preserve immutable event-time delta snapshots (12.12132ms)
✔ empty action has zero expression maxima and consumes one finite allowance (4.738742ms)
✔ original runtime hidden is rejected without normalization or executing user code (64.378843ms)
✔ original runtime symbol is rejected without normalization or executing user code (61.908071ms)
✔ original runtime prototype is rejected without normalization or executing user code (61.547516ms)
✔ original runtime getter is rejected without normalization or executing user code (63.122578ms)
✔ original runtime nested-getter is rejected without normalization or executing user code (61.370241ms)
✔ original runtime array-getter is rejected without normalization or executing user code (62.411622ms)
✔ original runtime array-prototype is rejected without normalization or executing user code (60.010357ms)
✔ original runtime proxy is rejected without normalization or executing user code (62.424414ms)
✔ loan settlement before accrual rejects at its exact source guard, adjacent ordered settlement succeeds (100.313983ms)
✔ ExactPlan rejects extra and reordered effects next to its exact accepting plan (122.694355ms)
✔ retained obligation capacity accepts 127 plus one and rejects 128 plus one, including settled identities (43.476596ms)
✔ runtime counts attain the admitted instruction/local/node bounds; the next source size rejects before execution (148.785549ms)
✔ registered RESULT_BOUNDS has an adjacent valid-input accepting boundary without custom registry limits (354.064044ms)
✔ valid false client checks are replaced, while the admitted backend tuple is deeply immutable (43.732148ms)
✔ SP01 decoder accepts canonical string, Buffer and Uint8Array as frozen inputs (16.500101ms)
✔ SP01 decoder ignores hostile shadow properties on genuine byte views (16.370629ms)
✔ SP01 decoder rejects proxies and non-byte impostors without caller code (0.715607ms)
✔ SP01 decoder rejects detached and oversized byte views by intrinsic size (0.28039ms)
✔ SP01 decoder snapshots precisely the byte view before downstream decoding (14.728736ms)
✔ SP01 decoder bounds primitive strings before any UTF8 encoding allocation (2.272406ms)
✔ SP01 decoder accepts 4096 hex signature characters and rejects 4098 (24.637462ms)
✔ SP01 decoder applies array length 128 and 129 to a schema-valid statement (15.35098ms)
✔ SP01 decoder admits exact 65536 input bytes and rejects the next byte (40.84754ms)
✔ SP01 decoder enforces depth, node, record-key and UTF8 text admission before schema (126.786707ms)
✔ SP01 decoder rejects noncanonical UTF8, JSON, schema and Unicode inputs (24.845412ms)
ℹ tests 96
ℹ suites 0
ℹ pass 96
ℹ fail 0
ℹ cancelled 0
ℹ skipped 0
ℹ todo 0
ℹ duration_ms 9835.748931
