     Locking 38 packages to latest Rust 1.98.1 compatible versions
      Adding blake2b_halo2 v0.1.0
      Adding digest-io v0.1.0
      Adding enum_index v0.2.0
      Adding enum_index_derive v0.2.0
      Adding halo2derive v0.2.0
      Adding introspection v0.1.0
      Adding introspection-derive v0.1.0
      Adding is_sorted v0.1.1
      Adding midnight-base-crypto-derive v1.0.0
      Adding midnight-circuits v6.3.0
      Adding midnight-coin-structure v3.0.0 (https://github.com/midnightntwrk/midnight-ledger?rev=9a8777c4d035fc7f38ae286bcf5f8656668efd9f#9a8777c4)
      Adding midnight-curves v0.2.1
      Adding midnight-ledger-static v10.0.0 (https://github.com/midnightntwrk/midnight-ledger?rev=9a8777c4d035fc7f38ae286bcf5f8656668efd9f#9a8777c4)
      Adding midnight-ledger-v9 v1.0.0 (https://github.com/midnightntwrk/midnight-ledger?rev=9a8777c4d035fc7f38ae286bcf5f8656668efd9f#9a8777c4)
      Adding midnight-onchain-runtime v4.0.0 (https://github.com/midnightntwrk/midnight-ledger?rev=9a8777c4d035fc7f38ae286bcf5f8656668efd9f#9a8777c4)
      Adding midnight-onchain-state v4.0.0 (https://github.com/midnightntwrk/midnight-ledger?rev=9a8777c4d035fc7f38ae286bcf5f8656668efd9f#9a8777c4)
      Adding midnight-onchain-vm v4.0.0 (https://github.com/midnightntwrk/midnight-ledger?rev=9a8777c4d035fc7f38ae286bcf5f8656668efd9f#9a8777c4)
      Adding midnight-proofs v0.7.3
      Adding midnight-storage v2.0.2 (https://github.com/midnightntwrk/midnight-ledger?rev=9a8777c4d035fc7f38ae286bcf5f8656668efd9f#9a8777c4)
      Adding midnight-transient-crypto v2.2.0 (https://github.com/midnightntwrk/midnight-ledger?rev=a01a1ea0270d2e8a1f9a58f0e3cf5ceb029283e1#a01a1ea0)
      Adding midnight-zk-stdlib v1.3.0
      Adding midnight-zkir v2.2.0 (https://github.com/midnightntwrk/midnight-ledger?rev=9a8777c4d035fc7f38ae286bcf5f8656668efd9f#9a8777c4)
      Adding midnight-zswap v9.0.0 (https://github.com/midnightntwrk/midnight-ledger?rev=9a8777c4d035fc7f38ae286bcf5f8656668efd9f#9a8777c4)
      Adding nu-ansi-term v0.50.3
      Adding quote v0.3.15
      Adding rpds v1.2.1
      Adding sha3-circuit v0.1.0
      Adding sharded-slab v0.1.7
      Adding syn v0.11.11
      Adding syn v1.0.109
      Adding synom v0.11.3
      Adding thread_local v1.1.10
      Adding tokio-macros v2.7.2
      Adding tracing-log v0.2.0
      Adding tracing-subscriber v0.3.23
      Adding triomphe v0.1.16
      Adding unicode-xid v0.0.4
      Adding valuable v0.1.1
