✔ SDK control: signed recipe passes validation and unchanged comparison (34.404369ms)
✖ SDK objects: comparison rejects changed fallible recipient (8.050705ms)
✖ SDK objects: comparison rejects changed fallible amount (7.094897ms)
ℹ tests 3
ℹ suites 0
ℹ pass 1
ℹ fail 2
ℹ cancelled 0
ℹ skipped 0
ℹ todo 0
ℹ duration_ms 157.059003

✖ failing tests:

test at .local/state/moriarty/sp05-ledger-integration-20260908/root-sdk-effects.test.mjs:36:3
✖ SDK objects: comparison rejects changed fallible recipient (8.050705ms)
  AssertionError [ERR_ASSERTION]: Missing expected exception.
      at TestContext.<anonymous> (file:///home/charl/.local/state/moriarty/sp05-ledger-integration-20260908/root-sdk-effects.test.mjs:48:12)
      at Test.runInAsyncScope (node:async_hooks:227:14)
      at Test.run (node:internal/test_runner/test:1325:25)
      at Test.processPendingSubtests (node:internal/test_runner/test:911:18)
      at Test.postRun (node:internal/test_runner/test:1465:19)
      at Test.run (node:internal/test_runner/test:1390:12)
      at async startSubtestAfterBootstrap (node:internal/test_runner/harness:385:3) {
    generatedMessage: false,
    code: 'ERR_ASSERTION',
    actual: undefined,
    expected: undefined,
    operator: 'throws',
    diff: 'simple'
  }

test at .local/state/moriarty/sp05-ledger-integration-20260908/root-sdk-effects.test.mjs:36:3
✖ SDK objects: comparison rejects changed fallible amount (7.094897ms)
  AssertionError [ERR_ASSERTION]: Missing expected exception.
      at TestContext.<anonymous> (file:///home/charl/.local/state/moriarty/sp05-ledger-integration-20260908/root-sdk-effects.test.mjs:48:12)
      at Test.runInAsyncScope (node:async_hooks:227:14)
      at Test.run (node:internal/test_runner/test:1325:25)
      at Test.processPendingSubtests (node:internal/test_runner/test:911:18)
      at Test.postRun (node:internal/test_runner/test:1465:19)
      at Test.run (node:internal/test_runner/test:1390:12)
      at async Test.processPendingSubtests (node:internal/test_runner/test:911:7) {
    generatedMessage: false,
    code: 'ERR_ASSERTION',
    actual: undefined,
    expected: undefined,
    operator: 'throws',
    diff: 'simple'
  }
