2026-09-05T06:40:29,190 [main] INFO  a.f.a.t.Tool$ - # APALACHE version: 0.56.1 | build: 70cdaf4
2026-09-05T06:40:29,209 [main] INFO  a.f.a.t.t.o.CheckCmd - Tuning: search.outputTraces=false
2026-09-05T06:40:29,353 [main] INFO  a.f.a.i.p.PassChainExecutor - PASS #0: SanyParser
2026-09-05T06:40:33,832 [main] DEBUG a.f.a.i.p.PassChainExecutor - PASS #0: SanyParser [OK]
2026-09-05T06:40:33,833 [main] INFO  a.f.a.i.p.PassChainExecutor - PASS #1: TypeCheckerSnowcat
2026-09-05T06:40:33,833 [main] INFO  a.f.a.t.p.t.EtcTypeCheckerPassImpl -  > Running Snowcat .::.
2026-09-05T06:42:44,758 [main] INFO  a.f.a.t.p.t.EtcTypeCheckerPassImpl -  > Your types are purrfect!
2026-09-05T06:42:44,759 [main] INFO  a.f.a.t.p.t.EtcTypeCheckerPassImpl -  > All expressions are typed
2026-09-05T06:42:44,759 [main] DEBUG a.f.a.i.p.PassChainExecutor - PASS #1: TypeCheckerSnowcat [OK]
2026-09-05T06:42:44,759 [main] INFO  a.f.a.i.p.PassChainExecutor - PASS #2: ConfigurationPass
2026-09-05T06:42:44,764 [main] INFO  a.f.a.t.p.p.ConfigurationPassImpl -   > Set the initialization predicate to q::init
2026-09-05T06:42:44,764 [main] INFO  a.f.a.t.p.p.ConfigurationPassImpl -   > Set the transition predicate to q::step
2026-09-05T06:42:44,765 [main] INFO  a.f.a.t.p.p.ConfigurationPassImpl -   > Set an invariant to q::inv
2026-09-05T06:42:44,771 [main] DEBUG a.f.a.i.p.PassChainExecutor - PASS #2: ConfigurationPass [OK]
2026-09-05T06:42:44,771 [main] INFO  a.f.a.i.p.PassChainExecutor - PASS #3: DesugarerPass
2026-09-05T06:42:44,771 [main] INFO  a.f.a.t.p.p.DesugarerPassImpl -   > Desugaring...
2026-09-05T06:42:44,810 [main] DEBUG a.f.a.i.p.PassChainExecutor - PASS #3: DesugarerPass [OK]
2026-09-05T06:42:44,810 [main] INFO  a.f.a.i.p.PassChainExecutor - PASS #4: InlinePass
2026-09-05T06:42:44,811 [main] INFO  a.f.a.t.p.p.InlinePassImpl - Leaving only relevant operators: CInitPrimed, q::init, q::initPrimed, q::inv, q::step
2026-09-05T06:45:04,208 [main] DEBUG a.f.a.i.p.PassChainExecutor - Adapted exception intercepted: 
java.lang.OutOfMemoryError: Java heap space
	at scala.collection.immutable.ArraySeq$ofRef.iterator(ArraySeq.scala:348)
	at scala.collection.IterableOnceOps.foreach(IterableOnce.scala:629)
	at scala.collection.IterableOnceOps.foreach$(IterableOnce.scala:628)
	at scala.collection.AbstractIterable.foreach(Iterable.scala:936)
	at at.forsyte.apalache.tla.lir.storage.ChangeListener.inheritUID(ChangeListener.scala:51)
	at at.forsyte.apalache.tla.lir.storage.ChangeListener.$anonfun$inheritUID$3(ChangeListener.scala:51)
	at at.forsyte.apalache.tla.lir.storage.ChangeListener.$anonfun$inheritUID$3$adapted(ChangeListener.scala:51)
	at at.forsyte.apalache.tla.lir.storage.ChangeListener$$Lambda/0x000000008e4bc400.apply(Unknown Source)
	at scala.collection.IterableOnceOps.foreach(IterableOnce.scala:630)
	at scala.collection.IterableOnceOps.foreach$(IterableOnce.scala:628)
	at scala.collection.AbstractIterable.foreach(Iterable.scala:936)
	at at.forsyte.apalache.tla.lir.storage.ChangeListener.inheritUID(ChangeListener.scala:51)
	at at.forsyte.apalache.tla.lir.storage.ChangeListener.$anonfun$inheritUID$3(ChangeListener.scala:51)
	at at.forsyte.apalache.tla.lir.storage.ChangeListener.$anonfun$inheritUID$3$adapted(ChangeListener.scala:51)
	at at.forsyte.apalache.tla.lir.storage.ChangeListener$$Lambda/0x000000008e4bc400.apply(Unknown Source)
	at scala.collection.IterableOnceOps.foreach(IterableOnce.scala:630)
	at scala.collection.IterableOnceOps.foreach$(IterableOnce.scala:628)
	at scala.collection.AbstractIterable.foreach(Iterable.scala:936)
	at at.forsyte.apalache.tla.lir.storage.ChangeListener.inheritUID(ChangeListener.scala:51)
	at at.forsyte.apalache.tla.lir.storage.ChangeListener.$anonfun$inheritUID$3(ChangeListener.scala:51)
	at at.forsyte.apalache.tla.lir.storage.ChangeListener.$anonfun$inheritUID$3$adapted(ChangeListener.scala:51)
	at at.forsyte.apalache.tla.lir.storage.ChangeListener$$Lambda/0x000000008e4bc400.apply(Unknown Source)
	at scala.collection.immutable.List.foreach(List.scala:323)
	at at.forsyte.apalache.tla.lir.storage.ChangeListener.inheritUID(ChangeListener.scala:51)
	at at.forsyte.apalache.tla.lir.storage.ChangeListener.$anonfun$inheritUID$3(ChangeListener.scala:51)
	at at.forsyte.apalache.tla.lir.storage.ChangeListener.$anonfun$inheritUID$3$adapted(ChangeListener.scala:51)
	at at.forsyte.apalache.tla.lir.storage.ChangeListener$$Lambda/0x000000008e4bc400.apply(Unknown Source)
	at scala.collection.immutable.List.foreach(List.scala:323)
	at at.forsyte.apalache.tla.lir.storage.ChangeListener.inheritUID(ChangeListener.scala:51)
	at at.forsyte.apalache.tla.lir.storage.ChangeListener.$anonfun$inheritUID$3(ChangeListener.scala:51)
	at at.forsyte.apalache.tla.lir.storage.ChangeListener.$anonfun$inheritUID$3$adapted(ChangeListener.scala:51)
	at at.forsyte.apalache.tla.lir.storage.ChangeListener$$Lambda/0x000000008e4bc400.apply(Unknown Source)
2026-09-05T06:45:04,209 [main] ERROR a.f.a.t.b.c.CheckerExceptionAdapter - Ran out of heap memory (max JVM memory: 4294967296)
2026-09-05T06:45:04,209 [main] ERROR a.f.a.t.b.c.CheckerExceptionAdapter - To increase available heap memory, see the manual:
2026-09-05T06:45:04,209 [main] ERROR a.f.a.t.b.c.CheckerExceptionAdapter -   [https://apalache-mc.org/docs/apalache/running.html#supplying-jvm-arguments]
2026-09-05T06:45:04,209 [main] ERROR a.f.a.t.Tool$ - Ran out of heap memory: Java heap space
2026-09-05T06:45:04,210 [main] INFO  a.f.a.t.Tool$ - It took me 0 days  0 hours  4 min 35 sec
2026-09-05T06:45:04,210 [main] INFO  a.f.a.t.Tool$ - Total time: 275.18 sec
