2026-09-05T06:45:56,092 [main] INFO  a.f.a.t.Tool$ - # APALACHE version: 0.56.1 | build: 70cdaf4
2026-09-05T06:45:56,118 [main] INFO  a.f.a.t.t.o.CheckCmd - Tuning: search.outputTraces=false
2026-09-05T06:45:56,257 [main] INFO  a.f.a.i.p.PassChainExecutor - PASS #0: SanyParser
2026-09-05T06:46:00,438 [main] DEBUG a.f.a.i.p.PassChainExecutor - PASS #0: SanyParser [OK]
2026-09-05T06:46:00,438 [main] INFO  a.f.a.i.p.PassChainExecutor - PASS #1: TypeCheckerSnowcat
2026-09-05T06:46:00,438 [main] INFO  a.f.a.t.p.t.EtcTypeCheckerPassImpl -  > Running Snowcat .::.
2026-09-05T06:48:13,851 [main] INFO  a.f.a.t.p.t.EtcTypeCheckerPassImpl -  > Your types are purrfect!
2026-09-05T06:48:13,851 [main] INFO  a.f.a.t.p.t.EtcTypeCheckerPassImpl -  > All expressions are typed
2026-09-05T06:48:13,851 [main] DEBUG a.f.a.i.p.PassChainExecutor - PASS #1: TypeCheckerSnowcat [OK]
2026-09-05T06:48:13,851 [main] INFO  a.f.a.i.p.PassChainExecutor - PASS #2: ConfigurationPass
2026-09-05T06:48:13,855 [main] INFO  a.f.a.t.p.p.ConfigurationPassImpl -   > Set the initialization predicate to q::init
2026-09-05T06:48:13,855 [main] INFO  a.f.a.t.p.p.ConfigurationPassImpl -   > Set the transition predicate to q::step
2026-09-05T06:48:13,856 [main] INFO  a.f.a.t.p.p.ConfigurationPassImpl -   > Set an invariant to q::inv
2026-09-05T06:48:13,861 [main] DEBUG a.f.a.i.p.PassChainExecutor - PASS #2: ConfigurationPass [OK]
2026-09-05T06:48:13,861 [main] INFO  a.f.a.i.p.PassChainExecutor - PASS #3: DesugarerPass
2026-09-05T06:48:13,861 [main] INFO  a.f.a.t.p.p.DesugarerPassImpl -   > Desugaring...
2026-09-05T06:48:13,890 [main] DEBUG a.f.a.i.p.PassChainExecutor - PASS #3: DesugarerPass [OK]
2026-09-05T06:48:13,891 [main] INFO  a.f.a.i.p.PassChainExecutor - PASS #4: InlinePass
2026-09-05T06:48:13,892 [main] INFO  a.f.a.t.p.p.InlinePassImpl - Leaving only relevant operators: CInitPrimed, q::init, q::initPrimed, q::inv, q::step
2026-09-05T06:52:46,357 [main] DEBUG a.f.a.i.p.PassChainExecutor - Adapted exception intercepted: 
java.lang.OutOfMemoryError: Java heap space
	at scala.collection.immutable.ArraySeq$.unsafeWrapArray(ArraySeq.scala:314)
	at scala.collection.immutable.ArraySeq.map(ArraySeq.scala:78)
	at scala.collection.immutable.ArraySeq.map(ArraySeq.scala:35)
	at at.forsyte.apalache.tla.pp.Inliner.$anonfun$transform$1(Inliner.scala:239)
	at at.forsyte.apalache.tla.pp.Inliner$$Lambda/0x00000000624e25f0.apply(Unknown Source)
	at at.forsyte.apalache.tla.lir.transformations.impl.TrackerWithListeners.$anonfun$trackEx$1(TrackerWithListeners.scala:18)
	at at.forsyte.apalache.tla.lir.transformations.impl.TrackerWithListeners$$Lambda/0x00000000624c6e78.apply(Unknown Source)
	at scala.collection.immutable.ArraySeq.map(ArraySeq.scala:75)
	at scala.collection.immutable.ArraySeq.map(ArraySeq.scala:35)
	at at.forsyte.apalache.tla.pp.Inliner.$anonfun$transform$1(Inliner.scala:239)
	at at.forsyte.apalache.tla.pp.Inliner$$Lambda/0x00000000624e25f0.apply(Unknown Source)
	at at.forsyte.apalache.tla.lir.transformations.impl.TrackerWithListeners.$anonfun$trackEx$1(TrackerWithListeners.scala:18)
	at at.forsyte.apalache.tla.lir.transformations.impl.TrackerWithListeners$$Lambda/0x00000000624c6e78.apply(Unknown Source)
	at scala.collection.immutable.ArraySeq.map(ArraySeq.scala:75)
	at scala.collection.immutable.ArraySeq.map(ArraySeq.scala:35)
	at at.forsyte.apalache.tla.pp.Inliner.$anonfun$transform$1(Inliner.scala:239)
	at at.forsyte.apalache.tla.pp.Inliner$$Lambda/0x00000000624e25f0.apply(Unknown Source)
	at at.forsyte.apalache.tla.lir.transformations.impl.TrackerWithListeners.$anonfun$trackEx$1(TrackerWithListeners.scala:18)
	at at.forsyte.apalache.tla.lir.transformations.impl.TrackerWithListeners$$Lambda/0x00000000624c6e78.apply(Unknown Source)
	at scala.collection.immutable.List.map(List.scala:240)
	at scala.collection.immutable.List.map(List.scala:79)
	at at.forsyte.apalache.tla.pp.Inliner.$anonfun$transform$1(Inliner.scala:239)
	at at.forsyte.apalache.tla.pp.Inliner$$Lambda/0x00000000624e25f0.apply(Unknown Source)
	at at.forsyte.apalache.tla.lir.transformations.impl.TrackerWithListeners.$anonfun$trackEx$1(TrackerWithListeners.scala:18)
	at at.forsyte.apalache.tla.lir.transformations.impl.TrackerWithListeners$$Lambda/0x00000000624c6e78.apply(Unknown Source)
	at scala.collection.immutable.List.map(List.scala:236)
	at scala.collection.immutable.List.map(List.scala:79)
	at at.forsyte.apalache.tla.pp.Inliner.$anonfun$transform$1(Inliner.scala:239)
	at at.forsyte.apalache.tla.pp.Inliner$$Lambda/0x00000000624e25f0.apply(Unknown Source)
	at at.forsyte.apalache.tla.lir.transformations.impl.TrackerWithListeners.$anonfun$trackEx$1(TrackerWithListeners.scala:18)
	at at.forsyte.apalache.tla.lir.transformations.impl.TrackerWithListeners$$Lambda/0x00000000624c6e78.apply(Unknown Source)
	at scala.collection.immutable.List.map(List.scala:240)
2026-09-05T06:52:46,358 [main] ERROR a.f.a.t.b.c.CheckerExceptionAdapter - Ran out of heap memory (max JVM memory: 8589934592)
2026-09-05T06:52:46,358 [main] ERROR a.f.a.t.b.c.CheckerExceptionAdapter - To increase available heap memory, see the manual:
2026-09-05T06:52:46,358 [main] ERROR a.f.a.t.b.c.CheckerExceptionAdapter -   [https://apalache-mc.org/docs/apalache/running.html#supplying-jvm-arguments]
2026-09-05T06:52:46,359 [main] ERROR a.f.a.t.Tool$ - Ran out of heap memory: Java heap space
2026-09-05T06:52:46,359 [main] INFO  a.f.a.t.Tool$ - It took me 0 days  0 hours  6 min 50 sec
2026-09-05T06:52:46,359 [main] INFO  a.f.a.t.Tool$ - Total time: 410.265 sec
