✔ native positive DUST fee is rejected above the allowance before wallet access (90.48676ms)
(node:1788382) ExperimentalWarning: Module mocking is an experimental feature and might change at any time
(Use `node --trace-warnings ...` to show where the warning was created)
(node:1788382) DeprecationWarning: mock.module(): options.namedExports is deprecated. Use options.exports instead.
(node:1788382) [DEP0040] DeprecationWarning: The `punycode` module is deprecated. Please use a userland alternative instead.
✔ full native state including zero balance entry must remain unchanged at later anchor (1.782475ms)
✔ same anchor is not adverse nonmutation evidence (31.43799ms)
✔ missing zero balance is not adverse nonmutation evidence (0.713656ms)
✔ debt mutation is not adverse nonmutation evidence (0.263885ms)
✔ native mutation is not adverse nonmutation evidence (0.214321ms)
✔ generic submission and timeout failures cannot establish node rejection (0.297203ms)
✔ actual Effect FiberFailure invalid status is bound to exact submitted bytes (7.950542ms)
✔ real SDK/generated accrue prepares with synthetic capability only; actual state/parameters interfaces connected (2533.212595ms)
{
  constructs: 1,
  sends: 1,
  disconnects: 1,
  error: 'Transaction submission error'
}
{"boundary":"Actual default submission service and actual PolkadotNodeClient with controlled API callback; no live network","classification":{"status":"NODE_REJECTED","phase":"submit","code":"NODE_TRANSACTION_INVALID","nodeRejectionEstablished":true,"stalePredicateEstablished":false}}
{
  constructs: 1,
  sends: 1,
  disconnects: 1,
  error: 'Transaction submission error'
}
{"boundary":"Actual default submission service and actual PolkadotNodeClient with controlled API callback; no live network","classification":{"status":"OUTCOME_UNKNOWN","phase":"submit","code":"UNCLASSIFIED_SUBMIT_FAILURE","nodeRejectionEstablished":false}}
{
  constructs: 1,
  sends: 1,
  disconnects: 1,
  error: 'Transaction submission error'
}
{"boundary":"Actual default submission service and actual PolkadotNodeClient with controlled API callback; no live network","classification":{"status":"OUTCOME_UNKNOWN","phase":"submit","rpcCode":1010,"code":"UNCLASSIFIED_SUBMIT_FAILURE","nodeRejectionEstablished":false}}
✔ actual default service invalid reaches closed classifier (82.742104ms)
✔ actual default service transport reaches closed classifier (27.507293ms)
✔ actual default service rpc1010 reaches closed classifier (31.548854ms)
ℹ tests 12
ℹ suites 0
ℹ pass 12
ℹ fail 0
ℹ cancelled 0
ℹ skipped 0
ℹ todo 0
ℹ duration_ms 5923.722604
