(node:1754254) ExperimentalWarning: Module mocking is an experimental feature and might change at any time
(Use `node --trace-warnings ...` to show where the warning was created)
(node:1754254) DeprecationWarning: mock.module(): options.namedExports is deprecated. Use options.exports instead.
✔ full native state including zero balance entry must remain unchanged at later anchor (1.589389ms)
✔ same anchor is not adverse nonmutation evidence (27.620636ms)
✔ missing zero balance is not adverse nonmutation evidence (0.883029ms)
✔ debt mutation is not adverse nonmutation evidence (0.283529ms)
✔ native mutation is not adverse nonmutation evidence (0.273334ms)
✔ generic submission and timeout failures cannot establish node rejection (0.285525ms)
✔ actual Effect FiberFailure invalid status is bound to exact submitted bytes (3.507055ms)
✖ real SDK/generated accrue prepares with synthetic capability only; actual state/parameters interfaces connected (688.697382ms)
ℹ tests 8
ℹ suites 0
ℹ pass 7
ℹ fail 1
ℹ cancelled 0
ℹ skipped 0
ℹ todo 0
ℹ duration_ms 1112.645228

✖ failing tests:

test at experiments/moriarty-midnight-financial/ledger/stale-loan-rejection.test.mjs:20:1
✖ real SDK/generated accrue prepares with synthetic capability only; actual state/parameters interfaces connected (688.697382ms)
  Error: Network ID has not been configured. Call setNetworkId() before any wallet or contract operation.
      at getNetworkId (file:///home/charl/Moriarty/.worktrees/r3-native/experiments/moriarty-midnight-network/hello-world/node_modules/@midnight-ntwrk/midnight-js-network-id/dist/index.mjs:33:15)
      at encryptionPublicKeyResolverForZswapState (file:///home/charl/Moriarty/.worktrees/r3-native/experiments/moriarty-midnight-network/hello-world/node_modules/@midnight-ntwrk/midnight-js-contracts/dist/index.mjs:731:23)
      at Module.createUnprovenCallTxFromInitialStates (file:///home/charl/Moriarty/.worktrees/r3-native/experiments/moriarty-midnight-network/hello-world/node_modules/@midnight-ntwrk/midnight-js-contracts/dist/index.mjs:1364:219)
      at async Module.createUnprovenCallTxFromInitialStates (file:///home/charl/Moriarty/.worktrees/sp05-deadline-review/experiments/moriarty-midnight-financial/ledger/stale-loan-rejection.test.mjs:31:14)
      at async beforeDeadline (file:///home/charl/Moriarty/.worktrees/sp05-deadline-review/experiments/moriarty-midnight-financial/ledger/receipt.mjs:100:12)
      at async within (file:///home/charl/Moriarty/.worktrees/sp05-deadline-review/experiments/moriarty-midnight-financial/ledger/stale-loan-rejection.mjs?synthetic-capability:37:83)
      at async Module.prepareStaleLoanAccrue (file:///home/charl/Moriarty/.worktrees/sp05-deadline-review/experiments/moriarty-midnight-financial/ledger/stale-loan-rejection.mjs?synthetic-capability:51:19)
      at async TestContext.<anonymous> (file:///home/charl/Moriarty/.worktrees/sp05-deadline-review/experiments/moriarty-midnight-financial/ledger/stale-loan-rejection.test.mjs:39:15)
      at async Test.run (node:internal/test_runner/test:1332:7)
      at async Test.processPendingSubtests (node:internal/test_runner/test:911:7)
