(node:1754545) ExperimentalWarning: Module mocking is an experimental feature and might change at any time
(Use `node --trace-warnings ...` to show where the warning was created)
(node:1754545) DeprecationWarning: mock.module(): options.namedExports is deprecated. Use options.exports instead.
✔ full native state including zero balance entry must remain unchanged at later anchor (1.28533ms)
✔ same anchor is not adverse nonmutation evidence (24.25898ms)
✔ missing zero balance is not adverse nonmutation evidence (0.668508ms)
✔ debt mutation is not adverse nonmutation evidence (0.187867ms)
✔ native mutation is not adverse nonmutation evidence (0.189215ms)
✔ generic submission and timeout failures cannot establish node rejection (0.250235ms)
✔ actual Effect FiberFailure invalid status is bound to exact submitted bytes (2.47037ms)
✔ real SDK/generated accrue prepares with synthetic capability only; actual state/parameters interfaces connected (584.394298ms)
ℹ tests 8
ℹ suites 0
ℹ pass 8
ℹ fail 0
ℹ cancelled 0
ℹ skipped 0
ℹ todo 0
ℹ duration_ms 945.082161
