{
  "status": "PASS",
  "caseId": "RP01-LOSS-FULL-RECOVERY",
  "scope": "fixed full-recovery JSON design oracle only",
  "final": {
    "assets": {
      "Cash": {
        "Pool": "1090",
        "Borrower": "45",
        "Buyer": "0",
        "FeeCollector": "15",
        "Custodian": "0",
        "Sponsor": "0"
      },
      "Collateral": {
        "Pool": "0",
        "Borrower": "0",
        "Buyer": "4",
        "FeeCollector": "0",
        "Custodian": "0",
        "Sponsor": "0"
      }
    },
    "duties": [
      {
        "id": "Loan1",
        "debtor": "Borrower",
        "creditor": "Pool",
        "denomination": "Cash",
        "principal": "0",
        "accrued": "0",
        "outstanding": "0",
        "status": "Discharged",
        "collateralUnits": "0",
        "legalRecourse": "Retained"
      }
    ],
    "accounts": {
      "grossReceivable": "0",
      "impairmentAllowance": "0",
      "carryingReceivable": "0",
      "nav": "1090",
      "sharesOutstanding": "1000",
      "impairmentExpense": "600",
      "feeExpense": "10",
      "recoveryGain": "600",
      "netLoss": "10"
    },
    "claims": [
      {
        "holder": "HolderA",
        "shares": "600",
        "bookValue": "654",
        "allocatedNetLoss": "6"
      },
      {
        "holder": "HolderB",
        "shares": "400",
        "bookValue": "436",
        "allocatedNetLoss": "4"
      }
    ],
    "authority": {
      "DefaultGrant": {
        "issuer": "Governor",
        "holder": "Servicer",
        "scope": "MarkDefault",
        "initial": "1",
        "remaining": "0",
        "spent": "1",
        "asset": null,
        "recipient": null,
        "dutyId": "Loan1",
        "version": "GenericLossV1",
        "expiresAt": "200"
      },
      "ImpairGrant": {
        "issuer": "Governor",
        "holder": "Servicer",
        "scope": "Impair",
        "initial": "600",
        "remaining": "0",
        "spent": "600",
        "asset": null,
        "recipient": null,
        "dutyId": "Loan1",
        "version": "GenericLossV1",
        "expiresAt": "200"
      },
      "CollateralGrant": {
        "issuer": "Borrower",
        "holder": "Custodian",
        "scope": "Transfer",
        "initial": "4",
        "remaining": "0",
        "spent": "4",
        "asset": "Collateral",
        "recipient": "Buyer",
        "dutyId": "Loan1",
        "version": "GenericLossV1",
        "expiresAt": "200"
      },
      "BuyerGrant": {
        "issuer": "Buyer",
        "holder": "Buyer",
        "scope": "Transfer",
        "initial": "400",
        "remaining": "0",
        "spent": "400",
        "asset": "Cash",
        "recipient": "Pool",
        "dutyId": "Loan1",
        "version": "GenericLossV1",
        "expiresAt": "200"
      },
      "PoolFeeGrant": {
        "issuer": "Pool",
        "holder": "Pool",
        "scope": "Transfer",
        "initial": "10",
        "remaining": "0",
        "spent": "10",
        "asset": "Cash",
        "recipient": "FeeCollector",
        "dutyId": "Loan1",
        "version": "GenericLossV1",
        "expiresAt": "200"
      },
      "BorrowerGrant": {
        "issuer": "Borrower",
        "holder": "Borrower",
        "scope": "Transfer",
        "initial": "155",
        "remaining": "0",
        "spent": "155",
        "asset": "Cash",
        "recipient": null,
        "dutyId": "Loan1",
        "version": "GenericLossV1",
        "expiresAt": "200"
      },
      "RecoveryGrant": {
        "issuer": "Pool",
        "holder": "Servicer",
        "scope": "Repay",
        "initial": "550",
        "remaining": "0",
        "spent": "550",
        "asset": "Cash",
        "recipient": "Pool",
        "dutyId": "Loan1",
        "version": "GenericLossV1",
        "expiresAt": "200"
      },
      "ReverseGrant": {
        "issuer": "Governor",
        "holder": "Servicer",
        "scope": "ReverseImpairment",
        "initial": "150",
        "remaining": "0",
        "spent": "150",
        "asset": null,
        "recipient": null,
        "dutyId": "Loan1",
        "version": "GenericLossV1",
        "expiresAt": "200"
      },
      "Sponsor450": {
        "issuer": "Sponsor",
        "holder": "Sponsor",
        "scope": "Transfer",
        "initial": "450",
        "remaining": "0",
        "spent": "450",
        "asset": "Cash",
        "recipient": "Pool",
        "dutyId": "Loan1",
        "version": "GenericLossV1",
        "issuedAt": "121",
        "expiresAt": "130",
        "predecessorCaseSha256": "74e3a5506a775c260ed5471a273343bb0a8b840c3f628a7a83b4ca818a2edd93"
      },
      "Recovery450": {
        "issuer": "Pool",
        "holder": "Servicer",
        "scope": "Repay",
        "initial": "450",
        "remaining": "0",
        "spent": "450",
        "asset": "Cash",
        "recipient": "Pool",
        "dutyId": "Loan1",
        "version": "GenericLossV1",
        "issuedAt": "121",
        "expiresAt": "130",
        "predecessorCaseSha256": "74e3a5506a775c260ed5471a273343bb0a8b840c3f628a7a83b4ca818a2edd93"
      },
      "Reverse450": {
        "issuer": "Governor",
        "holder": "Servicer",
        "scope": "ReverseImpairment",
        "initial": "450",
        "remaining": "0",
        "spent": "450",
        "asset": null,
        "recipient": null,
        "dutyId": "Loan1",
        "version": "GenericLossV1",
        "issuedAt": "121",
        "expiresAt": "130",
        "predecessorCaseSha256": "74e3a5506a775c260ed5471a273343bb0a8b840c3f628a7a83b4ca818a2edd93"
      }
    },
    "work": {
      "remaining": "0",
      "spent": "13",
      "closureReserve": "2",
      "owner": "Servicer",
      "additionalAllocated": "1",
      "resourceSource": {
        "owner": "RecoveryWorkSponsor",
        "initial": "1",
        "remaining": "0",
        "spent": "1"
      }
    },
    "history": {
      "usedTransferIds": [
        "CollateralDelivery",
        "SaleCash",
        "SaleFee",
        "LateCash",
        "LateFee",
        "FullCash"
      ],
      "usedAllocationIds": [
        "SaleAllocation",
        "LateAllocation",
        "FullAllocation"
      ],
      "usedObservationIds": [
        "DefaultObs",
        "BidObs"
      ],
      "fundedNominalRecovery": "1000",
      "forgivenNominal": "0",
      "nominalCreated": "0",
      "lossAllocations": [
        {
          "stepId": "default-and-impair",
          "impairmentExpense": "600",
          "feeExpense": "0",
          "recoveryGain": "0",
          "netLoss": "600",
          "claims": [
            {
              "holder": "HolderA",
              "shares": "600",
              "bookValue": "300",
              "allocatedNetLoss": "360"
            },
            {
              "holder": "HolderB",
              "shares": "400",
              "bookValue": "200",
              "allocatedNetLoss": "240"
            }
          ]
        },
        {
          "stepId": "collateral-sale-and-funded-discharge",
          "impairmentExpense": "600",
          "feeExpense": "10",
          "recoveryGain": "0",
          "netLoss": "610",
          "claims": [
            {
              "holder": "HolderA",
              "shares": "600",
              "bookValue": "294",
              "allocatedNetLoss": "366"
            },
            {
              "holder": "HolderB",
              "shares": "400",
              "bookValue": "196",
              "allocatedNetLoss": "244"
            }
          ]
        },
        {
          "stepId": "later-funded-recovery",
          "impairmentExpense": "600",
          "feeExpense": "10",
          "recoveryGain": "150",
          "netLoss": "460",
          "claims": [
            {
              "holder": "HolderA",
              "shares": "600",
              "bookValue": "384",
              "allocatedNetLoss": "276"
            },
            {
              "holder": "HolderB",
              "shares": "400",
              "bookValue": "256",
              "allocatedNetLoss": "184"
            }
          ]
        },
        {
          "stepId": "full-funded-recovery",
          "impairmentExpense": "600",
          "feeExpense": "10",
          "recoveryGain": "600",
          "netLoss": "10",
          "claims": [
            {
              "holder": "HolderA",
              "shares": "600",
              "bookValue": "654",
              "allocatedNetLoss": "6"
            },
            {
              "holder": "HolderB",
              "shares": "400",
              "bookValue": "436",
              "allocatedNetLoss": "4"
            }
          ]
        }
      ]
    },
    "continuation": {
      "owner": "Servicer",
      "status": "Discharged",
      "debtId": "Loan1",
      "nominalCreationRemaining": "0",
      "forgivenessRemaining": "0",
      "policyVersion": "GenericLossV1"
    }
  },
  "actorEffects": [
    {
      "actor": "Pool",
      "asset": "Cash",
      "grossDebit": "0",
      "grossCredit": "450",
      "feesPaid": "0",
      "refund": "0",
      "netChange": "450"
    },
    {
      "actor": "Borrower",
      "asset": "Cash",
      "grossDebit": "0",
      "grossCredit": "0",
      "feesPaid": "0",
      "refund": "0",
      "netChange": "0"
    },
    {
      "actor": "Buyer",
      "asset": "Cash",
      "grossDebit": "0",
      "grossCredit": "0",
      "feesPaid": "0",
      "refund": "0",
      "netChange": "0"
    },
    {
      "actor": "FeeCollector",
      "asset": "Cash",
      "grossDebit": "0",
      "grossCredit": "0",
      "feesPaid": "0",
      "refund": "0",
      "netChange": "0"
    },
    {
      "actor": "Custodian",
      "asset": "Cash",
      "grossDebit": "0",
      "grossCredit": "0",
      "feesPaid": "0",
      "refund": "0",
      "netChange": "0"
    },
    {
      "actor": "Sponsor",
      "asset": "Cash",
      "grossDebit": "450",
      "grossCredit": "0",
      "feesPaid": "0",
      "refund": "0",
      "netChange": "-450"
    },
    {
      "actor": "Pool",
      "asset": "Collateral",
      "grossDebit": "0",
      "grossCredit": "0",
      "feesPaid": "0",
      "refund": "0",
      "netChange": "0"
    },
    {
      "actor": "Borrower",
      "asset": "Collateral",
      "grossDebit": "0",
      "grossCredit": "0",
      "feesPaid": "0",
      "refund": "0",
      "netChange": "0"
    },
    {
      "actor": "Buyer",
      "asset": "Collateral",
      "grossDebit": "0",
      "grossCredit": "0",
      "feesPaid": "0",
      "refund": "0",
      "netChange": "0"
    },
    {
      "actor": "FeeCollector",
      "asset": "Collateral",
      "grossDebit": "0",
      "grossCredit": "0",
      "feesPaid": "0",
      "refund": "0",
      "netChange": "0"
    },
    {
      "actor": "Custodian",
      "asset": "Collateral",
      "grossDebit": "0",
      "grossCredit": "0",
      "feesPaid": "0",
      "refund": "0",
      "netChange": "0"
    },
    {
      "actor": "Sponsor",
      "asset": "Collateral",
      "grossDebit": "0",
      "grossCredit": "0",
      "feesPaid": "0",
      "refund": "0",
      "netChange": "0"
    }
  ],
  "footprint": {
    "readPaths": [
      "/accounts/carryingReceivable",
      "/accounts/feeExpense",
      "/accounts/grossReceivable",
      "/accounts/impairmentAllowance",
      "/accounts/impairmentExpense",
      "/accounts/nav",
      "/accounts/netLoss",
      "/accounts/recoveryGain",
      "/accounts/sharesOutstanding",
      "/assets/Cash/Borrower",
      "/assets/Cash/Buyer",
      "/assets/Cash/Custodian",
      "/assets/Cash/FeeCollector",
      "/assets/Cash/Pool",
      "/assets/Cash/Sponsor",
      "/assets/Collateral/Borrower",
      "/assets/Collateral/Buyer",
      "/assets/Collateral/Custodian",
      "/assets/Collateral/FeeCollector",
      "/assets/Collateral/Pool",
      "/assets/Collateral/Sponsor",
      "/authority/BorrowerGrant/asset",
      "/authority/BorrowerGrant/dutyId",
      "/authority/BorrowerGrant/expiresAt",
      "/authority/BorrowerGrant/holder",
      "/authority/BorrowerGrant/initial",
      "/authority/BorrowerGrant/issuer",
      "/authority/BorrowerGrant/recipient",
      "/authority/BorrowerGrant/remaining",
      "/authority/BorrowerGrant/scope",
      "/authority/BorrowerGrant/spent",
      "/authority/BorrowerGrant/version",
      "/authority/BuyerGrant/asset",
      "/authority/BuyerGrant/dutyId",
      "/authority/BuyerGrant/expiresAt",
      "/authority/BuyerGrant/holder",
      "/authority/BuyerGrant/initial",
      "/authority/BuyerGrant/issuer",
      "/authority/BuyerGrant/recipient",
      "/authority/BuyerGrant/remaining",
      "/authority/BuyerGrant/scope",
      "/authority/BuyerGrant/spent",
      "/authority/BuyerGrant/version",
      "/authority/CollateralGrant/asset",
      "/authority/CollateralGrant/dutyId",
      "/authority/CollateralGrant/expiresAt",
      "/authority/CollateralGrant/holder",
      "/authority/CollateralGrant/initial",
      "/authority/CollateralGrant/issuer",
      "/authority/CollateralGrant/recipient",
      "/authority/CollateralGrant/remaining",
      "/authority/CollateralGrant/scope",
      "/authority/CollateralGrant/spent",
      "/authority/CollateralGrant/version",
      "/authority/DefaultGrant/asset",
      "/authority/DefaultGrant/dutyId",
      "/authority/DefaultGrant/expiresAt",
      "/authority/DefaultGrant/holder",
      "/authority/DefaultGrant/initial",
      "/authority/DefaultGrant/issuer",
      "/authority/DefaultGrant/recipient",
      "/authority/DefaultGrant/remaining",
      "/authority/DefaultGrant/scope",
      "/authority/DefaultGrant/spent",
      "/authority/DefaultGrant/version",
      "/authority/ImpairGrant/asset",
      "/authority/ImpairGrant/dutyId",
      "/authority/ImpairGrant/expiresAt",
      "/authority/ImpairGrant/holder",
      "/authority/ImpairGrant/initial",
      "/authority/ImpairGrant/issuer",
      "/authority/ImpairGrant/recipient",
      "/authority/ImpairGrant/remaining",
      "/authority/ImpairGrant/scope",
      "/authority/ImpairGrant/spent",
      "/authority/ImpairGrant/version",
      "/authority/PoolFeeGrant/asset",
      "/authority/PoolFeeGrant/dutyId",
      "/authority/PoolFeeGrant/expiresAt",
      "/authority/PoolFeeGrant/holder",
      "/authority/PoolFeeGrant/initial",
      "/authority/PoolFeeGrant/issuer",
      "/authority/PoolFeeGrant/recipient",
      "/authority/PoolFeeGrant/remaining",
      "/authority/PoolFeeGrant/scope",
      "/authority/PoolFeeGrant/spent",
      "/authority/PoolFeeGrant/version",
      "/authority/Recovery450/asset",
      "/authority/Recovery450/dutyId",
      "/authority/Recovery450/expiresAt",
      "/authority/Recovery450/holder",
      "/authority/Recovery450/initial",
      "/authority/Recovery450/issuedAt",
      "/authority/Recovery450/issuer",
      "/authority/Recovery450/predecessorCaseSha256",
      "/authority/Recovery450/recipient",
      "/authority/Recovery450/remaining",
      "/authority/Recovery450/scope",
      "/authority/Recovery450/spent",
      "/authority/Recovery450/version",
      "/authority/RecoveryGrant/asset",
      "/authority/RecoveryGrant/dutyId",
      "/authority/RecoveryGrant/expiresAt",
      "/authority/RecoveryGrant/holder",
      "/authority/RecoveryGrant/initial",
      "/authority/RecoveryGrant/issuer",
      "/authority/RecoveryGrant/recipient",
      "/authority/RecoveryGrant/remaining",
      "/authority/RecoveryGrant/scope",
      "/authority/RecoveryGrant/spent",
      "/authority/RecoveryGrant/version",
      "/authority/Reverse450/asset",
      "/authority/Reverse450/dutyId",
      "/authority/Reverse450/expiresAt",
      "/authority/Reverse450/holder",
      "/authority/Reverse450/initial",
      "/authority/Reverse450/issuedAt",
      "/authority/Reverse450/issuer",
      "/authority/Reverse450/predecessorCaseSha256",
      "/authority/Reverse450/recipient",
      "/authority/Reverse450/remaining",
      "/authority/Reverse450/scope",
      "/authority/Reverse450/spent",
      "/authority/Reverse450/version",
      "/authority/ReverseGrant/asset",
      "/authority/ReverseGrant/dutyId",
      "/authority/ReverseGrant/expiresAt",
      "/authority/ReverseGrant/holder",
      "/authority/ReverseGrant/initial",
      "/authority/ReverseGrant/issuer",
      "/authority/ReverseGrant/recipient",
      "/authority/ReverseGrant/remaining",
      "/authority/ReverseGrant/scope",
      "/authority/ReverseGrant/spent",
      "/authority/ReverseGrant/version",
      "/authority/Sponsor450/asset",
      "/authority/Sponsor450/dutyId",
      "/authority/Sponsor450/expiresAt",
      "/authority/Sponsor450/holder",
      "/authority/Sponsor450/initial",
      "/authority/Sponsor450/issuedAt",
      "/authority/Sponsor450/issuer",
      "/authority/Sponsor450/predecessorCaseSha256",
      "/authority/Sponsor450/recipient",
      "/authority/Sponsor450/remaining",
      "/authority/Sponsor450/scope",
      "/authority/Sponsor450/spent",
      "/authority/Sponsor450/version",
      "/claims/0/allocatedNetLoss",
      "/claims/0/bookValue",
      "/claims/0/holder",
      "/claims/0/shares",
      "/claims/1/allocatedNetLoss",
      "/claims/1/bookValue",
      "/claims/1/holder",
      "/claims/1/shares",
      "/continuation/debtId",
      "/continuation/forgivenessRemaining",
      "/continuation/nominalCreationRemaining",
      "/continuation/owner",
      "/continuation/policyVersion",
      "/continuation/status",
      "/duties/0/accrued",
      "/duties/0/collateralUnits",
      "/duties/0/creditor",
      "/duties/0/debtor",
      "/duties/0/denomination",
      "/duties/0/id",
      "/duties/0/legalRecourse",
      "/duties/0/outstanding",
      "/duties/0/principal",
      "/duties/0/status",
      "/history/forgivenNominal",
      "/history/fundedNominalRecovery",
      "/history/lossAllocations/0/claims/0/allocatedNetLoss",
      "/history/lossAllocations/0/claims/0/bookValue",
      "/history/lossAllocations/0/claims/0/holder",
      "/history/lossAllocations/0/claims/0/shares",
      "/history/lossAllocations/0/claims/1/allocatedNetLoss",
      "/history/lossAllocations/0/claims/1/bookValue",
      "/history/lossAllocations/0/claims/1/holder",
      "/history/lossAllocations/0/claims/1/shares",
      "/history/lossAllocations/0/feeExpense",
      "/history/lossAllocations/0/impairmentExpense",
      "/history/lossAllocations/0/netLoss",
      "/history/lossAllocations/0/recoveryGain",
      "/history/lossAllocations/0/stepId",
      "/history/lossAllocations/1/claims/0/allocatedNetLoss",
      "/history/lossAllocations/1/claims/0/bookValue",
      "/history/lossAllocations/1/claims/0/holder",
      "/history/lossAllocations/1/claims/0/shares",
      "/history/lossAllocations/1/claims/1/allocatedNetLoss",
      "/history/lossAllocations/1/claims/1/bookValue",
      "/history/lossAllocations/1/claims/1/holder",
      "/history/lossAllocations/1/claims/1/shares",
      "/history/lossAllocations/1/feeExpense",
      "/history/lossAllocations/1/impairmentExpense",
      "/history/lossAllocations/1/netLoss",
      "/history/lossAllocations/1/recoveryGain",
      "/history/lossAllocations/1/stepId",
      "/history/lossAllocations/2/claims/0/allocatedNetLoss",
      "/history/lossAllocations/2/claims/0/bookValue",
      "/history/lossAllocations/2/claims/0/holder",
      "/history/lossAllocations/2/claims/0/shares",
      "/history/lossAllocations/2/claims/1/allocatedNetLoss",
      "/history/lossAllocations/2/claims/1/bookValue",
      "/history/lossAllocations/2/claims/1/holder",
      "/history/lossAllocations/2/claims/1/shares",
      "/history/lossAllocations/2/feeExpense",
      "/history/lossAllocations/2/impairmentExpense",
      "/history/lossAllocations/2/netLoss",
      "/history/lossAllocations/2/recoveryGain",
      "/history/lossAllocations/2/stepId",
      "/history/nominalCreated",
      "/history/usedAllocationIds/0",
      "/history/usedAllocationIds/1",
      "/history/usedObservationIds/0",
      "/history/usedObservationIds/1",
      "/history/usedTransferIds/0",
      "/history/usedTransferIds/1",
      "/history/usedTransferIds/2",
      "/history/usedTransferIds/3",
      "/history/usedTransferIds/4",
      "/work/additionalAllocated",
      "/work/closureReserve",
      "/work/owner",
      "/work/remaining",
      "/work/resourceSource/initial",
      "/work/resourceSource/owner",
      "/work/resourceSource/remaining",
      "/work/resourceSource/spent",
      "/work/spent"
    ],
    "writePaths": [
      "/accounts/grossReceivable",
      "/accounts/impairmentAllowance",
      "/accounts/nav",
      "/accounts/netLoss",
      "/accounts/recoveryGain",
      "/assets/Cash/Pool",
      "/assets/Cash/Sponsor",
      "/authority/Recovery450/remaining",
      "/authority/Recovery450/spent",
      "/authority/Reverse450/remaining",
      "/authority/Reverse450/spent",
      "/authority/Sponsor450/remaining",
      "/authority/Sponsor450/spent",
      "/claims/0/allocatedNetLoss",
      "/claims/0/bookValue",
      "/claims/1/allocatedNetLoss",
      "/claims/1/bookValue",
      "/continuation/status",
      "/duties/0/outstanding",
      "/duties/0/principal",
      "/duties/0/status",
      "/history/fundedNominalRecovery",
      "/history/lossAllocations/3/claims/0/allocatedNetLoss",
      "/history/lossAllocations/3/claims/0/bookValue",
      "/history/lossAllocations/3/claims/0/holder",
      "/history/lossAllocations/3/claims/0/shares",
      "/history/lossAllocations/3/claims/1/allocatedNetLoss",
      "/history/lossAllocations/3/claims/1/bookValue",
      "/history/lossAllocations/3/claims/1/holder",
      "/history/lossAllocations/3/claims/1/shares",
      "/history/lossAllocations/3/feeExpense",
      "/history/lossAllocations/3/impairmentExpense",
      "/history/lossAllocations/3/netLoss",
      "/history/lossAllocations/3/recoveryGain",
      "/history/lossAllocations/3/stepId",
      "/history/usedAllocationIds/2",
      "/history/usedTransferIds/5",
      "/work/remaining",
      "/work/spent"
    ]
  },
  "totals": {
    "Cash": "1150",
    "Collateral": "4"
  },
  "languageAcceptance": false,
  "networkAcceptance": false,
  "protocolConformance": false,
  "independentlyAccepted": false
}
