✔ finite sponsor cash funds retained discharged debt with full historical loss reconciliation (9.368483ms)
✔ unfunded discharge (3.538216ms)
✔ underfunded discharge (2.746574ms)
✔ overdraw finite sponsor (2.524936ms)
✔ borrower cannot fund 450 (2.276379ms)
✔ old repayment grant exhausted (2.614607ms)
✔ old reversal grant exhausted (2.560655ms)
✔ wrong transfer recipient (2.516011ms)
✔ collateral is not cash (2.367857ms)
✔ wrong repayment asset grant (2.732232ms)
✔ wrong grant issuer (2.671942ms)
✔ missing fresh grant (2.562255ms)
✔ grant reset name collision (3.047351ms)
✔ stale authority (4.484955ms)
✔ grant not yet issued (5.071128ms)
✔ wrong predecessor authorization (2.965693ms)
✔ old transfer reused (2.809322ms)
✔ old allocation reused (2.378371ms)
✔ prior transfer cannot fund again (2.750632ms)
✔ unfunded reversal (3.003787ms)
✔ over-reversal (2.206314ms)
✔ reversal before repayment (2.210813ms)
✔ unfunded explicit discharge effect (2.413618ms)
✔ deleted terminal duty (1.947988ms)
✔ false terminal status (1.916072ms)
✔ erase historical expense (2.819922ms)
✔ erase historical loss snapshot (2.185904ms)
✔ retain impairment after payment (1.975235ms)
✔ erase remaining fee loss (2.994965ms)
✔ recharge old borrower grant (2.726827ms)
✔ wrong net effect (2.755807ms)
✔ no finite new work (2.218896ms)
✔ source cannot supply extra work (1.842882ms)
✔ borrow closure reserve (1.780445ms)
✔ too small lifetime budget (0.310899ms)
✔ too many events (2.077145ms)
✔ negative transfer amount (2.51412ms)
✔ noncanonical integer (2.755725ms)
✔ overflow transfer amount (2.372148ms)
✔ zero transfer (2.47257ms)
✔ unbacked sponsor input (1.973565ms)
✔ extra unaccounted asset row (2.480845ms)
✔ claim language acceptance (0.297355ms)
✔ change prefix pin (0.297341ms)
✔ extend policy implicitly (0.211723ms)
✔ authority is valid exactly at inclusive expiry (2.327609ms)
✔ changing expected state cannot select a different computational result (2.669946ms)
ℹ tests 47
ℹ suites 0
ℹ pass 47
ℹ fail 0
ℹ cancelled 0
ℹ skipped 0
ℹ todo 0
ℹ duration_ms 178.250417
