✖ finite sponsor cash funds retained discharged debt with full historical loss reconciliation (1.975408ms)
✖ unfunded discharge (0.947855ms)
✖ underfunded discharge (0.39161ms)
✖ overdraw finite sponsor (0.39167ms)
✖ borrower cannot fund 450 (0.481181ms)
✖ old repayment grant exhausted (0.382284ms)
✖ old reversal grant exhausted (0.371337ms)
✖ wrong transfer recipient (0.365689ms)
✖ collateral is not cash (0.384822ms)
✖ wrong repayment asset grant (0.461342ms)
✖ wrong grant issuer (0.359377ms)
✖ missing fresh grant (0.359486ms)
✖ grant reset name collision (0.377382ms)
✖ stale authority (0.468095ms)
✖ grant not yet issued (1.109547ms)
✖ wrong predecessor authorization (0.281934ms)
✖ old transfer reused (0.285829ms)
✖ old allocation reused (0.401714ms)
✖ prior transfer cannot fund again (0.395495ms)
✖ unfunded reversal (0.352405ms)
✖ over-reversal (0.366872ms)
✖ reversal before repayment (0.397909ms)
✖ unfunded explicit discharge effect (0.332342ms)
✖ deleted terminal duty (0.38421ms)
✖ false terminal status (0.347775ms)
✖ erase historical expense (1.148043ms)
✖ erase historical loss snapshot (0.458032ms)
✖ retain impairment after payment (0.307241ms)
✖ erase remaining fee loss (0.781671ms)
✖ recharge old borrower grant (0.324407ms)
✖ wrong net effect (0.251666ms)
✖ no finite new work (0.258538ms)
✖ source cannot supply extra work (0.300531ms)
✖ borrow closure reserve (0.245986ms)
✖ too small lifetime budget (0.300635ms)
✖ too many events (0.83649ms)
✖ negative transfer amount (0.365833ms)
✖ noncanonical integer (1.274043ms)
✖ overflow transfer amount (0.334271ms)
✖ zero transfer (0.269138ms)
✖ unbacked sponsor input (0.256729ms)
✖ extra unaccounted asset row (0.480159ms)
✖ claim language acceptance (0.295147ms)
✖ change prefix pin (0.328065ms)
✖ extend policy implicitly (0.318194ms)
✖ authority is valid exactly at inclusive expiry (0.259292ms)
✖ changing expected state cannot select a different computational result (0.625351ms)
ℹ tests 47
ℹ suites 0
ℹ pass 0
ℹ fail 47
ℹ cancelled 0
ℹ skipped 0
ℹ todo 0
ℹ duration_ms 87.921756

✖ failing tests:

test at deliverables/rp01-loss-full-recovery-2026-09-09/check-case.test.mjs:7:1
✖ finite sponsor cash funds retained discharged debt with full historical loss reconciliation (1.975408ms)
  Error: FULL_RECOVERY_NOT_IMPLEMENTED
      at checkCase (file:///home/charl/Moriarty/.worktrees/sp05-financial-integration/deliverables/rp01-loss-full-recovery-2026-09-09/check-case.mjs:1:37)
      at run (file:///home/charl/Moriarty/.worktrees/sp05-financial-integration/deliverables/rp01-loss-full-recovery-2026-09-09/check-case.test.mjs:6:59)
      at TestContext.<anonymous> (file:///home/charl/Moriarty/.worktrees/sp05-financial-integration/deliverables/rp01-loss-full-recovery-2026-09-09/check-case.test.mjs:8:10)
      at Test.runInAsyncScope (node:async_hooks:227:14)
      at Test.run (node:internal/test_runner/test:1325:25)
      at Test.start (node:internal/test_runner/test:1191:17)
      at startSubtestAfterBootstrap (node:internal/test_runner/harness:385:17)

test at deliverables/rp01-loss-full-recovery-2026-09-09/check-case.test.mjs:63:42
✖ unfunded discharge (0.947855ms)
  AssertionError [ERR_ASSERTION]: FUNDING
      at TestContext.<anonymous> (file:///home/charl/Moriarty/.worktrees/sp05-financial-integration/deliverables/rp01-loss-full-recovery-2026-09-09/check-case.test.mjs:63:108)
      at Test.runInAsyncScope (node:async_hooks:227:14)
      at Test.run (node:internal/test_runner/test:1325:25)
      at Test.processPendingSubtests (node:internal/test_runner/test:911:18)
      at Test.postRun (node:internal/test_runner/test:1465:19)
      at Test.run (node:internal/test_runner/test:1390:12)
      at async startSubtestAfterBootstrap (node:internal/test_runner/harness:385:3) {
    generatedMessage: false,
    code: 'ERR_ASSERTION',
    actual: Error: FULL_RECOVERY_NOT_IMPLEMENTED
        at checkCase (file:///home/charl/Moriarty/.worktrees/sp05-financial-integration/deliverables/rp01-loss-full-recovery-2026-09-09/check-case.mjs:1:37)
        at run (file:///home/charl/Moriarty/.worktrees/sp05-financial-integration/deliverables/rp01-loss-full-recovery-2026-09-09/check-case.test.mjs:6:59)
        at file:///home/charl/Moriarty/.worktrees/sp05-financial-integration/deliverables/rp01-loss-full-recovery-2026-09-09/check-case.test.mjs:63:119
        at getActual (node:assert:611:5)
        at strict.throws (node:assert:759:24)
        at TestContext.<anonymous> (file:///home/charl/Moriarty/.worktrees/sp05-financial-integration/deliverables/rp01-loss-full-recovery-2026-09-09/check-case.test.mjs:63:108)
        at Test.runInAsyncScope (node:async_hooks:227:14)
        at Test.run (node:internal/test_runner/test:1325:25)
        at Test.processPendingSubtests (node:internal/test_runner/test:911:18)
        at Test.postRun (node:internal/test_runner/test:1465:19),
    operator: 'throws',
    diff: 'simple'
  }

test at deliverables/rp01-loss-full-recovery-2026-09-09/check-case.test.mjs:63:42
✖ underfunded discharge (0.39161ms)
  AssertionError [ERR_ASSERTION]: FUNDING
      at TestContext.<anonymous> (file:///home/charl/Moriarty/.worktrees/sp05-financial-integration/deliverables/rp01-loss-full-recovery-2026-09-09/check-case.test.mjs:63:108)
      at Test.runInAsyncScope (node:async_hooks:227:14)
      at Test.run (node:internal/test_runner/test:1325:25)
      at Test.processPendingSubtests (node:internal/test_runner/test:911:18)
      at Test.postRun (node:internal/test_runner/test:1465:19)
      at Test.run (node:internal/test_runner/test:1390:12)
      at async Test.processPendingSubtests (node:internal/test_runner/test:911:7) {
    generatedMessage: false,
    code: 'ERR_ASSERTION',
    actual: Error: FULL_RECOVERY_NOT_IMPLEMENTED
        at checkCase (file:///home/charl/Moriarty/.worktrees/sp05-financial-integration/deliverables/rp01-loss-full-recovery-2026-09-09/check-case.mjs:1:37)
        at run (file:///home/charl/Moriarty/.worktrees/sp05-financial-integration/deliverables/rp01-loss-full-recovery-2026-09-09/check-case.test.mjs:6:59)
        at file:///home/charl/Moriarty/.worktrees/sp05-financial-integration/deliverables/rp01-loss-full-recovery-2026-09-09/check-case.test.mjs:63:119
        at getActual (node:assert:611:5)
        at strict.throws (node:assert:759:24)
        at TestContext.<anonymous> (file:///home/charl/Moriarty/.worktrees/sp05-financial-integration/deliverables/rp01-loss-full-recovery-2026-09-09/check-case.test.mjs:63:108)
        at Test.runInAsyncScope (node:async_hooks:227:14)
        at Test.run (node:internal/test_runner/test:1325:25)
        at Test.processPendingSubtests (node:internal/test_runner/test:911:18)
        at Test.postRun (node:internal/test_runner/test:1465:19),
    operator: 'throws',
    diff: 'simple'
  }

test at deliverables/rp01-loss-full-recovery-2026-09-09/check-case.test.mjs:63:42
✖ overdraw finite sponsor (0.39167ms)
  AssertionError [ERR_ASSERTION]: BALANCE
      at TestContext.<anonymous> (file:///home/charl/Moriarty/.worktrees/sp05-financial-integration/deliverables/rp01-loss-full-recovery-2026-09-09/check-case.test.mjs:63:108)
      at Test.runInAsyncScope (node:async_hooks:227:14)
      at Test.run (node:internal/test_runner/test:1325:25)
      at Test.processPendingSubtests (node:internal/test_runner/test:911:18)
      at Test.postRun (node:internal/test_runner/test:1465:19)
      at Test.run (node:internal/test_runner/test:1390:12)
      at async Test.processPendingSubtests (node:internal/test_runner/test:911:7) {
    generatedMessage: false,
    code: 'ERR_ASSERTION',
    actual: Error: FULL_RECOVERY_NOT_IMPLEMENTED
        at checkCase (file:///home/charl/Moriarty/.worktrees/sp05-financial-integration/deliverables/rp01-loss-full-recovery-2026-09-09/check-case.mjs:1:37)
        at run (file:///home/charl/Moriarty/.worktrees/sp05-financial-integration/deliverables/rp01-loss-full-recovery-2026-09-09/check-case.test.mjs:6:59)
        at file:///home/charl/Moriarty/.worktrees/sp05-financial-integration/deliverables/rp01-loss-full-recovery-2026-09-09/check-case.test.mjs:63:119
        at getActual (node:assert:611:5)
        at strict.throws (node:assert:759:24)
        at TestContext.<anonymous> (file:///home/charl/Moriarty/.worktrees/sp05-financial-integration/deliverables/rp01-loss-full-recovery-2026-09-09/check-case.test.mjs:63:108)
        at Test.runInAsyncScope (node:async_hooks:227:14)
        at Test.run (node:internal/test_runner/test:1325:25)
        at Test.processPendingSubtests (node:internal/test_runner/test:911:18)
        at Test.postRun (node:internal/test_runner/test:1465:19),
    operator: 'throws',
    diff: 'simple'
  }

test at deliverables/rp01-loss-full-recovery-2026-09-09/check-case.test.mjs:63:42
✖ borrower cannot fund 450 (0.481181ms)
  AssertionError [ERR_ASSERTION]: AUTHORITY
      at TestContext.<anonymous> (file:///home/charl/Moriarty/.worktrees/sp05-financial-integration/deliverables/rp01-loss-full-recovery-2026-09-09/check-case.test.mjs:63:108)
      at Test.runInAsyncScope (node:async_hooks:227:14)
      at Test.run (node:internal/test_runner/test:1325:25)
      at Test.processPendingSubtests (node:internal/test_runner/test:911:18)
      at Test.postRun (node:internal/test_runner/test:1465:19)
      at Test.run (node:internal/test_runner/test:1390:12)
      at async Test.processPendingSubtests (node:internal/test_runner/test:911:7) {
    generatedMessage: false,
    code: 'ERR_ASSERTION',
    actual: Error: FULL_RECOVERY_NOT_IMPLEMENTED
        at checkCase (file:///home/charl/Moriarty/.worktrees/sp05-financial-integration/deliverables/rp01-loss-full-recovery-2026-09-09/check-case.mjs:1:37)
        at run (file:///home/charl/Moriarty/.worktrees/sp05-financial-integration/deliverables/rp01-loss-full-recovery-2026-09-09/check-case.test.mjs:6:59)
        at file:///home/charl/Moriarty/.worktrees/sp05-financial-integration/deliverables/rp01-loss-full-recovery-2026-09-09/check-case.test.mjs:63:119
        at getActual (node:assert:611:5)
        at strict.throws (node:assert:759:24)
        at TestContext.<anonymous> (file:///home/charl/Moriarty/.worktrees/sp05-financial-integration/deliverables/rp01-loss-full-recovery-2026-09-09/check-case.test.mjs:63:108)
        at Test.runInAsyncScope (node:async_hooks:227:14)
        at Test.run (node:internal/test_runner/test:1325:25)
        at Test.processPendingSubtests (node:internal/test_runner/test:911:18)
        at Test.postRun (node:internal/test_runner/test:1465:19),
    operator: 'throws',
    diff: 'simple'
  }

test at deliverables/rp01-loss-full-recovery-2026-09-09/check-case.test.mjs:63:42
✖ old repayment grant exhausted (0.382284ms)
  AssertionError [ERR_ASSERTION]: AUTHORITY
      at TestContext.<anonymous> (file:///home/charl/Moriarty/.worktrees/sp05-financial-integration/deliverables/rp01-loss-full-recovery-2026-09-09/check-case.test.mjs:63:108)
      at Test.runInAsyncScope (node:async_hooks:227:14)
      at Test.run (node:internal/test_runner/test:1325:25)
      at Test.processPendingSubtests (node:internal/test_runner/test:911:18)
      at Test.postRun (node:internal/test_runner/test:1465:19)
      at Test.run (node:internal/test_runner/test:1390:12)
      at async Test.processPendingSubtests (node:internal/test_runner/test:911:7) {
    generatedMessage: false,
    code: 'ERR_ASSERTION',
    actual: Error: FULL_RECOVERY_NOT_IMPLEMENTED
        at checkCase (file:///home/charl/Moriarty/.worktrees/sp05-financial-integration/deliverables/rp01-loss-full-recovery-2026-09-09/check-case.mjs:1:37)
        at run (file:///home/charl/Moriarty/.worktrees/sp05-financial-integration/deliverables/rp01-loss-full-recovery-2026-09-09/check-case.test.mjs:6:59)
        at file:///home/charl/Moriarty/.worktrees/sp05-financial-integration/deliverables/rp01-loss-full-recovery-2026-09-09/check-case.test.mjs:63:119
        at getActual (node:assert:611:5)
        at strict.throws (node:assert:759:24)
        at TestContext.<anonymous> (file:///home/charl/Moriarty/.worktrees/sp05-financial-integration/deliverables/rp01-loss-full-recovery-2026-09-09/check-case.test.mjs:63:108)
        at Test.runInAsyncScope (node:async_hooks:227:14)
        at Test.run (node:internal/test_runner/test:1325:25)
        at Test.processPendingSubtests (node:internal/test_runner/test:911:18)
        at Test.postRun (node:internal/test_runner/test:1465:19),
    operator: 'throws',
    diff: 'simple'
  }

test at deliverables/rp01-loss-full-recovery-2026-09-09/check-case.test.mjs:63:42
✖ old reversal grant exhausted (0.371337ms)
  AssertionError [ERR_ASSERTION]: AUTHORITY
      at TestContext.<anonymous> (file:///home/charl/Moriarty/.worktrees/sp05-financial-integration/deliverables/rp01-loss-full-recovery-2026-09-09/check-case.test.mjs:63:108)
      at Test.runInAsyncScope (node:async_hooks:227:14)
      at Test.run (node:internal/test_runner/test:1325:25)
      at Test.processPendingSubtests (node:internal/test_runner/test:911:18)
      at Test.postRun (node:internal/test_runner/test:1465:19)
      at Test.run (node:internal/test_runner/test:1390:12)
      at async Test.processPendingSubtests (node:internal/test_runner/test:911:7) {
    generatedMessage: false,
    code: 'ERR_ASSERTION',
    actual: Error: FULL_RECOVERY_NOT_IMPLEMENTED
        at checkCase (file:///home/charl/Moriarty/.worktrees/sp05-financial-integration/deliverables/rp01-loss-full-recovery-2026-09-09/check-case.mjs:1:37)
        at run (file:///home/charl/Moriarty/.worktrees/sp05-financial-integration/deliverables/rp01-loss-full-recovery-2026-09-09/check-case.test.mjs:6:59)
        at file:///home/charl/Moriarty/.worktrees/sp05-financial-integration/deliverables/rp01-loss-full-recovery-2026-09-09/check-case.test.mjs:63:119
        at getActual (node:assert:611:5)
        at strict.throws (node:assert:759:24)
        at TestContext.<anonymous> (file:///home/charl/Moriarty/.worktrees/sp05-financial-integration/deliverables/rp01-loss-full-recovery-2026-09-09/check-case.test.mjs:63:108)
        at Test.runInAsyncScope (node:async_hooks:227:14)
        at Test.run (node:internal/test_runner/test:1325:25)
        at Test.processPendingSubtests (node:internal/test_runner/test:911:18)
        at Test.postRun (node:internal/test_runner/test:1465:19),
    operator: 'throws',
    diff: 'simple'
  }

test at deliverables/rp01-loss-full-recovery-2026-09-09/check-case.test.mjs:63:42
✖ wrong transfer recipient (0.365689ms)
  AssertionError [ERR_ASSERTION]: AUTHORITY
      at TestContext.<anonymous> (file:///home/charl/Moriarty/.worktrees/sp05-financial-integration/deliverables/rp01-loss-full-recovery-2026-09-09/check-case.test.mjs:63:108)
      at Test.runInAsyncScope (node:async_hooks:227:14)
      at Test.run (node:internal/test_runner/test:1325:25)
      at Test.processPendingSubtests (node:internal/test_runner/test:911:18)
      at Test.postRun (node:internal/test_runner/test:1465:19)
      at Test.run (node:internal/test_runner/test:1390:12)
      at async Test.processPendingSubtests (node:internal/test_runner/test:911:7) {
    generatedMessage: false,
    code: 'ERR_ASSERTION',
    actual: Error: FULL_RECOVERY_NOT_IMPLEMENTED
        at checkCase (file:///home/charl/Moriarty/.worktrees/sp05-financial-integration/deliverables/rp01-loss-full-recovery-2026-09-09/check-case.mjs:1:37)
        at run (file:///home/charl/Moriarty/.worktrees/sp05-financial-integration/deliverables/rp01-loss-full-recovery-2026-09-09/check-case.test.mjs:6:59)
        at file:///home/charl/Moriarty/.worktrees/sp05-financial-integration/deliverables/rp01-loss-full-recovery-2026-09-09/check-case.test.mjs:63:119
        at getActual (node:assert:611:5)
        at strict.throws (node:assert:759:24)
        at TestContext.<anonymous> (file:///home/charl/Moriarty/.worktrees/sp05-financial-integration/deliverables/rp01-loss-full-recovery-2026-09-09/check-case.test.mjs:63:108)
        at Test.runInAsyncScope (node:async_hooks:227:14)
        at Test.run (node:internal/test_runner/test:1325:25)
        at Test.processPendingSubtests (node:internal/test_runner/test:911:18)
        at Test.postRun (node:internal/test_runner/test:1465:19),
    operator: 'throws',
    diff: 'simple'
  }

test at deliverables/rp01-loss-full-recovery-2026-09-09/check-case.test.mjs:63:42
✖ collateral is not cash (0.384822ms)
  AssertionError [ERR_ASSERTION]: AUTHORITY
      at TestContext.<anonymous> (file:///home/charl/Moriarty/.worktrees/sp05-financial-integration/deliverables/rp01-loss-full-recovery-2026-09-09/check-case.test.mjs:63:108)
      at Test.runInAsyncScope (node:async_hooks:227:14)
      at Test.run (node:internal/test_runner/test:1325:25)
      at Test.processPendingSubtests (node:internal/test_runner/test:911:18)
      at Test.postRun (node:internal/test_runner/test:1465:19)
      at Test.run (node:internal/test_runner/test:1390:12)
      at async Test.processPendingSubtests (node:internal/test_runner/test:911:7) {
    generatedMessage: false,
    code: 'ERR_ASSERTION',
    actual: Error: FULL_RECOVERY_NOT_IMPLEMENTED
        at checkCase (file:///home/charl/Moriarty/.worktrees/sp05-financial-integration/deliverables/rp01-loss-full-recovery-2026-09-09/check-case.mjs:1:37)
        at run (file:///home/charl/Moriarty/.worktrees/sp05-financial-integration/deliverables/rp01-loss-full-recovery-2026-09-09/check-case.test.mjs:6:59)
        at file:///home/charl/Moriarty/.worktrees/sp05-financial-integration/deliverables/rp01-loss-full-recovery-2026-09-09/check-case.test.mjs:63:119
        at getActual (node:assert:611:5)
        at strict.throws (node:assert:759:24)
        at TestContext.<anonymous> (file:///home/charl/Moriarty/.worktrees/sp05-financial-integration/deliverables/rp01-loss-full-recovery-2026-09-09/check-case.test.mjs:63:108)
        at Test.runInAsyncScope (node:async_hooks:227:14)
        at Test.run (node:internal/test_runner/test:1325:25)
        at Test.processPendingSubtests (node:internal/test_runner/test:911:18)
        at Test.postRun (node:internal/test_runner/test:1465:19),
    operator: 'throws',
    diff: 'simple'
  }

test at deliverables/rp01-loss-full-recovery-2026-09-09/check-case.test.mjs:63:42
✖ wrong repayment asset grant (0.461342ms)
  AssertionError [ERR_ASSERTION]: FRESH_AUTHORITY
      at TestContext.<anonymous> (file:///home/charl/Moriarty/.worktrees/sp05-financial-integration/deliverables/rp01-loss-full-recovery-2026-09-09/check-case.test.mjs:63:108)
      at Test.runInAsyncScope (node:async_hooks:227:14)
      at Test.run (node:internal/test_runner/test:1325:25)
      at Test.processPendingSubtests (node:internal/test_runner/test:911:18)
      at Test.postRun (node:internal/test_runner/test:1465:19)
      at Test.run (node:internal/test_runner/test:1390:12)
      at async Test.processPendingSubtests (node:internal/test_runner/test:911:7) {
    generatedMessage: false,
    code: 'ERR_ASSERTION',
    actual: Error: FULL_RECOVERY_NOT_IMPLEMENTED
        at checkCase (file:///home/charl/Moriarty/.worktrees/sp05-financial-integration/deliverables/rp01-loss-full-recovery-2026-09-09/check-case.mjs:1:37)
        at run (file:///home/charl/Moriarty/.worktrees/sp05-financial-integration/deliverables/rp01-loss-full-recovery-2026-09-09/check-case.test.mjs:6:59)
        at file:///home/charl/Moriarty/.worktrees/sp05-financial-integration/deliverables/rp01-loss-full-recovery-2026-09-09/check-case.test.mjs:63:119
        at getActual (node:assert:611:5)
        at strict.throws (node:assert:759:24)
        at TestContext.<anonymous> (file:///home/charl/Moriarty/.worktrees/sp05-financial-integration/deliverables/rp01-loss-full-recovery-2026-09-09/check-case.test.mjs:63:108)
        at Test.runInAsyncScope (node:async_hooks:227:14)
        at Test.run (node:internal/test_runner/test:1325:25)
        at Test.processPendingSubtests (node:internal/test_runner/test:911:18)
        at Test.postRun (node:internal/test_runner/test:1465:19),
    operator: 'throws',
    diff: 'simple'
  }

test at deliverables/rp01-loss-full-recovery-2026-09-09/check-case.test.mjs:63:42
✖ wrong grant issuer (0.359377ms)
  AssertionError [ERR_ASSERTION]: FRESH_AUTHORITY
      at TestContext.<anonymous> (file:///home/charl/Moriarty/.worktrees/sp05-financial-integration/deliverables/rp01-loss-full-recovery-2026-09-09/check-case.test.mjs:63:108)
      at Test.runInAsyncScope (node:async_hooks:227:14)
      at Test.run (node:internal/test_runner/test:1325:25)
      at Test.processPendingSubtests (node:internal/test_runner/test:911:18)
      at Test.postRun (node:internal/test_runner/test:1465:19)
      at Test.run (node:internal/test_runner/test:1390:12)
      at async Test.processPendingSubtests (node:internal/test_runner/test:911:7) {
    generatedMessage: false,
    code: 'ERR_ASSERTION',
    actual: Error: FULL_RECOVERY_NOT_IMPLEMENTED
        at checkCase (file:///home/charl/Moriarty/.worktrees/sp05-financial-integration/deliverables/rp01-loss-full-recovery-2026-09-09/check-case.mjs:1:37)
        at run (file:///home/charl/Moriarty/.worktrees/sp05-financial-integration/deliverables/rp01-loss-full-recovery-2026-09-09/check-case.test.mjs:6:59)
        at file:///home/charl/Moriarty/.worktrees/sp05-financial-integration/deliverables/rp01-loss-full-recovery-2026-09-09/check-case.test.mjs:63:119
        at getActual (node:assert:611:5)
        at strict.throws (node:assert:759:24)
        at TestContext.<anonymous> (file:///home/charl/Moriarty/.worktrees/sp05-financial-integration/deliverables/rp01-loss-full-recovery-2026-09-09/check-case.test.mjs:63:108)
        at Test.runInAsyncScope (node:async_hooks:227:14)
        at Test.run (node:internal/test_runner/test:1325:25)
        at Test.processPendingSubtests (node:internal/test_runner/test:911:18)
        at Test.postRun (node:internal/test_runner/test:1465:19),
    operator: 'throws',
    diff: 'simple'
  }

test at deliverables/rp01-loss-full-recovery-2026-09-09/check-case.test.mjs:63:42
✖ missing fresh grant (0.359486ms)
  AssertionError [ERR_ASSERTION]: FRESH_AUTHORITY
      at TestContext.<anonymous> (file:///home/charl/Moriarty/.worktrees/sp05-financial-integration/deliverables/rp01-loss-full-recovery-2026-09-09/check-case.test.mjs:63:108)
      at Test.runInAsyncScope (node:async_hooks:227:14)
      at Test.run (node:internal/test_runner/test:1325:25)
      at Test.processPendingSubtests (node:internal/test_runner/test:911:18)
      at Test.postRun (node:internal/test_runner/test:1465:19)
      at Test.run (node:internal/test_runner/test:1390:12)
      at async Test.processPendingSubtests (node:internal/test_runner/test:911:7) {
    generatedMessage: false,
    code: 'ERR_ASSERTION',
    actual: Error: FULL_RECOVERY_NOT_IMPLEMENTED
        at checkCase (file:///home/charl/Moriarty/.worktrees/sp05-financial-integration/deliverables/rp01-loss-full-recovery-2026-09-09/check-case.mjs:1:37)
        at run (file:///home/charl/Moriarty/.worktrees/sp05-financial-integration/deliverables/rp01-loss-full-recovery-2026-09-09/check-case.test.mjs:6:59)
        at file:///home/charl/Moriarty/.worktrees/sp05-financial-integration/deliverables/rp01-loss-full-recovery-2026-09-09/check-case.test.mjs:63:119
        at getActual (node:assert:611:5)
        at strict.throws (node:assert:759:24)
        at TestContext.<anonymous> (file:///home/charl/Moriarty/.worktrees/sp05-financial-integration/deliverables/rp01-loss-full-recovery-2026-09-09/check-case.test.mjs:63:108)
        at Test.runInAsyncScope (node:async_hooks:227:14)
        at Test.run (node:internal/test_runner/test:1325:25)
        at Test.processPendingSubtests (node:internal/test_runner/test:911:18)
        at Test.postRun (node:internal/test_runner/test:1465:19),
    operator: 'throws',
    diff: 'simple'
  }

test at deliverables/rp01-loss-full-recovery-2026-09-09/check-case.test.mjs:63:42
✖ grant reset name collision (0.377382ms)
  AssertionError [ERR_ASSERTION]: FRESH_AUTHORITY
      at TestContext.<anonymous> (file:///home/charl/Moriarty/.worktrees/sp05-financial-integration/deliverables/rp01-loss-full-recovery-2026-09-09/check-case.test.mjs:63:108)
      at Test.runInAsyncScope (node:async_hooks:227:14)
      at Test.run (node:internal/test_runner/test:1325:25)
      at Test.processPendingSubtests (node:internal/test_runner/test:911:18)
      at Test.postRun (node:internal/test_runner/test:1465:19)
      at Test.run (node:internal/test_runner/test:1390:12)
      at async Test.processPendingSubtests (node:internal/test_runner/test:911:7) {
    generatedMessage: false,
    code: 'ERR_ASSERTION',
    actual: Error: FULL_RECOVERY_NOT_IMPLEMENTED
        at checkCase (file:///home/charl/Moriarty/.worktrees/sp05-financial-integration/deliverables/rp01-loss-full-recovery-2026-09-09/check-case.mjs:1:37)
        at run (file:///home/charl/Moriarty/.worktrees/sp05-financial-integration/deliverables/rp01-loss-full-recovery-2026-09-09/check-case.test.mjs:6:59)
        at file:///home/charl/Moriarty/.worktrees/sp05-financial-integration/deliverables/rp01-loss-full-recovery-2026-09-09/check-case.test.mjs:63:119
        at getActual (node:assert:611:5)
        at strict.throws (node:assert:759:24)
        at TestContext.<anonymous> (file:///home/charl/Moriarty/.worktrees/sp05-financial-integration/deliverables/rp01-loss-full-recovery-2026-09-09/check-case.test.mjs:63:108)
        at Test.runInAsyncScope (node:async_hooks:227:14)
        at Test.run (node:internal/test_runner/test:1325:25)
        at Test.processPendingSubtests (node:internal/test_runner/test:911:18)
        at Test.postRun (node:internal/test_runner/test:1465:19),
    operator: 'throws',
    diff: 'simple'
  }

test at deliverables/rp01-loss-full-recovery-2026-09-09/check-case.test.mjs:63:42
✖ stale authority (0.468095ms)
  AssertionError [ERR_ASSERTION]: AUTHORITY
      at TestContext.<anonymous> (file:///home/charl/Moriarty/.worktrees/sp05-financial-integration/deliverables/rp01-loss-full-recovery-2026-09-09/check-case.test.mjs:63:108)
      at Test.runInAsyncScope (node:async_hooks:227:14)
      at Test.run (node:internal/test_runner/test:1325:25)
      at Test.processPendingSubtests (node:internal/test_runner/test:911:18)
      at Test.postRun (node:internal/test_runner/test:1465:19)
      at Test.run (node:internal/test_runner/test:1390:12)
      at async Test.processPendingSubtests (node:internal/test_runner/test:911:7) {
    generatedMessage: false,
    code: 'ERR_ASSERTION',
    actual: Error: FULL_RECOVERY_NOT_IMPLEMENTED
        at checkCase (file:///home/charl/Moriarty/.worktrees/sp05-financial-integration/deliverables/rp01-loss-full-recovery-2026-09-09/check-case.mjs:1:37)
        at run (file:///home/charl/Moriarty/.worktrees/sp05-financial-integration/deliverables/rp01-loss-full-recovery-2026-09-09/check-case.test.mjs:6:59)
        at file:///home/charl/Moriarty/.worktrees/sp05-financial-integration/deliverables/rp01-loss-full-recovery-2026-09-09/check-case.test.mjs:63:119
        at getActual (node:assert:611:5)
        at strict.throws (node:assert:759:24)
        at TestContext.<anonymous> (file:///home/charl/Moriarty/.worktrees/sp05-financial-integration/deliverables/rp01-loss-full-recovery-2026-09-09/check-case.test.mjs:63:108)
        at Test.runInAsyncScope (node:async_hooks:227:14)
        at Test.run (node:internal/test_runner/test:1325:25)
        at Test.processPendingSubtests (node:internal/test_runner/test:911:18)
        at Test.postRun (node:internal/test_runner/test:1465:19),
    operator: 'throws',
    diff: 'simple'
  }

test at deliverables/rp01-loss-full-recovery-2026-09-09/check-case.test.mjs:63:42
✖ grant not yet issued (1.109547ms)
  AssertionError [ERR_ASSERTION]: AUTHORITY
      at TestContext.<anonymous> (file:///home/charl/Moriarty/.worktrees/sp05-financial-integration/deliverables/rp01-loss-full-recovery-2026-09-09/check-case.test.mjs:63:108)
      at Test.runInAsyncScope (node:async_hooks:227:14)
      at Test.run (node:internal/test_runner/test:1325:25)
      at Test.processPendingSubtests (node:internal/test_runner/test:911:18)
      at Test.postRun (node:internal/test_runner/test:1465:19)
      at Test.run (node:internal/test_runner/test:1390:12)
      at async Test.processPendingSubtests (node:internal/test_runner/test:911:7) {
    generatedMessage: false,
    code: 'ERR_ASSERTION',
    actual: Error: FULL_RECOVERY_NOT_IMPLEMENTED
        at checkCase (file:///home/charl/Moriarty/.worktrees/sp05-financial-integration/deliverables/rp01-loss-full-recovery-2026-09-09/check-case.mjs:1:37)
        at run (file:///home/charl/Moriarty/.worktrees/sp05-financial-integration/deliverables/rp01-loss-full-recovery-2026-09-09/check-case.test.mjs:6:59)
        at file:///home/charl/Moriarty/.worktrees/sp05-financial-integration/deliverables/rp01-loss-full-recovery-2026-09-09/check-case.test.mjs:63:119
        at getActual (node:assert:611:5)
        at strict.throws (node:assert:759:24)
        at TestContext.<anonymous> (file:///home/charl/Moriarty/.worktrees/sp05-financial-integration/deliverables/rp01-loss-full-recovery-2026-09-09/check-case.test.mjs:63:108)
        at Test.runInAsyncScope (node:async_hooks:227:14)
        at Test.run (node:internal/test_runner/test:1325:25)
        at Test.processPendingSubtests (node:internal/test_runner/test:911:18)
        at Test.postRun (node:internal/test_runner/test:1465:19),
    operator: 'throws',
    diff: 'simple'
  }

test at deliverables/rp01-loss-full-recovery-2026-09-09/check-case.test.mjs:63:42
✖ wrong predecessor authorization (0.281934ms)
  AssertionError [ERR_ASSERTION]: FRESH_AUTHORITY
      at TestContext.<anonymous> (file:///home/charl/Moriarty/.worktrees/sp05-financial-integration/deliverables/rp01-loss-full-recovery-2026-09-09/check-case.test.mjs:63:108)
      at Test.runInAsyncScope (node:async_hooks:227:14)
      at Test.run (node:internal/test_runner/test:1325:25)
      at Test.processPendingSubtests (node:internal/test_runner/test:911:18)
      at Test.postRun (node:internal/test_runner/test:1465:19)
      at Test.run (node:internal/test_runner/test:1390:12)
      at async Test.processPendingSubtests (node:internal/test_runner/test:911:7) {
    generatedMessage: false,
    code: 'ERR_ASSERTION',
    actual: Error: FULL_RECOVERY_NOT_IMPLEMENTED
        at checkCase (file:///home/charl/Moriarty/.worktrees/sp05-financial-integration/deliverables/rp01-loss-full-recovery-2026-09-09/check-case.mjs:1:37)
        at run (file:///home/charl/Moriarty/.worktrees/sp05-financial-integration/deliverables/rp01-loss-full-recovery-2026-09-09/check-case.test.mjs:6:59)
        at file:///home/charl/Moriarty/.worktrees/sp05-financial-integration/deliverables/rp01-loss-full-recovery-2026-09-09/check-case.test.mjs:63:119
        at getActual (node:assert:611:5)
        at strict.throws (node:assert:759:24)
        at TestContext.<anonymous> (file:///home/charl/Moriarty/.worktrees/sp05-financial-integration/deliverables/rp01-loss-full-recovery-2026-09-09/check-case.test.mjs:63:108)
        at Test.runInAsyncScope (node:async_hooks:227:14)
        at Test.run (node:internal/test_runner/test:1325:25)
        at Test.processPendingSubtests (node:internal/test_runner/test:911:18)
        at Test.postRun (node:internal/test_runner/test:1465:19),
    operator: 'throws',
    diff: 'simple'
  }

test at deliverables/rp01-loss-full-recovery-2026-09-09/check-case.test.mjs:63:42
✖ old transfer reused (0.285829ms)
  AssertionError [ERR_ASSERTION]: REPLAY
      at TestContext.<anonymous> (file:///home/charl/Moriarty/.worktrees/sp05-financial-integration/deliverables/rp01-loss-full-recovery-2026-09-09/check-case.test.mjs:63:108)
      at Test.runInAsyncScope (node:async_hooks:227:14)
      at Test.run (node:internal/test_runner/test:1325:25)
      at Test.processPendingSubtests (node:internal/test_runner/test:911:18)
      at Test.postRun (node:internal/test_runner/test:1465:19)
      at Test.run (node:internal/test_runner/test:1390:12)
      at async Test.processPendingSubtests (node:internal/test_runner/test:911:7) {
    generatedMessage: false,
    code: 'ERR_ASSERTION',
    actual: Error: FULL_RECOVERY_NOT_IMPLEMENTED
        at checkCase (file:///home/charl/Moriarty/.worktrees/sp05-financial-integration/deliverables/rp01-loss-full-recovery-2026-09-09/check-case.mjs:1:37)
        at run (file:///home/charl/Moriarty/.worktrees/sp05-financial-integration/deliverables/rp01-loss-full-recovery-2026-09-09/check-case.test.mjs:6:59)
        at file:///home/charl/Moriarty/.worktrees/sp05-financial-integration/deliverables/rp01-loss-full-recovery-2026-09-09/check-case.test.mjs:63:119
        at getActual (node:assert:611:5)
        at strict.throws (node:assert:759:24)
        at TestContext.<anonymous> (file:///home/charl/Moriarty/.worktrees/sp05-financial-integration/deliverables/rp01-loss-full-recovery-2026-09-09/check-case.test.mjs:63:108)
        at Test.runInAsyncScope (node:async_hooks:227:14)
        at Test.run (node:internal/test_runner/test:1325:25)
        at Test.processPendingSubtests (node:internal/test_runner/test:911:18)
        at Test.postRun (node:internal/test_runner/test:1465:19),
    operator: 'throws',
    diff: 'simple'
  }

test at deliverables/rp01-loss-full-recovery-2026-09-09/check-case.test.mjs:63:42
✖ old allocation reused (0.401714ms)
  AssertionError [ERR_ASSERTION]: REPLAY
      at TestContext.<anonymous> (file:///home/charl/Moriarty/.worktrees/sp05-financial-integration/deliverables/rp01-loss-full-recovery-2026-09-09/check-case.test.mjs:63:108)
      at Test.runInAsyncScope (node:async_hooks:227:14)
      at Test.run (node:internal/test_runner/test:1325:25)
      at Test.processPendingSubtests (node:internal/test_runner/test:911:18)
      at Test.postRun (node:internal/test_runner/test:1465:19)
      at Test.run (node:internal/test_runner/test:1390:12)
      at async Test.processPendingSubtests (node:internal/test_runner/test:911:7) {
    generatedMessage: false,
    code: 'ERR_ASSERTION',
    actual: Error: FULL_RECOVERY_NOT_IMPLEMENTED
        at checkCase (file:///home/charl/Moriarty/.worktrees/sp05-financial-integration/deliverables/rp01-loss-full-recovery-2026-09-09/check-case.mjs:1:37)
        at run (file:///home/charl/Moriarty/.worktrees/sp05-financial-integration/deliverables/rp01-loss-full-recovery-2026-09-09/check-case.test.mjs:6:59)
        at file:///home/charl/Moriarty/.worktrees/sp05-financial-integration/deliverables/rp01-loss-full-recovery-2026-09-09/check-case.test.mjs:63:119
        at getActual (node:assert:611:5)
        at strict.throws (node:assert:759:24)
        at TestContext.<anonymous> (file:///home/charl/Moriarty/.worktrees/sp05-financial-integration/deliverables/rp01-loss-full-recovery-2026-09-09/check-case.test.mjs:63:108)
        at Test.runInAsyncScope (node:async_hooks:227:14)
        at Test.run (node:internal/test_runner/test:1325:25)
        at Test.processPendingSubtests (node:internal/test_runner/test:911:18)
        at Test.postRun (node:internal/test_runner/test:1465:19),
    operator: 'throws',
    diff: 'simple'
  }

test at deliverables/rp01-loss-full-recovery-2026-09-09/check-case.test.mjs:63:42
✖ prior transfer cannot fund again (0.395495ms)
  AssertionError [ERR_ASSERTION]: FUNDING
      at TestContext.<anonymous> (file:///home/charl/Moriarty/.worktrees/sp05-financial-integration/deliverables/rp01-loss-full-recovery-2026-09-09/check-case.test.mjs:63:108)
      at Test.runInAsyncScope (node:async_hooks:227:14)
      at Test.run (node:internal/test_runner/test:1325:25)
      at Test.processPendingSubtests (node:internal/test_runner/test:911:18)
      at Test.postRun (node:internal/test_runner/test:1465:19)
      at Test.run (node:internal/test_runner/test:1390:12)
      at async Test.processPendingSubtests (node:internal/test_runner/test:911:7) {
    generatedMessage: false,
    code: 'ERR_ASSERTION',
    actual: Error: FULL_RECOVERY_NOT_IMPLEMENTED
        at checkCase (file:///home/charl/Moriarty/.worktrees/sp05-financial-integration/deliverables/rp01-loss-full-recovery-2026-09-09/check-case.mjs:1:37)
        at run (file:///home/charl/Moriarty/.worktrees/sp05-financial-integration/deliverables/rp01-loss-full-recovery-2026-09-09/check-case.test.mjs:6:59)
        at file:///home/charl/Moriarty/.worktrees/sp05-financial-integration/deliverables/rp01-loss-full-recovery-2026-09-09/check-case.test.mjs:63:119
        at getActual (node:assert:611:5)
        at strict.throws (node:assert:759:24)
        at TestContext.<anonymous> (file:///home/charl/Moriarty/.worktrees/sp05-financial-integration/deliverables/rp01-loss-full-recovery-2026-09-09/check-case.test.mjs:63:108)
        at Test.runInAsyncScope (node:async_hooks:227:14)
        at Test.run (node:internal/test_runner/test:1325:25)
        at Test.processPendingSubtests (node:internal/test_runner/test:911:18)
        at Test.postRun (node:internal/test_runner/test:1465:19),
    operator: 'throws',
    diff: 'simple'
  }

test at deliverables/rp01-loss-full-recovery-2026-09-09/check-case.test.mjs:63:42
✖ unfunded reversal (0.352405ms)
  AssertionError [ERR_ASSERTION]: REVERSAL_FUNDING
      at TestContext.<anonymous> (file:///home/charl/Moriarty/.worktrees/sp05-financial-integration/deliverables/rp01-loss-full-recovery-2026-09-09/check-case.test.mjs:63:108)
      at Test.runInAsyncScope (node:async_hooks:227:14)
      at Test.run (node:internal/test_runner/test:1325:25)
      at Test.processPendingSubtests (node:internal/test_runner/test:911:18)
      at Test.postRun (node:internal/test_runner/test:1465:19)
      at Test.run (node:internal/test_runner/test:1390:12)
      at async Test.processPendingSubtests (node:internal/test_runner/test:911:7) {
    generatedMessage: false,
    code: 'ERR_ASSERTION',
    actual: Error: FULL_RECOVERY_NOT_IMPLEMENTED
        at checkCase (file:///home/charl/Moriarty/.worktrees/sp05-financial-integration/deliverables/rp01-loss-full-recovery-2026-09-09/check-case.mjs:1:37)
        at run (file:///home/charl/Moriarty/.worktrees/sp05-financial-integration/deliverables/rp01-loss-full-recovery-2026-09-09/check-case.test.mjs:6:59)
        at file:///home/charl/Moriarty/.worktrees/sp05-financial-integration/deliverables/rp01-loss-full-recovery-2026-09-09/check-case.test.mjs:63:119
        at getActual (node:assert:611:5)
        at strict.throws (node:assert:759:24)
        at TestContext.<anonymous> (file:///home/charl/Moriarty/.worktrees/sp05-financial-integration/deliverables/rp01-loss-full-recovery-2026-09-09/check-case.test.mjs:63:108)
        at Test.runInAsyncScope (node:async_hooks:227:14)
        at Test.run (node:internal/test_runner/test:1325:25)
        at Test.processPendingSubtests (node:internal/test_runner/test:911:18)
        at Test.postRun (node:internal/test_runner/test:1465:19),
    operator: 'throws',
    diff: 'simple'
  }

test at deliverables/rp01-loss-full-recovery-2026-09-09/check-case.test.mjs:63:42
✖ over-reversal (0.366872ms)
  AssertionError [ERR_ASSERTION]: REVERSAL_FUNDING
      at TestContext.<anonymous> (file:///home/charl/Moriarty/.worktrees/sp05-financial-integration/deliverables/rp01-loss-full-recovery-2026-09-09/check-case.test.mjs:63:108)
      at Test.runInAsyncScope (node:async_hooks:227:14)
      at Test.run (node:internal/test_runner/test:1325:25)
      at Test.processPendingSubtests (node:internal/test_runner/test:911:18)
      at Test.postRun (node:internal/test_runner/test:1465:19)
      at Test.run (node:internal/test_runner/test:1390:12)
      at async Test.processPendingSubtests (node:internal/test_runner/test:911:7) {
    generatedMessage: false,
    code: 'ERR_ASSERTION',
    actual: Error: FULL_RECOVERY_NOT_IMPLEMENTED
        at checkCase (file:///home/charl/Moriarty/.worktrees/sp05-financial-integration/deliverables/rp01-loss-full-recovery-2026-09-09/check-case.mjs:1:37)
        at run (file:///home/charl/Moriarty/.worktrees/sp05-financial-integration/deliverables/rp01-loss-full-recovery-2026-09-09/check-case.test.mjs:6:59)
        at file:///home/charl/Moriarty/.worktrees/sp05-financial-integration/deliverables/rp01-loss-full-recovery-2026-09-09/check-case.test.mjs:63:119
        at getActual (node:assert:611:5)
        at strict.throws (node:assert:759:24)
        at TestContext.<anonymous> (file:///home/charl/Moriarty/.worktrees/sp05-financial-integration/deliverables/rp01-loss-full-recovery-2026-09-09/check-case.test.mjs:63:108)
        at Test.runInAsyncScope (node:async_hooks:227:14)
        at Test.run (node:internal/test_runner/test:1325:25)
        at Test.processPendingSubtests (node:internal/test_runner/test:911:18)
        at Test.postRun (node:internal/test_runner/test:1465:19),
    operator: 'throws',
    diff: 'simple'
  }

test at deliverables/rp01-loss-full-recovery-2026-09-09/check-case.test.mjs:63:42
✖ reversal before repayment (0.397909ms)
  AssertionError [ERR_ASSERTION]: REVERSAL_FUNDING
      at TestContext.<anonymous> (file:///home/charl/Moriarty/.worktrees/sp05-financial-integration/deliverables/rp01-loss-full-recovery-2026-09-09/check-case.test.mjs:63:108)
      at Test.runInAsyncScope (node:async_hooks:227:14)
      at Test.run (node:internal/test_runner/test:1325:25)
      at Test.processPendingSubtests (node:internal/test_runner/test:911:18)
      at Test.postRun (node:internal/test_runner/test:1465:19)
      at Test.run (node:internal/test_runner/test:1390:12)
      at async Test.processPendingSubtests (node:internal/test_runner/test:911:7) {
    generatedMessage: false,
    code: 'ERR_ASSERTION',
    actual: Error: FULL_RECOVERY_NOT_IMPLEMENTED
        at checkCase (file:///home/charl/Moriarty/.worktrees/sp05-financial-integration/deliverables/rp01-loss-full-recovery-2026-09-09/check-case.mjs:1:37)
        at run (file:///home/charl/Moriarty/.worktrees/sp05-financial-integration/deliverables/rp01-loss-full-recovery-2026-09-09/check-case.test.mjs:6:59)
        at file:///home/charl/Moriarty/.worktrees/sp05-financial-integration/deliverables/rp01-loss-full-recovery-2026-09-09/check-case.test.mjs:63:119
        at getActual (node:assert:611:5)
        at strict.throws (node:assert:759:24)
        at TestContext.<anonymous> (file:///home/charl/Moriarty/.worktrees/sp05-financial-integration/deliverables/rp01-loss-full-recovery-2026-09-09/check-case.test.mjs:63:108)
        at Test.runInAsyncScope (node:async_hooks:227:14)
        at Test.run (node:internal/test_runner/test:1325:25)
        at Test.processPendingSubtests (node:internal/test_runner/test:911:18)
        at Test.postRun (node:internal/test_runner/test:1465:19),
    operator: 'throws',
    diff: 'simple'
  }

test at deliverables/rp01-loss-full-recovery-2026-09-09/check-case.test.mjs:63:42
✖ unfunded explicit discharge effect (0.332342ms)
  AssertionError [ERR_ASSERTION]: UNKNOWN_EFFECT
      at TestContext.<anonymous> (file:///home/charl/Moriarty/.worktrees/sp05-financial-integration/deliverables/rp01-loss-full-recovery-2026-09-09/check-case.test.mjs:63:108)
      at Test.runInAsyncScope (node:async_hooks:227:14)
      at Test.run (node:internal/test_runner/test:1325:25)
      at Test.processPendingSubtests (node:internal/test_runner/test:911:18)
      at Test.postRun (node:internal/test_runner/test:1465:19)
      at Test.run (node:internal/test_runner/test:1390:12)
      at async Test.processPendingSubtests (node:internal/test_runner/test:911:7) {
    generatedMessage: false,
    code: 'ERR_ASSERTION',
    actual: Error: FULL_RECOVERY_NOT_IMPLEMENTED
        at checkCase (file:///home/charl/Moriarty/.worktrees/sp05-financial-integration/deliverables/rp01-loss-full-recovery-2026-09-09/check-case.mjs:1:37)
        at run (file:///home/charl/Moriarty/.worktrees/sp05-financial-integration/deliverables/rp01-loss-full-recovery-2026-09-09/check-case.test.mjs:6:59)
        at file:///home/charl/Moriarty/.worktrees/sp05-financial-integration/deliverables/rp01-loss-full-recovery-2026-09-09/check-case.test.mjs:63:119
        at getActual (node:assert:611:5)
        at strict.throws (node:assert:759:24)
        at TestContext.<anonymous> (file:///home/charl/Moriarty/.worktrees/sp05-financial-integration/deliverables/rp01-loss-full-recovery-2026-09-09/check-case.test.mjs:63:108)
        at Test.runInAsyncScope (node:async_hooks:227:14)
        at Test.run (node:internal/test_runner/test:1325:25)
        at Test.processPendingSubtests (node:internal/test_runner/test:911:18)
        at Test.postRun (node:internal/test_runner/test:1465:19),
    operator: 'throws',
    diff: 'simple'
  }

test at deliverables/rp01-loss-full-recovery-2026-09-09/check-case.test.mjs:63:42
✖ deleted terminal duty (0.38421ms)
  AssertionError [ERR_ASSERTION]: RETAIN_RECORDS
      at TestContext.<anonymous> (file:///home/charl/Moriarty/.worktrees/sp05-financial-integration/deliverables/rp01-loss-full-recovery-2026-09-09/check-case.test.mjs:63:108)
      at Test.runInAsyncScope (node:async_hooks:227:14)
      at Test.run (node:internal/test_runner/test:1325:25)
      at Test.processPendingSubtests (node:internal/test_runner/test:911:18)
      at Test.postRun (node:internal/test_runner/test:1465:19)
      at Test.run (node:internal/test_runner/test:1390:12)
      at async Test.processPendingSubtests (node:internal/test_runner/test:911:7) {
    generatedMessage: false,
    code: 'ERR_ASSERTION',
    actual: Error: FULL_RECOVERY_NOT_IMPLEMENTED
        at checkCase (file:///home/charl/Moriarty/.worktrees/sp05-financial-integration/deliverables/rp01-loss-full-recovery-2026-09-09/check-case.mjs:1:37)
        at run (file:///home/charl/Moriarty/.worktrees/sp05-financial-integration/deliverables/rp01-loss-full-recovery-2026-09-09/check-case.test.mjs:6:59)
        at file:///home/charl/Moriarty/.worktrees/sp05-financial-integration/deliverables/rp01-loss-full-recovery-2026-09-09/check-case.test.mjs:63:119
        at getActual (node:assert:611:5)
        at strict.throws (node:assert:759:24)
        at TestContext.<anonymous> (file:///home/charl/Moriarty/.worktrees/sp05-financial-integration/deliverables/rp01-loss-full-recovery-2026-09-09/check-case.test.mjs:63:108)
        at Test.runInAsyncScope (node:async_hooks:227:14)
        at Test.run (node:internal/test_runner/test:1325:25)
        at Test.processPendingSubtests (node:internal/test_runner/test:911:18)
        at Test.postRun (node:internal/test_runner/test:1465:19),
    operator: 'throws',
    diff: 'simple'
  }

test at deliverables/rp01-loss-full-recovery-2026-09-09/check-case.test.mjs:63:42
✖ false terminal status (0.347775ms)
  AssertionError [ERR_ASSERTION]: POST_STATE
      at TestContext.<anonymous> (file:///home/charl/Moriarty/.worktrees/sp05-financial-integration/deliverables/rp01-loss-full-recovery-2026-09-09/check-case.test.mjs:63:108)
      at Test.runInAsyncScope (node:async_hooks:227:14)
      at Test.run (node:internal/test_runner/test:1325:25)
      at Test.processPendingSubtests (node:internal/test_runner/test:911:18)
      at Test.postRun (node:internal/test_runner/test:1465:19)
      at Test.run (node:internal/test_runner/test:1390:12)
      at async Test.processPendingSubtests (node:internal/test_runner/test:911:7) {
    generatedMessage: false,
    code: 'ERR_ASSERTION',
    actual: Error: FULL_RECOVERY_NOT_IMPLEMENTED
        at checkCase (file:///home/charl/Moriarty/.worktrees/sp05-financial-integration/deliverables/rp01-loss-full-recovery-2026-09-09/check-case.mjs:1:37)
        at run (file:///home/charl/Moriarty/.worktrees/sp05-financial-integration/deliverables/rp01-loss-full-recovery-2026-09-09/check-case.test.mjs:6:59)
        at file:///home/charl/Moriarty/.worktrees/sp05-financial-integration/deliverables/rp01-loss-full-recovery-2026-09-09/check-case.test.mjs:63:119
        at getActual (node:assert:611:5)
        at strict.throws (node:assert:759:24)
        at TestContext.<anonymous> (file:///home/charl/Moriarty/.worktrees/sp05-financial-integration/deliverables/rp01-loss-full-recovery-2026-09-09/check-case.test.mjs:63:108)
        at Test.runInAsyncScope (node:async_hooks:227:14)
        at Test.run (node:internal/test_runner/test:1325:25)
        at Test.processPendingSubtests (node:internal/test_runner/test:911:18)
        at Test.postRun (node:internal/test_runner/test:1465:19),
    operator: 'throws',
    diff: 'simple'
  }

test at deliverables/rp01-loss-full-recovery-2026-09-09/check-case.test.mjs:63:42
✖ erase historical expense (1.148043ms)
  AssertionError [ERR_ASSERTION]: POST_STATE
      at TestContext.<anonymous> (file:///home/charl/Moriarty/.worktrees/sp05-financial-integration/deliverables/rp01-loss-full-recovery-2026-09-09/check-case.test.mjs:63:108)
      at Test.runInAsyncScope (node:async_hooks:227:14)
      at Test.run (node:internal/test_runner/test:1325:25)
      at Test.processPendingSubtests (node:internal/test_runner/test:911:18)
      at Test.postRun (node:internal/test_runner/test:1465:19)
      at Test.run (node:internal/test_runner/test:1390:12)
      at async Test.processPendingSubtests (node:internal/test_runner/test:911:7) {
    generatedMessage: false,
    code: 'ERR_ASSERTION',
    actual: Error: FULL_RECOVERY_NOT_IMPLEMENTED
        at checkCase (file:///home/charl/Moriarty/.worktrees/sp05-financial-integration/deliverables/rp01-loss-full-recovery-2026-09-09/check-case.mjs:1:37)
        at run (file:///home/charl/Moriarty/.worktrees/sp05-financial-integration/deliverables/rp01-loss-full-recovery-2026-09-09/check-case.test.mjs:6:59)
        at file:///home/charl/Moriarty/.worktrees/sp05-financial-integration/deliverables/rp01-loss-full-recovery-2026-09-09/check-case.test.mjs:63:119
        at getActual (node:assert:611:5)
        at strict.throws (node:assert:759:24)
        at TestContext.<anonymous> (file:///home/charl/Moriarty/.worktrees/sp05-financial-integration/deliverables/rp01-loss-full-recovery-2026-09-09/check-case.test.mjs:63:108)
        at Test.runInAsyncScope (node:async_hooks:227:14)
        at Test.run (node:internal/test_runner/test:1325:25)
        at Test.processPendingSubtests (node:internal/test_runner/test:911:18)
        at Test.postRun (node:internal/test_runner/test:1465:19),
    operator: 'throws',
    diff: 'simple'
  }

test at deliverables/rp01-loss-full-recovery-2026-09-09/check-case.test.mjs:63:42
✖ erase historical loss snapshot (0.458032ms)
  AssertionError [ERR_ASSERTION]: POST_STATE
      at TestContext.<anonymous> (file:///home/charl/Moriarty/.worktrees/sp05-financial-integration/deliverables/rp01-loss-full-recovery-2026-09-09/check-case.test.mjs:63:108)
      at Test.runInAsyncScope (node:async_hooks:227:14)
      at Test.run (node:internal/test_runner/test:1325:25)
      at Test.processPendingSubtests (node:internal/test_runner/test:911:18)
      at Test.postRun (node:internal/test_runner/test:1465:19)
      at Test.run (node:internal/test_runner/test:1390:12)
      at async Test.processPendingSubtests (node:internal/test_runner/test:911:7) {
    generatedMessage: false,
    code: 'ERR_ASSERTION',
    actual: Error: FULL_RECOVERY_NOT_IMPLEMENTED
        at checkCase (file:///home/charl/Moriarty/.worktrees/sp05-financial-integration/deliverables/rp01-loss-full-recovery-2026-09-09/check-case.mjs:1:37)
        at run (file:///home/charl/Moriarty/.worktrees/sp05-financial-integration/deliverables/rp01-loss-full-recovery-2026-09-09/check-case.test.mjs:6:59)
        at file:///home/charl/Moriarty/.worktrees/sp05-financial-integration/deliverables/rp01-loss-full-recovery-2026-09-09/check-case.test.mjs:63:119
        at getActual (node:assert:611:5)
        at strict.throws (node:assert:759:24)
        at TestContext.<anonymous> (file:///home/charl/Moriarty/.worktrees/sp05-financial-integration/deliverables/rp01-loss-full-recovery-2026-09-09/check-case.test.mjs:63:108)
        at Test.runInAsyncScope (node:async_hooks:227:14)
        at Test.run (node:internal/test_runner/test:1325:25)
        at Test.processPendingSubtests (node:internal/test_runner/test:911:18)
        at Test.postRun (node:internal/test_runner/test:1465:19),
    operator: 'throws',
    diff: 'simple'
  }

test at deliverables/rp01-loss-full-recovery-2026-09-09/check-case.test.mjs:63:42
✖ retain impairment after payment (0.307241ms)
  AssertionError [ERR_ASSERTION]: POST_STATE
      at TestContext.<anonymous> (file:///home/charl/Moriarty/.worktrees/sp05-financial-integration/deliverables/rp01-loss-full-recovery-2026-09-09/check-case.test.mjs:63:108)
      at Test.runInAsyncScope (node:async_hooks:227:14)
      at Test.run (node:internal/test_runner/test:1325:25)
      at Test.processPendingSubtests (node:internal/test_runner/test:911:18)
      at Test.postRun (node:internal/test_runner/test:1465:19)
      at Test.run (node:internal/test_runner/test:1390:12)
      at async Test.processPendingSubtests (node:internal/test_runner/test:911:7) {
    generatedMessage: false,
    code: 'ERR_ASSERTION',
    actual: Error: FULL_RECOVERY_NOT_IMPLEMENTED
        at checkCase (file:///home/charl/Moriarty/.worktrees/sp05-financial-integration/deliverables/rp01-loss-full-recovery-2026-09-09/check-case.mjs:1:37)
        at run (file:///home/charl/Moriarty/.worktrees/sp05-financial-integration/deliverables/rp01-loss-full-recovery-2026-09-09/check-case.test.mjs:6:59)
        at file:///home/charl/Moriarty/.worktrees/sp05-financial-integration/deliverables/rp01-loss-full-recovery-2026-09-09/check-case.test.mjs:63:119
        at getActual (node:assert:611:5)
        at strict.throws (node:assert:759:24)
        at TestContext.<anonymous> (file:///home/charl/Moriarty/.worktrees/sp05-financial-integration/deliverables/rp01-loss-full-recovery-2026-09-09/check-case.test.mjs:63:108)
        at Test.runInAsyncScope (node:async_hooks:227:14)
        at Test.run (node:internal/test_runner/test:1325:25)
        at Test.processPendingSubtests (node:internal/test_runner/test:911:18)
        at Test.postRun (node:internal/test_runner/test:1465:19),
    operator: 'throws',
    diff: 'simple'
  }

test at deliverables/rp01-loss-full-recovery-2026-09-09/check-case.test.mjs:63:42
✖ erase remaining fee loss (0.781671ms)
  AssertionError [ERR_ASSERTION]: POST_STATE
      at TestContext.<anonymous> (file:///home/charl/Moriarty/.worktrees/sp05-financial-integration/deliverables/rp01-loss-full-recovery-2026-09-09/check-case.test.mjs:63:108)
      at Test.runInAsyncScope (node:async_hooks:227:14)
      at Test.run (node:internal/test_runner/test:1325:25)
      at Test.processPendingSubtests (node:internal/test_runner/test:911:18)
      at Test.postRun (node:internal/test_runner/test:1465:19)
      at Test.run (node:internal/test_runner/test:1390:12)
      at async Test.processPendingSubtests (node:internal/test_runner/test:911:7) {
    generatedMessage: false,
    code: 'ERR_ASSERTION',
    actual: Error: FULL_RECOVERY_NOT_IMPLEMENTED
        at checkCase (file:///home/charl/Moriarty/.worktrees/sp05-financial-integration/deliverables/rp01-loss-full-recovery-2026-09-09/check-case.mjs:1:37)
        at run (file:///home/charl/Moriarty/.worktrees/sp05-financial-integration/deliverables/rp01-loss-full-recovery-2026-09-09/check-case.test.mjs:6:59)
        at file:///home/charl/Moriarty/.worktrees/sp05-financial-integration/deliverables/rp01-loss-full-recovery-2026-09-09/check-case.test.mjs:63:119
        at getActual (node:assert:611:5)
        at strict.throws (node:assert:759:24)
        at TestContext.<anonymous> (file:///home/charl/Moriarty/.worktrees/sp05-financial-integration/deliverables/rp01-loss-full-recovery-2026-09-09/check-case.test.mjs:63:108)
        at Test.runInAsyncScope (node:async_hooks:227:14)
        at Test.run (node:internal/test_runner/test:1325:25)
        at Test.processPendingSubtests (node:internal/test_runner/test:911:18)
        at Test.postRun (node:internal/test_runner/test:1465:19),
    operator: 'throws',
    diff: 'simple'
  }

test at deliverables/rp01-loss-full-recovery-2026-09-09/check-case.test.mjs:63:42
✖ recharge old borrower grant (0.324407ms)
  AssertionError [ERR_ASSERTION]: POST_STATE
      at TestContext.<anonymous> (file:///home/charl/Moriarty/.worktrees/sp05-financial-integration/deliverables/rp01-loss-full-recovery-2026-09-09/check-case.test.mjs:63:108)
      at Test.runInAsyncScope (node:async_hooks:227:14)
      at Test.run (node:internal/test_runner/test:1325:25)
      at Test.processPendingSubtests (node:internal/test_runner/test:911:18)
      at Test.postRun (node:internal/test_runner/test:1465:19)
      at Test.run (node:internal/test_runner/test:1390:12)
      at async Test.processPendingSubtests (node:internal/test_runner/test:911:7) {
    generatedMessage: false,
    code: 'ERR_ASSERTION',
    actual: Error: FULL_RECOVERY_NOT_IMPLEMENTED
        at checkCase (file:///home/charl/Moriarty/.worktrees/sp05-financial-integration/deliverables/rp01-loss-full-recovery-2026-09-09/check-case.mjs:1:37)
        at run (file:///home/charl/Moriarty/.worktrees/sp05-financial-integration/deliverables/rp01-loss-full-recovery-2026-09-09/check-case.test.mjs:6:59)
        at file:///home/charl/Moriarty/.worktrees/sp05-financial-integration/deliverables/rp01-loss-full-recovery-2026-09-09/check-case.test.mjs:63:119
        at getActual (node:assert:611:5)
        at strict.throws (node:assert:759:24)
        at TestContext.<anonymous> (file:///home/charl/Moriarty/.worktrees/sp05-financial-integration/deliverables/rp01-loss-full-recovery-2026-09-09/check-case.test.mjs:63:108)
        at Test.runInAsyncScope (node:async_hooks:227:14)
        at Test.run (node:internal/test_runner/test:1325:25)
        at Test.processPendingSubtests (node:internal/test_runner/test:911:18)
        at Test.postRun (node:internal/test_runner/test:1465:19),
    operator: 'throws',
    diff: 'simple'
  }

test at deliverables/rp01-loss-full-recovery-2026-09-09/check-case.test.mjs:63:42
✖ wrong net effect (0.251666ms)
  AssertionError [ERR_ASSERTION]: ACTOR_EFFECTS
      at TestContext.<anonymous> (file:///home/charl/Moriarty/.worktrees/sp05-financial-integration/deliverables/rp01-loss-full-recovery-2026-09-09/check-case.test.mjs:63:108)
      at Test.runInAsyncScope (node:async_hooks:227:14)
      at Test.run (node:internal/test_runner/test:1325:25)
      at Test.processPendingSubtests (node:internal/test_runner/test:911:18)
      at Test.postRun (node:internal/test_runner/test:1465:19)
      at Test.run (node:internal/test_runner/test:1390:12)
      at async Test.processPendingSubtests (node:internal/test_runner/test:911:7) {
    generatedMessage: false,
    code: 'ERR_ASSERTION',
    actual: Error: FULL_RECOVERY_NOT_IMPLEMENTED
        at checkCase (file:///home/charl/Moriarty/.worktrees/sp05-financial-integration/deliverables/rp01-loss-full-recovery-2026-09-09/check-case.mjs:1:37)
        at run (file:///home/charl/Moriarty/.worktrees/sp05-financial-integration/deliverables/rp01-loss-full-recovery-2026-09-09/check-case.test.mjs:6:59)
        at file:///home/charl/Moriarty/.worktrees/sp05-financial-integration/deliverables/rp01-loss-full-recovery-2026-09-09/check-case.test.mjs:63:119
        at getActual (node:assert:611:5)
        at strict.throws (node:assert:759:24)
        at TestContext.<anonymous> (file:///home/charl/Moriarty/.worktrees/sp05-financial-integration/deliverables/rp01-loss-full-recovery-2026-09-09/check-case.test.mjs:63:108)
        at Test.runInAsyncScope (node:async_hooks:227:14)
        at Test.run (node:internal/test_runner/test:1325:25)
        at Test.processPendingSubtests (node:internal/test_runner/test:911:18)
        at Test.postRun (node:internal/test_runner/test:1465:19),
    operator: 'throws',
    diff: 'simple'
  }

test at deliverables/rp01-loss-full-recovery-2026-09-09/check-case.test.mjs:63:42
✖ no finite new work (0.258538ms)
  AssertionError [ERR_ASSERTION]: WORK_SOURCE
      at TestContext.<anonymous> (file:///home/charl/Moriarty/.worktrees/sp05-financial-integration/deliverables/rp01-loss-full-recovery-2026-09-09/check-case.test.mjs:63:108)
      at Test.runInAsyncScope (node:async_hooks:227:14)
      at Test.run (node:internal/test_runner/test:1325:25)
      at Test.processPendingSubtests (node:internal/test_runner/test:911:18)
      at Test.postRun (node:internal/test_runner/test:1465:19)
      at Test.run (node:internal/test_runner/test:1390:12)
      at async Test.processPendingSubtests (node:internal/test_runner/test:911:7) {
    generatedMessage: false,
    code: 'ERR_ASSERTION',
    actual: Error: FULL_RECOVERY_NOT_IMPLEMENTED
        at checkCase (file:///home/charl/Moriarty/.worktrees/sp05-financial-integration/deliverables/rp01-loss-full-recovery-2026-09-09/check-case.mjs:1:37)
        at run (file:///home/charl/Moriarty/.worktrees/sp05-financial-integration/deliverables/rp01-loss-full-recovery-2026-09-09/check-case.test.mjs:6:59)
        at file:///home/charl/Moriarty/.worktrees/sp05-financial-integration/deliverables/rp01-loss-full-recovery-2026-09-09/check-case.test.mjs:63:119
        at getActual (node:assert:611:5)
        at strict.throws (node:assert:759:24)
        at TestContext.<anonymous> (file:///home/charl/Moriarty/.worktrees/sp05-financial-integration/deliverables/rp01-loss-full-recovery-2026-09-09/check-case.test.mjs:63:108)
        at Test.runInAsyncScope (node:async_hooks:227:14)
        at Test.run (node:internal/test_runner/test:1325:25)
        at Test.processPendingSubtests (node:internal/test_runner/test:911:18)
        at Test.postRun (node:internal/test_runner/test:1465:19),
    operator: 'throws',
    diff: 'simple'
  }

test at deliverables/rp01-loss-full-recovery-2026-09-09/check-case.test.mjs:63:42
✖ source cannot supply extra work (0.300531ms)
  AssertionError [ERR_ASSERTION]: WORK_SOURCE
      at TestContext.<anonymous> (file:///home/charl/Moriarty/.worktrees/sp05-financial-integration/deliverables/rp01-loss-full-recovery-2026-09-09/check-case.test.mjs:63:108)
      at Test.runInAsyncScope (node:async_hooks:227:14)
      at Test.run (node:internal/test_runner/test:1325:25)
      at Test.processPendingSubtests (node:internal/test_runner/test:911:18)
      at Test.postRun (node:internal/test_runner/test:1465:19)
      at Test.run (node:internal/test_runner/test:1390:12)
      at async Test.processPendingSubtests (node:internal/test_runner/test:911:7) {
    generatedMessage: false,
    code: 'ERR_ASSERTION',
    actual: Error: FULL_RECOVERY_NOT_IMPLEMENTED
        at checkCase (file:///home/charl/Moriarty/.worktrees/sp05-financial-integration/deliverables/rp01-loss-full-recovery-2026-09-09/check-case.mjs:1:37)
        at run (file:///home/charl/Moriarty/.worktrees/sp05-financial-integration/deliverables/rp01-loss-full-recovery-2026-09-09/check-case.test.mjs:6:59)
        at file:///home/charl/Moriarty/.worktrees/sp05-financial-integration/deliverables/rp01-loss-full-recovery-2026-09-09/check-case.test.mjs:63:119
        at getActual (node:assert:611:5)
        at strict.throws (node:assert:759:24)
        at TestContext.<anonymous> (file:///home/charl/Moriarty/.worktrees/sp05-financial-integration/deliverables/rp01-loss-full-recovery-2026-09-09/check-case.test.mjs:63:108)
        at Test.runInAsyncScope (node:async_hooks:227:14)
        at Test.run (node:internal/test_runner/test:1325:25)
        at Test.processPendingSubtests (node:internal/test_runner/test:911:18)
        at Test.postRun (node:internal/test_runner/test:1465:19),
    operator: 'throws',
    diff: 'simple'
  }

test at deliverables/rp01-loss-full-recovery-2026-09-09/check-case.test.mjs:63:42
✖ borrow closure reserve (0.245986ms)
  AssertionError [ERR_ASSERTION]: PRE_STATE
      at TestContext.<anonymous> (file:///home/charl/Moriarty/.worktrees/sp05-financial-integration/deliverables/rp01-loss-full-recovery-2026-09-09/check-case.test.mjs:63:108)
      at Test.runInAsyncScope (node:async_hooks:227:14)
      at Test.run (node:internal/test_runner/test:1325:25)
      at Test.processPendingSubtests (node:internal/test_runner/test:911:18)
      at Test.postRun (node:internal/test_runner/test:1465:19)
      at Test.run (node:internal/test_runner/test:1390:12)
      at async Test.processPendingSubtests (node:internal/test_runner/test:911:7) {
    generatedMessage: false,
    code: 'ERR_ASSERTION',
    actual: Error: FULL_RECOVERY_NOT_IMPLEMENTED
        at checkCase (file:///home/charl/Moriarty/.worktrees/sp05-financial-integration/deliverables/rp01-loss-full-recovery-2026-09-09/check-case.mjs:1:37)
        at run (file:///home/charl/Moriarty/.worktrees/sp05-financial-integration/deliverables/rp01-loss-full-recovery-2026-09-09/check-case.test.mjs:6:59)
        at file:///home/charl/Moriarty/.worktrees/sp05-financial-integration/deliverables/rp01-loss-full-recovery-2026-09-09/check-case.test.mjs:63:119
        at getActual (node:assert:611:5)
        at strict.throws (node:assert:759:24)
        at TestContext.<anonymous> (file:///home/charl/Moriarty/.worktrees/sp05-financial-integration/deliverables/rp01-loss-full-recovery-2026-09-09/check-case.test.mjs:63:108)
        at Test.runInAsyncScope (node:async_hooks:227:14)
        at Test.run (node:internal/test_runner/test:1325:25)
        at Test.processPendingSubtests (node:internal/test_runner/test:911:18)
        at Test.postRun (node:internal/test_runner/test:1465:19),
    operator: 'throws',
    diff: 'simple'
  }

test at deliverables/rp01-loss-full-recovery-2026-09-09/check-case.test.mjs:63:42
✖ too small lifetime budget (0.300635ms)
  AssertionError [ERR_ASSERTION]: CAPACITY
      at TestContext.<anonymous> (file:///home/charl/Moriarty/.worktrees/sp05-financial-integration/deliverables/rp01-loss-full-recovery-2026-09-09/check-case.test.mjs:63:108)
      at Test.runInAsyncScope (node:async_hooks:227:14)
      at Test.run (node:internal/test_runner/test:1325:25)
      at Test.processPendingSubtests (node:internal/test_runner/test:911:18)
      at Test.postRun (node:internal/test_runner/test:1465:19)
      at Test.run (node:internal/test_runner/test:1390:12)
      at async Test.processPendingSubtests (node:internal/test_runner/test:911:7) {
    generatedMessage: false,
    code: 'ERR_ASSERTION',
    actual: Error: FULL_RECOVERY_NOT_IMPLEMENTED
        at checkCase (file:///home/charl/Moriarty/.worktrees/sp05-financial-integration/deliverables/rp01-loss-full-recovery-2026-09-09/check-case.mjs:1:37)
        at run (file:///home/charl/Moriarty/.worktrees/sp05-financial-integration/deliverables/rp01-loss-full-recovery-2026-09-09/check-case.test.mjs:6:59)
        at file:///home/charl/Moriarty/.worktrees/sp05-financial-integration/deliverables/rp01-loss-full-recovery-2026-09-09/check-case.test.mjs:63:119
        at getActual (node:assert:611:5)
        at strict.throws (node:assert:759:24)
        at TestContext.<anonymous> (file:///home/charl/Moriarty/.worktrees/sp05-financial-integration/deliverables/rp01-loss-full-recovery-2026-09-09/check-case.test.mjs:63:108)
        at Test.runInAsyncScope (node:async_hooks:227:14)
        at Test.run (node:internal/test_runner/test:1325:25)
        at Test.processPendingSubtests (node:internal/test_runner/test:911:18)
        at Test.postRun (node:internal/test_runner/test:1465:19),
    operator: 'throws',
    diff: 'simple'
  }

test at deliverables/rp01-loss-full-recovery-2026-09-09/check-case.test.mjs:63:42
✖ too many events (0.83649ms)
  AssertionError [ERR_ASSERTION]: CAPACITY
      at TestContext.<anonymous> (file:///home/charl/Moriarty/.worktrees/sp05-financial-integration/deliverables/rp01-loss-full-recovery-2026-09-09/check-case.test.mjs:63:108)
      at Test.runInAsyncScope (node:async_hooks:227:14)
      at Test.run (node:internal/test_runner/test:1325:25)
      at Test.processPendingSubtests (node:internal/test_runner/test:911:18)
      at Test.postRun (node:internal/test_runner/test:1465:19)
      at Test.run (node:internal/test_runner/test:1390:12)
      at async Test.processPendingSubtests (node:internal/test_runner/test:911:7) {
    generatedMessage: false,
    code: 'ERR_ASSERTION',
    actual: Error: FULL_RECOVERY_NOT_IMPLEMENTED
        at checkCase (file:///home/charl/Moriarty/.worktrees/sp05-financial-integration/deliverables/rp01-loss-full-recovery-2026-09-09/check-case.mjs:1:37)
        at run (file:///home/charl/Moriarty/.worktrees/sp05-financial-integration/deliverables/rp01-loss-full-recovery-2026-09-09/check-case.test.mjs:6:59)
        at file:///home/charl/Moriarty/.worktrees/sp05-financial-integration/deliverables/rp01-loss-full-recovery-2026-09-09/check-case.test.mjs:63:119
        at getActual (node:assert:611:5)
        at strict.throws (node:assert:759:24)
        at TestContext.<anonymous> (file:///home/charl/Moriarty/.worktrees/sp05-financial-integration/deliverables/rp01-loss-full-recovery-2026-09-09/check-case.test.mjs:63:108)
        at Test.runInAsyncScope (node:async_hooks:227:14)
        at Test.run (node:internal/test_runner/test:1325:25)
        at Test.processPendingSubtests (node:internal/test_runner/test:911:18)
        at Test.postRun (node:internal/test_runner/test:1465:19),
    operator: 'throws',
    diff: 'simple'
  }

test at deliverables/rp01-loss-full-recovery-2026-09-09/check-case.test.mjs:63:42
✖ negative transfer amount (0.365833ms)
  AssertionError [ERR_ASSERTION]: UINT128
      at TestContext.<anonymous> (file:///home/charl/Moriarty/.worktrees/sp05-financial-integration/deliverables/rp01-loss-full-recovery-2026-09-09/check-case.test.mjs:63:108)
      at Test.runInAsyncScope (node:async_hooks:227:14)
      at Test.run (node:internal/test_runner/test:1325:25)
      at Test.processPendingSubtests (node:internal/test_runner/test:911:18)
      at Test.postRun (node:internal/test_runner/test:1465:19)
      at Test.run (node:internal/test_runner/test:1390:12)
      at async Test.processPendingSubtests (node:internal/test_runner/test:911:7) {
    generatedMessage: false,
    code: 'ERR_ASSERTION',
    actual: Error: FULL_RECOVERY_NOT_IMPLEMENTED
        at checkCase (file:///home/charl/Moriarty/.worktrees/sp05-financial-integration/deliverables/rp01-loss-full-recovery-2026-09-09/check-case.mjs:1:37)
        at run (file:///home/charl/Moriarty/.worktrees/sp05-financial-integration/deliverables/rp01-loss-full-recovery-2026-09-09/check-case.test.mjs:6:59)
        at file:///home/charl/Moriarty/.worktrees/sp05-financial-integration/deliverables/rp01-loss-full-recovery-2026-09-09/check-case.test.mjs:63:119
        at getActual (node:assert:611:5)
        at strict.throws (node:assert:759:24)
        at TestContext.<anonymous> (file:///home/charl/Moriarty/.worktrees/sp05-financial-integration/deliverables/rp01-loss-full-recovery-2026-09-09/check-case.test.mjs:63:108)
        at Test.runInAsyncScope (node:async_hooks:227:14)
        at Test.run (node:internal/test_runner/test:1325:25)
        at Test.processPendingSubtests (node:internal/test_runner/test:911:18)
        at Test.postRun (node:internal/test_runner/test:1465:19),
    operator: 'throws',
    diff: 'simple'
  }

test at deliverables/rp01-loss-full-recovery-2026-09-09/check-case.test.mjs:63:42
✖ noncanonical integer (1.274043ms)
  AssertionError [ERR_ASSERTION]: UINT128
      at TestContext.<anonymous> (file:///home/charl/Moriarty/.worktrees/sp05-financial-integration/deliverables/rp01-loss-full-recovery-2026-09-09/check-case.test.mjs:63:108)
      at Test.runInAsyncScope (node:async_hooks:227:14)
      at Test.run (node:internal/test_runner/test:1325:25)
      at Test.processPendingSubtests (node:internal/test_runner/test:911:18)
      at Test.postRun (node:internal/test_runner/test:1465:19)
      at Test.run (node:internal/test_runner/test:1390:12)
      at async Test.processPendingSubtests (node:internal/test_runner/test:911:7) {
    generatedMessage: false,
    code: 'ERR_ASSERTION',
    actual: Error: FULL_RECOVERY_NOT_IMPLEMENTED
        at checkCase (file:///home/charl/Moriarty/.worktrees/sp05-financial-integration/deliverables/rp01-loss-full-recovery-2026-09-09/check-case.mjs:1:37)
        at run (file:///home/charl/Moriarty/.worktrees/sp05-financial-integration/deliverables/rp01-loss-full-recovery-2026-09-09/check-case.test.mjs:6:59)
        at file:///home/charl/Moriarty/.worktrees/sp05-financial-integration/deliverables/rp01-loss-full-recovery-2026-09-09/check-case.test.mjs:63:119
        at getActual (node:assert:611:5)
        at strict.throws (node:assert:759:24)
        at TestContext.<anonymous> (file:///home/charl/Moriarty/.worktrees/sp05-financial-integration/deliverables/rp01-loss-full-recovery-2026-09-09/check-case.test.mjs:63:108)
        at Test.runInAsyncScope (node:async_hooks:227:14)
        at Test.run (node:internal/test_runner/test:1325:25)
        at Test.processPendingSubtests (node:internal/test_runner/test:911:18)
        at Test.postRun (node:internal/test_runner/test:1465:19),
    operator: 'throws',
    diff: 'simple'
  }

test at deliverables/rp01-loss-full-recovery-2026-09-09/check-case.test.mjs:63:42
✖ overflow transfer amount (0.334271ms)
  AssertionError [ERR_ASSERTION]: UINT128
      at TestContext.<anonymous> (file:///home/charl/Moriarty/.worktrees/sp05-financial-integration/deliverables/rp01-loss-full-recovery-2026-09-09/check-case.test.mjs:63:108)
      at Test.runInAsyncScope (node:async_hooks:227:14)
      at Test.run (node:internal/test_runner/test:1325:25)
      at Test.processPendingSubtests (node:internal/test_runner/test:911:18)
      at Test.postRun (node:internal/test_runner/test:1465:19)
      at Test.run (node:internal/test_runner/test:1390:12)
      at async Test.processPendingSubtests (node:internal/test_runner/test:911:7) {
    generatedMessage: false,
    code: 'ERR_ASSERTION',
    actual: Error: FULL_RECOVERY_NOT_IMPLEMENTED
        at checkCase (file:///home/charl/Moriarty/.worktrees/sp05-financial-integration/deliverables/rp01-loss-full-recovery-2026-09-09/check-case.mjs:1:37)
        at run (file:///home/charl/Moriarty/.worktrees/sp05-financial-integration/deliverables/rp01-loss-full-recovery-2026-09-09/check-case.test.mjs:6:59)
        at file:///home/charl/Moriarty/.worktrees/sp05-financial-integration/deliverables/rp01-loss-full-recovery-2026-09-09/check-case.test.mjs:63:119
        at getActual (node:assert:611:5)
        at strict.throws (node:assert:759:24)
        at TestContext.<anonymous> (file:///home/charl/Moriarty/.worktrees/sp05-financial-integration/deliverables/rp01-loss-full-recovery-2026-09-09/check-case.test.mjs:63:108)
        at Test.runInAsyncScope (node:async_hooks:227:14)
        at Test.run (node:internal/test_runner/test:1325:25)
        at Test.processPendingSubtests (node:internal/test_runner/test:911:18)
        at Test.postRun (node:internal/test_runner/test:1465:19),
    operator: 'throws',
    diff: 'simple'
  }

test at deliverables/rp01-loss-full-recovery-2026-09-09/check-case.test.mjs:63:42
✖ zero transfer (0.269138ms)
  AssertionError [ERR_ASSERTION]: ZERO_AMOUNT
      at TestContext.<anonymous> (file:///home/charl/Moriarty/.worktrees/sp05-financial-integration/deliverables/rp01-loss-full-recovery-2026-09-09/check-case.test.mjs:63:108)
      at Test.runInAsyncScope (node:async_hooks:227:14)
      at Test.run (node:internal/test_runner/test:1325:25)
      at Test.processPendingSubtests (node:internal/test_runner/test:911:18)
      at Test.postRun (node:internal/test_runner/test:1465:19)
      at Test.run (node:internal/test_runner/test:1390:12)
      at async Test.processPendingSubtests (node:internal/test_runner/test:911:7) {
    generatedMessage: false,
    code: 'ERR_ASSERTION',
    actual: Error: FULL_RECOVERY_NOT_IMPLEMENTED
        at checkCase (file:///home/charl/Moriarty/.worktrees/sp05-financial-integration/deliverables/rp01-loss-full-recovery-2026-09-09/check-case.mjs:1:37)
        at run (file:///home/charl/Moriarty/.worktrees/sp05-financial-integration/deliverables/rp01-loss-full-recovery-2026-09-09/check-case.test.mjs:6:59)
        at file:///home/charl/Moriarty/.worktrees/sp05-financial-integration/deliverables/rp01-loss-full-recovery-2026-09-09/check-case.test.mjs:63:119
        at getActual (node:assert:611:5)
        at strict.throws (node:assert:759:24)
        at TestContext.<anonymous> (file:///home/charl/Moriarty/.worktrees/sp05-financial-integration/deliverables/rp01-loss-full-recovery-2026-09-09/check-case.test.mjs:63:108)
        at Test.runInAsyncScope (node:async_hooks:227:14)
        at Test.run (node:internal/test_runner/test:1325:25)
        at Test.processPendingSubtests (node:internal/test_runner/test:911:18)
        at Test.postRun (node:internal/test_runner/test:1465:19),
    operator: 'throws',
    diff: 'simple'
  }

test at deliverables/rp01-loss-full-recovery-2026-09-09/check-case.test.mjs:63:42
✖ unbacked sponsor input (0.256729ms)
  AssertionError [ERR_ASSERTION]: FUNDING_SOURCE
      at TestContext.<anonymous> (file:///home/charl/Moriarty/.worktrees/sp05-financial-integration/deliverables/rp01-loss-full-recovery-2026-09-09/check-case.test.mjs:63:108)
      at Test.runInAsyncScope (node:async_hooks:227:14)
      at Test.run (node:internal/test_runner/test:1325:25)
      at Test.processPendingSubtests (node:internal/test_runner/test:911:18)
      at Test.postRun (node:internal/test_runner/test:1465:19)
      at Test.run (node:internal/test_runner/test:1390:12)
      at async Test.processPendingSubtests (node:internal/test_runner/test:911:7) {
    generatedMessage: false,
    code: 'ERR_ASSERTION',
    actual: Error: FULL_RECOVERY_NOT_IMPLEMENTED
        at checkCase (file:///home/charl/Moriarty/.worktrees/sp05-financial-integration/deliverables/rp01-loss-full-recovery-2026-09-09/check-case.mjs:1:37)
        at run (file:///home/charl/Moriarty/.worktrees/sp05-financial-integration/deliverables/rp01-loss-full-recovery-2026-09-09/check-case.test.mjs:6:59)
        at file:///home/charl/Moriarty/.worktrees/sp05-financial-integration/deliverables/rp01-loss-full-recovery-2026-09-09/check-case.test.mjs:63:119
        at getActual (node:assert:611:5)
        at strict.throws (node:assert:759:24)
        at TestContext.<anonymous> (file:///home/charl/Moriarty/.worktrees/sp05-financial-integration/deliverables/rp01-loss-full-recovery-2026-09-09/check-case.test.mjs:63:108)
        at Test.runInAsyncScope (node:async_hooks:227:14)
        at Test.run (node:internal/test_runner/test:1325:25)
        at Test.processPendingSubtests (node:internal/test_runner/test:911:18)
        at Test.postRun (node:internal/test_runner/test:1465:19),
    operator: 'throws',
    diff: 'simple'
  }

test at deliverables/rp01-loss-full-recovery-2026-09-09/check-case.test.mjs:63:42
✖ extra unaccounted asset row (0.480159ms)
  AssertionError [ERR_ASSERTION]: PRE_STATE
      at TestContext.<anonymous> (file:///home/charl/Moriarty/.worktrees/sp05-financial-integration/deliverables/rp01-loss-full-recovery-2026-09-09/check-case.test.mjs:63:108)
      at Test.runInAsyncScope (node:async_hooks:227:14)
      at Test.run (node:internal/test_runner/test:1325:25)
      at Test.processPendingSubtests (node:internal/test_runner/test:911:18)
      at Test.postRun (node:internal/test_runner/test:1465:19)
      at Test.run (node:internal/test_runner/test:1390:12)
      at async Test.processPendingSubtests (node:internal/test_runner/test:911:7) {
    generatedMessage: false,
    code: 'ERR_ASSERTION',
    actual: Error: FULL_RECOVERY_NOT_IMPLEMENTED
        at checkCase (file:///home/charl/Moriarty/.worktrees/sp05-financial-integration/deliverables/rp01-loss-full-recovery-2026-09-09/check-case.mjs:1:37)
        at run (file:///home/charl/Moriarty/.worktrees/sp05-financial-integration/deliverables/rp01-loss-full-recovery-2026-09-09/check-case.test.mjs:6:59)
        at file:///home/charl/Moriarty/.worktrees/sp05-financial-integration/deliverables/rp01-loss-full-recovery-2026-09-09/check-case.test.mjs:63:119
        at getActual (node:assert:611:5)
        at strict.throws (node:assert:759:24)
        at TestContext.<anonymous> (file:///home/charl/Moriarty/.worktrees/sp05-financial-integration/deliverables/rp01-loss-full-recovery-2026-09-09/check-case.test.mjs:63:108)
        at Test.runInAsyncScope (node:async_hooks:227:14)
        at Test.run (node:internal/test_runner/test:1325:25)
        at Test.processPendingSubtests (node:internal/test_runner/test:911:18)
        at Test.postRun (node:internal/test_runner/test:1465:19),
    operator: 'throws',
    diff: 'simple'
  }

test at deliverables/rp01-loss-full-recovery-2026-09-09/check-case.test.mjs:63:42
✖ claim language acceptance (0.295147ms)
  AssertionError [ERR_ASSERTION]: SCOPE
      at TestContext.<anonymous> (file:///home/charl/Moriarty/.worktrees/sp05-financial-integration/deliverables/rp01-loss-full-recovery-2026-09-09/check-case.test.mjs:63:108)
      at Test.runInAsyncScope (node:async_hooks:227:14)
      at Test.run (node:internal/test_runner/test:1325:25)
      at Test.processPendingSubtests (node:internal/test_runner/test:911:18)
      at Test.postRun (node:internal/test_runner/test:1465:19)
      at Test.run (node:internal/test_runner/test:1390:12)
      at async Test.processPendingSubtests (node:internal/test_runner/test:911:7) {
    generatedMessage: false,
    code: 'ERR_ASSERTION',
    actual: Error: FULL_RECOVERY_NOT_IMPLEMENTED
        at checkCase (file:///home/charl/Moriarty/.worktrees/sp05-financial-integration/deliverables/rp01-loss-full-recovery-2026-09-09/check-case.mjs:1:37)
        at run (file:///home/charl/Moriarty/.worktrees/sp05-financial-integration/deliverables/rp01-loss-full-recovery-2026-09-09/check-case.test.mjs:6:59)
        at file:///home/charl/Moriarty/.worktrees/sp05-financial-integration/deliverables/rp01-loss-full-recovery-2026-09-09/check-case.test.mjs:63:119
        at getActual (node:assert:611:5)
        at strict.throws (node:assert:759:24)
        at TestContext.<anonymous> (file:///home/charl/Moriarty/.worktrees/sp05-financial-integration/deliverables/rp01-loss-full-recovery-2026-09-09/check-case.test.mjs:63:108)
        at Test.runInAsyncScope (node:async_hooks:227:14)
        at Test.run (node:internal/test_runner/test:1325:25)
        at Test.processPendingSubtests (node:internal/test_runner/test:911:18)
        at Test.postRun (node:internal/test_runner/test:1465:19),
    operator: 'throws',
    diff: 'simple'
  }

test at deliverables/rp01-loss-full-recovery-2026-09-09/check-case.test.mjs:63:42
✖ change prefix pin (0.328065ms)
  AssertionError [ERR_ASSERTION]: SOURCE_PIN
      at TestContext.<anonymous> (file:///home/charl/Moriarty/.worktrees/sp05-financial-integration/deliverables/rp01-loss-full-recovery-2026-09-09/check-case.test.mjs:63:108)
      at Test.runInAsyncScope (node:async_hooks:227:14)
      at Test.run (node:internal/test_runner/test:1325:25)
      at Test.processPendingSubtests (node:internal/test_runner/test:911:18)
      at Test.postRun (node:internal/test_runner/test:1465:19)
      at Test.run (node:internal/test_runner/test:1390:12)
      at async Test.processPendingSubtests (node:internal/test_runner/test:911:7) {
    generatedMessage: false,
    code: 'ERR_ASSERTION',
    actual: Error: FULL_RECOVERY_NOT_IMPLEMENTED
        at checkCase (file:///home/charl/Moriarty/.worktrees/sp05-financial-integration/deliverables/rp01-loss-full-recovery-2026-09-09/check-case.mjs:1:37)
        at run (file:///home/charl/Moriarty/.worktrees/sp05-financial-integration/deliverables/rp01-loss-full-recovery-2026-09-09/check-case.test.mjs:6:59)
        at file:///home/charl/Moriarty/.worktrees/sp05-financial-integration/deliverables/rp01-loss-full-recovery-2026-09-09/check-case.test.mjs:63:119
        at getActual (node:assert:611:5)
        at strict.throws (node:assert:759:24)
        at TestContext.<anonymous> (file:///home/charl/Moriarty/.worktrees/sp05-financial-integration/deliverables/rp01-loss-full-recovery-2026-09-09/check-case.test.mjs:63:108)
        at Test.runInAsyncScope (node:async_hooks:227:14)
        at Test.run (node:internal/test_runner/test:1325:25)
        at Test.processPendingSubtests (node:internal/test_runner/test:911:18)
        at Test.postRun (node:internal/test_runner/test:1465:19),
    operator: 'throws',
    diff: 'simple'
  }

test at deliverables/rp01-loss-full-recovery-2026-09-09/check-case.test.mjs:63:42
✖ extend policy implicitly (0.318194ms)
  AssertionError [ERR_ASSERTION]: POLICY
      at TestContext.<anonymous> (file:///home/charl/Moriarty/.worktrees/sp05-financial-integration/deliverables/rp01-loss-full-recovery-2026-09-09/check-case.test.mjs:63:108)
      at Test.runInAsyncScope (node:async_hooks:227:14)
      at Test.run (node:internal/test_runner/test:1325:25)
      at Test.processPendingSubtests (node:internal/test_runner/test:911:18)
      at Test.postRun (node:internal/test_runner/test:1465:19)
      at Test.run (node:internal/test_runner/test:1390:12)
      at async Test.processPendingSubtests (node:internal/test_runner/test:911:7) {
    generatedMessage: false,
    code: 'ERR_ASSERTION',
    actual: Error: FULL_RECOVERY_NOT_IMPLEMENTED
        at checkCase (file:///home/charl/Moriarty/.worktrees/sp05-financial-integration/deliverables/rp01-loss-full-recovery-2026-09-09/check-case.mjs:1:37)
        at run (file:///home/charl/Moriarty/.worktrees/sp05-financial-integration/deliverables/rp01-loss-full-recovery-2026-09-09/check-case.test.mjs:6:59)
        at file:///home/charl/Moriarty/.worktrees/sp05-financial-integration/deliverables/rp01-loss-full-recovery-2026-09-09/check-case.test.mjs:63:119
        at getActual (node:assert:611:5)
        at strict.throws (node:assert:759:24)
        at TestContext.<anonymous> (file:///home/charl/Moriarty/.worktrees/sp05-financial-integration/deliverables/rp01-loss-full-recovery-2026-09-09/check-case.test.mjs:63:108)
        at Test.runInAsyncScope (node:async_hooks:227:14)
        at Test.run (node:internal/test_runner/test:1325:25)
        at Test.processPendingSubtests (node:internal/test_runner/test:911:18)
        at Test.postRun (node:internal/test_runner/test:1465:19),
    operator: 'throws',
    diff: 'simple'
  }

test at deliverables/rp01-loss-full-recovery-2026-09-09/check-case.test.mjs:64:1
✖ authority is valid exactly at inclusive expiry (0.259292ms)
  Error: FULL_RECOVERY_NOT_IMPLEMENTED
      at checkCase (file:///home/charl/Moriarty/.worktrees/sp05-financial-integration/deliverables/rp01-loss-full-recovery-2026-09-09/check-case.mjs:1:37)
      at run (file:///home/charl/Moriarty/.worktrees/sp05-financial-integration/deliverables/rp01-loss-full-recovery-2026-09-09/check-case.test.mjs:6:59)
      at TestContext.<anonymous> (file:///home/charl/Moriarty/.worktrees/sp05-financial-integration/deliverables/rp01-loss-full-recovery-2026-09-09/check-case.test.mjs:64:124)
      at Test.runInAsyncScope (node:async_hooks:227:14)
      at Test.run (node:internal/test_runner/test:1325:25)
      at Test.processPendingSubtests (node:internal/test_runner/test:911:18)
      at Test.postRun (node:internal/test_runner/test:1465:19)
      at Test.run (node:internal/test_runner/test:1390:12)
      at async Test.processPendingSubtests (node:internal/test_runner/test:911:7)

test at deliverables/rp01-loss-full-recovery-2026-09-09/check-case.test.mjs:65:1
✖ changing expected state cannot select a different computational result (0.625351ms)
  AssertionError [ERR_ASSERTION]: The input did not match the regular expression /POST_STATE/. Input:
  
  'Error: FULL_RECOVERY_NOT_IMPLEMENTED'
  
      at TestContext.<anonymous> (file:///home/charl/Moriarty/.worktrees/sp05-financial-integration/deliverables/rp01-loss-full-recovery-2026-09-09/check-case.test.mjs:65:161)
      at Test.runInAsyncScope (node:async_hooks:227:14)
      at Test.run (node:internal/test_runner/test:1325:25)
      at Test.processPendingSubtests (node:internal/test_runner/test:911:18)
      at Test.postRun (node:internal/test_runner/test:1465:19)
      at Test.run (node:internal/test_runner/test:1390:12)
      at async Test.processPendingSubtests (node:internal/test_runner/test:911:7) {
    generatedMessage: true,
    code: 'ERR_ASSERTION',
    actual: Error: FULL_RECOVERY_NOT_IMPLEMENTED
        at checkCase (file:///home/charl/Moriarty/.worktrees/sp05-financial-integration/deliverables/rp01-loss-full-recovery-2026-09-09/check-case.mjs:1:37)
        at run (file:///home/charl/Moriarty/.worktrees/sp05-financial-integration/deliverables/rp01-loss-full-recovery-2026-09-09/check-case.test.mjs:6:59)
        at file:///home/charl/Moriarty/.worktrees/sp05-financial-integration/deliverables/rp01-loss-full-recovery-2026-09-09/check-case.test.mjs:65:172
        at getActual (node:assert:611:5)
        at strict.throws (node:assert:759:24)
        at TestContext.<anonymous> (file:///home/charl/Moriarty/.worktrees/sp05-financial-integration/deliverables/rp01-loss-full-recovery-2026-09-09/check-case.test.mjs:65:161)
        at Test.runInAsyncScope (node:async_hooks:227:14)
        at Test.run (node:internal/test_runner/test:1325:25)
        at Test.processPendingSubtests (node:internal/test_runner/test:911:18)
        at Test.postRun (node:internal/test_runner/test:1465:19),
    expected: /POST_STATE/,
    operator: 'throws',
    diff: 'simple'
  }
