✔ closed local plan validates without opening secret paths (1.095122ms)
✔ rejects remote endpoints, Preview, embedded secrets, unknown fields and unbounded limits (0.636992ms)
✔ private input reader rejects permissive files and symlinks without leaking contents (0.65748ms)
✔ private input reader and CLI reject a FIFO without waiting for a writer (76.419577ms)
✔ event projection drops private fields and rejects unexpected event kinds (0.708877ms)
✔ actual pinned launch SDK files satisfy source inspection without wallet construction (8.456512ms)
✔ CLI requires an explicit run, plan path and exact digest without echoing arguments (37.134012ms)
✔ strict saved-state envelope rejects absent, null and incompatible restore data (0.272356ms)
✔ real pinned API exports compose without constructing a wallet or key (1227.123128ms)
✔ public submission capture persists actual historical native bytes before inert submission and retains failure evidence (34.738657ms)
✔ submission evidence storage failure prevents calling even an inert submitter (9.630904ms)
✔ complete reviewed public integration result preserves failed driver receipts, cleanup and finished comparison (0.807279ms)
✔ storage password preflight applies actual SDK policy before wallet work and emits only a closed error (1.798687ms)
✔ closed recovery launch keeps original wallet and roles and permits exactly three submissions (1.443278ms)
✔ loan exact custody arguments and hints pass every comparison before next call (6.289727ms)
✔ swap exact custody arguments and hints pass every comparison before next call (0.478555ms)
✔ returned comparator failure false stops before next SDK call (0.590375ms)
✔ returned comparator failure undefined stops before next SDK call (0.215225ms)
✔ returned comparator failure {"status":"Rejected"} stops before next SDK call (0.162455ms)
✔ returned comparator failure {"status":"FAIL"} stops before next SDK call (0.151385ms)
✔ thrown comparator error retains observed ID and cleans up (0.220707ms)
✔ preflight mismatch prevents deployment but cleans up owned provider (0.126142ms)
✔ preflight mismatch prevents deployment but cleans up owned provider (0.167901ms)
✔ preflight mismatch prevents deployment but cleans up owned provider (0.218242ms)
✔ preflight mismatch prevents deployment but cleans up owned provider (0.171107ms)
✔ preflight mismatch prevents deployment but cleans up owned provider (0.131685ms)
✔ preflight mismatch prevents deployment but cleans up owned provider (0.081594ms)
✔ network identity changed after deploy blocks the next SDK stage (0.897558ms)
✔ incomplete cleanup cannot yield driver PASS (0.381994ms)
✔ incomplete cleanup cannot yield driver PASS (0.226567ms)
✔ cleanup rejection preserves the primary failure and provider-known identifiers (0.207894ms)
✔ observation failure keeps SDK ID and never invokes comparator or next call (0.204606ms)
✔ recovered loan observes historical deployment once then submits exactly three calls (0.445432ms)
✔ malformed recovery identity fails before observations or SDK calls (0.151462ms)
✔ malformed recovery identity fails before observations or SDK calls (0.059972ms)
✔ malformed recovery identity fails before observations or SDK calls (0.056677ms)
✔ malformed recovery identity fails before observations or SDK calls (0.048362ms)
✔ malformed recovery identity fails before observations or SDK calls (0.052214ms)
✔ malformed recovery identity fails before observations or SDK calls (0.053258ms)
✔ malformed recovery identity fails before observations or SDK calls (0.050962ms)
✔ malformed recovery identity fails before observations or SDK calls (0.083586ms)
✔ malformed recovery identity fails before observations or SDK calls (0.060259ms)
✔ malformed recovery identity fails before observations or SDK calls (0.06658ms)
✔ malformed recovery identity fails before observations or SDK calls (0.055934ms)
✔ malformed recovery identity fails before observations or SDK calls (0.045346ms)
✔ malformed recovery identity fails before observations or SDK calls (0.047971ms)
✔ malformed recovery identity fails before observations or SDK calls (0.048656ms)
✔ recovery rejects accessors without invoking them (0.109639ms)
✔ swap recovery is rejected before deployment or observation (0.069632ms)
✔ historical recovery FAIL stops all calls and retains public identity (0.251947ms)
✔ historical recovery throw stops all calls and retains public identity (0.163535ms)
✔ historical recovery observe stops all calls and retains public identity (0.1239ms)
✔ recovery identity is captured before asynchronous binding checks (0.219594ms)
✔ recovered loan cannot pass with incomplete containment (0.289078ms)
✔ public failure retains a known observer code and closed phase without SDK details (0.167175ms)
✔ public failure never copies an unknown SDK message or object (0.230285ms)
✔ launcher durably retains actual driver failure: NOT_FINALIZED (0.742645ms)
✔ launcher durably retains actual driver failure: PRIVATE_SDK_FAILURE (0.308641ms)
ℹ tests 58
ℹ suites 0
ℹ pass 58
ℹ fail 0
ℹ cancelled 0
ℹ skipped 0
ℹ todo 0
ℹ duration_ms 1478.820188
