✖ actual guaranteed output origin matches the stopped indexer for a nonzero physical segment (48.570143ms)
✖ indexed initialization waits for later finality after one indexed watch (17.577052ms)
✖ finality regression stops before state observation (16.306101ms)
✔ caller deadline stops pending finality without observing state or watching again (15.114812ms)
ℹ tests 4
ℹ suites 0
ℹ pass 1
ℹ fail 3
ℹ cancelled 0
ℹ skipped 0
ℹ todo 0
ℹ duration_ms 181.535034

✖ failing tests:

test at experiments/moriarty-midnight-financial/ledger/receipt.test.mjs:161:1
✖ actual guaranteed output origin matches the stopped indexer for a nonzero physical segment (48.570143ms)
  AssertionError [ERR_ASSERTION]: Expected values to be strictly equal:
  + actual - expected
  
  + '310feb192c09a1b2b763759c1884d69df659e3d5bd5455aa82ad341b8676e200'
  - '4d343d21f150af922dc483b319b87b069a2b2cb8e3f3f64f4bad4485dbf61603'
  
      at TestContext.<anonymous> (file:///home/charl/Moriarty/.worktrees/sp05-deadline-review/experiments/moriarty-midnight-financial/ledger/receipt.test.mjs:163:110)
      at Test.runInAsyncScope (node:async_hooks:227:14)
      at Test.run (node:internal/test_runner/test:1325:25)
      at Test.start (node:internal/test_runner/test:1191:17)
      at startSubtestAfterBootstrap (node:internal/test_runner/harness:385:17) {
    generatedMessage: true,
    code: 'ERR_ASSERTION',
    actual: '310feb192c09a1b2b763759c1884d69df659e3d5bd5455aa82ad341b8676e200',
    expected: '4d343d21f150af922dc483b319b87b069a2b2cb8e3f3f64f4bad4485dbf61603',
    operator: 'strictEqual',
    diff: 'simple'
  }

test at experiments/moriarty-midnight-financial/ledger/receipt.test.mjs:165:1
✖ indexed initialization waits for later finality after one indexed watch (17.577052ms)
  Error: NOT_FINALIZED
      at requireThat (file:///home/charl/Moriarty/.worktrees/sp05-deadline-review/experiments/moriarty-midnight-financial/ledger/receipt.mjs:5:49)
      at Module.observeFinalizedStage (file:///home/charl/Moriarty/.worktrees/sp05-deadline-review/experiments/moriarty-midnight-financial/ledger/receipt.mjs:137:3)
      at async TestContext.<anonymous> (file:///home/charl/Moriarty/.worktrees/sp05-deadline-review/experiments/moriarty-midnight-financial/ledger/receipt.test.mjs:166:49)
      at async Test.run (node:internal/test_runner/test:1332:7)
      at async Test.processPendingSubtests (node:internal/test_runner/test:911:7)

test at experiments/moriarty-midnight-financial/ledger/receipt.test.mjs:169:1
✖ finality regression stops before state observation (16.306101ms)
  AssertionError [ERR_ASSERTION]: The input did not match the regular expression /FINALITY_REGRESSION/. Input:
  
  'Error: NOT_FINALIZED'
  
      at async TestContext.<anonymous> (file:///home/charl/Moriarty/.worktrees/sp05-deadline-review/experiments/moriarty-midnight-financial/ledger/receipt.test.mjs:170:49)
      at async Test.run (node:internal/test_runner/test:1332:7)
      at async Test.processPendingSubtests (node:internal/test_runner/test:911:7) {
    generatedMessage: true,
    code: 'ERR_ASSERTION',
    actual: Error: NOT_FINALIZED
        at requireThat (file:///home/charl/Moriarty/.worktrees/sp05-deadline-review/experiments/moriarty-midnight-financial/ledger/receipt.mjs:5:49)
        at Module.observeFinalizedStage (file:///home/charl/Moriarty/.worktrees/sp05-deadline-review/experiments/moriarty-midnight-financial/ledger/receipt.mjs:137:3)
        at async waitForActual (node:assert:646:5)
        at async strict.rejects (node:assert:769:25)
        at async TestContext.<anonymous> (file:///home/charl/Moriarty/.worktrees/sp05-deadline-review/experiments/moriarty-midnight-financial/ledger/receipt.test.mjs:170:49)
        at async Test.run (node:internal/test_runner/test:1332:7)
        at async Test.processPendingSubtests (node:internal/test_runner/test:911:7),
    expected: /FINALITY_REGRESSION/,
    operator: 'rejects',
    diff: 'simple'
  }
