[Warning] Compiler: Non exhaustive match detected:
`lcNoFinancialFieldList(_)_MORIARTY-LIFECYCLE-BINDING_String_EJList`(ejCons(ejNull(.KList),_))
	Source(/home/charl/Moriarty/experiments/moriarty-language/formal/k/lifecycle-binding.k)
	Location(32,68,32,116)
	32 |	  syntax String ::= lcNoFinancialFields(EJSON) [function, total] |
lcNoFinancialFieldList(EJList) [function, total]
	   .	                                                                  
^~~~~~~~~~~~~~~~~~~~~~~~~~~~~~~~~~~~~~~~~~~~~~~~
[Warning] Compiler: Variable 'L' defined but not used. Prefix variable name
with underscore if this is intentional.
	Source(/home/charl/Moriarty/experiments/moriarty-language/formal/k/lifecycle-data.k)
	Location(19,32,19,33)
	19 |	  rule lcFind(ejArray(ejCons(V,L)),K,N) => V requires ejGet(V,K) ==K N
	   .	                               ^
[Warning] Compiler: Variable 'L' defined but not used. Prefix variable name
with underscore if this is intentional.
	Source(/home/charl/Moriarty/experiments/moriarty-language/formal/k/lifecycle-data.k)
	Location(22,36,22,37)
	22 |	  rule lcFindPair(ejArray(ejCons(V,L)),P,A) => V requires
ejGet(V,"party") ==K P andBool ejGet(V,"asset") ==K A
	   .	                                   ^
[Warning] Compiler: Non exhaustive match detected:
`lcRow(_,_)_MORIARTY-LIFECYCLE-DATA_String_String_EJSON`(#token("\"0\"","String"),_)
	Source(/home/charl/Moriarty/experiments/moriarty-language/formal/k/lifecycle-data.k)
	Location(35,21,35,58)
	35 |	  syntax String ::= lcRow(String,EJSON) [function, total]
	   .	                    ^~~~~~~~~~~~~~~~~~~~~~~~~~~~~~~~~~~~~
[Warning] Compiler: Non exhaustive match detected:
`lxTypePrepend(_,_)_MORIARTY-LIFECYCLE-EXPRESSION-INFER_LXInference_LXInference_LXInference`(`lxTypedList(_)_MORIARTY-LIFECYCLE-EXPRESSION-INFER_LXInference_EJList`(_),_)
	Source(/home/charl/Moriarty/experiments/moriarty-language/formal/k/lifecycle-infer.k)
	Location(12,26,12,82)
	12 |	                       | lxTypePrepend(LXInference,LXInference)
[function, total]
	   .	                        
^~~~~~~~~~~~~~~~~~~~~~~~~~~~~~~~~~~~~~~~~~~~~~~~~~~~~~~~
[Warning] Compiler: Non exhaustive match detected:
`lxInferFinish(_,_,_,_,_,_,_,_)_MORIARTY-LIFECYCLE-EXPRESSION-INFER_LXInference_LXInference_String_EJSON_EJSON_EJSON_Bool_EJSON_EJList`(`lxTyped(_)_MORIARTY-LIFECYCLE-EXPRESSION-INFER_LXInference_EJSON`(_),_,_,_,_,_,_,_)
	Source(/home/charl/Moriarty/experiments/moriarty-language/formal/k/lifecycle-infer.k)
	Location(13,26,13,113)
	13 |	                       |
lxInferFinish(LXInference,String,EJSON,EJSON,EJSON,Bool,EJSON,EJList)
[function, total]
	   .	                        
^~~~~~~~~~~~~~~~~~~~~~~~~~~~~~~~~~~~~~~~~~~~~~~~~~~~~~~~~~~~~~~~~~~~~~~~~~~~~~~~~~~~~~~
[Warning] Compiler: Non exhaustive match detected:
`lxTypeSite(_,_,_)_MORIARTY-LIFECYCLE-EXPRESSION-INFER_LXInference_LXInference_EJSON_EJList`(`lxTypedList(_)_MORIARTY-LIFECYCLE-EXPRESSION-INFER_LXInference_EJList`(_),_,_)
	Source(/home/charl/Moriarty/experiments/moriarty-language/formal/k/lifecycle-infer.k)
	Location(14,26,14,80)
	14 |	                       | lxTypeSite(LXInference,EJSON,EJList) [function,
total]
	   .	                        
^~~~~~~~~~~~~~~~~~~~~~~~~~~~~~~~~~~~~~~~~~~~~~~~~~~~~~
[Warning] Compiler: Non exhaustive match detected:
`lxBinderMaps(_,_,_)_MORIARTY-LIFECYCLE-EXPRESSION-INFER_String_EJSON_EJSON_EJList`(_,_,ejCons(ejNull(.KList),_))
	Source(/home/charl/Moriarty/experiments/moriarty-language/formal/k/lifecycle-infer.k)
	Location(49,21,49,71)
	49 |	                  | lxBinderMaps(EJSON,EJSON,EJList) [function, total]
	   .	                    ^~~~~~~~~~~~~~~~~~~~~~~~~~~~~~~~~~~~~~~~~~~~~~~~~~
[Warning] Compiler: Non exhaustive match detected:
`lxSignedUnits(_,_)_MORIARTY-LIFECYCLE-EXPRESSION-INFER_EJList_EJList_Int`(ejCons(ejNull(.KList),_),_)
	Source(/home/charl/Moriarty/experiments/moriarty-language/formal/k/lifecycle-infer.k)
	Location(131,21,131,64)
	131 |	                  | lxSignedUnits(EJList,Int) [function, total]
	    .	                    ^~~~~~~~~~~~~~~~~~~~~~~~~~~~~~~~~~~~~~~~~~~
[Warning] Compiler: Variable 'E' defined but not used. Prefix variable name
with underscore if this is intentional.
	Source(/home/charl/Moriarty/experiments/moriarty-language/formal/k/lifecycle-infer.k)
	Location(144,48,144,49)
	144 |	  rule lxPrimitiveType("ReadOutstanding",O,S,_,E,T) =>
lxTypeIf(lxFirst("",lxFirst(lxCheck(ejAt(T,0) ==K
lxType("Text"),"TYPE_MISMATCH"),lxCheck(lxIn(ejGet(O,"unit"),ejGet(S,"units")),"TYPE_NAME"))),lcQuantity(ejGet(O,"unit")))
	    .	                                               ^
[Warning] Compiler: Variable 'E' defined but not used. Prefix variable name
with underscore if this is intentional.
	Source(/home/charl/Moriarty/experiments/moriarty-language/formal/k/lifecycle-infer.k)
	Location(145,46,145,47)
	145 |	  rule lxPrimitiveType("ReadPrincipal",O,S,_,E,T) =>
lxTypeIf(lxFirst("",lxFirst(lxCheck(ejAt(T,0) ==K
lxType("Text"),"TYPE_MISMATCH"),lxCheck(lxIn(ejGet(O,"unit"),ejGet(S,"units")),"TYPE_NAME"))),lcQuantity(ejGet(O,"unit")))
	    .	                                             ^
[Warning] Compiler: Variable 'E' defined but not used. Prefix variable name
with underscore if this is intentional.
	Source(/home/charl/Moriarty/experiments/moriarty-language/formal/k/lifecycle-infer.k)
	Location(146,44,146,45)
	146 |	  rule lxPrimitiveType("ReadAccrued",O,S,_,E,T) =>
lxTypeIf(lxFirst("",lxFirst(lxCheck(ejAt(T,0) ==K
lxType("Text"),"TYPE_MISMATCH"),lxCheck(lxIn(ejGet(O,"unit"),ejGet(S,"units")),"TYPE_NAME"))),lcQuantity(ejGet(O,"unit")))
	    .	                                           ^
[Warning] Compiler: Variable 'E' defined but not used. Prefix variable name
with underscore if this is intentional.
	Source(/home/charl/Moriarty/experiments/moriarty-language/formal/k/lifecycle-infer.k)
	Location(147,44,147,45)
	147 |	  rule lxPrimitiveType("ReadBalance",O,S,_,E,T) =>
lxTypeIf(lxFirst("",lxFirst(lxCheck(ejAt(T,0) ==K
lxType("Text"),"TYPE_MISMATCH"),lxCheck(lxIn(ejGet(O,"asset"),ejGet(S,"assets")),"TYPE_NAME"))),lxType("Amount",ejGet(O,"asset")))
	    .	                                           ^
[Warning] Compiler: Variable 'E' defined but not used. Prefix variable name
with underscore if this is intentional.
	Source(/home/charl/Moriarty/experiments/moriarty-language/formal/k/lifecycle-infer.k)
	Location(148,55,148,56)
	148 |	  rule lxPrimitiveType("ReadAllowanceRemaining",O,S,_,E,T) =>
lxTypeIf(lxFirst("",lxFirst(lxCheck(ejAt(T,0) ==K
lxType("Text"),"TYPE_MISMATCH"),lxCheck(lxIn(ejGet(O,"asset"),ejGet(S,"assets")),"TYPE_NAME"))),lxType("Amount",ejGet(O,"asset")))
	    .	                                                      ^
[Warning] Compiler: Variable 'E' defined but not used. Prefix variable name
with underscore if this is intentional.
	Source(/home/charl/Moriarty/experiments/moriarty-language/formal/k/lifecycle-infer.k)
	Location(149,51,149,52)
	149 |	  rule lxPrimitiveType("ReadAllowanceSpent",O,S,_,E,T) =>
lxTypeIf(lxFirst("",lxFirst(lxCheck(ejAt(T,0) ==K
lxType("Text"),"TYPE_MISMATCH"),lxCheck(lxIn(ejGet(O,"asset"),ejGet(S,"assets")),"TYPE_NAME"))),lxType("Amount",ejGet(O,"asset")))
	    .	                                                  ^
[Warning] Compiler: Variable 'A' defined but not used. Prefix variable name
with underscore if this is intentional.
	Source(/home/charl/Moriarty/experiments/moriarty-language/formal/k/lifecycle-kernel.k)
	Location(27,28,27,29)
	27 |	  rule lcTransferChecked(C,A,S,T,B,H,R) => lcFailed(C) requires C
=/=String ""
	   .	                           ^
[Warning] Compiler: Variable 'S' defined but not used. Prefix variable name
with underscore if this is intentional.
	Source(/home/charl/Moriarty/experiments/moriarty-language/formal/k/lifecycle-kernel.k)
	Location(27,30,27,31)
	27 |	  rule lcTransferChecked(C,A,S,T,B,H,R) => lcFailed(C) requires C
=/=String ""
	   .	                             ^
[Warning] Compiler: Variable 'T' defined but not used. Prefix variable name
with underscore if this is intentional.
	Source(/home/charl/Moriarty/experiments/moriarty-language/formal/k/lifecycle-kernel.k)
	Location(27,32,27,33)
	27 |	  rule lcTransferChecked(C,A,S,T,B,H,R) => lcFailed(C) requires C
=/=String ""
	   .	                               ^
[Warning] Compiler: Variable 'B' defined but not used. Prefix variable name
with underscore if this is intentional.
	Source(/home/charl/Moriarty/experiments/moriarty-language/formal/k/lifecycle-kernel.k)
	Location(27,34,27,35)
	27 |	  rule lcTransferChecked(C,A,S,T,B,H,R) => lcFailed(C) requires C
=/=String ""
	   .	                                 ^
[Warning] Compiler: Variable 'H' defined but not used. Prefix variable name
with underscore if this is intentional.
	Source(/home/charl/Moriarty/experiments/moriarty-language/formal/k/lifecycle-kernel.k)
	Location(27,36,27,37)
	27 |	  rule lcTransferChecked(C,A,S,T,B,H,R) => lcFailed(C) requires C
=/=String ""
	   .	                                   ^
[Warning] Compiler: Variable 'R' defined but not used. Prefix variable name
with underscore if this is intentional.
	Source(/home/charl/Moriarty/experiments/moriarty-language/formal/k/lifecycle-kernel.k)
	Location(27,38,27,39)
	27 |	  rule lcTransferChecked(C,A,S,T,B,H,R) => lcFailed(C) requires C
=/=String ""
	   .	                                     ^
[Warning] Compiler: Variable 'A' defined but not used. Prefix variable name
with underscore if this is intentional.
	Source(/home/charl/Moriarty/experiments/moriarty-language/formal/k/lifecycle-kernel.k)
	Location(32,29,32,30)
	32 |	  rule lcOriginateChecked(C,A,S,T,F) => lcFailed(C) requires C =/=String
""
	   .	                            ^
[Warning] Compiler: Variable 'S' defined but not used. Prefix variable name
with underscore if this is intentional.
	Source(/home/charl/Moriarty/experiments/moriarty-language/formal/k/lifecycle-kernel.k)
	Location(32,31,32,32)
	32 |	  rule lcOriginateChecked(C,A,S,T,F) => lcFailed(C) requires C =/=String
""
	   .	                              ^
[Warning] Compiler: Variable 'T' defined but not used. Prefix variable name
with underscore if this is intentional.
	Source(/home/charl/Moriarty/experiments/moriarty-language/formal/k/lifecycle-kernel.k)
	Location(32,33,32,34)
	32 |	  rule lcOriginateChecked(C,A,S,T,F) => lcFailed(C) requires C =/=String
""
	   .	                                ^
[Warning] Compiler: Variable 'F' defined but not used. Prefix variable name
with underscore if this is intentional.
	Source(/home/charl/Moriarty/experiments/moriarty-language/formal/k/lifecycle-kernel.k)
	Location(32,35,32,36)
	32 |	  rule lcOriginateChecked(C,A,S,T,F) => lcFailed(C) requires C =/=String
""
	   .	                                  ^
[Warning] Compiler: Variable 'A' defined but not used. Prefix variable name
with underscore if this is intentional.
	Source(/home/charl/Moriarty/experiments/moriarty-language/formal/k/lifecycle-kernel.k)
	Location(37,26,37,27)
	37 |	  rule lcAccrueChecked(C,A,S,T,O) => lcFailed(C) requires C =/=String ""
	   .	                         ^
[Warning] Compiler: Variable 'S' defined but not used. Prefix variable name
with underscore if this is intentional.
	Source(/home/charl/Moriarty/experiments/moriarty-language/formal/k/lifecycle-kernel.k)
	Location(37,28,37,29)
	37 |	  rule lcAccrueChecked(C,A,S,T,O) => lcFailed(C) requires C =/=String ""
	   .	                           ^
[Warning] Compiler: Variable 'T' defined but not used. Prefix variable name
with underscore if this is intentional.
	Source(/home/charl/Moriarty/experiments/moriarty-language/formal/k/lifecycle-kernel.k)
	Location(37,30,37,31)
	37 |	  rule lcAccrueChecked(C,A,S,T,O) => lcFailed(C) requires C =/=String ""
	   .	                             ^
[Warning] Compiler: Variable 'O' defined but not used. Prefix variable name
with underscore if this is intentional.
	Source(/home/charl/Moriarty/experiments/moriarty-language/formal/k/lifecycle-kernel.k)
	Location(37,32,37,33)
	37 |	  rule lcAccrueChecked(C,A,S,T,O) => lcFailed(C) requires C =/=String ""
	   .	                               ^
[Warning] Compiler: Variable 'P' defined but not used. Prefix variable name
with underscore if this is intentional.
	Source(/home/charl/Moriarty/experiments/moriarty-language/formal/k/lifecycle-kernel.k)
	Location(40,51,40,52)
	40 |	  rule lcPrincipalPart(ejString("AccrualFirst"),N,P,A) => N -Int
minInt(N,A)
	   .	                                                  ^
[Warning] Compiler: Variable 'A' defined but not used. Prefix variable name
with underscore if this is intentional.
	Source(/home/charl/Moriarty/experiments/moriarty-language/formal/k/lifecycle-kernel.k)
	Location(53,25,53,26)
	53 |	  rule lcRepayChecked(C,A,S,T,O,F) => lcFailed(C) requires C =/=String ""
	   .	                        ^
[Warning] Compiler: Variable 'S' defined but not used. Prefix variable name
with underscore if this is intentional.
	Source(/home/charl/Moriarty/experiments/moriarty-language/formal/k/lifecycle-kernel.k)
	Location(53,27,53,28)
	53 |	  rule lcRepayChecked(C,A,S,T,O,F) => lcFailed(C) requires C =/=String ""
	   .	                          ^
[Warning] Compiler: Variable 'T' defined but not used. Prefix variable name
with underscore if this is intentional.
	Source(/home/charl/Moriarty/experiments/moriarty-language/formal/k/lifecycle-kernel.k)
	Location(53,29,53,30)
	53 |	  rule lcRepayChecked(C,A,S,T,O,F) => lcFailed(C) requires C =/=String ""
	   .	                            ^
[Warning] Compiler: Variable 'O' defined but not used. Prefix variable name
with underscore if this is intentional.
	Source(/home/charl/Moriarty/experiments/moriarty-language/formal/k/lifecycle-kernel.k)
	Location(53,31,53,32)
	53 |	  rule lcRepayChecked(C,A,S,T,O,F) => lcFailed(C) requires C =/=String ""
	   .	                              ^
[Warning] Compiler: Variable 'F' defined but not used. Prefix variable name
with underscore if this is intentional.
	Source(/home/charl/Moriarty/experiments/moriarty-language/formal/k/lifecycle-kernel.k)
	Location(53,33,53,34)
	53 |	  rule lcRepayChecked(C,A,S,T,O,F) => lcFailed(C) requires C =/=String ""
	   .	                                ^
[Warning] Compiler: Non exhaustive match detected:
`lxDeclarations(_,_)_MORIARTY-LIFECYCLE-EXPRESSION-SCHEMA_Int_EJSON_EJList`(_,ejCons(ejNull(.KList),_))
	Source(/home/charl/Moriarty/experiments/moriarty-language/formal/k/lifecycle-schema.k)
	Location(31,18,31,64)
	31 |	  syntax Int ::= lxDeclarations(EJSON,EJList) [function, total]
	   .	                 ^~~~~~~~~~~~~~~~~~~~~~~~~~~~~~~~~~~~~~~~~~~~~~
[Warning] Compiler: Non exhaustive match detected:
`lxDefinitions(_,_)_MORIARTY-LIFECYCLE-EXPRESSION-SCHEMA_String_EJSON_EJList`(_,ejCons(ejNull(.KList),_))
	Source(/home/charl/Moriarty/experiments/moriarty-language/formal/k/lifecycle-schema.k)
	Location(76,21,76,66)
	76 |	  syntax String ::= lxDefinitions(EJSON,EJList) [function, total]
	   .	                    ^~~~~~~~~~~~~~~~~~~~~~~~~~~~~~~~~~~~~~~~~~~~~
[Warning] Compiler: Non exhaustive match detected:
`lxCycleDefinitions(_,_)_MORIARTY-LIFECYCLE-EXPRESSION-SCHEMA_String_EJSON_EJList`(_,ejCons(ejNull(.KList),_))
	Source(/home/charl/Moriarty/experiments/moriarty-language/formal/k/lifecycle-schema.k)
	Location(78,21,78,71)
	78 |	                  | lxCycleDefinitions(EJSON,EJList) [function, total]
	   .	                    ^~~~~~~~~~~~~~~~~~~~~~~~~~~~~~~~~~~~~~~~~~~~~~~~~~
[Warning] Compiler: Non exhaustive match detected:
`lxCycleFieldList(_,_,_)_MORIARTY-LIFECYCLE-EXPRESSION-SCHEMA_String_EJSON_EJList_EJList`(_,ejCons(ejNull(.KList),_),_)
	Source(/home/charl/Moriarty/experiments/moriarty-language/formal/k/lifecycle-schema.k)
	Location(82,21,82,76)
	82 |	                  | lxCycleFieldList(EJSON,EJList,EJList) [function,
total]
	   .	                   
^~~~~~~~~~~~~~~~~~~~~~~~~~~~~~~~~~~~~~~~~~~~~~~~~~~~~~~
[Warning] Compiler: Non exhaustive match detected:
`lcDistinctTypes(_)_MORIARTY-LIFECYCLE-EXPRESSION-SCHEMA_Bool_EJList`(ejCons(ejNull(.KList),_))
	Source(/home/charl/Moriarty/experiments/moriarty-language/formal/k/lifecycle-schema.k)
	Location(113,19,113,60)
	113 |	  syntax Bool ::= lcDistinctTypes(EJList) [function, total] |
lcAbsentType(EJSON,EJList) [function, total]
	    .	                  ^~~~~~~~~~~~~~~~~~~~~~~~~~~~~~~~~~~~~~~~~
[Warning] Compiler: Non exhaustive match detected:
`lcAbsentType(_,_)_MORIARTY-LIFECYCLE-EXPRESSION-SCHEMA_Bool_EJSON_EJList`(_,ejCons(ejNull(.KList),_))
	Source(/home/charl/Moriarty/experiments/moriarty-language/formal/k/lifecycle-schema.k)
	Location(113,63,113,107)
	113 |	  syntax Bool ::= lcDistinctTypes(EJList) [function, total] |
lcAbsentType(EJSON,EJList) [function, total]
	    .	                                                             
^~~~~~~~~~~~~~~~~~~~~~~~~~~~~~~~~~~~~~~~~~~~
[Warning] Compiler: Variable 'T' defined but not used. Prefix variable name
with underscore if this is intentional.
	Source(/home/charl/Moriarty/experiments/moriarty-language/formal/k/lifecycle-types.k)
	Location(22,15,22,16)
	22 |	  rule lxFits(T,V) => lxDecimal(V) andBool lxInt(V) >=Int 0 andBool
lxInt(V) <Int (2 ^Int 128) [owise]
	   .	              ^
[Warning] Compiler: Non exhaustive match detected:
`lxFieldTypeList(_)_MORIARTY-LIFECYCLE-EXPRESSION-V1_EJList_EJList`(ejCons(ejNull(.KList),_))
	Source(/home/charl/Moriarty/experiments/moriarty-language/formal/k/lifecycle-v1.k)
	Location(101,21,101,62)
	101 |	  syntax EJList ::= lxFieldTypeList(EJList) [function, total]
	    .	                    ^~~~~~~~~~~~~~~~~~~~~~~~~~~~~~~~~~~~~~~~~
[Warning] Compiler: Non exhaustive match detected:
`lcJsonUnits(_)_MORIARTY-LIFECYCLE-EXPRESSION-V1_Int_EJSON`(lcJSONPair(_,_))
	Source(/home/charl/Moriarty/experiments/moriarty-language/formal/k/lifecycle-v1.k)
	Location(278,18,278,54)
	278 |	  syntax Int ::= lcJsonUnits(EJSON) [function, total] |
lcListUnits(EJList) [function, total] | lcQuotedUnits(String) [function, total]
| lcEscapedUnits(Int) [function, total]
	    .	                 ^~~~~~~~~~~~~~~~~~~~~~~~~~~~~~~~~~~~
[Warning] Compiler: Non exhaustive match detected:
`lxChildShapes(_,_)_MORIARTY-LIFECYCLE-EXPRESSION-VALUES_String_EJSON_EJList`(_,ejCons(ejNull(.KList),_))
	Source(/home/charl/Moriarty/experiments/moriarty-language/formal/k/lifecycle-values.k)
	Location(8,21,8,66)
	8 |	                  | lxChildShapes(EJSON,EJList) [function, total]
	  .	                    ^~~~~~~~~~~~~~~~~~~~~~~~~~~~~~~~~~~~~~~~~~~~~
[Warning] Compiler: Non exhaustive match detected:
`lxChildDomains(_,_,_)_MORIARTY-LIFECYCLE-EXPRESSION-VALUES_String_EJSON_EJList_String`(_,ejCons(ejNull(.KList),_),_)
	Source(/home/charl/Moriarty/experiments/moriarty-language/formal/k/lifecycle-values.k)
	Location(9,21,9,74)
	9 |	                  | lxChildDomains(EJSON,EJList,String) [function, total]
	  .	                    ^~~~~~~~~~~~~~~~~~~~~~~~~~~~~~~~~~~~~~~~~~~~~~~~~~~~~
[Warning] Compiler: Non exhaustive match detected:
`lxRecordChildList(_,_)_MORIARTY-LIFECYCLE-EXPRESSION-VALUES_EJList_EJList_EJSON`(ejCons(ejNull(.KList),_),_)
	Source(/home/charl/Moriarty/experiments/moriarty-language/formal/k/lifecycle-values.k)
	Location(12,21,12,70)
	12 |	                  | lxRecordChildList(EJList,EJSON) [function, total]
	   .	                    ^~~~~~~~~~~~~~~~~~~~~~~~~~~~~~~~~~~~~~~~~~~~~~~~~
[Warning] Compiler: Non exhaustive match detected:
`lxKeyList(_)_MORIARTY-LIFECYCLE-EXPRESSION-VALUES_EJList_EJList`(ejCons(ejNull(.KList),_))
	Source(/home/charl/Moriarty/experiments/moriarty-language/formal/k/lifecycle-values.k)
	Location(26,21,26,56)
	26 |	                  | lxKeyList(EJList) [function, total]
	   .	                    ^~~~~~~~~~~~~~~~~~~~~~~~~~~~~~~~~~~
[Warning] Compiler: Non exhaustive match detected:
`lxChildrenNodes(_,_)_MORIARTY-LIFECYCLE-EXPRESSION-VALUES_Int_EJSON_EJList`(_,ejCons(ejNull(.KList),_))
	Source(/home/charl/Moriarty/experiments/moriarty-language/formal/k/lifecycle-values.k)
	Location(53,18,53,65)
	53 |	               | lxChildrenNodes(EJSON,EJList) [function, total]
	   .	                 ^~~~~~~~~~~~~~~~~~~~~~~~~~~~~~~~~~~~~~~~~~~~~~~
[Warning] Compiler: Non exhaustive match detected:
`lxChildrenDepth(_,_)_MORIARTY-LIFECYCLE-EXPRESSION-VALUES_Int_EJSON_EJList`(_,ejCons(ejNull(.KList),_))
	Source(/home/charl/Moriarty/experiments/moriarty-language/formal/k/lifecycle-values.k)
	Location(54,18,54,65)
	54 |	               | lxChildrenDepth(EJSON,EJList) [function, total]
	   .	                 ^~~~~~~~~~~~~~~~~~~~~~~~~~~~~~~~~~~~~~~~~~~~~~~
[Warning] Compiler: Non exhaustive match detected:
`lxIndividualBounds(_,_,_)_MORIARTY-LIFECYCLE-EXPRESSION-VALUES_String_EJSON_EJList_String`(_,ejCons(ejNull(.KList),_),_)
	Source(/home/charl/Moriarty/experiments/moriarty-language/formal/k/lifecycle-values.k)
	Location(64,21,64,78)
	64 |	                  | lxIndividualBounds(EJSON,EJList,String) [function,
total]
	   .	                   
^~~~~~~~~~~~~~~~~~~~~~~~~~~~~~~~~~~~~~~~~~~~~~~~~~~~~~~~~
[Warning] Compiler: Non exhaustive match detected:
`lxJsonBytes(_)_MORIARTY-LIFECYCLE-EXPRESSION-WIRE_Int_EJSON`(lcJSONPair(_,_))
	Source(/home/charl/Moriarty/experiments/moriarty-language/formal/k/lifecycle-wire.k)
	Location(38,18,38,54)
	38 |	               | lxJsonBytes(EJSON) [function, total]
	   .	                 ^~~~~~~~~~~~~~~~~~~~~~~~~~~~~~~~~~~~
