[Warning] Compiler: Non exhaustive match detected:
`exTypePrepend(_,_)_MORIARTY-EXPRESSION-INFER_EXInference_EXInference_EXInference`(`exTypedList(_)_MORIARTY-EXPRESSION-INFER_EXInference_EJList`(_),_)
	Source(/home/charl/Moriarty/experiments/moriarty-language/formal/k/expression-infer.k)
	Location(11,26,11,82)
	11 |	                       | exTypePrepend(EXInference,EXInference)
[function, total]
	   .	                        
^~~~~~~~~~~~~~~~~~~~~~~~~~~~~~~~~~~~~~~~~~~~~~~~~~~~~~~~
[Warning] Compiler: Non exhaustive match detected:
`exInferFinish(_,_,_,_,_,_,_,_)_MORIARTY-EXPRESSION-INFER_EXInference_EXInference_String_EJSON_EJSON_EJSON_Bool_EJSON_EJList`(`exTyped(_)_MORIARTY-EXPRESSION-INFER_EXInference_EJSON`(_),_,_,_,_,_,_,_)
	Source(/home/charl/Moriarty/experiments/moriarty-language/formal/k/expression-infer.k)
	Location(12,26,12,113)
	12 |	                       |
exInferFinish(EXInference,String,EJSON,EJSON,EJSON,Bool,EJSON,EJList)
[function, total]
	   .	                        
^~~~~~~~~~~~~~~~~~~~~~~~~~~~~~~~~~~~~~~~~~~~~~~~~~~~~~~~~~~~~~~~~~~~~~~~~~~~~~~~~~~~~~~
[Warning] Compiler: Non exhaustive match detected:
`exTypeSite(_,_,_)_MORIARTY-EXPRESSION-INFER_EXInference_EXInference_EJSON_EJList`(`exTypedList(_)_MORIARTY-EXPRESSION-INFER_EXInference_EJList`(_),_,_)
	Source(/home/charl/Moriarty/experiments/moriarty-language/formal/k/expression-infer.k)
	Location(13,26,13,80)
	13 |	                       | exTypeSite(EXInference,EJSON,EJList) [function,
total]
	   .	                        
^~~~~~~~~~~~~~~~~~~~~~~~~~~~~~~~~~~~~~~~~~~~~~~~~~~~~~
[Warning] Compiler: Non exhaustive match detected:
`exBinderMaps(_,_,_)_MORIARTY-EXPRESSION-INFER_String_EJSON_EJSON_EJList`(_,_,ejCons(ejNull(.KList),_))
	Source(/home/charl/Moriarty/experiments/moriarty-language/formal/k/expression-infer.k)
	Location(48,21,48,71)
	48 |	                  | exBinderMaps(EJSON,EJSON,EJList) [function, total]
	   .	                    ^~~~~~~~~~~~~~~~~~~~~~~~~~~~~~~~~~~~~~~~~~~~~~~~~~
[Warning] Compiler: Non exhaustive match detected:
`exSignedUnits(_,_)_MORIARTY-EXPRESSION-INFER_EJList_EJList_Int`(ejCons(ejNull(.KList),_),_)
	Source(/home/charl/Moriarty/experiments/moriarty-language/formal/k/expression-infer.k)
	Location(139,21,139,64)
	139 |	                  | exSignedUnits(EJList,Int) [function, total]
	    .	                    ^~~~~~~~~~~~~~~~~~~~~~~~~~~~~~~~~~~~~~~~~~~
[Warning] Compiler: Non exhaustive match detected:
`exDeclarations(_,_)_MORIARTY-EXPRESSION-SCHEMA_Int_EJSON_EJList`(_,ejCons(ejNull(.KList),_))
	Source(/home/charl/Moriarty/experiments/moriarty-language/formal/k/expression-schema.k)
	Location(30,18,30,64)
	30 |	  syntax Int ::= exDeclarations(EJSON,EJList) [function, total]
	   .	                 ^~~~~~~~~~~~~~~~~~~~~~~~~~~~~~~~~~~~~~~~~~~~~~
[Warning] Compiler: Non exhaustive match detected:
`exDefinitions(_,_)_MORIARTY-EXPRESSION-SCHEMA_String_EJSON_EJList`(_,ejCons(ejNull(.KList),_))
	Source(/home/charl/Moriarty/experiments/moriarty-language/formal/k/expression-schema.k)
	Location(75,21,75,66)
	75 |	  syntax String ::= exDefinitions(EJSON,EJList) [function, total]
	   .	                    ^~~~~~~~~~~~~~~~~~~~~~~~~~~~~~~~~~~~~~~~~~~~~
[Warning] Compiler: Non exhaustive match detected:
`exCycleDefinitions(_,_)_MORIARTY-EXPRESSION-SCHEMA_String_EJSON_EJList`(_,ejCons(ejNull(.KList),_))
	Source(/home/charl/Moriarty/experiments/moriarty-language/formal/k/expression-schema.k)
	Location(77,21,77,71)
	77 |	                  | exCycleDefinitions(EJSON,EJList) [function, total]
	   .	                    ^~~~~~~~~~~~~~~~~~~~~~~~~~~~~~~~~~~~~~~~~~~~~~~~~~
[Warning] Compiler: Non exhaustive match detected:
`exCycleFieldList(_,_,_)_MORIARTY-EXPRESSION-SCHEMA_String_EJSON_EJList_EJList`(_,ejCons(ejNull(.KList),_),_)
	Source(/home/charl/Moriarty/experiments/moriarty-language/formal/k/expression-schema.k)
	Location(81,21,81,76)
	81 |	                  | exCycleFieldList(EJSON,EJList,EJList) [function,
total]
	   .	                   
^~~~~~~~~~~~~~~~~~~~~~~~~~~~~~~~~~~~~~~~~~~~~~~~~~~~~~~
[Warning] Compiler: Variable 'T' defined but not used. Prefix variable name
with underscore if this is intentional.
	Source(/home/charl/Moriarty/experiments/moriarty-language/formal/k/expression-types.k)
	Location(21,15,21,16)
	21 |	  rule exFits(T,V) => exDecimal(V) andBool exInt(V) >=Int 0 andBool
exInt(V) <Int (2 ^Int 128) [owise]
	   .	              ^
[Warning] Compiler: Non exhaustive match detected:
`exFieldTypeList(_)_MORIARTY-EXPRESSION-V1_EJList_EJList`(ejCons(ejNull(.KList),_))
	Source(/home/charl/Moriarty/experiments/moriarty-language/formal/k/expression-v1.k)
	Location(86,21,86,62)
	86 |	  syntax EJList ::= exFieldTypeList(EJList) [function, total]
	   .	                    ^~~~~~~~~~~~~~~~~~~~~~~~~~~~~~~~~~~~~~~~~
[Warning] Compiler: Non exhaustive match detected:
`exChildShapes(_,_)_MORIARTY-EXPRESSION-VALUES_String_EJSON_EJList`(_,ejCons(ejNull(.KList),_))
	Source(/home/charl/Moriarty/experiments/moriarty-language/formal/k/expression-values.k)
	Location(7,21,7,66)
	7 |	                  | exChildShapes(EJSON,EJList) [function, total]
	  .	                    ^~~~~~~~~~~~~~~~~~~~~~~~~~~~~~~~~~~~~~~~~~~~~
[Warning] Compiler: Non exhaustive match detected:
`exChildDomains(_,_,_)_MORIARTY-EXPRESSION-VALUES_String_EJSON_EJList_String`(_,ejCons(ejNull(.KList),_),_)
	Source(/home/charl/Moriarty/experiments/moriarty-language/formal/k/expression-values.k)
	Location(8,21,8,74)
	8 |	                  | exChildDomains(EJSON,EJList,String) [function, total]
	  .	                    ^~~~~~~~~~~~~~~~~~~~~~~~~~~~~~~~~~~~~~~~~~~~~~~~~~~~~
[Warning] Compiler: Non exhaustive match detected:
`exRecordChildList(_,_)_MORIARTY-EXPRESSION-VALUES_EJList_EJList_EJSON`(ejCons(ejNull(.KList),_),_)
	Source(/home/charl/Moriarty/experiments/moriarty-language/formal/k/expression-values.k)
	Location(11,21,11,70)
	11 |	                  | exRecordChildList(EJList,EJSON) [function, total]
	   .	                    ^~~~~~~~~~~~~~~~~~~~~~~~~~~~~~~~~~~~~~~~~~~~~~~~~
[Warning] Compiler: Non exhaustive match detected:
`exKeyList(_)_MORIARTY-EXPRESSION-VALUES_EJList_EJList`(ejCons(ejNull(.KList),_))
	Source(/home/charl/Moriarty/experiments/moriarty-language/formal/k/expression-values.k)
	Location(25,21,25,56)
	25 |	                  | exKeyList(EJList) [function, total]
	   .	                    ^~~~~~~~~~~~~~~~~~~~~~~~~~~~~~~~~~~
[Warning] Compiler: Non exhaustive match detected:
`exChildrenNodes(_,_)_MORIARTY-EXPRESSION-VALUES_Int_EJSON_EJList`(_,ejCons(ejNull(.KList),_))
	Source(/home/charl/Moriarty/experiments/moriarty-language/formal/k/expression-values.k)
	Location(52,18,52,65)
	52 |	               | exChildrenNodes(EJSON,EJList) [function, total]
	   .	                 ^~~~~~~~~~~~~~~~~~~~~~~~~~~~~~~~~~~~~~~~~~~~~~~
[Warning] Compiler: Non exhaustive match detected:
`exChildrenDepth(_,_)_MORIARTY-EXPRESSION-VALUES_Int_EJSON_EJList`(_,ejCons(ejNull(.KList),_))
	Source(/home/charl/Moriarty/experiments/moriarty-language/formal/k/expression-values.k)
	Location(53,18,53,65)
	53 |	               | exChildrenDepth(EJSON,EJList) [function, total]
	   .	                 ^~~~~~~~~~~~~~~~~~~~~~~~~~~~~~~~~~~~~~~~~~~~~~~
[Warning] Compiler: Non exhaustive match detected:
`exIndividualBounds(_,_,_)_MORIARTY-EXPRESSION-VALUES_String_EJSON_EJList_String`(_,ejCons(ejNull(.KList),_),_)
	Source(/home/charl/Moriarty/experiments/moriarty-language/formal/k/expression-values.k)
	Location(63,21,63,78)
	63 |	                  | exIndividualBounds(EJSON,EJList,String) [function,
total]
	   .	                   
^~~~~~~~~~~~~~~~~~~~~~~~~~~~~~~~~~~~~~~~~~~~~~~~~~~~~~~~~
