PASS baseline full result
PASS field order produces same Core
PASS mutating inspected Core cannot change recompilation
PASS malformed serialized Core is not source
PASS objects and proxies trigger no source/invocation getters
PASS source selection changes Transfer and debt independently
PASS unselected unsupported action rejects
PASS reversed emissions reject before any funding
PASS late third emission failure exposes no partial result
PASS multiple allocations consume shared Transfer once
PASS every Repay nominal witness is bound after tentative success
PASS distinct nominal unit and asset retain conversion
PASS dynamic Asset binding rejects Amount with same underlying unit
PASS kernel error precedes nominal mismatch
PASS settlement mismatch precedes malformed kernel state
PASS unrelated fields arrays order and settled duty retained
PASS malformed unrelated duty rejects whole result
PASS post-state replay cannot discharge twice
PASS caller JSON remains reusable after late failure
PASS conversion none
PASS conversion floor
PASS conversion ceil
PASS conversion dust cannot discharge nominal debt
PASS ProRata remains kernel allocation
PASS empty action
PASS missing field
PASS effect type parameter
PASS unit as term
PASS term shadow
PASS builtin shadow
PASS unknown asset unit
PASS bare string
PASS unary
PASS comparison
PASS numeric constructor coercion
PASS bare UInt cannot be Amount
PASS boolean cannot be Amount
PASS escaped ID newline
PASS naked principal subtraction
PASS trailing input
PASS number amount
PASS amount newline
PASS type extra key
PASS state extra key
PASS state missing key
PASS invalid nested conversion
PASS collection over capacity
PASS allocation tombstone capacity after Transfer
PASS insufficient work cannot spend reserve
PASS prototype JSON extra key
PASS 64 parameters admitted and 65 rejected
PASS 128 emissions admitted and 129 rejected
PASS exact source byte bound admitted
PASS source multibyte bound rejects before parsing
PASS exact invocation byte bound admitted
PASS invocation multibyte bound rejects before JSON
PASS actual CLI complete fixture matches oracle
PASS actual CLI edited source changes result
PASS actual CLI usage
PASS actual CLI directory
PASS actual CLI device
PASS actual CLI missing
PASS actual CLI oversized file
PASS actual CLI invalid UTF8
64 fresh reviewer-authored adversarial probes passed
