✔ loan-lifecycle source checks four actions and frozen constructor counts (30.137347ms)
✔ complete source lifecycle matches the independent oracle with actual predecessor posts (55.567192ms)
✔ named kernel and source failures publish no candidate and preserve the predecessor (161.645172ms)
✔ exact work W succeeds remaining 0; W-1, prefix+N-1 and prefix+N reject without output (153.945818ms)
✔ ordinary phase offset survives every stage and unrelated obligation histories append (49.099687ms)
✔ malformed unrelated allowance is admission rejection, not a lifecycle continuation (4.568281ms)
✔ demo captures actual inputs, duplicate accrual and failed settled payment (50.190641ms)
✔ example import has no command or stream side effects (107.353561ms)
✖ CLI check, format and originate simulate match the public API (144.895851ms)
ℹ tests 9
ℹ suites 0
ℹ pass 8
ℹ fail 1
ℹ cancelled 0
ℹ skipped 0
ℹ todo 0
ℹ duration_ms 762.827065

✖ failing tests:

test at experiments/moriarty-language/tests/loan-lifecycle.test.mjs:511:1
✖ CLI check, format and originate simulate match the public API (144.895851ms)
  AssertionError [ERR_ASSERTION]: Expected values to be strictly equal:
  + actual - expected
  
  + ''
  - '{"judgmentResult":"SourceChecked","sourceProfile":"moriarty-financial-agreement-source/5","actions":[{"action":"originate","staticWorkBound":"97"},{"action":"accrue","staticWorkBound":"64"},{"action":"repay","staticWorkBound":"86"},{"action":"settle","staticWorkBound":"84"}]}\n'
  
      at TestContext.<anonymous> (file:///home/charl/Moriarty-wt-moriarty-ll-loop-20260912-implement-authority-fee-binding/experiments/moriarty-language/tests/loan-lifecycle.test.mjs:519:10)
      at Test.runInAsyncScope (node:async_hooks:227:14)
      at Test.run (node:internal/test_runner/test:1325:25)
      at Test.processPendingSubtests (node:internal/test_runner/test:911:18)
      at Test.postRun (node:internal/test_runner/test:1465:19)
      at Test.run (node:internal/test_runner/test:1390:12)
      at async Test.processPendingSubtests (node:internal/test_runner/test:911:7) {
    generatedMessage: true,
    code: 'ERR_ASSERTION',
    actual: '',
    expected: '{"judgmentResult":"SourceChecked","sourceProfile":"moriarty-financial-agreement-source/5","actions":[{"action":"originate","staticWorkBound":"97"},{"action":"accrue","staticWorkBound":"64"},{"action":"repay","staticWorkBound":"86"},{"action":"settle","staticWorkBound":"84"}]}\n',
    operator: 'strictEqual',
    diff: 'simple'
  }
