✔ /2 authority is required and preserved, /1 remains accepted (3.844367ms)
✔ authority rejects malformed commitments and identical role parties (0.217243ms)
✔ Fee stays distinct and debits balance, allowance and work (0.444161ms)
✔ Fee cannot fund an Originate (25.81321ms)
✔ gross debit cannot be erased by a refund (0.164123ms)
✔ zero Fee without cap rejects before kernel (0.345309ms)
✔ net goal includes Fee and passes exactly at boundary (0.184674ms)
✔ self fee counts both sides and missing sums are zero (0.10417ms)
✔ checked sum and debit plus minimum overflow reject (0.129465ms)
✔ assets are independent and nonmonetary effects do not count (0.148698ms)
✔ /6 public evaluator lowers Fee to Core /5 and checks the net goal atomically (31.469113ms)
✔ exact quantum conversion rejects nondivisibility and overflow (0.511649ms)
✔ malformed effects cannot disappear from the outcome check (0.087679ms)
✔ authority role substitution rejects before publishing debt (18.72619ms)
✔ /6 parser preserves Unicode spans and profile-looking comments (13.959586ms)
✔ /6 rejects /1 state, duplicate Fee IDs and unknown debit actors (9.960098ms)
✔ self Fee preserves balance and still consumes gross allowance (1.255209ms)
ℹ tests 17
ℹ suites 0
ℹ pass 17
ℹ fail 0
ℹ cancelled 0
ℹ skipped 0
ℹ todo 0
ℹ duration_ms 113.494722
