TAP version 13
# Subtest: independent loan floor interest and cash totals match fixture
ok 1 - independent loan floor interest and cash totals match fixture
  ---
  duration_ms: 1.167839
  type: 'test'
  ...
# Subtest: independent swap floor output fee and reserves match fixture
ok 2 - independent swap floor output fee and reserves match fixture
  ---
  duration_ms: 0.156427
  type: 'test'
  ...
# Subtest: identical valid records compare ok and still report incomplete network evidence
ok 3 - identical valid records compare ok and still report incomplete network evidence
  ---
  duration_ms: 8.563571
  type: 'test'
  ...
# Subtest: wrong payee fails
ok 4 - wrong payee fails
  ---
  duration_ms: 1.762012
  type: 'test'
  ...
# Subtest: wrong color fails
ok 5 - wrong color fails
  ---
  duration_ms: 2.048812
  type: 'test'
  ...
# Subtest: wrong quantum fails
ok 6 - wrong quantum fails
  ---
  duration_ms: 1.270209
  type: 'test'
  ...
# Subtest: wrong denomination fails
ok 7 - wrong denomination fails
  ---
  duration_ms: 1.282786
  type: 'test'
  ...
# Subtest: omitted transfer fails
ok 8 - omitted transfer fails
  ---
  duration_ms: 1.82136
  type: 'test'
  ...
# Subtest: extra output fails
ok 9 - extra output fails
  ---
  duration_ms: 3.280645
  type: 'test'
  ...
# Subtest: duplicate identity fails
ok 10 - duplicate identity fails
  ---
  duration_ms: 1.310583
  type: 'test'
  ...
# Subtest: missing remaining 4500000000 debt fails
ok 11 - missing remaining 4500000000 debt fails
  ---
  duration_ms: 0.861769
  type: 'test'
  ...
# Subtest: wrong due allocation fails
ok 12 - wrong due allocation fails
  ---
  duration_ms: 1.573684
  type: 'test'
  ...
# Subtest: interest off by one fails
ok 13 - interest off by one fails
  ---
  duration_ms: 0.84489
  type: 'test'
  ...
# Subtest: floor remainder dust fails
ok 14 - floor remainder dust fails
  ---
  duration_ms: 3.223021
  type: 'test'
  ...
# Subtest: swapped asset reserve fails
ok 15 - swapped asset reserve fails
  ---
  duration_ms: 1.370093
  type: 'test'
  ...
# Subtest: swap fee omitted fails
ok 16 - swap fee omitted fails
  ---
  duration_ms: 1.263715
  type: 'test'
  ...
# Subtest: swap fee credited twice fails
ok 17 - swap fee credited twice fails
  ---
  duration_ms: 1.942217
  type: 'test'
  ...
# Subtest: close reserve shortfall fails
ok 18 - close reserve shortfall fails
  ---
  duration_ms: 1.20754
  type: 'test'
  ...
# Subtest: wrong revision fails
ok 19 - wrong revision fails
  ---
  duration_ms: 0.865777
  type: 'test'
  ...
# Subtest: work refresh fails
ok 20 - work refresh fails
  ---
  duration_ms: 1.282951
  type: 'test'
  ...
# Subtest: gross refund net substitution fails
ok 21 - gross refund net substitution fails
  ---
  duration_ms: 0.900608
  type: 'test'
  ...
# Subtest: net after fees shortfall fails
ok 22 - net after fees shortfall fails
  ---
  duration_ms: 1.192265
  type: 'test'
  ...
# Subtest: unknown field fails
ok 23 - unknown field fails
  ---
  duration_ms: 1.754656
  type: 'test'
  ...
# Subtest: overflow numeric fails
ok 24 - overflow numeric fails
  ---
  duration_ms: 0.928287
  type: 'test'
  ...
# Subtest: newline numeric fails
ok 25 - newline numeric fails
  ---
  duration_ms: 1.186652
  type: 'test'
  ...
# Subtest: malformed structure fails
ok 26 - malformed structure fails
  ---
  duration_ms: 1.35264
  type: 'test'
  ...
# Subtest: inputs stay immutable
ok 27 - inputs stay immutable
  ---
  duration_ms: 1.644944
  type: 'test'
  ...
# Subtest: error ordering is deterministic
ok 28 - error ordering is deterministic
  ---
  duration_ms: 1.048543
  type: 'test'
  ...
# Subtest: equal internally inconsistent records fail conservation
ok 29 - equal internally inconsistent records fail conservation
  ---
  duration_ms: 0.518099
  type: 'test'
  ...
# Subtest: changed lender logicalId fails role binding comparison
ok 30 - changed lender logicalId fails role binding comparison
  ---
  duration_ms: 1.078879
  type: 'test'
  ...
# Subtest: changed setup-mint status fails role binding comparison
ok 31 - changed setup-mint status fails role binding comparison
  ---
  duration_ms: 1.038234
  type: 'test'
  ...
# Subtest: changed source pin fails admitted pin comparison
ok 32 - changed source pin fails admitted pin comparison
  ---
  duration_ms: 0.754893
  type: 'test'
  ...
# Subtest: nested malformed containers return structured failures and do not throw
ok 33 - nested malformed containers return structured failures and do not throw
  ---
  duration_ms: 3.05406
  type: 'test'
  ...
# Subtest: equal erased remaining debts fail internal liability validation
ok 34 - equal erased remaining debts fail internal liability validation
  ---
  duration_ms: 1.398748
  type: 'test'
  ...
# Subtest: equal contradictory interestCalculated fails due validation
ok 35 - equal contradictory interestCalculated fails due validation
  ---
  duration_ms: 0.931747
  type: 'test'
  ...
# Subtest: equal contradictory principal due outstanding fails due validation
ok 36 - equal contradictory principal due outstanding fails due validation
  ---
  duration_ms: 1.539965
  type: 'test'
  ...
# Subtest: equal discontinuous accrue cash fails stage continuity
ok 37 - equal discontinuous accrue cash fails stage continuity
  ---
  duration_ms: 2.060734
  type: 'test'
  ...
# Subtest: equal contradictory swap economicFee fails fee reconciliation
ok 38 - equal contradictory swap economicFee fails fee reconciliation
  ---
  duration_ms: 1.785838
  type: 'test'
  ...
# Subtest: equal contradictory trader fee effect fails fee reconciliation
ok 39 - equal contradictory trader fee effect fails fee reconciliation
  ---
  duration_ms: 1.645323
  type: 'test'
  ...
# Subtest: equal refreshed close revision and work fail lifecycle
ok 40 - equal refreshed close revision and work fail lifecycle
  ---
  duration_ms: 1.738077
  type: 'test'
  ...
# Subtest: equal missing settle actorEffects fail required coverage
ok 41 - equal missing settle actorEffects fail required coverage
  ---
  duration_ms: 1.007484
  type: 'test'
  ...
# Subtest: equal missing settle balances and effects fail required coverage
ok 42 - equal missing settle balances and effects fail required coverage
  ---
  duration_ms: 1.439465
  type: 'test'
  ...
# Subtest: equal duplicate close transfer ordinal fails identity
ok 43 - equal duplicate close transfer ordinal fails identity
  ---
  duration_ms: 2.141138
  type: 'test'
  ...
# Subtest: equal duplicate borrower role binding fails identity
ok 44 - equal duplicate borrower role binding fails identity
  ---
  duration_ms: 1.357745
  type: 'test'
  ...
# Subtest: equal quantum zero fails positive quantum
ok 45 - equal quantum zero fails positive quantum
  ---
  duration_ms: 2.013942
  type: 'test'
  ...
# Subtest: equal extra loan settle due with attacker creditor fails closed due set
ok 46 - equal extra loan settle due with attacker creditor fails closed due set
  ---
  duration_ms: 4.194197
  type: 'test'
  ...
# Subtest: equal extra loan settle residual debt fails closed duty set
ok 47 - equal extra loan settle residual debt fails closed duty set
  ---
  duration_ms: 2.647697
  type: 'test'
  ...
# Subtest: equal extra swap attacker balances and zero effects fail closed coverage
ok 48 - equal extra swap attacker balances and zero effects fail closed coverage
  ---
  duration_ms: 5.379037
  type: 'test'
  ...
# Subtest: equal extra zero close transfer fails closed transfer set
ok 49 - equal extra zero close transfer fails closed transfer set
  ---
  duration_ms: 5.184655
  type: 'test'
  ...
# Subtest: extra due with admitted borrower and lender roles still fails closed due set
ok 50 - extra due with admitted borrower and lender roles still fails closed due set
  ---
  duration_ms: 3.095595
  type: 'test'
  ...
# Subtest: zero-value extra actor effect is still an extra identity
ok 51 - zero-value extra actor effect is still an extra identity
  ---
  duration_ms: 2.670991
  type: 'test'
  ...
# Subtest: equal extra identities fail on every remaining closed collection
ok 52 - equal extra identities fail on every remaining closed collection
  ---
  duration_ms: 8.13614
  type: 'test'
  ...
# Subtest: new generated originate authenticates both roles before disbursement
ok 53 - new generated originate authenticates both roles before disbursement
  ---
  duration_ms: 31.644689
  type: 'test'
  ...
# Subtest: owned lifecycle wrapper equals generated output and hashes source and Core
ok 54 - owned lifecycle wrapper equals generated output and hashes source and Core
  ---
  duration_ms: 14.551492
  type: 'test'
  ...
# Subtest: retained loan and swap bytes remain pinned
ok 55 - retained loan and swap bytes remain pinned
  ---
  duration_ms: 0.155684
  type: 'test'
  ...
# Subtest: compiled source contains separate fee debit and checked net-goal assertions
ok 56 - compiled source contains separate fee debit and checked net-goal assertions
  ---
  duration_ms: 11.236091
  type: 'test'
  ...
# Subtest: SDK preparation verifies real persistentHash and binds both private arguments
ok 57 - SDK preparation verifies real persistentHash and binds both private arguments
  ---
  duration_ms: 49.573816
  type: 'test'
  ...
# Subtest: SDK refuses substituted lender secret
ok 58 - SDK refuses substituted lender secret
  ---
  duration_ms: 20.545881
  type: 'test'
  ...
# Subtest: SDK refuses stale revision and source substitution
ok 59 - SDK refuses stale revision and source substitution
  ---
  duration_ms: 29.697279
  type: 'test'
  ...
# Subtest: SDK refuses fee-induced net failure before unproven-call creation
ok 60 - SDK refuses fee-induced net failure before unproven-call creation
  ---
  duration_ms: 30.114711
  type: 'test'
  ...
# Subtest: SDK refuses substituted intent and native asset conversion
ok 61 - SDK refuses substituted intent and native asset conversion
  ---
  duration_ms: 34.570894
  type: 'test'
  ...
# Subtest: specialized generator rejects an added source guard
ok 62 - specialized generator rejects an added source guard
  ---
  duration_ms: 0.329342
  type: 'test'
  ...
1..62
# tests 62
# suites 0
# pass 62
# fail 0
# cancelled 0
# skipped 0
# todo 0
# duration_ms 447.300077
