node:internal/modules/esm/resolve:271
    throw new ERR_MODULE_NOT_FOUND(
          ^

Error [ERR_MODULE_NOT_FOUND]: Cannot find module '/home/charl/Moriarty-wt-moriarty-ll-loop-20260912-implement-authority-fee-binding/experiments/moriarty-language/src/successor/financial-agreement-source-v6.ts' imported from /home/charl/Moriarty-wt-moriarty-ll-loop-20260912-implement-authority-fee-binding/experiments/moriarty-language/tests/authority-fee-binding.test.mjs
    at finalizeResolution (node:internal/modules/esm/resolve:271:11)
    at moduleResolve (node:internal/modules/esm/resolve:865:10)
    at defaultResolve (node:internal/modules/esm/resolve:992:11)
    at #cachedDefaultResolve (node:internal/modules/esm/loader:701:20)
    at #resolveAndMaybeBlockOnLoaderThread (node:internal/modules/esm/loader:721:38)
    at ModuleLoader.resolveSync (node:internal/modules/esm/loader:759:56)
    at #resolve (node:internal/modules/esm/loader:683:17)
    at ModuleLoader.getOrCreateModuleJob (node:internal/modules/esm/loader:603:35)
    at ModuleJob.syncLink (node:internal/modules/esm/module_job:163:33)
    at ModuleJob.link (node:internal/modules/esm/module_job:253:17) {
  code: 'ERR_MODULE_NOT_FOUND',
  url: 'file:///home/charl/Moriarty-wt-moriarty-ll-loop-20260912-implement-authority-fee-binding/experiments/moriarty-language/src/successor/financial-agreement-source-v6.ts'
}

Node.js v24.18.1
✖ experiments/moriarty-language/tests/authority-fee-binding.test.mjs (33.014555ms)
ℹ tests 1
ℹ suites 0
ℹ pass 0
ℹ fail 1
ℹ cancelled 0
ℹ skipped 0
ℹ todo 0
ℹ duration_ms 40.920988

✖ failing tests:

test at experiments/moriarty-language/tests/authority-fee-binding.test.mjs:1:1
✖ experiments/moriarty-language/tests/authority-fee-binding.test.mjs (33.014555ms)
  'test failed'
