✔ control: permitted signed input reaches only the inert finalization boundary (30.899864ms)
✖ gross admission rejects a caller declaration below the signed 100-unit input (12.212416ms)
✖ gross admission includes 200-unit balancing input with the 100-unit base (18.03046ms)
ℹ tests 3
ℹ suites 0
ℹ pass 1
ℹ fail 2
ℹ cancelled 0
ℹ skipped 0
ℹ todo 0
ℹ duration_ms 155.08263

✖ failing tests:

test at .local/state/moriarty/sp05-ledger-integration-20260908/successor-effects-01/root-gross-admission.test.mjs:62:1
✖ gross admission rejects a caller declaration below the signed 100-unit input (12.212416ms)
  AssertionError [ERR_ASSERTION]: The input did not match the regular expression /gross-spend allowance exceeded/. Input:
  
  'LOCAL_FINALIZE_BOUNDARY'
  
      at TestContext.<anonymous> (file:///home/charl/.local/state/moriarty/sp05-ledger-integration-20260908/successor-effects-01/root-gross-admission.test.mjs:64:10)
      at async Test.run (node:internal/test_runner/test:1332:7)
      at async Test.processPendingSubtests (node:internal/test_runner/test:911:7) {
    generatedMessage: true,
    code: 'ERR_ASSERTION',
    actual: 'LOCAL_FINALIZE_BOUNDARY',
    expected: /gross-spend allowance exceeded/,
    operator: 'match',
    diff: 'simple'
  }

test at .local/state/moriarty/sp05-ledger-integration-20260908/successor-effects-01/root-gross-admission.test.mjs:67:1
✖ gross admission includes 200-unit balancing input with the 100-unit base (18.03046ms)
  AssertionError [ERR_ASSERTION]: The input did not match the regular expression /gross-spend allowance exceeded/. Input:
  
  'LOCAL_FINALIZE_BOUNDARY'
  
      at TestContext.<anonymous> (file:///home/charl/.local/state/moriarty/sp05-ledger-integration-20260908/successor-effects-01/root-gross-admission.test.mjs:69:10)
      at async Test.run (node:internal/test_runner/test:1332:7)
      at async Test.processPendingSubtests (node:internal/test_runner/test:911:7) {
    generatedMessage: true,
    code: 'ERR_ASSERTION',
    actual: 'LOCAL_FINALIZE_BOUNDARY',
    expected: /gross-spend allowance exceeded/,
    operator: 'match',
    diff: 'simple'
  }
