TAP version 13
# Subtest: initialized composition replays history once before store access and only submits swap and close
ok 1 - initialized composition replays history once before store access and only submits swap and close
  ---
  duration_ms: 5.416946
  type: 'test'
  ...
# Subtest: initialized publicCheck failure stops calls and cleans owned resources
ok 2 - initialized publicCheck failure stops calls and cleans owned resources
  ---
  duration_ms: 1.138006
  type: 'test'
  ...
# Subtest: initialized checkWallet failure stops calls and cleans owned resources
ok 3 - initialized checkWallet failure stops calls and cleans owned resources
  ---
  duration_ms: 0.583103
  type: 'test'
  ...
# Subtest: initialized preserveStore failure stops calls and cleans owned resources
ok 4 - initialized preserveStore failure stops calls and cleans owned resources
  ---
  duration_ms: 0.697332
  type: 'test'
  ...
# Subtest: initialized checkPrivate failure stops calls and cleans owned resources
ok 5 - initialized checkPrivate failure stops calls and cleans owned resources
  ---
  duration_ms: 0.866414
  type: 'test'
  ...
# Subtest: failed initialized historical deploy comparison prevents snapshot and providers
ok 6 - failed initialized historical deploy comparison prevents snapshot and providers
  ---
  duration_ms: 0.764917
  type: 'test'
  ...
# Subtest: failed initialized historical initialize comparison prevents snapshot and providers
ok 7 - failed initialized historical initialize comparison prevents snapshot and providers
  ---
  duration_ms: 1.922353
  type: 'test'
  ...
# Subtest: initialized actual store mismatch stops before setup
ok 8 - initialized actual store mismatch stops before setup
  ---
  duration_ms: 1.288291
  type: 'test'
  ...
# Subtest: initialized actual limits mismatch stops before setup
ok 9 - initialized actual limits mismatch stops before setup
  ---
  duration_ms: 0.724898
  type: 'test'
  ...
# Subtest: initialized actual role mismatch stops before setup
ok 10 - initialized actual role mismatch stops before setup
  ---
  duration_ms: 0.807794
  type: 'test'
  ...
# Subtest: initialized actual build mismatch stops before setup
ok 11 - initialized actual build mismatch stops before setup
  ---
  duration_ms: 0.456936
  type: 'test'
  ...
# Subtest: production rejects continuation adapters; source fixture requires every gate
ok 12 - production rejects continuation adapters; source fixture requires every gate
  ---
  duration_ms: 1.337524
  type: 'test'
  ...
# Subtest: initialized publicCheck requires its closed success result
ok 13 - initialized publicCheck requires its closed success result
  ---
  duration_ms: 0.683693
  type: 'test'
  ...
# Subtest: initialized preserveStore requires its closed success result
ok 14 - initialized preserveStore requires its closed success result
  ---
  duration_ms: 1.51196
  type: 'test'
  ...
# Subtest: initialized checkPrivate requires its closed success result
ok 15 - initialized checkPrivate requires its closed success result
  ---
  duration_ms: 0.699599
  type: 'test'
  ...
# Subtest: closed swap plan reads both actual public histories from same source result
ok 16 - closed swap plan reads both actual public histories from same source result
  ---
  duration_ms: 35.050989
  type: 'test'
  ...
# Subtest: closed swap plan rejects consumed allocation and altered/exclusive descriptor
ok 17 - closed swap plan rejects consumed allocation and altered/exclusive descriptor
  ---
  duration_ms: 0.338381
  type: 'test'
  ...
# Subtest: closed swap plan rejects consumed allocation and altered/exclusive descriptor
ok 18 - closed swap plan rejects consumed allocation and altered/exclusive descriptor
  ---
  duration_ms: 0.143837
  type: 'test'
  ...
# Subtest: closed swap plan rejects consumed allocation and altered/exclusive descriptor
ok 19 - closed swap plan rejects consumed allocation and altered/exclusive descriptor
  ---
  duration_ms: 0.13127
  type: 'test'
  ...
# Subtest: closed swap plan rejects consumed allocation and altered/exclusive descriptor
ok 20 - closed swap plan rejects consumed allocation and altered/exclusive descriptor
  ---
  duration_ms: 0.060543
  type: 'test'
  ...
# Subtest: closed swap plan rejects consumed allocation and altered/exclusive descriptor
ok 21 - closed swap plan rejects consumed allocation and altered/exclusive descriptor
  ---
  duration_ms: 0.047068
  type: 'test'
  ...
# Subtest: composed swap plan getters rejected without invocation before setup
ok 22 - composed swap plan getters rejected without invocation before setup
  ---
  duration_ms: 0.282227
  type: 'test'
  ...
# Subtest: missing initialized mint stops before preservation and new dispatch
ok 23 - missing initialized mint stops before preservation and new dispatch
  ---
  duration_ms: 0.696169
  type: 'test'
  ...
1..23
# tests 23
# suites 0
# pass 23
# fail 0
# cancelled 0
# skipped 0
# todo 0
# duration_ms 233.456551
