TAP version 13
# Subtest: initialized swap compares both histories before exactly swap and close
ok 1 - initialized swap compares both histories before exactly swap and close
  ---
  duration_ms: 1.734758
  type: 'test'
  ...
# Subtest: initialized swap failed deploy comparison prevents new submissions
ok 2 - initialized swap failed deploy comparison prevents new submissions
  ---
  duration_ms: 0.487378
  type: 'test'
  ...
# Subtest: initialized swap failed initialize comparison prevents new submissions
ok 3 - initialized swap failed initialize comparison prevents new submissions
  ---
  duration_ms: 0.182594
  type: 'test'
  ...
# Subtest: initialized swap rejects altered, mixed and accessor identities without calling SDK
ok 4 - initialized swap rejects altered, mixed and accessor identities without calling SDK
  ---
  duration_ms: 0.544772
  type: 'test'
  ...
# Subtest: initialized composition replays history once before store access and only submits swap and close
ok 5 - initialized composition replays history once before store access and only submits swap and close
  ---
  duration_ms: 8.202799
  type: 'test'
  ...
# Subtest: initialized publicCheck failure stops calls and cleans owned resources
ok 6 - initialized publicCheck failure stops calls and cleans owned resources
  ---
  duration_ms: 1.517056
  type: 'test'
  ...
# Subtest: initialized checkWallet failure stops calls and cleans owned resources
ok 7 - initialized checkWallet failure stops calls and cleans owned resources
  ---
  duration_ms: 0.834311
  type: 'test'
  ...
# Subtest: initialized preserveStore failure stops calls and cleans owned resources
ok 8 - initialized preserveStore failure stops calls and cleans owned resources
  ---
  duration_ms: 1.09198
  type: 'test'
  ...
# Subtest: initialized checkPrivate failure stops calls and cleans owned resources
ok 9 - initialized checkPrivate failure stops calls and cleans owned resources
  ---
  duration_ms: 7.613319
  type: 'test'
  ...
# Subtest: failed initialized historical deploy comparison prevents snapshot and providers
ok 10 - failed initialized historical deploy comparison prevents snapshot and providers
  ---
  duration_ms: 1.000941
  type: 'test'
  ...
# Subtest: failed initialized historical initialize comparison prevents snapshot and providers
ok 11 - failed initialized historical initialize comparison prevents snapshot and providers
  ---
  duration_ms: 1.19852
  type: 'test'
  ...
# Subtest: initialized actual store mismatch stops before setup
ok 12 - initialized actual store mismatch stops before setup
  ---
  duration_ms: 4.437086
  type: 'test'
  ...
# Subtest: initialized actual limits mismatch stops before setup
ok 13 - initialized actual limits mismatch stops before setup
  ---
  duration_ms: 0.520013
  type: 'test'
  ...
# Subtest: initialized actual role mismatch stops before setup
ok 14 - initialized actual role mismatch stops before setup
  ---
  duration_ms: 0.48976
  type: 'test'
  ...
# Subtest: initialized actual build mismatch stops before setup
ok 15 - initialized actual build mismatch stops before setup
  ---
  duration_ms: 0.378597
  type: 'test'
  ...
# Subtest: production rejects continuation adapters; source fixture requires every gate
ok 16 - production rejects continuation adapters; source fixture requires every gate
  ---
  duration_ms: 1.019395
  type: 'test'
  ...
# Subtest: initialized publicCheck requires its closed success result
ok 17 - initialized publicCheck requires its closed success result
  ---
  duration_ms: 0.459349
  type: 'test'
  ...
# Subtest: initialized preserveStore requires its closed success result
ok 18 - initialized preserveStore requires its closed success result
  ---
  duration_ms: 0.671932
  type: 'test'
  ...
# Subtest: initialized checkPrivate requires its closed success result
ok 19 - initialized checkPrivate requires its closed success result
  ---
  duration_ms: 1.000359
  type: 'test'
  ...
# Subtest: closed swap plan reads both actual public histories from same source result
ok 20 - closed swap plan reads both actual public histories from same source result
  ---
  duration_ms: 38.107123
  type: 'test'
  ...
# Subtest: closed swap plan rejects consumed allocation and altered/exclusive descriptor
ok 21 - closed swap plan rejects consumed allocation and altered/exclusive descriptor
  ---
  duration_ms: 0.284698
  type: 'test'
  ...
# Subtest: closed swap plan rejects consumed allocation and altered/exclusive descriptor
ok 22 - closed swap plan rejects consumed allocation and altered/exclusive descriptor
  ---
  duration_ms: 0.127815
  type: 'test'
  ...
# Subtest: closed swap plan rejects consumed allocation and altered/exclusive descriptor
ok 23 - closed swap plan rejects consumed allocation and altered/exclusive descriptor
  ---
  duration_ms: 0.123751
  type: 'test'
  ...
# Subtest: closed swap plan rejects consumed allocation and altered/exclusive descriptor
ok 24 - closed swap plan rejects consumed allocation and altered/exclusive descriptor
  ---
  duration_ms: 0.061376
  type: 'test'
  ...
# Subtest: closed swap plan rejects consumed allocation and altered/exclusive descriptor
ok 25 - closed swap plan rejects consumed allocation and altered/exclusive descriptor
  ---
  duration_ms: 0.082011
  type: 'test'
  ...
# Subtest: composed swap plan getters rejected without invocation before setup
ok 26 - composed swap plan getters rejected without invocation before setup
  ---
  duration_ms: 0.289636
  type: 'test'
  ...
# Subtest: missing initialized mint stops before preservation and new dispatch
ok 27 - missing initialized mint stops before preservation and new dispatch
  ---
  duration_ms: 0.917985
  type: 'test'
  ...
# Subtest: retains closed swap diagnostic SWAP_CONTINUATION_DEPLOY_STATE
ok 28 - retains closed swap diagnostic SWAP_CONTINUATION_DEPLOY_STATE
  ---
  duration_ms: 0.712663
  type: 'test'
  ...
# Subtest: retains closed swap diagnostic SWAP_CONTINUATION_PRIVATE_READ
ok 29 - retains closed swap diagnostic SWAP_CONTINUATION_PRIVATE_READ
  ---
  duration_ms: 0.764791
  type: 'test'
  ...
# Subtest: retains closed swap diagnostic SWAP_CONTINUATION_WALLET_HISTORY
ok 30 - retains closed swap diagnostic SWAP_CONTINUATION_WALLET_HISTORY
  ---
  duration_ms: 0.457218
  type: 'test'
  ...
# Subtest: initialized swap native/full state gate watches both histories once
ok 31 - initialized swap native/full state gate watches both histories once
  ---
  duration_ms: 171.62064
  type: 'test'
  ...
# Subtest: initialized swap rejects bytes
ok 32 - initialized swap rejects bytes
  ---
  duration_ms: 35.837533
  type: 'test'
  ...
# Subtest: initialized swap rejects id
ok 33 - initialized swap rejects id
  ---
  duration_ms: 70.537807
  type: 'test'
  ...
# Subtest: initialized swap rejects status
ok 34 - initialized swap rejects status
  ---
  duration_ms: 56.578977
  type: 'test'
  ...
# Subtest: initialized swap rejects origin
ok 35 - initialized swap rejects origin
  ---
  duration_ms: 77.366354
  type: 'test'
  ...
# Subtest: initialized swap rejects time
ok 36 - initialized swap rejects time
  ---
  duration_ms: 47.984819
  type: 'test'
  ...
# Subtest: initialized swap rejects canonical
ok 37 - initialized swap rejects canonical
  ---
  duration_ms: 63.282201
  type: 'test'
  ...
# Subtest: initialized swap rejects altered deploy full state
ok 38 - initialized swap rejects altered deploy full state
  ---
  duration_ms: 72.639206
  type: 'test'
  ...
# Subtest: initialized swap rejects altered initialize full state
ok 39 - initialized swap rejects altered initialize full state
  ---
  duration_ms: 73.87749
  type: 'test'
  ...
# Subtest: initialized swap rejects altered latest full state
ok 40 - initialized swap rejects altered latest full state
  ---
  duration_ms: 76.15632
  type: 'test'
  ...
# Subtest: initialized swap arbitrary snapshot error is never retried
ok 41 - initialized swap arbitrary snapshot error is never retried
  ---
  duration_ms: 64.874241
  type: 'test'
  ...
# Subtest: initialized swap nonfinalized initialize times out before current state
ok 42 - initialized swap nonfinalized initialize times out before current state
  ---
  duration_ms: 125.984186
  type: 'test'
  ...
# Subtest: initialized swap samples forward finalized movement without repeated transaction watches
ok 43 - initialized swap samples forward finalized movement without repeated transaction watches
  ---
  duration_ms: 1085.603163
  type: 'test'
  ...
# Subtest: initialized swap rejects same-height current reorg
ok 44 - initialized swap rejects same-height current reorg
  ---
  duration_ms: 67.562951
  type: 'test'
  ...
# Subtest: swap history wallet guard detects both histories old DUST and wrapped spent inputs
ok 45 - swap history wallet guard detects both histories old DUST and wrapped spent inputs
  ---
  duration_ms: 74.806525
  type: 'test'
  ...
# Subtest: initialized store accepts actual SDK v2 namespace through separate inspection, preserving original and raw snapshot
ok 46 - initialized store accepts actual SDK v2 namespace through separate inspection, preserving original and raw snapshot
  ---
  duration_ms: 450.589792
  type: 'test'
  ...
# Subtest: initialized inspection rejects missing, extra, plaintext, v1, mismatched-salt and malformed metadata without modifying source or snapshot
ok 47 - initialized inspection rejects missing, extra, plaintext, v1, mismatched-salt and malformed metadata without modifying source or snapshot
  ---
  duration_ms: 1026.758044
  type: 'test'
  ...
# Subtest: initialized copies reject reuse, overlaps, symlinks and loose permissions
ok 48 - initialized copies reject reuse, overlaps, symlinks and loose permissions
  ---
  duration_ms: 123.423483
  type: 'test'
  ...
# Subtest: source and raw snapshot mutations during inspection are detected and retained
ok 49 - source and raw snapshot mutations during inspection are detected and retained
  ---
  duration_ms: 249.029521
  type: 'test'
  ...
1..49
# tests 49
# suites 0
# pass 49
# fail 0
# cancelled 0
# skipped 0
# todo 0
# duration_ms 2306.561734
