TAP version 13
# Subtest: initialized swap compares both histories before exactly swap and close
not ok 1 - initialized swap compares both histories before exactly swap and close
  ---
  duration_ms: 1.169704
  type: 'test'
  location: '/home/charl/Moriarty/.worktrees/sp05-deadline-review/experiments/moriarty-midnight-financial/ledger/initialized-swap-driver.test.mjs:27:1'
  failureType: 'testCodeFailure'
  error: 'DEPLOY_TRAP'
  code: 'ERR_TEST_FAILURE'
  stack: |-
    h.options.sdk.deployContract (file:///home/charl/Moriarty/.worktrees/sp05-deadline-review/experiments/moriarty-midnight-financial/ledger/initialized-swap-driver.test.mjs:26:243)
    file:///home/charl/Moriarty/.worktrees/sp05-deadline-review/experiments/moriarty-midnight-financial/ledger/run-local.mjs:100:97
    async runLocalFinancialCase (file:///home/charl/Moriarty/.worktrees/sp05-deadline-review/experiments/moriarty-midnight-financial/ledger/run-local.mjs:100:22)
    async TestContext.<anonymous> (file:///home/charl/Moriarty/.worktrees/sp05-deadline-review/experiments/moriarty-midnight-financial/ledger/initialized-swap-driver.test.mjs:27:286)
    async Test.run (node:internal/test_runner/test:1332:7)
    async startSubtestAfterBootstrap (node:internal/test_runner/harness:385:3)
  ...
# Subtest: initialized swap failed deploy comparison prevents new submissions
not ok 2 - initialized swap failed deploy comparison prevents new submissions
  ---
  duration_ms: 0.84356
  type: 'test'
  location: '/home/charl/Moriarty/.worktrees/sp05-deadline-review/experiments/moriarty-midnight-financial/ledger/initialized-swap-driver.test.mjs:28:44'
  failureType: 'testCodeFailure'
  error: |-
    The input did not match the regular expression /FINANCIAL_COMPARISON_REQUIRED_PASS/. Input:
    
    'DEPLOY_TRAP'
    
  code: 'ERR_ASSERTION'
  name: 'AssertionError'
  expected:
  actual: 'DEPLOY_TRAP'
  operator: 'match'
  stack: |-
    Object.<anonymous> (file:///home/charl/Moriarty/.worktrees/sp05-deadline-review/experiments/moriarty-midnight-financial/ledger/initialized-swap-driver.test.mjs:28:288)
    expectedException (node:assert:578:17)
    expectsError (node:assert:703:21)
    strict.rejects (node:assert:769:3)
    async TestContext.<anonymous> (file:///home/charl/Moriarty/.worktrees/sp05-deadline-review/experiments/moriarty-midnight-financial/ledger/initialized-swap-driver.test.mjs:28:223)
    async Test.run (node:internal/test_runner/test:1332:7)
    async Test.processPendingSubtests (node:internal/test_runner/test:911:7)
  ...
# Subtest: initialized swap failed initialize comparison prevents new submissions
not ok 3 - initialized swap failed initialize comparison prevents new submissions
  ---
  duration_ms: 0.247932
  type: 'test'
  location: '/home/charl/Moriarty/.worktrees/sp05-deadline-review/experiments/moriarty-midnight-financial/ledger/initialized-swap-driver.test.mjs:28:44'
  failureType: 'testCodeFailure'
  error: |-
    The input did not match the regular expression /FINANCIAL_COMPARISON_REQUIRED_PASS/. Input:
    
    'DEPLOY_TRAP'
    
  code: 'ERR_ASSERTION'
  name: 'AssertionError'
  expected:
  actual: 'DEPLOY_TRAP'
  operator: 'match'
  stack: |-
    Object.<anonymous> (file:///home/charl/Moriarty/.worktrees/sp05-deadline-review/experiments/moriarty-midnight-financial/ledger/initialized-swap-driver.test.mjs:28:288)
    expectedException (node:assert:578:17)
    expectsError (node:assert:703:21)
    strict.rejects (node:assert:769:3)
    async TestContext.<anonymous> (file:///home/charl/Moriarty/.worktrees/sp05-deadline-review/experiments/moriarty-midnight-financial/ledger/initialized-swap-driver.test.mjs:28:223)
    async Test.run (node:internal/test_runner/test:1332:7)
    async Test.processPendingSubtests (node:internal/test_runner/test:911:7)
  ...
# Subtest: initialized swap rejects altered, mixed and accessor identities without calling SDK
not ok 4 - initialized swap rejects altered, mixed and accessor identities without calling SDK
  ---
  duration_ms: 0.319172
  type: 'test'
  location: '/home/charl/Moriarty/.worktrees/sp05-deadline-review/experiments/moriarty-midnight-financial/ledger/initialized-swap-driver.test.mjs:29:1'
  failureType: 'testCodeFailure'
  error: |-
    The input did not match the regular expression /INVALID_INITIALIZED_SWAP/. Input:
    
    'Error: DEPLOY_TRAP'
    
  code: 'ERR_ASSERTION'
  name: 'AssertionError'
  expected:
  actual:
  error: 'DEPLOY_TRAP'
  stack: |-
    h.options.sdk.deployContract (file:///home/charl/Moriarty/.worktrees/sp05-deadline-review/experiments/moriarty-midnight-financial/ledger/initialized-swap-driver.test.mjs:26:243)
    file:///home/charl/Moriarty/.worktrees/sp05-deadline-review/experiments/moriarty-midnight-financial/ledger/run-local.mjs:100:97
    async runLocalFinancialCase (file:///home/charl/Moriarty/.worktrees/sp05-deadline-review/experiments/moriarty-midnight-financial/ledger/run-local.mjs:100:22)
    async waitForActual (node:assert:646:5)
    async strict.rejects (node:assert:769:25)
    async TestContext.<anonymous> (file:///home/charl/Moriarty/.worktrees/sp05-deadline-review/experiments/moriarty-midnight-financial/ledger/initialized-swap-driver.test.mjs:29:421)
    async Test.run (node:internal/test_runner/test:1332:7)
    async Test.processPendingSubtests (node:internal/test_runner/test:911:7)
  operator: 'rejects'
  stack: |-
    async TestContext.<anonymous> (file:///home/charl/Moriarty/.worktrees/sp05-deadline-review/experiments/moriarty-midnight-financial/ledger/initialized-swap-driver.test.mjs:29:421)
    async Test.run (node:internal/test_runner/test:1332:7)
    async Test.processPendingSubtests (node:internal/test_runner/test:911:7)
  ...
# Subtest: initialized swap native/full state gate watches both histories once
not ok 5 - initialized swap native/full state gate watches both histories once
  ---
  duration_ms: 74.856586
  type: 'test'
  location: '/home/charl/Moriarty/.worktrees/sp05-deadline-review/experiments/moriarty-midnight-financial/ledger/initialized-swap-public.test.mjs:7:1'
  failureType: 'testCodeFailure'
  error: |-
    Expected values to be strictly equal:
    + actual - expected
    
    + 'undefined'
    - 'function'
    
  code: 'ERR_ASSERTION'
  name: 'AssertionError'
  expected: 'function'
  actual: 'undefined'
  operator: 'strictEqual'
  stack: |-
    TestContext.<anonymous> (file:///home/charl/Moriarty/.worktrees/sp05-deadline-review/experiments/moriarty-midnight-financial/ledger/initialized-swap-public.test.mjs:7:111)
    Test.runInAsyncScope (node:async_hooks:227:14)
    Test.run (node:internal/test_runner/test:1325:25)
    Test.start (node:internal/test_runner/test:1191:17)
    startSubtestAfterBootstrap (node:internal/test_runner/harness:385:17)
  ...
# Subtest: initialized swap rejects bytes
not ok 6 - initialized swap rejects bytes
  ---
  duration_ms: 33.916558
  type: 'test'
  location: '/home/charl/Moriarty/.worktrees/sp05-deadline-review/experiments/moriarty-midnight-financial/ledger/initialized-swap-public.test.mjs:8:586'
  failureType: 'testCodeFailure'
  error: |-
    Expected values to be strictly equal:
    + actual - expected
    
    + 'undefined'
    - 'function'
    
  code: 'ERR_ASSERTION'
  name: 'AssertionError'
  expected: 'function'
  actual: 'undefined'
  operator: 'strictEqual'
  stack: |-
    TestContext.<anonymous> (file:///home/charl/Moriarty/.worktrees/sp05-deadline-review/experiments/moriarty-midnight-financial/ledger/initialized-swap-public.test.mjs:8:669)
    Test.runInAsyncScope (node:async_hooks:227:14)
    Test.run (node:internal/test_runner/test:1325:25)
    Test.processPendingSubtests (node:internal/test_runner/test:911:18)
    Test.postRun (node:internal/test_runner/test:1465:19)
    Test.run (node:internal/test_runner/test:1390:12)
    async startSubtestAfterBootstrap (node:internal/test_runner/harness:385:3)
  ...
# Subtest: initialized swap rejects id
not ok 7 - initialized swap rejects id
  ---
  duration_ms: 27.837502
  type: 'test'
  location: '/home/charl/Moriarty/.worktrees/sp05-deadline-review/experiments/moriarty-midnight-financial/ledger/initialized-swap-public.test.mjs:8:586'
  failureType: 'testCodeFailure'
  error: |-
    Expected values to be strictly equal:
    + actual - expected
    
    + 'undefined'
    - 'function'
    
  code: 'ERR_ASSERTION'
  name: 'AssertionError'
  expected: 'function'
  actual: 'undefined'
  operator: 'strictEqual'
  stack: |-
    TestContext.<anonymous> (file:///home/charl/Moriarty/.worktrees/sp05-deadline-review/experiments/moriarty-midnight-financial/ledger/initialized-swap-public.test.mjs:8:669)
    Test.runInAsyncScope (node:async_hooks:227:14)
    Test.run (node:internal/test_runner/test:1325:25)
    Test.processPendingSubtests (node:internal/test_runner/test:911:18)
    Test.postRun (node:internal/test_runner/test:1465:19)
    Test.run (node:internal/test_runner/test:1390:12)
    async Test.processPendingSubtests (node:internal/test_runner/test:911:7)
  ...
# Subtest: initialized swap rejects status
not ok 8 - initialized swap rejects status
  ---
  duration_ms: 25.975894
  type: 'test'
  location: '/home/charl/Moriarty/.worktrees/sp05-deadline-review/experiments/moriarty-midnight-financial/ledger/initialized-swap-public.test.mjs:8:586'
  failureType: 'testCodeFailure'
  error: |-
    Expected values to be strictly equal:
    + actual - expected
    
    + 'undefined'
    - 'function'
    
  code: 'ERR_ASSERTION'
  name: 'AssertionError'
  expected: 'function'
  actual: 'undefined'
  operator: 'strictEqual'
  stack: |-
    TestContext.<anonymous> (file:///home/charl/Moriarty/.worktrees/sp05-deadline-review/experiments/moriarty-midnight-financial/ledger/initialized-swap-public.test.mjs:8:669)
    Test.runInAsyncScope (node:async_hooks:227:14)
    Test.run (node:internal/test_runner/test:1325:25)
    Test.processPendingSubtests (node:internal/test_runner/test:911:18)
    Test.postRun (node:internal/test_runner/test:1465:19)
    Test.run (node:internal/test_runner/test:1390:12)
    async Test.processPendingSubtests (node:internal/test_runner/test:911:7)
  ...
# Subtest: initialized swap rejects origin
not ok 9 - initialized swap rejects origin
  ---
  duration_ms: 29.436492
  type: 'test'
  location: '/home/charl/Moriarty/.worktrees/sp05-deadline-review/experiments/moriarty-midnight-financial/ledger/initialized-swap-public.test.mjs:8:586'
  failureType: 'testCodeFailure'
  error: |-
    Expected values to be strictly equal:
    + actual - expected
    
    + 'undefined'
    - 'function'
    
  code: 'ERR_ASSERTION'
  name: 'AssertionError'
  expected: 'function'
  actual: 'undefined'
  operator: 'strictEqual'
  stack: |-
    TestContext.<anonymous> (file:///home/charl/Moriarty/.worktrees/sp05-deadline-review/experiments/moriarty-midnight-financial/ledger/initialized-swap-public.test.mjs:8:669)
    Test.runInAsyncScope (node:async_hooks:227:14)
    Test.run (node:internal/test_runner/test:1325:25)
    Test.processPendingSubtests (node:internal/test_runner/test:911:18)
    Test.postRun (node:internal/test_runner/test:1465:19)
    Test.run (node:internal/test_runner/test:1390:12)
    async Test.processPendingSubtests (node:internal/test_runner/test:911:7)
  ...
# Subtest: initialized swap rejects time
not ok 10 - initialized swap rejects time
  ---
  duration_ms: 29.615238
  type: 'test'
  location: '/home/charl/Moriarty/.worktrees/sp05-deadline-review/experiments/moriarty-midnight-financial/ledger/initialized-swap-public.test.mjs:8:586'
  failureType: 'testCodeFailure'
  error: |-
    Expected values to be strictly equal:
    + actual - expected
    
    + 'undefined'
    - 'function'
    
  code: 'ERR_ASSERTION'
  name: 'AssertionError'
  expected: 'function'
  actual: 'undefined'
  operator: 'strictEqual'
  stack: |-
    TestContext.<anonymous> (file:///home/charl/Moriarty/.worktrees/sp05-deadline-review/experiments/moriarty-midnight-financial/ledger/initialized-swap-public.test.mjs:8:669)
    Test.runInAsyncScope (node:async_hooks:227:14)
    Test.run (node:internal/test_runner/test:1325:25)
    Test.processPendingSubtests (node:internal/test_runner/test:911:18)
    Test.postRun (node:internal/test_runner/test:1465:19)
    Test.run (node:internal/test_runner/test:1390:12)
    async Test.processPendingSubtests (node:internal/test_runner/test:911:7)
  ...
# Subtest: initialized swap rejects canonical
not ok 11 - initialized swap rejects canonical
  ---
  duration_ms: 26.461222
  type: 'test'
  location: '/home/charl/Moriarty/.worktrees/sp05-deadline-review/experiments/moriarty-midnight-financial/ledger/initialized-swap-public.test.mjs:8:586'
  failureType: 'testCodeFailure'
  error: |-
    Expected values to be strictly equal:
    + actual - expected
    
    + 'undefined'
    - 'function'
    
  code: 'ERR_ASSERTION'
  name: 'AssertionError'
  expected: 'function'
  actual: 'undefined'
  operator: 'strictEqual'
  stack: |-
    TestContext.<anonymous> (file:///home/charl/Moriarty/.worktrees/sp05-deadline-review/experiments/moriarty-midnight-financial/ledger/initialized-swap-public.test.mjs:8:669)
    Test.runInAsyncScope (node:async_hooks:227:14)
    Test.run (node:internal/test_runner/test:1325:25)
    Test.processPendingSubtests (node:internal/test_runner/test:911:18)
    Test.postRun (node:internal/test_runner/test:1465:19)
    Test.run (node:internal/test_runner/test:1390:12)
    async Test.processPendingSubtests (node:internal/test_runner/test:911:7)
  ...
# Subtest: initialized swap rejects altered deploy full state
not ok 12 - initialized swap rejects altered deploy full state
  ---
  duration_ms: 25.468058
  type: 'test'
  location: '/home/charl/Moriarty/.worktrees/sp05-deadline-review/experiments/moriarty-midnight-financial/ledger/initialized-swap-public.test.mjs:9:54'
  failureType: 'testCodeFailure'
  error: |-
    Expected values to be strictly equal:
    + actual - expected
    
    + 'undefined'
    - 'function'
    
  code: 'ERR_ASSERTION'
  name: 'AssertionError'
  expected: 'function'
  actual: 'undefined'
  operator: 'strictEqual'
  stack: |-
    TestContext.<anonymous> (file:///home/charl/Moriarty/.worktrees/sp05-deadline-review/experiments/moriarty-midnight-financial/ledger/initialized-swap-public.test.mjs:9:400)
    Test.runInAsyncScope (node:async_hooks:227:14)
    Test.run (node:internal/test_runner/test:1325:25)
    Test.processPendingSubtests (node:internal/test_runner/test:911:18)
    Test.postRun (node:internal/test_runner/test:1465:19)
    Test.run (node:internal/test_runner/test:1390:12)
    async Test.processPendingSubtests (node:internal/test_runner/test:911:7)
  ...
# Subtest: initialized swap rejects altered initialize full state
not ok 13 - initialized swap rejects altered initialize full state
  ---
  duration_ms: 25.483224
  type: 'test'
  location: '/home/charl/Moriarty/.worktrees/sp05-deadline-review/experiments/moriarty-midnight-financial/ledger/initialized-swap-public.test.mjs:9:54'
  failureType: 'testCodeFailure'
  error: |-
    Expected values to be strictly equal:
    + actual - expected
    
    + 'undefined'
    - 'function'
    
  code: 'ERR_ASSERTION'
  name: 'AssertionError'
  expected: 'function'
  actual: 'undefined'
  operator: 'strictEqual'
  stack: |-
    TestContext.<anonymous> (file:///home/charl/Moriarty/.worktrees/sp05-deadline-review/experiments/moriarty-midnight-financial/ledger/initialized-swap-public.test.mjs:9:400)
    Test.runInAsyncScope (node:async_hooks:227:14)
    Test.run (node:internal/test_runner/test:1325:25)
    Test.processPendingSubtests (node:internal/test_runner/test:911:18)
    Test.postRun (node:internal/test_runner/test:1465:19)
    Test.run (node:internal/test_runner/test:1390:12)
    async Test.processPendingSubtests (node:internal/test_runner/test:911:7)
  ...
# Subtest: initialized swap rejects altered latest full state
not ok 14 - initialized swap rejects altered latest full state
  ---
  duration_ms: 27.417826
  type: 'test'
  location: '/home/charl/Moriarty/.worktrees/sp05-deadline-review/experiments/moriarty-midnight-financial/ledger/initialized-swap-public.test.mjs:9:54'
  failureType: 'testCodeFailure'
  error: |-
    Expected values to be strictly equal:
    + actual - expected
    
    + 'undefined'
    - 'function'
    
  code: 'ERR_ASSERTION'
  name: 'AssertionError'
  expected: 'function'
  actual: 'undefined'
  operator: 'strictEqual'
  stack: |-
    TestContext.<anonymous> (file:///home/charl/Moriarty/.worktrees/sp05-deadline-review/experiments/moriarty-midnight-financial/ledger/initialized-swap-public.test.mjs:9:400)
    Test.runInAsyncScope (node:async_hooks:227:14)
    Test.run (node:internal/test_runner/test:1325:25)
    Test.processPendingSubtests (node:internal/test_runner/test:911:18)
    Test.postRun (node:internal/test_runner/test:1465:19)
    Test.run (node:internal/test_runner/test:1390:12)
    async Test.processPendingSubtests (node:internal/test_runner/test:911:7)
  ...
# Subtest: initialized swap arbitrary snapshot error is never retried
not ok 15 - initialized swap arbitrary snapshot error is never retried
  ---
  duration_ms: 30.070081
  type: 'test'
  location: '/home/charl/Moriarty/.worktrees/sp05-deadline-review/experiments/moriarty-midnight-financial/ledger/initialized-swap-public.test.mjs:10:1'
  failureType: 'testCodeFailure'
  error: |-
    Expected values to be strictly equal:
    + actual - expected
    
    + 'undefined'
    - 'function'
    
  code: 'ERR_ASSERTION'
  name: 'AssertionError'
  expected: 'function'
  actual: 'undefined'
  operator: 'strictEqual'
  stack: |-
    TestContext.<anonymous> (file:///home/charl/Moriarty/.worktrees/sp05-deadline-review/experiments/moriarty-midnight-financial/ledger/initialized-swap-public.test.mjs:10:177)
    Test.runInAsyncScope (node:async_hooks:227:14)
    Test.run (node:internal/test_runner/test:1325:25)
    Test.processPendingSubtests (node:internal/test_runner/test:911:18)
    Test.postRun (node:internal/test_runner/test:1465:19)
    Test.run (node:internal/test_runner/test:1390:12)
    async Test.processPendingSubtests (node:internal/test_runner/test:911:7)
  ...
# Subtest: initialized swap nonfinalized initialize times out before current state
not ok 16 - initialized swap nonfinalized initialize times out before current state
  ---
  duration_ms: 27.105336
  type: 'test'
  location: '/home/charl/Moriarty/.worktrees/sp05-deadline-review/experiments/moriarty-midnight-financial/ledger/initialized-swap-public.test.mjs:11:1'
  failureType: 'testCodeFailure'
  error: |-
    Expected values to be strictly equal:
    + actual - expected
    
    + 'undefined'
    - 'function'
    
  code: 'ERR_ASSERTION'
  name: 'AssertionError'
  expected: 'function'
  actual: 'undefined'
  operator: 'strictEqual'
  stack: |-
    TestContext.<anonymous> (file:///home/charl/Moriarty/.worktrees/sp05-deadline-review/experiments/moriarty-midnight-financial/ledger/initialized-swap-public.test.mjs:11:256)
    Test.runInAsyncScope (node:async_hooks:227:14)
    Test.run (node:internal/test_runner/test:1325:25)
    Test.processPendingSubtests (node:internal/test_runner/test:911:18)
    Test.postRun (node:internal/test_runner/test:1465:19)
    Test.run (node:internal/test_runner/test:1390:12)
    async Test.processPendingSubtests (node:internal/test_runner/test:911:7)
  ...
# Subtest: initialized store accepts actual SDK v2 namespace through separate inspection, preserving original and raw snapshot
not ok 17 - initialized store accepts actual SDK v2 namespace through separate inspection, preserving original and raw snapshot
  ---
  duration_ms: 408.86123
  type: 'test'
  location: '/home/charl/Moriarty/.worktrees/sp05-deadline-review/experiments/moriarty-midnight-financial/ledger/initialized-swap-store.test.mjs:32:1'
  failureType: 'testCodeFailure'
  error: |-
    initialized-store byte snapshot must exist
    + actual - expected
    
    + 'undefined'
    - 'function'
    
  code: 'ERR_ASSERTION'
  name: 'AssertionError'
  expected: 'function'
  actual: 'undefined'
  operator: 'strictEqual'
  stack: |-
    preserve (file:///home/charl/Moriarty/.worktrees/sp05-deadline-review/experiments/moriarty-midnight-financial/ledger/initialized-swap-store.test.mjs:18:84)
    async TestContext.<anonymous> (file:///home/charl/Moriarty/.worktrees/sp05-deadline-review/experiments/moriarty-midnight-financial/ledger/initialized-swap-store.test.mjs:32:213)
    async Test.run (node:internal/test_runner/test:1332:7)
    async startSubtestAfterBootstrap (node:internal/test_runner/harness:385:3)
  ...
# Subtest: initialized inspection rejects missing, extra, plaintext, v1, mismatched-salt and malformed metadata without modifying source or snapshot
not ok 18 - initialized inspection rejects missing, extra, plaintext, v1, mismatched-salt and malformed metadata without modifying source or snapshot
  ---
  duration_ms: 129.247331
  type: 'test'
  location: '/home/charl/Moriarty/.worktrees/sp05-deadline-review/experiments/moriarty-midnight-financial/ledger/initialized-swap-store.test.mjs:33:1'
  failureType: 'testCodeFailure'
  error: |-
    The input did not match the regular expression /RECOVERY_STORE/. Input:
    
    'AssertionError [ERR_ASSERTION]: initialized-store byte snapshot must exist\n' +
      '+ actual - expected\n' +
      '\n' +
      "+ 'undefined'\n" +
      "- 'function'\n"
    
  code: 'ERR_ASSERTION'
  name: 'AssertionError'
  expected:
  actual:
  error: |-
    initialized-store byte snapshot must exist
    + actual - expected
    
    + 'undefined'
    - 'function'
    
  stack: |-
    preserve (file:///home/charl/Moriarty/.worktrees/sp05-deadline-review/experiments/moriarty-midnight-financial/ledger/initialized-swap-store.test.mjs:18:84)
    async waitForActual (node:assert:646:5)
    async strict.rejects (node:assert:769:25)
    async TestContext.<anonymous> (file:///home/charl/Moriarty/.worktrees/sp05-deadline-review/experiments/moriarty-midnight-financial/ledger/initialized-swap-store.test.mjs:33:742)
    async Test.run (node:internal/test_runner/test:1332:7)
    async Test.processPendingSubtests (node:internal/test_runner/test:911:7)
  operator: 'rejects'
  stack: |-
    async TestContext.<anonymous> (file:///home/charl/Moriarty/.worktrees/sp05-deadline-review/experiments/moriarty-midnight-financial/ledger/initialized-swap-store.test.mjs:33:742)
    async Test.run (node:internal/test_runner/test:1332:7)
    async Test.processPendingSubtests (node:internal/test_runner/test:911:7)
  ...
# Subtest: initialized copies reject reuse, overlaps, symlinks and loose permissions
not ok 19 - initialized copies reject reuse, overlaps, symlinks and loose permissions
  ---
  duration_ms: 125.931825
  type: 'test'
  location: '/home/charl/Moriarty/.worktrees/sp05-deadline-review/experiments/moriarty-midnight-financial/ledger/initialized-swap-store.test.mjs:34:1'
  failureType: 'testCodeFailure'
  error: |-
    The input did not match the regular expression /RECOVERY_STORE/. Input:
    
    'AssertionError [ERR_ASSERTION]: initialized-store byte snapshot must exist\n' +
      '+ actual - expected\n' +
      '\n' +
      "+ 'undefined'\n" +
      "- 'function'\n"
    
  code: 'ERR_ASSERTION'
  name: 'AssertionError'
  expected:
  actual:
  error: |-
    initialized-store byte snapshot must exist
    + actual - expected
    
    + 'undefined'
    - 'function'
    
  stack: |-
    preserve (file:///home/charl/Moriarty/.worktrees/sp05-deadline-review/experiments/moriarty-midnight-financial/ledger/initialized-swap-store.test.mjs:18:84)
    async waitForActual (node:assert:646:5)
    async strict.rejects (node:assert:769:25)
    async TestContext.<anonymous> (file:///home/charl/Moriarty/.worktrees/sp05-deadline-review/experiments/moriarty-midnight-financial/ledger/initialized-swap-store.test.mjs:34:285)
    async Test.run (node:internal/test_runner/test:1332:7)
    async Test.processPendingSubtests (node:internal/test_runner/test:911:7)
  operator: 'rejects'
  stack: |-
    async TestContext.<anonymous> (file:///home/charl/Moriarty/.worktrees/sp05-deadline-review/experiments/moriarty-midnight-financial/ledger/initialized-swap-store.test.mjs:34:285)
    async Test.run (node:internal/test_runner/test:1332:7)
    async Test.processPendingSubtests (node:internal/test_runner/test:911:7)
  ...
# Subtest: source and raw snapshot mutations during inspection are detected and retained
not ok 20 - source and raw snapshot mutations during inspection are detected and retained
  ---
  duration_ms: 123.834842
  type: 'test'
  location: '/home/charl/Moriarty/.worktrees/sp05-deadline-review/experiments/moriarty-midnight-financial/ledger/initialized-swap-store.test.mjs:35:1'
  failureType: 'testCodeFailure'
  error: |-
    The input did not match the regular expression /RECOVERY_STORE_SOURCE_CHANGED/. Input:
    
    'AssertionError [ERR_ASSERTION]: initialized-store byte snapshot must exist\n' +
      '+ actual - expected\n' +
      '\n' +
      "+ 'undefined'\n" +
      "- 'function'\n"
    
  code: 'ERR_ASSERTION'
  name: 'AssertionError'
  expected:
  actual:
  error: |-
    initialized-store byte snapshot must exist
    + actual - expected
    
    + 'undefined'
    - 'function'
    
  stack: |-
    preserve (file:///home/charl/Moriarty/.worktrees/sp05-deadline-review/experiments/moriarty-midnight-financial/ledger/initialized-swap-store.test.mjs:18:84)
    async waitForActual (node:assert:646:5)
    async strict.rejects (node:assert:769:25)
    async TestContext.<anonymous> (file:///home/charl/Moriarty/.worktrees/sp05-deadline-review/experiments/moriarty-midnight-financial/ledger/initialized-swap-store.test.mjs:35:427)
    async Test.run (node:internal/test_runner/test:1332:7)
    async Test.processPendingSubtests (node:internal/test_runner/test:911:7)
  operator: 'rejects'
  stack: |-
    async TestContext.<anonymous> (file:///home/charl/Moriarty/.worktrees/sp05-deadline-review/experiments/moriarty-midnight-financial/ledger/initialized-swap-store.test.mjs:35:427)
    async Test.run (node:internal/test_runner/test:1332:7)
    async Test.processPendingSubtests (node:internal/test_runner/test:911:7)
  ...
1..20
# tests 20
# suites 0
# pass 0
# fail 20
# cancelled 0
# skipped 0
# todo 0
# duration_ms 850.714269
