{
  "status": "AuthoringChecked",
  "sourceHash": "c47dfcdcbbd4cfbe49b8d1b2e753414c4ee77b40470568a1f635febb365ce176",
  "diagnostics": [],
  "agreement": "NoteService",
  "agreementSpan": {
    "start": 479,
    "end": 490
  },
  "declarations": [
    {
      "kind": "domain",
      "name": "Desk",
      "span": {
        "start": 495,
        "end": 580
      },
      "nameSpan": {
        "start": 502,
        "end": 506
      }
    },
    {
      "kind": "account",
      "name": "Borrower",
      "span": {
        "start": 583,
        "end": 645
      },
      "nameSpan": {
        "start": 591,
        "end": 599
      }
    },
    {
      "kind": "account",
      "name": "Lender",
      "span": {
        "start": 648,
        "end": 706
      },
      "nameSpan": {
        "start": 656,
        "end": 662
      }
    },
    {
      "kind": "account",
      "name": "Servicer",
      "span": {
        "start": 709,
        "end": 771
      },
      "nameSpan": {
        "start": 717,
        "end": 725
      }
    },
    {
      "kind": "asset",
      "name": "USD",
      "span": {
        "start": 774,
        "end": 894
      },
      "nameSpan": {
        "start": 780,
        "end": 783
      }
    },
    {
      "kind": "asset",
      "name": "GOLD",
      "span": {
        "start": 897,
        "end": 1020
      },
      "nameSpan": {
        "start": 903,
        "end": 907
      }
    },
    {
      "kind": "obligation",
      "name": "Note",
      "span": {
        "start": 1023,
        "end": 1101
      },
      "nameSpan": {
        "start": 1034,
        "end": 1038
      }
    },
    {
      "kind": "const",
      "name": "funding_open",
      "span": {
        "start": 1174,
        "end": 1198
      },
      "nameSpan": {
        "start": 1180,
        "end": 1192
      }
    },
    {
      "kind": "const",
      "name": "funding_close",
      "span": {
        "start": 1201,
        "end": 1226
      },
      "nameSpan": {
        "start": 1207,
        "end": 1220
      }
    },
    {
      "kind": "const",
      "name": "installment_open",
      "span": {
        "start": 1229,
        "end": 1257
      },
      "nameSpan": {
        "start": 1235,
        "end": 1251
      }
    },
    {
      "kind": "const",
      "name": "installment_close",
      "span": {
        "start": 1260,
        "end": 1289
      },
      "nameSpan": {
        "start": 1266,
        "end": 1283
      }
    },
    {
      "kind": "const",
      "name": "payoff_open",
      "span": {
        "start": 1292,
        "end": 1315
      },
      "nameSpan": {
        "start": 1298,
        "end": 1309
      }
    },
    {
      "kind": "const",
      "name": "payoff_close",
      "span": {
        "start": 1318,
        "end": 1342
      },
      "nameSpan": {
        "start": 1324,
        "end": 1336
      }
    },
    {
      "kind": "const",
      "name": "roll_open",
      "span": {
        "start": 1345,
        "end": 1366
      },
      "nameSpan": {
        "start": 1351,
        "end": 1360
      }
    },
    {
      "kind": "const",
      "name": "roll_target",
      "span": {
        "start": 1369,
        "end": 1392
      },
      "nameSpan": {
        "start": 1375,
        "end": 1386
      }
    },
    {
      "kind": "const",
      "name": "principal",
      "span": {
        "start": 1454,
        "end": 1495
      },
      "nameSpan": {
        "start": 1460,
        "end": 1469
      }
    },
    {
      "kind": "const",
      "name": "service_fee",
      "span": {
        "start": 1498,
        "end": 1528
      },
      "nameSpan": {
        "start": 1504,
        "end": 1515
      }
    },
    {
      "kind": "const",
      "name": "gross_advance",
      "span": {
        "start": 1531,
        "end": 1577
      },
      "nameSpan": {
        "start": 1537,
        "end": 1550
      }
    },
    {
      "kind": "const",
      "name": "collateral",
      "span": {
        "start": 1580,
        "end": 1610
      },
      "nameSpan": {
        "start": 1586,
        "end": 1596
      }
    },
    {
      "kind": "const",
      "name": "accrued_at_service",
      "span": {
        "start": 1828,
        "end": 1865
      },
      "nameSpan": {
        "start": 1834,
        "end": 1852
      }
    },
    {
      "kind": "const",
      "name": "principal_open",
      "span": {
        "start": 1868,
        "end": 1904
      },
      "nameSpan": {
        "start": 1874,
        "end": 1888
      }
    },
    {
      "kind": "const",
      "name": "installment",
      "span": {
        "start": 1907,
        "end": 1938
      },
      "nameSpan": {
        "start": 1913,
        "end": 1924
      }
    },
    {
      "kind": "const",
      "name": "interest_portion",
      "span": {
        "start": 1941,
        "end": 2009
      },
      "nameSpan": {
        "start": 1947,
        "end": 1963
      }
    },
    {
      "kind": "const",
      "name": "principal_portion",
      "span": {
        "start": 2012,
        "end": 2069
      },
      "nameSpan": {
        "start": 2018,
        "end": 2035
      }
    },
    {
      "kind": "const",
      "name": "scheduled_total",
      "span": {
        "start": 2072,
        "end": 2133
      },
      "nameSpan": {
        "start": 2078,
        "end": 2093
      }
    },
    {
      "kind": "const",
      "name": "zero",
      "span": {
        "start": 2136,
        "end": 2158
      },
      "nameSpan": {
        "start": 2142,
        "end": 2146
      }
    },
    {
      "kind": "const",
      "name": "residual_principal",
      "span": {
        "start": 2392,
        "end": 2430
      },
      "nameSpan": {
        "start": 2398,
        "end": 2416
      }
    },
    {
      "kind": "const",
      "name": "residual_accrued",
      "span": {
        "start": 2433,
        "end": 2467
      },
      "nameSpan": {
        "start": 2439,
        "end": 2455
      }
    },
    {
      "kind": "const",
      "name": "payoff",
      "span": {
        "start": 2470,
        "end": 2523
      },
      "nameSpan": {
        "start": 2476,
        "end": 2482
      }
    },
    {
      "kind": "intent",
      "name": "Draw",
      "span": {
        "start": 2526,
        "end": 3203
      },
      "nameSpan": {
        "start": 2533,
        "end": 2537
      }
    },
    {
      "kind": "intent",
      "name": "Installment",
      "span": {
        "start": 3235,
        "end": 3902
      },
      "nameSpan": {
        "start": 3242,
        "end": 3253
      }
    },
    {
      "kind": "intent",
      "name": "Payoff",
      "span": {
        "start": 3952,
        "end": 4576
      },
      "nameSpan": {
        "start": 3959,
        "end": 3965
      }
    },
    {
      "kind": "intent",
      "name": "Originate",
      "span": {
        "start": 4612,
        "end": 4885
      },
      "nameSpan": {
        "start": 4619,
        "end": 4628
      }
    },
    {
      "kind": "intent",
      "name": "Roll",
      "span": {
        "start": 4923,
        "end": 5180
      },
      "nameSpan": {
        "start": 4930,
        "end": 4934
      }
    },
    {
      "kind": "intent",
      "name": "Liquidate",
      "span": {
        "start": 5208,
        "end": 5364
      },
      "nameSpan": {
        "start": 5215,
        "end": 5224
      }
    }
  ],
  "actions": [
    {
      "name": "disburse",
      "intent": "Draw",
      "span": {
        "start": 3206,
        "end": 3232
      },
      "nameSpan": {
        "start": 3213,
        "end": 3221
      },
      "support": "LocalS0",
      "coverage": {
        "syntax": "Checked",
        "names": "Checked",
        "quantities": "Checked",
        "financialRelations": "DelegatedToCore",
        "localPreparation": "AvailableUnqualified"
      }
    },
    {
      "name": "service_installment",
      "intent": "Installment",
      "span": {
        "start": 3905,
        "end": 3949
      },
      "nameSpan": {
        "start": 3912,
        "end": 3931
      },
      "support": "LocalS0",
      "coverage": {
        "syntax": "Checked",
        "names": "Checked",
        "quantities": "Checked",
        "financialRelations": "DelegatedToCore",
        "localPreparation": "AvailableUnqualified"
      }
    },
    {
      "name": "close_note",
      "intent": "Payoff",
      "span": {
        "start": 4579,
        "end": 4609
      },
      "nameSpan": {
        "start": 4586,
        "end": 4596
      },
      "support": "LocalS0",
      "coverage": {
        "syntax": "Checked",
        "names": "Checked",
        "quantities": "Checked",
        "financialRelations": "DelegatedToCore",
        "localPreparation": "AvailableUnqualified"
      }
    },
    {
      "name": "originate",
      "intent": "Originate",
      "span": {
        "start": 4888,
        "end": 4920
      },
      "nameSpan": {
        "start": 4895,
        "end": 4904
      },
      "support": "SpecifiedOnly",
      "coverage": {
        "syntax": "Checked",
        "names": "Checked",
        "quantities": "Checked",
        "financialRelations": "Open",
        "localPreparation": "Unsupported"
      }
    },
    {
      "name": "roll",
      "intent": "Roll",
      "span": {
        "start": 5183,
        "end": 5205
      },
      "nameSpan": {
        "start": 5190,
        "end": 5194
      },
      "support": "SpecifiedOnly",
      "coverage": {
        "syntax": "Checked",
        "names": "Checked",
        "quantities": "Checked",
        "financialRelations": "Open",
        "localPreparation": "Unsupported"
      }
    },
    {
      "name": "liquidate",
      "intent": "Liquidate",
      "span": {
        "start": 5367,
        "end": 5399
      },
      "nameSpan": {
        "start": 5374,
        "end": 5383
      },
      "support": "SpecifiedOnly",
      "coverage": {
        "syntax": "Checked",
        "names": "Checked",
        "quantities": "Checked",
        "financialRelations": "Open",
        "localPreparation": "Unsupported"
      }
    }
  ],
  "references": [
    {
      "name": "Desk",
      "useSpan": {
        "start": 616,
        "end": 620
      },
      "declarationSpan": {
        "start": 495,
        "end": 580
      }
    },
    {
      "name": "Desk",
      "useSpan": {
        "start": 679,
        "end": 683
      },
      "declarationSpan": {
        "start": 495,
        "end": 580
      }
    },
    {
      "name": "Desk",
      "useSpan": {
        "start": 742,
        "end": 746
      },
      "declarationSpan": {
        "start": 495,
        "end": 580
      }
    },
    {
      "name": "Desk",
      "useSpan": {
        "start": 800,
        "end": 804
      },
      "declarationSpan": {
        "start": 495,
        "end": 580
      }
    },
    {
      "name": "Desk",
      "useSpan": {
        "start": 924,
        "end": 928
      },
      "declarationSpan": {
        "start": 495,
        "end": 580
      }
    },
    {
      "name": "Desk",
      "useSpan": {
        "start": 1055,
        "end": 1059
      },
      "declarationSpan": {
        "start": 495,
        "end": 580
      }
    },
    {
      "name": "USD",
      "useSpan": {
        "start": 1093,
        "end": 1096
      },
      "declarationSpan": {
        "start": 774,
        "end": 894
      }
    },
    {
      "name": "USD",
      "useSpan": {
        "start": 1491,
        "end": 1494
      },
      "declarationSpan": {
        "start": 774,
        "end": 894
      }
    },
    {
      "name": "USD",
      "useSpan": {
        "start": 1475,
        "end": 1478
      },
      "declarationSpan": {
        "start": 774,
        "end": 894
      }
    },
    {
      "name": "USD",
      "useSpan": {
        "start": 1524,
        "end": 1527
      },
      "declarationSpan": {
        "start": 774,
        "end": 894
      }
    },
    {
      "name": "principal",
      "useSpan": {
        "start": 1553,
        "end": 1562
      },
      "declarationSpan": {
        "start": 1454,
        "end": 1495
      }
    },
    {
      "name": "service_fee",
      "useSpan": {
        "start": 1565,
        "end": 1576
      },
      "declarationSpan": {
        "start": 1498,
        "end": 1528
      }
    },
    {
      "name": "GOLD",
      "useSpan": {
        "start": 1605,
        "end": 1609
      },
      "declarationSpan": {
        "start": 897,
        "end": 1020
      }
    },
    {
      "name": "USD",
      "useSpan": {
        "start": 1861,
        "end": 1864
      },
      "declarationSpan": {
        "start": 774,
        "end": 894
      }
    },
    {
      "name": "USD",
      "useSpan": {
        "start": 1900,
        "end": 1903
      },
      "declarationSpan": {
        "start": 774,
        "end": 894
      }
    },
    {
      "name": "USD",
      "useSpan": {
        "start": 1934,
        "end": 1937
      },
      "declarationSpan": {
        "start": 774,
        "end": 894
      }
    },
    {
      "name": "installment",
      "useSpan": {
        "start": 1973,
        "end": 1984
      },
      "declarationSpan": {
        "start": 1907,
        "end": 1938
      }
    },
    {
      "name": "accrued_at_service",
      "useSpan": {
        "start": 1989,
        "end": 2007
      },
      "declarationSpan": {
        "start": 1828,
        "end": 1865
      }
    },
    {
      "name": "installment",
      "useSpan": {
        "start": 2038,
        "end": 2049
      },
      "declarationSpan": {
        "start": 1907,
        "end": 1938
      }
    },
    {
      "name": "interest_portion",
      "useSpan": {
        "start": 2052,
        "end": 2068
      },
      "declarationSpan": {
        "start": 1941,
        "end": 2009
      }
    },
    {
      "name": "principal_portion",
      "useSpan": {
        "start": 2096,
        "end": 2113
      },
      "declarationSpan": {
        "start": 2012,
        "end": 2069
      }
    },
    {
      "name": "interest_portion",
      "useSpan": {
        "start": 2116,
        "end": 2132
      },
      "declarationSpan": {
        "start": 1941,
        "end": 2009
      }
    },
    {
      "name": "USD",
      "useSpan": {
        "start": 2154,
        "end": 2157
      },
      "declarationSpan": {
        "start": 774,
        "end": 894
      }
    },
    {
      "name": "USD",
      "useSpan": {
        "start": 2426,
        "end": 2429
      },
      "declarationSpan": {
        "start": 774,
        "end": 894
      }
    },
    {
      "name": "USD",
      "useSpan": {
        "start": 2463,
        "end": 2466
      },
      "declarationSpan": {
        "start": 774,
        "end": 894
      }
    },
    {
      "name": "residual_principal",
      "useSpan": {
        "start": 2485,
        "end": 2503
      },
      "declarationSpan": {
        "start": 2392,
        "end": 2430
      }
    },
    {
      "name": "residual_accrued",
      "useSpan": {
        "start": 2506,
        "end": 2522
      },
      "declarationSpan": {
        "start": 2433,
        "end": 2467
      }
    },
    {
      "name": "Desk",
      "useSpan": {
        "start": 2554,
        "end": 2558
      },
      "declarationSpan": {
        "start": 495,
        "end": 580
      }
    },
    {
      "name": "USD",
      "useSpan": {
        "start": 2571,
        "end": 2574
      },
      "declarationSpan": {
        "start": 774,
        "end": 894
      }
    },
    {
      "name": "Lender",
      "useSpan": {
        "start": 2588,
        "end": 2594
      },
      "declarationSpan": {
        "start": 648,
        "end": 706
      }
    },
    {
      "name": "Desk",
      "useSpan": {
        "start": 2697,
        "end": 2701
      },
      "declarationSpan": {
        "start": 495,
        "end": 580
      }
    },
    {
      "name": "funding_open",
      "useSpan": {
        "start": 2713,
        "end": 2725
      },
      "declarationSpan": {
        "start": 1174,
        "end": 1198
      }
    },
    {
      "name": "funding_close",
      "useSpan": {
        "start": 2735,
        "end": 2748
      },
      "declarationSpan": {
        "start": 1201,
        "end": 1226
      }
    },
    {
      "name": "gross_advance",
      "useSpan": {
        "start": 2766,
        "end": 2779
      },
      "declarationSpan": {
        "start": 1531,
        "end": 1577
      }
    },
    {
      "name": "service_fee",
      "useSpan": {
        "start": 2794,
        "end": 2805
      },
      "declarationSpan": {
        "start": 1498,
        "end": 1528
      }
    },
    {
      "name": "principal",
      "useSpan": {
        "start": 2822,
        "end": 2831
      },
      "declarationSpan": {
        "start": 1454,
        "end": 1495
      }
    },
    {
      "name": "Lender",
      "useSpan": {
        "start": 2863,
        "end": 2869
      },
      "declarationSpan": {
        "start": 648,
        "end": 706
      }
    },
    {
      "name": "Borrower",
      "useSpan": {
        "start": 2879,
        "end": 2887
      },
      "declarationSpan": {
        "start": 583,
        "end": 645
      }
    },
    {
      "name": "Servicer",
      "useSpan": {
        "start": 2901,
        "end": 2909
      },
      "declarationSpan": {
        "start": 709,
        "end": 771
      }
    },
    {
      "name": "principal",
      "useSpan": {
        "start": 2922,
        "end": 2931
      },
      "declarationSpan": {
        "start": 1454,
        "end": 1495
      }
    },
    {
      "name": "service_fee",
      "useSpan": {
        "start": 2942,
        "end": 2953
      },
      "declarationSpan": {
        "start": 1498,
        "end": 1528
      }
    },
    {
      "name": "Draw",
      "useSpan": {
        "start": 3227,
        "end": 3231
      },
      "declarationSpan": {
        "start": 2526,
        "end": 3203
      }
    },
    {
      "name": "Desk",
      "useSpan": {
        "start": 3270,
        "end": 3274
      },
      "declarationSpan": {
        "start": 495,
        "end": 580
      }
    },
    {
      "name": "USD",
      "useSpan": {
        "start": 3287,
        "end": 3290
      },
      "declarationSpan": {
        "start": 774,
        "end": 894
      }
    },
    {
      "name": "Borrower",
      "useSpan": {
        "start": 3304,
        "end": 3312
      },
      "declarationSpan": {
        "start": 583,
        "end": 645
      }
    },
    {
      "name": "Desk",
      "useSpan": {
        "start": 3424,
        "end": 3428
      },
      "declarationSpan": {
        "start": 495,
        "end": 580
      }
    },
    {
      "name": "installment_open",
      "useSpan": {
        "start": 3440,
        "end": 3456
      },
      "declarationSpan": {
        "start": 1229,
        "end": 1257
      }
    },
    {
      "name": "installment_close",
      "useSpan": {
        "start": 3466,
        "end": 3483
      },
      "declarationSpan": {
        "start": 1260,
        "end": 1289
      }
    },
    {
      "name": "scheduled_total",
      "useSpan": {
        "start": 3501,
        "end": 3516
      },
      "declarationSpan": {
        "start": 2072,
        "end": 2133
      }
    },
    {
      "name": "zero",
      "useSpan": {
        "start": 3531,
        "end": 3535
      },
      "declarationSpan": {
        "start": 2136,
        "end": 2158
      }
    },
    {
      "name": "zero",
      "useSpan": {
        "start": 3552,
        "end": 3556
      },
      "declarationSpan": {
        "start": 2136,
        "end": 2158
      }
    },
    {
      "name": "Note",
      "useSpan": {
        "start": 3591,
        "end": 3595
      },
      "declarationSpan": {
        "start": 1023,
        "end": 1101
      }
    },
    {
      "name": "Borrower",
      "useSpan": {
        "start": 3608,
        "end": 3616
      },
      "declarationSpan": {
        "start": 583,
        "end": 645
      }
    },
    {
      "name": "scheduled_total",
      "useSpan": {
        "start": 3630,
        "end": 3645
      },
      "declarationSpan": {
        "start": 2072,
        "end": 2133
      }
    },
    {
      "name": "Installment",
      "useSpan": {
        "start": 3937,
        "end": 3948
      },
      "declarationSpan": {
        "start": 3235,
        "end": 3902
      }
    },
    {
      "name": "Desk",
      "useSpan": {
        "start": 3982,
        "end": 3986
      },
      "declarationSpan": {
        "start": 495,
        "end": 580
      }
    },
    {
      "name": "USD",
      "useSpan": {
        "start": 3999,
        "end": 4002
      },
      "declarationSpan": {
        "start": 774,
        "end": 894
      }
    },
    {
      "name": "Borrower",
      "useSpan": {
        "start": 4016,
        "end": 4024
      },
      "declarationSpan": {
        "start": 583,
        "end": 645
      }
    },
    {
      "name": "Desk",
      "useSpan": {
        "start": 4131,
        "end": 4135
      },
      "declarationSpan": {
        "start": 495,
        "end": 580
      }
    },
    {
      "name": "payoff_open",
      "useSpan": {
        "start": 4147,
        "end": 4158
      },
      "declarationSpan": {
        "start": 1292,
        "end": 1315
      }
    },
    {
      "name": "payoff_close",
      "useSpan": {
        "start": 4168,
        "end": 4180
      },
      "declarationSpan": {
        "start": 1318,
        "end": 1342
      }
    },
    {
      "name": "payoff",
      "useSpan": {
        "start": 4198,
        "end": 4204
      },
      "declarationSpan": {
        "start": 2470,
        "end": 2523
      }
    },
    {
      "name": "zero",
      "useSpan": {
        "start": 4219,
        "end": 4223
      },
      "declarationSpan": {
        "start": 2136,
        "end": 2158
      }
    },
    {
      "name": "zero",
      "useSpan": {
        "start": 4240,
        "end": 4244
      },
      "declarationSpan": {
        "start": 2136,
        "end": 2158
      }
    },
    {
      "name": "Note",
      "useSpan": {
        "start": 4279,
        "end": 4283
      },
      "declarationSpan": {
        "start": 1023,
        "end": 1101
      }
    },
    {
      "name": "Borrower",
      "useSpan": {
        "start": 4296,
        "end": 4304
      },
      "declarationSpan": {
        "start": 583,
        "end": 645
      }
    },
    {
      "name": "payoff",
      "useSpan": {
        "start": 4318,
        "end": 4324
      },
      "declarationSpan": {
        "start": 2470,
        "end": 2523
      }
    },
    {
      "name": "Payoff",
      "useSpan": {
        "start": 4602,
        "end": 4608
      },
      "declarationSpan": {
        "start": 3952,
        "end": 4576
      }
    },
    {
      "name": "Note",
      "useSpan": {
        "start": 4678,
        "end": 4682
      },
      "declarationSpan": {
        "start": 1023,
        "end": 1101
      }
    },
    {
      "name": "Borrower",
      "useSpan": {
        "start": 4696,
        "end": 4704
      },
      "declarationSpan": {
        "start": 583,
        "end": 645
      }
    },
    {
      "name": "Lender",
      "useSpan": {
        "start": 4720,
        "end": 4726
      },
      "declarationSpan": {
        "start": 648,
        "end": 706
      }
    },
    {
      "name": "principal",
      "useSpan": {
        "start": 4743,
        "end": 4752
      },
      "declarationSpan": {
        "start": 1454,
        "end": 1495
      }
    },
    {
      "name": "collateral",
      "useSpan": {
        "start": 4770,
        "end": 4780
      },
      "declarationSpan": {
        "start": 1580,
        "end": 1610
      }
    },
    {
      "name": "Originate",
      "useSpan": {
        "start": 4910,
        "end": 4919
      },
      "declarationSpan": {
        "start": 4612,
        "end": 4885
      }
    },
    {
      "name": "Note",
      "useSpan": {
        "start": 4987,
        "end": 4991
      },
      "declarationSpan": {
        "start": 1023,
        "end": 1101
      }
    },
    {
      "name": "roll_target",
      "useSpan": {
        "start": 5007,
        "end": 5018
      },
      "declarationSpan": {
        "start": 1369,
        "end": 1392
      }
    },
    {
      "name": "Desk",
      "useSpan": {
        "start": 5047,
        "end": 5051
      },
      "declarationSpan": {
        "start": 495,
        "end": 580
      }
    },
    {
      "name": "roll_open",
      "useSpan": {
        "start": 5063,
        "end": 5072
      },
      "declarationSpan": {
        "start": 1345,
        "end": 1366
      }
    },
    {
      "name": "roll_target",
      "useSpan": {
        "start": 5082,
        "end": 5093
      },
      "declarationSpan": {
        "start": 1369,
        "end": 1392
      }
    },
    {
      "name": "Roll",
      "useSpan": {
        "start": 5200,
        "end": 5204
      },
      "declarationSpan": {
        "start": 4923,
        "end": 5180
      }
    },
    {
      "name": "Note",
      "useSpan": {
        "start": 5274,
        "end": 5278
      },
      "declarationSpan": {
        "start": 1023,
        "end": 1101
      }
    },
    {
      "name": "Liquidate",
      "useSpan": {
        "start": 5389,
        "end": 5398
      },
      "declarationSpan": {
        "start": 5208,
        "end": 5364
      }
    }
  ],
  "fieldUses": [
    {
      "containerSpan": {
        "start": 509,
        "end": 579
      },
      "key": "id",
      "span": {
        "start": 519,
        "end": 528
      }
    },
    {
      "containerSpan": {
        "start": 509,
        "end": 579
      },
      "key": "chain",
      "span": {
        "start": 541,
        "end": 551
      }
    },
    {
      "containerSpan": {
        "start": 509,
        "end": 579
      },
      "key": "network",
      "span": {
        "start": 566,
        "end": 575
      }
    },
    {
      "containerSpan": {
        "start": 602,
        "end": 644
      },
      "key": "domain",
      "span": {
        "start": 616,
        "end": 620
      }
    },
    {
      "containerSpan": {
        "start": 602,
        "end": 644
      },
      "key": "id",
      "span": {
        "start": 630,
        "end": 640
      }
    },
    {
      "containerSpan": {
        "start": 665,
        "end": 705
      },
      "key": "domain",
      "span": {
        "start": 679,
        "end": 683
      }
    },
    {
      "containerSpan": {
        "start": 665,
        "end": 705
      },
      "key": "id",
      "span": {
        "start": 693,
        "end": 701
      }
    },
    {
      "containerSpan": {
        "start": 728,
        "end": 770
      },
      "key": "domain",
      "span": {
        "start": 742,
        "end": 746
      }
    },
    {
      "containerSpan": {
        "start": 728,
        "end": 770
      },
      "key": "id",
      "span": {
        "start": 756,
        "end": 766
      }
    },
    {
      "containerSpan": {
        "start": 786,
        "end": 893
      },
      "key": "domain",
      "span": {
        "start": 800,
        "end": 804
      }
    },
    {
      "containerSpan": {
        "start": 786,
        "end": 893
      },
      "key": "id",
      "span": {
        "start": 814,
        "end": 823
      }
    },
    {
      "containerSpan": {
        "start": 786,
        "end": 893
      },
      "key": "scale",
      "span": {
        "start": 836,
        "end": 837
      }
    },
    {
      "containerSpan": {
        "start": 786,
        "end": 893
      },
      "key": "representation",
      "span": {
        "start": 859,
        "end": 870
      }
    },
    {
      "containerSpan": {
        "start": 786,
        "end": 893
      },
      "key": "symbol",
      "span": {
        "start": 884,
        "end": 889
      }
    },
    {
      "containerSpan": {
        "start": 910,
        "end": 1019
      },
      "key": "domain",
      "span": {
        "start": 924,
        "end": 928
      }
    },
    {
      "containerSpan": {
        "start": 910,
        "end": 1019
      },
      "key": "id",
      "span": {
        "start": 938,
        "end": 948
      }
    },
    {
      "containerSpan": {
        "start": 910,
        "end": 1019
      },
      "key": "scale",
      "span": {
        "start": 961,
        "end": 962
      }
    },
    {
      "containerSpan": {
        "start": 910,
        "end": 1019
      },
      "key": "representation",
      "span": {
        "start": 984,
        "end": 995
      }
    },
    {
      "containerSpan": {
        "start": 910,
        "end": 1019
      },
      "key": "symbol",
      "span": {
        "start": 1009,
        "end": 1015
      }
    },
    {
      "containerSpan": {
        "start": 1041,
        "end": 1100
      },
      "key": "domain",
      "span": {
        "start": 1055,
        "end": 1059
      }
    },
    {
      "containerSpan": {
        "start": 1041,
        "end": 1100
      },
      "key": "id",
      "span": {
        "start": 1069,
        "end": 1080
      }
    },
    {
      "containerSpan": {
        "start": 1041,
        "end": 1100
      },
      "key": "asset",
      "span": {
        "start": 1093,
        "end": 1096
      }
    },
    {
      "containerSpan": {
        "start": 1966,
        "end": 2008
      },
      "key": "a",
      "span": {
        "start": 1973,
        "end": 1984
      }
    },
    {
      "containerSpan": {
        "start": 1966,
        "end": 2008
      },
      "key": "b",
      "span": {
        "start": 1989,
        "end": 2007
      }
    },
    {
      "containerSpan": {
        "start": 2682,
        "end": 2749
      },
      "key": "domain",
      "span": {
        "start": 2697,
        "end": 2701
      }
    },
    {
      "containerSpan": {
        "start": 2682,
        "end": 2749
      },
      "key": "from",
      "span": {
        "start": 2713,
        "end": 2725
      }
    },
    {
      "containerSpan": {
        "start": 2682,
        "end": 2749
      },
      "key": "to",
      "span": {
        "start": 2735,
        "end": 2748
      }
    },
    {
      "containerSpan": {
        "start": 2848,
        "end": 2954
      },
      "key": "from",
      "span": {
        "start": 2863,
        "end": 2869
      }
    },
    {
      "containerSpan": {
        "start": 2848,
        "end": 2954
      },
      "key": "to",
      "span": {
        "start": 2879,
        "end": 2887
      }
    },
    {
      "containerSpan": {
        "start": 2848,
        "end": 2954
      },
      "key": "fee_to",
      "span": {
        "start": 2901,
        "end": 2909
      }
    },
    {
      "containerSpan": {
        "start": 2848,
        "end": 2954
      },
      "key": "value",
      "span": {
        "start": 2922,
        "end": 2931
      }
    },
    {
      "containerSpan": {
        "start": 2848,
        "end": 2954
      },
      "key": "fee",
      "span": {
        "start": 2942,
        "end": 2953
      }
    },
    {
      "containerSpan": {
        "start": 2540,
        "end": 3202
      },
      "key": "domain",
      "span": {
        "start": 2554,
        "end": 2558
      }
    },
    {
      "containerSpan": {
        "start": 2540,
        "end": 3202
      },
      "key": "asset",
      "span": {
        "start": 2571,
        "end": 2574
      }
    },
    {
      "containerSpan": {
        "start": 2540,
        "end": 3202
      },
      "key": "signer",
      "span": {
        "start": 2588,
        "end": 2594
      }
    },
    {
      "containerSpan": {
        "start": 2540,
        "end": 3202
      },
      "key": "key",
      "span": {
        "start": 2605,
        "end": 2619
      }
    },
    {
      "containerSpan": {
        "start": 2540,
        "end": 3202
      },
      "key": "nonce",
      "span": {
        "start": 2632,
        "end": 2640
      }
    },
    {
      "containerSpan": {
        "start": 2540,
        "end": 3202
      },
      "key": "pre_head",
      "span": {
        "start": 2656,
        "end": 2669
      }
    },
    {
      "containerSpan": {
        "start": 2540,
        "end": 3202
      },
      "key": "valid",
      "span": {
        "start": 2682,
        "end": 2749
      }
    },
    {
      "containerSpan": {
        "start": 2540,
        "end": 3202
      },
      "key": "gross_cap",
      "span": {
        "start": 2766,
        "end": 2779
      }
    },
    {
      "containerSpan": {
        "start": 2540,
        "end": 3202
      },
      "key": "fee_cap",
      "span": {
        "start": 2794,
        "end": 2805
      }
    },
    {
      "containerSpan": {
        "start": 2540,
        "end": 3202
      },
      "key": "net_floor",
      "span": {
        "start": 2822,
        "end": 2831
      }
    },
    {
      "containerSpan": {
        "start": 2540,
        "end": 3202
      },
      "key": "operation",
      "span": {
        "start": 2848,
        "end": 2954
      }
    },
    {
      "containerSpan": {
        "start": 2540,
        "end": 3202
      },
      "key": "source_hash",
      "span": {
        "start": 2973,
        "end": 2992
      }
    },
    {
      "containerSpan": {
        "start": 2540,
        "end": 3202
      },
      "key": "policy_digest",
      "span": {
        "start": 3013,
        "end": 3035
      }
    },
    {
      "containerSpan": {
        "start": 2540,
        "end": 3202
      },
      "key": "failure",
      "span": {
        "start": 3050,
        "end": 3061
      }
    },
    {
      "containerSpan": {
        "start": 2540,
        "end": 3202
      },
      "key": "observations",
      "span": {
        "start": 3081,
        "end": 3083
      }
    },
    {
      "containerSpan": {
        "start": 2540,
        "end": 3202
      },
      "key": "disclosures",
      "span": {
        "start": 3102,
        "end": 3104
      }
    },
    {
      "containerSpan": {
        "start": 2540,
        "end": 3202
      },
      "key": "retained_effects",
      "span": {
        "start": 3128,
        "end": 3130
      }
    },
    {
      "containerSpan": {
        "start": 2540,
        "end": 3202
      },
      "key": "retained_duties",
      "span": {
        "start": 3153,
        "end": 3155
      }
    },
    {
      "containerSpan": {
        "start": 2540,
        "end": 3202
      },
      "key": "delegation",
      "span": {
        "start": 3173,
        "end": 3177
      }
    },
    {
      "containerSpan": {
        "start": 2540,
        "end": 3202
      },
      "key": "recovery",
      "span": {
        "start": 3193,
        "end": 3197
      }
    },
    {
      "containerSpan": {
        "start": 3409,
        "end": 3484
      },
      "key": "domain",
      "span": {
        "start": 3424,
        "end": 3428
      }
    },
    {
      "containerSpan": {
        "start": 3409,
        "end": 3484
      },
      "key": "from",
      "span": {
        "start": 3440,
        "end": 3456
      }
    },
    {
      "containerSpan": {
        "start": 3409,
        "end": 3484
      },
      "key": "to",
      "span": {
        "start": 3466,
        "end": 3483
      }
    },
    {
      "containerSpan": {
        "start": 3573,
        "end": 3646
      },
      "key": "obligation",
      "span": {
        "start": 3591,
        "end": 3595
      }
    },
    {
      "containerSpan": {
        "start": 3573,
        "end": 3646
      },
      "key": "payer",
      "span": {
        "start": 3608,
        "end": 3616
      }
    },
    {
      "containerSpan": {
        "start": 3573,
        "end": 3646
      },
      "key": "amount",
      "span": {
        "start": 3630,
        "end": 3645
      }
    },
    {
      "containerSpan": {
        "start": 3256,
        "end": 3901
      },
      "key": "domain",
      "span": {
        "start": 3270,
        "end": 3274
      }
    },
    {
      "containerSpan": {
        "start": 3256,
        "end": 3901
      },
      "key": "asset",
      "span": {
        "start": 3287,
        "end": 3290
      }
    },
    {
      "containerSpan": {
        "start": 3256,
        "end": 3901
      },
      "key": "signer",
      "span": {
        "start": 3304,
        "end": 3312
      }
    },
    {
      "containerSpan": {
        "start": 3256,
        "end": 3901
      },
      "key": "key",
      "span": {
        "start": 3323,
        "end": 3339
      }
    },
    {
      "containerSpan": {
        "start": 3256,
        "end": 3901
      },
      "key": "nonce",
      "span": {
        "start": 3352,
        "end": 3367
      }
    },
    {
      "containerSpan": {
        "start": 3256,
        "end": 3901
      },
      "key": "pre_head",
      "span": {
        "start": 3383,
        "end": 3396
      }
    },
    {
      "containerSpan": {
        "start": 3256,
        "end": 3901
      },
      "key": "valid",
      "span": {
        "start": 3409,
        "end": 3484
      }
    },
    {
      "containerSpan": {
        "start": 3256,
        "end": 3901
      },
      "key": "gross_cap",
      "span": {
        "start": 3501,
        "end": 3516
      }
    },
    {
      "containerSpan": {
        "start": 3256,
        "end": 3901
      },
      "key": "fee_cap",
      "span": {
        "start": 3531,
        "end": 3535
      }
    },
    {
      "containerSpan": {
        "start": 3256,
        "end": 3901
      },
      "key": "net_floor",
      "span": {
        "start": 3552,
        "end": 3556
      }
    },
    {
      "containerSpan": {
        "start": 3256,
        "end": 3901
      },
      "key": "operation",
      "span": {
        "start": 3573,
        "end": 3646
      }
    },
    {
      "containerSpan": {
        "start": 3256,
        "end": 3901
      },
      "key": "source_hash",
      "span": {
        "start": 3665,
        "end": 3691
      }
    },
    {
      "containerSpan": {
        "start": 3256,
        "end": 3901
      },
      "key": "policy_digest",
      "span": {
        "start": 3712,
        "end": 3734
      }
    },
    {
      "containerSpan": {
        "start": 3256,
        "end": 3901
      },
      "key": "failure",
      "span": {
        "start": 3749,
        "end": 3760
      }
    },
    {
      "containerSpan": {
        "start": 3256,
        "end": 3901
      },
      "key": "observations",
      "span": {
        "start": 3780,
        "end": 3782
      }
    },
    {
      "containerSpan": {
        "start": 3256,
        "end": 3901
      },
      "key": "disclosures",
      "span": {
        "start": 3801,
        "end": 3803
      }
    },
    {
      "containerSpan": {
        "start": 3256,
        "end": 3901
      },
      "key": "retained_effects",
      "span": {
        "start": 3827,
        "end": 3829
      }
    },
    {
      "containerSpan": {
        "start": 3256,
        "end": 3901
      },
      "key": "retained_duties",
      "span": {
        "start": 3852,
        "end": 3854
      }
    },
    {
      "containerSpan": {
        "start": 3256,
        "end": 3901
      },
      "key": "delegation",
      "span": {
        "start": 3872,
        "end": 3876
      }
    },
    {
      "containerSpan": {
        "start": 3256,
        "end": 3901
      },
      "key": "recovery",
      "span": {
        "start": 3892,
        "end": 3896
      }
    },
    {
      "containerSpan": {
        "start": 4116,
        "end": 4181
      },
      "key": "domain",
      "span": {
        "start": 4131,
        "end": 4135
      }
    },
    {
      "containerSpan": {
        "start": 4116,
        "end": 4181
      },
      "key": "from",
      "span": {
        "start": 4147,
        "end": 4158
      }
    },
    {
      "containerSpan": {
        "start": 4116,
        "end": 4181
      },
      "key": "to",
      "span": {
        "start": 4168,
        "end": 4180
      }
    },
    {
      "containerSpan": {
        "start": 4261,
        "end": 4325
      },
      "key": "obligation",
      "span": {
        "start": 4279,
        "end": 4283
      }
    },
    {
      "containerSpan": {
        "start": 4261,
        "end": 4325
      },
      "key": "payer",
      "span": {
        "start": 4296,
        "end": 4304
      }
    },
    {
      "containerSpan": {
        "start": 4261,
        "end": 4325
      },
      "key": "amount",
      "span": {
        "start": 4318,
        "end": 4324
      }
    },
    {
      "containerSpan": {
        "start": 3968,
        "end": 4575
      },
      "key": "domain",
      "span": {
        "start": 3982,
        "end": 3986
      }
    },
    {
      "containerSpan": {
        "start": 3968,
        "end": 4575
      },
      "key": "asset",
      "span": {
        "start": 3999,
        "end": 4002
      }
    },
    {
      "containerSpan": {
        "start": 3968,
        "end": 4575
      },
      "key": "signer",
      "span": {
        "start": 4016,
        "end": 4024
      }
    },
    {
      "containerSpan": {
        "start": 3968,
        "end": 4575
      },
      "key": "key",
      "span": {
        "start": 4035,
        "end": 4051
      }
    },
    {
      "containerSpan": {
        "start": 3968,
        "end": 4575
      },
      "key": "nonce",
      "span": {
        "start": 4064,
        "end": 4074
      }
    },
    {
      "containerSpan": {
        "start": 3968,
        "end": 4575
      },
      "key": "pre_head",
      "span": {
        "start": 4090,
        "end": 4103
      }
    },
    {
      "containerSpan": {
        "start": 3968,
        "end": 4575
      },
      "key": "valid",
      "span": {
        "start": 4116,
        "end": 4181
      }
    },
    {
      "containerSpan": {
        "start": 3968,
        "end": 4575
      },
      "key": "gross_cap",
      "span": {
        "start": 4198,
        "end": 4204
      }
    },
    {
      "containerSpan": {
        "start": 3968,
        "end": 4575
      },
      "key": "fee_cap",
      "span": {
        "start": 4219,
        "end": 4223
      }
    },
    {
      "containerSpan": {
        "start": 3968,
        "end": 4575
      },
      "key": "net_floor",
      "span": {
        "start": 4240,
        "end": 4244
      }
    },
    {
      "containerSpan": {
        "start": 3968,
        "end": 4575
      },
      "key": "operation",
      "span": {
        "start": 4261,
        "end": 4325
      }
    },
    {
      "containerSpan": {
        "start": 3968,
        "end": 4575
      },
      "key": "source_hash",
      "span": {
        "start": 4344,
        "end": 4365
      }
    },
    {
      "containerSpan": {
        "start": 3968,
        "end": 4575
      },
      "key": "policy_digest",
      "span": {
        "start": 4386,
        "end": 4408
      }
    },
    {
      "containerSpan": {
        "start": 3968,
        "end": 4575
      },
      "key": "failure",
      "span": {
        "start": 4423,
        "end": 4434
      }
    },
    {
      "containerSpan": {
        "start": 3968,
        "end": 4575
      },
      "key": "observations",
      "span": {
        "start": 4454,
        "end": 4456
      }
    },
    {
      "containerSpan": {
        "start": 3968,
        "end": 4575
      },
      "key": "disclosures",
      "span": {
        "start": 4475,
        "end": 4477
      }
    },
    {
      "containerSpan": {
        "start": 3968,
        "end": 4575
      },
      "key": "retained_effects",
      "span": {
        "start": 4501,
        "end": 4503
      }
    },
    {
      "containerSpan": {
        "start": 3968,
        "end": 4575
      },
      "key": "retained_duties",
      "span": {
        "start": 4526,
        "end": 4528
      }
    },
    {
      "containerSpan": {
        "start": 3968,
        "end": 4575
      },
      "key": "delegation",
      "span": {
        "start": 4546,
        "end": 4550
      }
    },
    {
      "containerSpan": {
        "start": 3968,
        "end": 4575
      },
      "key": "recovery",
      "span": {
        "start": 4566,
        "end": 4570
      }
    },
    {
      "containerSpan": {
        "start": 4648,
        "end": 4781
      },
      "key": "obligation",
      "span": {
        "start": 4678,
        "end": 4682
      }
    },
    {
      "containerSpan": {
        "start": 4648,
        "end": 4781
      },
      "key": "debtor",
      "span": {
        "start": 4696,
        "end": 4704
      }
    },
    {
      "containerSpan": {
        "start": 4648,
        "end": 4781
      },
      "key": "creditor",
      "span": {
        "start": 4720,
        "end": 4726
      }
    },
    {
      "containerSpan": {
        "start": 4648,
        "end": 4781
      },
      "key": "principal",
      "span": {
        "start": 4743,
        "end": 4752
      }
    },
    {
      "containerSpan": {
        "start": 4648,
        "end": 4781
      },
      "key": "collateral",
      "span": {
        "start": 4770,
        "end": 4780
      }
    },
    {
      "containerSpan": {
        "start": 4631,
        "end": 4884
      },
      "key": "operation",
      "span": {
        "start": 4648,
        "end": 4781
      }
    },
    {
      "containerSpan": {
        "start": 4631,
        "end": 4884
      },
      "key": "relation",
      "span": {
        "start": 4797,
        "end": 4879
      }
    },
    {
      "containerSpan": {
        "start": 4954,
        "end": 5019
      },
      "key": "obligation",
      "span": {
        "start": 4987,
        "end": 4991
      }
    },
    {
      "containerSpan": {
        "start": 4954,
        "end": 5019
      },
      "key": "to_round",
      "span": {
        "start": 5007,
        "end": 5018
      }
    },
    {
      "containerSpan": {
        "start": 5032,
        "end": 5094
      },
      "key": "domain",
      "span": {
        "start": 5047,
        "end": 5051
      }
    },
    {
      "containerSpan": {
        "start": 5032,
        "end": 5094
      },
      "key": "from",
      "span": {
        "start": 5063,
        "end": 5072
      }
    },
    {
      "containerSpan": {
        "start": 5032,
        "end": 5094
      },
      "key": "to",
      "span": {
        "start": 5082,
        "end": 5093
      }
    },
    {
      "containerSpan": {
        "start": 4937,
        "end": 5179
      },
      "key": "operation",
      "span": {
        "start": 4954,
        "end": 5019
      }
    },
    {
      "containerSpan": {
        "start": 4937,
        "end": 5179
      },
      "key": "valid",
      "span": {
        "start": 5032,
        "end": 5094
      }
    },
    {
      "containerSpan": {
        "start": 4937,
        "end": 5179
      },
      "key": "relation",
      "span": {
        "start": 5110,
        "end": 5174
      }
    },
    {
      "containerSpan": {
        "start": 5244,
        "end": 5279
      },
      "key": "obligation",
      "span": {
        "start": 5274,
        "end": 5278
      }
    },
    {
      "containerSpan": {
        "start": 5227,
        "end": 5363
      },
      "key": "operation",
      "span": {
        "start": 5244,
        "end": 5279
      }
    },
    {
      "containerSpan": {
        "start": 5227,
        "end": 5363
      },
      "key": "continuation",
      "span": {
        "start": 5299,
        "end": 5358
      }
    }
  ],
  "operationSchemas": {
    "atoms": {
      "asset": "asset",
      "value": "scalar"
    },
    "min": {
      "a": "numeric",
      "b": "numeric"
    },
    "max": {
      "a": "numeric",
      "b": "numeric"
    },
    "rounds": {
      "domain": "domain",
      "from": "scalar",
      "to": "scalar"
    },
    "transfer": {
      "from": "account",
      "to": "account",
      "fee_to": "account",
      "value": "qty",
      "fee": "qty"
    },
    "repay": {
      "obligation": "obligation",
      "payer": "account",
      "amount": "qty"
    },
    "amm.swap_exact_input": {
      "pool": "pool",
      "owner": "account",
      "input": "qty",
      "output_asset": "asset",
      "net_floor": "qty",
      "fee_cap": "qty"
    },
    "amm.redeem": {
      "pool": "pool",
      "owner": "account",
      "share_atoms": "scalar"
    },
    "amm.mint": {
      "pool": "pool",
      "owner": "account",
      "amounts": "qty[]",
      "minimum_share_atoms": "scalar"
    },
    "lending.originate": {
      "obligation": "obligation",
      "debtor": "account",
      "creditor": "account",
      "principal": "qty",
      "collateral": "qty"
    },
    "lending.liquidate": {
      "obligation": "obligation"
    },
    "lending.roll_forward": {
      "obligation": "obligation",
      "to_round": "scalar"
    },
    "stablecoin.mint": {
      "instrument": "instrument",
      "owner": "account",
      "supply": "qty",
      "backing": "qty"
    },
    "stablecoin.redeem": {
      "instrument": "instrument",
      "owner": "account",
      "burn": "qty",
      "minimum_backing": "qty"
    },
    "stablecoin.emergency_settle": {
      "instrument": "instrument",
      "owner": "account",
      "claim": "qty"
    },
    "option.fix": {
      "instrument": "instrument",
      "observation": "observation"
    },
    "option.exercise": {
      "instrument": "instrument",
      "holder": "account"
    },
    "option.settle": {
      "instrument": "instrument",
      "holder": "account",
      "payoff": "qty"
    },
    "oracle.select": {
      "observation": "observation"
    },
    "governance.queue": {
      "policy": "policy",
      "next_epoch": "scalar"
    },
    "governance.execute": {
      "policy": "policy"
    },
    "governance.veto": {
      "policy": "policy"
    },
    "bridge.escrow": {
      "owner": "account",
      "amount": "qty",
      "destination": "domain",
      "claim_id": "string"
    },
    "bridge.claim": {
      "owner": "account",
      "amount": "qty",
      "source": "domain",
      "claim_id": "string"
    },
    "bridge.recover": {
      "owner": "account",
      "amount": "qty",
      "claim_id": "string"
    },
    "staking.deposit": {
      "owner": "account",
      "shares": "share_class",
      "backing": "qty"
    },
    "staking.reward": {
      "shares": "share_class",
      "amount": "qty"
    },
    "staking.slash": {
      "shares": "share_class",
      "amount": "qty"
    },
    "staking.unbond": {
      "owner": "account",
      "shares": "share_class",
      "share_atoms": "scalar"
    },
    "staking.withdraw": {
      "owner": "account",
      "shares": "share_class",
      "share_atoms": "scalar",
      "minimum_backing": "qty"
    }
  },
  "evidence": "AuthoringOnly",
  "openGates": [
    "authentication",
    "nativeProof",
    "financialCorrespondence",
    "atomicLedgerAcceptance"
  ]
}
