{
  "status": "AuthoringChecked",
  "sourceHash": "c47dfcdcbbd4cfbe49b8d1b2e753414c4ee77b40470568a1f635febb365ce176",
  "diagnostics": [],
  "agreement": "NoteService",
  "identities": [
    {
      "kind": "domain",
      "name": "Desk",
      "claims": {
        "id": "DeskNet",
        "chain": "midnight",
        "network": "preview"
      },
      "authenticated": false,
      "span": {
        "start": 495,
        "end": 580
      }
    },
    {
      "kind": "account",
      "name": "Borrower",
      "claims": {
        "domain": {
          "declaration": "Desk",
          "kind": "domain",
          "id": "DeskNet"
        },
        "id": "Borrower"
      },
      "authenticated": false,
      "span": {
        "start": 583,
        "end": 645
      }
    },
    {
      "kind": "account",
      "name": "Lender",
      "claims": {
        "domain": {
          "declaration": "Desk",
          "kind": "domain",
          "id": "DeskNet"
        },
        "id": "Lender"
      },
      "authenticated": false,
      "span": {
        "start": 648,
        "end": 706
      }
    },
    {
      "kind": "account",
      "name": "Servicer",
      "claims": {
        "domain": {
          "declaration": "Desk",
          "kind": "domain",
          "id": "DeskNet"
        },
        "id": "Servicer"
      },
      "authenticated": false,
      "span": {
        "start": 709,
        "end": 771
      }
    },
    {
      "kind": "asset",
      "name": "USD",
      "claims": {
        "domain": {
          "declaration": "Desk",
          "kind": "domain",
          "id": "DeskNet"
        },
        "id": "UsdNote",
        "scale": "2",
        "representation": "canonical",
        "symbol": "USD"
      },
      "authenticated": false,
      "span": {
        "start": 774,
        "end": 894
      }
    },
    {
      "kind": "asset",
      "name": "GOLD",
      "claims": {
        "domain": {
          "declaration": "Desk",
          "kind": "domain",
          "id": "DeskNet"
        },
        "id": "GoldGram",
        "scale": "3",
        "representation": "canonical",
        "symbol": "GOLD"
      },
      "authenticated": false,
      "span": {
        "start": 897,
        "end": 1020
      }
    },
    {
      "kind": "obligation",
      "name": "Note",
      "claims": {
        "domain": {
          "declaration": "Desk",
          "kind": "domain",
          "id": "DeskNet"
        },
        "id": "NoteSeven",
        "asset": {
          "declaration": "USD",
          "kind": "asset",
          "id": "UsdNote"
        }
      },
      "authenticated": false,
      "span": {
        "start": 1023,
        "end": 1101
      }
    }
  ],
  "actions": [
    {
      "name": "disburse",
      "intent": "Draw",
      "span": {
        "start": 3206,
        "end": 3232
      },
      "nameSpan": {
        "start": 3213,
        "end": 3221
      },
      "support": "LocalS0",
      "coverage": {
        "financialRelations": "DelegatedToCoreDuringLocalPreparation",
        "localPreparation": "AvailableUnqualified"
      },
      "bounds": {
        "scalarAndQuantityMax": "340282366920938463463374607431768211455",
        "s0SignedFieldMax": "170141183460469231731687303715884105727"
      },
      "requiredPremises": [
        "canonical-intent-signature",
        "snapshot-to-head",
        "head-extension",
        "atomic-ledger-compare-and-consume"
      ],
      "unverifiedBindings": [
        "agreement-id",
        "selected-program",
        "asset-scale",
        "authenticated-predecessor"
      ]
    },
    {
      "name": "service_installment",
      "intent": "Installment",
      "span": {
        "start": 3905,
        "end": 3949
      },
      "nameSpan": {
        "start": 3912,
        "end": 3931
      },
      "support": "LocalS0",
      "coverage": {
        "financialRelations": "DelegatedToCoreDuringLocalPreparation",
        "localPreparation": "AvailableUnqualified"
      },
      "bounds": {
        "scalarAndQuantityMax": "340282366920938463463374607431768211455",
        "s0SignedFieldMax": "170141183460469231731687303715884105727"
      },
      "requiredPremises": [
        "canonical-intent-signature",
        "snapshot-to-head",
        "head-extension",
        "atomic-ledger-compare-and-consume"
      ],
      "unverifiedBindings": [
        "agreement-id",
        "selected-program",
        "asset-scale",
        "authenticated-predecessor"
      ]
    },
    {
      "name": "close_note",
      "intent": "Payoff",
      "span": {
        "start": 4579,
        "end": 4609
      },
      "nameSpan": {
        "start": 4586,
        "end": 4596
      },
      "support": "LocalS0",
      "coverage": {
        "financialRelations": "DelegatedToCoreDuringLocalPreparation",
        "localPreparation": "AvailableUnqualified"
      },
      "bounds": {
        "scalarAndQuantityMax": "340282366920938463463374607431768211455",
        "s0SignedFieldMax": "170141183460469231731687303715884105727"
      },
      "requiredPremises": [
        "canonical-intent-signature",
        "snapshot-to-head",
        "head-extension",
        "atomic-ledger-compare-and-consume"
      ],
      "unverifiedBindings": [
        "agreement-id",
        "selected-program",
        "asset-scale",
        "authenticated-predecessor"
      ]
    },
    {
      "name": "originate",
      "intent": "Originate",
      "span": {
        "start": 4888,
        "end": 4920
      },
      "nameSpan": {
        "start": 4895,
        "end": 4904
      },
      "support": "SpecifiedOnly",
      "coverage": {
        "financialRelations": "Open",
        "localPreparation": "Unsupported"
      },
      "bounds": {
        "scalarAndQuantityMax": "340282366920938463463374607431768211455"
      },
      "requiredPremises": [],
      "unverifiedBindings": []
    },
    {
      "name": "roll",
      "intent": "Roll",
      "span": {
        "start": 5183,
        "end": 5205
      },
      "nameSpan": {
        "start": 5190,
        "end": 5194
      },
      "support": "SpecifiedOnly",
      "coverage": {
        "financialRelations": "Open",
        "localPreparation": "Unsupported"
      },
      "bounds": {
        "scalarAndQuantityMax": "340282366920938463463374607431768211455"
      },
      "requiredPremises": [],
      "unverifiedBindings": []
    },
    {
      "name": "liquidate",
      "intent": "Liquidate",
      "span": {
        "start": 5367,
        "end": 5399
      },
      "nameSpan": {
        "start": 5374,
        "end": 5383
      },
      "support": "SpecifiedOnly",
      "coverage": {
        "financialRelations": "Open",
        "localPreparation": "Unsupported"
      },
      "bounds": {
        "scalarAndQuantityMax": "340282366920938463463374607431768211455"
      },
      "requiredPremises": [],
      "unverifiedBindings": []
    }
  ],
  "intents": [
    {
      "name": "Draw",
      "terms": {
        "domain": {
          "tag": "entity",
          "kind": "domain",
          "declaration": "Desk",
          "claims": {
            "id": "DeskNet",
            "chain": "midnight",
            "network": "preview"
          },
          "authenticated": false
        },
        "asset": {
          "tag": "entity",
          "kind": "asset",
          "declaration": "USD",
          "claims": {
            "domain": {
              "declaration": "Desk",
              "kind": "domain",
              "id": "DeskNet"
            },
            "id": "UsdNote",
            "scale": "2",
            "representation": "canonical",
            "symbol": "USD"
          },
          "authenticated": false
        },
        "signer": {
          "tag": "entity",
          "kind": "account",
          "declaration": "Lender",
          "claims": {
            "domain": {
              "declaration": "Desk",
              "kind": "domain",
              "id": "DeskNet"
            },
            "id": "Lender"
          },
          "authenticated": false
        },
        "key": {
          "tag": "string",
          "value": "lender-key-1"
        },
        "nonce": {
          "tag": "string",
          "value": "draw-1"
        },
        "pre_head": {
          "tag": "string",
          "value": "svc-head-10"
        },
        "valid": {
          "tag": "call",
          "name": "rounds",
          "args": {
            "domain": {
              "tag": "entity",
              "kind": "domain",
              "declaration": "Desk",
              "claims": {
                "id": "DeskNet",
                "chain": "midnight",
                "network": "preview"
              },
              "authenticated": false
            },
            "from": {
              "tag": "scalar",
              "value": "10"
            },
            "to": {
              "tag": "scalar",
              "value": "20"
            }
          }
        },
        "gross_cap": {
          "tag": "qty",
          "asset": "USD",
          "atoms": "126250"
        },
        "fee_cap": {
          "tag": "qty",
          "asset": "USD",
          "atoms": "1250"
        },
        "net_floor": {
          "tag": "qty",
          "asset": "USD",
          "atoms": "125000"
        },
        "operation": {
          "tag": "call",
          "name": "transfer",
          "args": {
            "from": {
              "tag": "entity",
              "kind": "account",
              "declaration": "Lender",
              "claims": {
                "domain": {
                  "declaration": "Desk",
                  "kind": "domain",
                  "id": "DeskNet"
                },
                "id": "Lender"
              },
              "authenticated": false
            },
            "to": {
              "tag": "entity",
              "kind": "account",
              "declaration": "Borrower",
              "claims": {
                "domain": {
                  "declaration": "Desk",
                  "kind": "domain",
                  "id": "DeskNet"
                },
                "id": "Borrower"
              },
              "authenticated": false
            },
            "fee_to": {
              "tag": "entity",
              "kind": "account",
              "declaration": "Servicer",
              "claims": {
                "domain": {
                  "declaration": "Desk",
                  "kind": "domain",
                  "id": "DeskNet"
                },
                "id": "Servicer"
              },
              "authenticated": false
            },
            "value": {
              "tag": "qty",
              "asset": "USD",
              "atoms": "125000"
            },
            "fee": {
              "tag": "qty",
              "asset": "USD",
              "atoms": "1250"
            }
          }
        },
        "source_hash": {
          "tag": "string",
          "value": "claim-draw-source"
        },
        "policy_digest": {
          "tag": "string",
          "value": "claim-service-policy"
        },
        "failure": {
          "tag": "tag",
          "name": "SuccessOnly"
        },
        "observations": {
          "tag": "array",
          "items": []
        },
        "disclosures": {
          "tag": "array",
          "items": []
        },
        "retained_effects": {
          "tag": "array",
          "items": []
        },
        "retained_duties": {
          "tag": "array",
          "items": []
        },
        "delegation": {
          "tag": "tag",
          "name": "None"
        },
        "recovery": {
          "tag": "tag",
          "name": "None"
        }
      }
    },
    {
      "name": "Installment",
      "terms": {
        "domain": {
          "tag": "entity",
          "kind": "domain",
          "declaration": "Desk",
          "claims": {
            "id": "DeskNet",
            "chain": "midnight",
            "network": "preview"
          },
          "authenticated": false
        },
        "asset": {
          "tag": "entity",
          "kind": "asset",
          "declaration": "USD",
          "claims": {
            "domain": {
              "declaration": "Desk",
              "kind": "domain",
              "id": "DeskNet"
            },
            "id": "UsdNote",
            "scale": "2",
            "representation": "canonical",
            "symbol": "USD"
          },
          "authenticated": false
        },
        "signer": {
          "tag": "entity",
          "kind": "account",
          "declaration": "Borrower",
          "claims": {
            "domain": {
              "declaration": "Desk",
              "kind": "domain",
              "id": "DeskNet"
            },
            "id": "Borrower"
          },
          "authenticated": false
        },
        "key": {
          "tag": "string",
          "value": "borrower-key-1"
        },
        "nonce": {
          "tag": "string",
          "value": "installment-3"
        },
        "pre_head": {
          "tag": "string",
          "value": "svc-head-52"
        },
        "valid": {
          "tag": "call",
          "name": "rounds",
          "args": {
            "domain": {
              "tag": "entity",
              "kind": "domain",
              "declaration": "Desk",
              "claims": {
                "id": "DeskNet",
                "chain": "midnight",
                "network": "preview"
              },
              "authenticated": false
            },
            "from": {
              "tag": "scalar",
              "value": "44"
            },
            "to": {
              "tag": "scalar",
              "value": "52"
            }
          }
        },
        "gross_cap": {
          "tag": "qty",
          "asset": "USD",
          "atoms": "21875"
        },
        "fee_cap": {
          "tag": "qty",
          "asset": "USD",
          "atoms": "0"
        },
        "net_floor": {
          "tag": "qty",
          "asset": "USD",
          "atoms": "0"
        },
        "operation": {
          "tag": "call",
          "name": "repay",
          "args": {
            "obligation": {
              "tag": "entity",
              "kind": "obligation",
              "declaration": "Note",
              "claims": {
                "domain": {
                  "declaration": "Desk",
                  "kind": "domain",
                  "id": "DeskNet"
                },
                "id": "NoteSeven",
                "asset": {
                  "declaration": "USD",
                  "kind": "asset",
                  "id": "UsdNote"
                }
              },
              "authenticated": false
            },
            "payer": {
              "tag": "entity",
              "kind": "account",
              "declaration": "Borrower",
              "claims": {
                "domain": {
                  "declaration": "Desk",
                  "kind": "domain",
                  "id": "DeskNet"
                },
                "id": "Borrower"
              },
              "authenticated": false
            },
            "amount": {
              "tag": "qty",
              "asset": "USD",
              "atoms": "21875"
            }
          }
        },
        "source_hash": {
          "tag": "string",
          "value": "claim-installment-source"
        },
        "policy_digest": {
          "tag": "string",
          "value": "claim-service-policy"
        },
        "failure": {
          "tag": "tag",
          "name": "SuccessOnly"
        },
        "observations": {
          "tag": "array",
          "items": []
        },
        "disclosures": {
          "tag": "array",
          "items": []
        },
        "retained_effects": {
          "tag": "array",
          "items": []
        },
        "retained_duties": {
          "tag": "array",
          "items": []
        },
        "delegation": {
          "tag": "tag",
          "name": "None"
        },
        "recovery": {
          "tag": "tag",
          "name": "None"
        }
      }
    },
    {
      "name": "Payoff",
      "terms": {
        "domain": {
          "tag": "entity",
          "kind": "domain",
          "declaration": "Desk",
          "claims": {
            "id": "DeskNet",
            "chain": "midnight",
            "network": "preview"
          },
          "authenticated": false
        },
        "asset": {
          "tag": "entity",
          "kind": "asset",
          "declaration": "USD",
          "claims": {
            "domain": {
              "declaration": "Desk",
              "kind": "domain",
              "id": "DeskNet"
            },
            "id": "UsdNote",
            "scale": "2",
            "representation": "canonical",
            "symbol": "USD"
          },
          "authenticated": false
        },
        "signer": {
          "tag": "entity",
          "kind": "account",
          "declaration": "Borrower",
          "claims": {
            "domain": {
              "declaration": "Desk",
              "kind": "domain",
              "id": "DeskNet"
            },
            "id": "Borrower"
          },
          "authenticated": false
        },
        "key": {
          "tag": "string",
          "value": "borrower-key-1"
        },
        "nonce": {
          "tag": "string",
          "value": "payoff-1"
        },
        "pre_head": {
          "tag": "string",
          "value": "svc-head-80"
        },
        "valid": {
          "tag": "call",
          "name": "rounds",
          "args": {
            "domain": {
              "tag": "entity",
              "kind": "domain",
              "declaration": "Desk",
              "claims": {
                "id": "DeskNet",
                "chain": "midnight",
                "network": "preview"
              },
              "authenticated": false
            },
            "from": {
              "tag": "scalar",
              "value": "80"
            },
            "to": {
              "tag": "scalar",
              "value": "88"
            }
          }
        },
        "gross_cap": {
          "tag": "qty",
          "asset": "USD",
          "atoms": "80625"
        },
        "fee_cap": {
          "tag": "qty",
          "asset": "USD",
          "atoms": "0"
        },
        "net_floor": {
          "tag": "qty",
          "asset": "USD",
          "atoms": "0"
        },
        "operation": {
          "tag": "call",
          "name": "repay",
          "args": {
            "obligation": {
              "tag": "entity",
              "kind": "obligation",
              "declaration": "Note",
              "claims": {
                "domain": {
                  "declaration": "Desk",
                  "kind": "domain",
                  "id": "DeskNet"
                },
                "id": "NoteSeven",
                "asset": {
                  "declaration": "USD",
                  "kind": "asset",
                  "id": "UsdNote"
                }
              },
              "authenticated": false
            },
            "payer": {
              "tag": "entity",
              "kind": "account",
              "declaration": "Borrower",
              "claims": {
                "domain": {
                  "declaration": "Desk",
                  "kind": "domain",
                  "id": "DeskNet"
                },
                "id": "Borrower"
              },
              "authenticated": false
            },
            "amount": {
              "tag": "qty",
              "asset": "USD",
              "atoms": "80625"
            }
          }
        },
        "source_hash": {
          "tag": "string",
          "value": "claim-payoff-source"
        },
        "policy_digest": {
          "tag": "string",
          "value": "claim-service-policy"
        },
        "failure": {
          "tag": "tag",
          "name": "SuccessOnly"
        },
        "observations": {
          "tag": "array",
          "items": []
        },
        "disclosures": {
          "tag": "array",
          "items": []
        },
        "retained_effects": {
          "tag": "array",
          "items": []
        },
        "retained_duties": {
          "tag": "array",
          "items": []
        },
        "delegation": {
          "tag": "tag",
          "name": "None"
        },
        "recovery": {
          "tag": "tag",
          "name": "None"
        }
      }
    },
    {
      "name": "Originate",
      "terms": {
        "operation": {
          "tag": "call",
          "name": "lending.originate",
          "args": {
            "obligation": {
              "tag": "entity",
              "kind": "obligation",
              "declaration": "Note",
              "claims": {
                "domain": {
                  "declaration": "Desk",
                  "kind": "domain",
                  "id": "DeskNet"
                },
                "id": "NoteSeven",
                "asset": {
                  "declaration": "USD",
                  "kind": "asset",
                  "id": "UsdNote"
                }
              },
              "authenticated": false
            },
            "debtor": {
              "tag": "entity",
              "kind": "account",
              "declaration": "Borrower",
              "claims": {
                "domain": {
                  "declaration": "Desk",
                  "kind": "domain",
                  "id": "DeskNet"
                },
                "id": "Borrower"
              },
              "authenticated": false
            },
            "creditor": {
              "tag": "entity",
              "kind": "account",
              "declaration": "Lender",
              "claims": {
                "domain": {
                  "declaration": "Desk",
                  "kind": "domain",
                  "id": "DeskNet"
                },
                "id": "Lender"
              },
              "authenticated": false
            },
            "principal": {
              "tag": "qty",
              "asset": "USD",
              "atoms": "125000"
            },
            "collateral": {
              "tag": "qty",
              "asset": "GOLD",
              "atoms": "2500"
            }
          }
        },
        "relation": {
          "tag": "string",
          "value": "collateral lock and funded principal are specified only; local execution is open"
        }
      }
    },
    {
      "name": "Roll",
      "terms": {
        "operation": {
          "tag": "call",
          "name": "lending.roll_forward",
          "args": {
            "obligation": {
              "tag": "entity",
              "kind": "obligation",
              "declaration": "Note",
              "claims": {
                "domain": {
                  "declaration": "Desk",
                  "kind": "domain",
                  "id": "DeskNet"
                },
                "id": "NoteSeven",
                "asset": {
                  "declaration": "USD",
                  "kind": "asset",
                  "id": "UsdNote"
                }
              },
              "authenticated": false
            },
            "to_round": {
              "tag": "scalar",
              "value": "90"
            }
          }
        },
        "valid": {
          "tag": "call",
          "name": "rounds",
          "args": {
            "domain": {
              "tag": "entity",
              "kind": "domain",
              "declaration": "Desk",
              "claims": {
                "id": "DeskNet",
                "chain": "midnight",
                "network": "preview"
              },
              "authenticated": false
            },
            "from": {
              "tag": "scalar",
              "value": "60"
            },
            "to": {
              "tag": "scalar",
              "value": "90"
            }
          }
        },
        "relation": {
          "tag": "string",
          "value": "explicit later round; accrual and evidence freshness stay open"
        }
      }
    },
    {
      "name": "Liquidate",
      "terms": {
        "operation": {
          "tag": "call",
          "name": "lending.liquidate",
          "args": {
            "obligation": {
              "tag": "entity",
              "kind": "obligation",
              "declaration": "Note",
              "claims": {
                "domain": {
                  "declaration": "Desk",
                  "kind": "domain",
                  "id": "DeskNet"
                },
                "id": "NoteSeven",
                "asset": {
                  "declaration": "USD",
                  "kind": "asset",
                  "id": "UsdNote"
                }
              },
              "authenticated": false
            }
          }
        },
        "continuation": {
          "tag": "string",
          "value": "residual debt persists; no price or shortfall is computed"
        }
      }
    }
  ],
  "coverage": {
    "syntax": "checked when diagnostics empty",
    "names": "checked",
    "quantities": "nominal exact arithmetic",
    "financialRelations": "ConditionalOnLocalS0Preparation",
    "localS0Actions": [
      "disburse",
      "service_installment",
      "close_note"
    ],
    "authentication": "open",
    "ledgerCommit": "open"
  },
  "bounds": {
    "scalarAndQuantityMax": "340282366920938463463374607431768211455",
    "s0SignedFieldMax": "170141183460469231731687303715884105727",
    "s0Scope": "LocalS0ActionsOnly"
  },
  "requiredPremises": [
    "canonical-intent-signature",
    "snapshot-to-head",
    "head-extension",
    "atomic-ledger-compare-and-consume"
  ],
  "unverifiedBindings": [
    "agreement-id",
    "selected-program",
    "asset-scale",
    "authenticated-predecessor"
  ]
}
