{
  "status": "Expanded",
  "sourceHash": "c47dfcdcbbd4cfbe49b8d1b2e753414c4ee77b40470568a1f635febb365ce176",
  "scenarioHash": "18c294c86233a4cb92afcbbf5e65f0a7c73078a7cc388134af0052684c40cb6f",
  "source6": "profile \"moriarty-financial-agreement-source/6\";\nagreement NoteService {\ndomain DeskNet;\nsettlement UsdNote scale 2;\nselected TransferLiteralFee source_hash \"claim-draw-source\" digest \"claim-service-policy\";\nintent {\nsigner Lender key \"lender-key-1\";\nnonce \"draw-1\";\npre_head \"svc-head-10\";\nvalid 10..20;\ngross_cap 126250;\nfee_cap 1250;\nnet_floor 125000;\nfailure success_only;\nsigned_action transfer from Lender to Borrower fee_to Servicer value 125000 fee 1250;\nobservations empty;\ndisclosures empty;\nretained_effects empty;\nretained_duties empty;\ndelegation none;\nrecovery none;\n}\nauthenticated {\nhead \"svc-head-10\";\npredecessor \"svc-head-9\";\nround 10;\nbalance Lender 126250;\nbalance Borrower 0;\nbalance Servicer 0;\nallowance Lender remaining 126250 spent 0;\nreplay unused;\nwork_remaining 8;\nwork_spent 0;\n}\nsubmit transfer from Lender to Borrower fee_to Servicer value 125000 fee 1250;\neffects {\ndebit Lender 126250;\ncredit Borrower 125000;\ncredit Servicer 1250;\nuse_allowance Lender 126250;\nuse_replay \"draw-1\";\nadvance_head \"svc-head-10\" \"svc-head-11\";\n}\npost_head \"svc-head-11\";\n}\n",
  "fieldMap": [
    {
      "field": "profile",
      "generatedSpan": {
        "start": 0,
        "end": 49
      },
      "origins": [
        "o0"
      ]
    },
    {
      "field": "agreement",
      "generatedSpan": {
        "start": 49,
        "end": 73
      },
      "origins": [
        "o1"
      ]
    },
    {
      "field": "domain",
      "generatedSpan": {
        "start": 73,
        "end": 89
      },
      "origins": [
        "o3"
      ]
    },
    {
      "field": "settlement",
      "generatedSpan": {
        "start": 89,
        "end": 117
      },
      "origins": [
        "o9",
        "o17"
      ]
    },
    {
      "field": "selected",
      "generatedSpan": {
        "start": 117,
        "end": 208
      },
      "origins": [
        "o0",
        "o19",
        "o56",
        "o57"
      ]
    },
    {
      "field": "intent",
      "generatedSpan": {
        "start": 208,
        "end": 217
      },
      "origins": [
        "o59"
      ]
    },
    {
      "field": "intent.signer",
      "generatedSpan": {
        "start": 217,
        "end": 251
      },
      "origins": [
        "o81",
        "o82"
      ]
    },
    {
      "field": "intent.nonce",
      "generatedSpan": {
        "start": 251,
        "end": 267
      },
      "origins": [
        "o83"
      ]
    },
    {
      "field": "intent.pre_head",
      "generatedSpan": {
        "start": 267,
        "end": 291
      },
      "origins": [
        "o84"
      ]
    },
    {
      "field": "intent.valid",
      "generatedSpan": {
        "start": 291,
        "end": 305
      },
      "origins": [
        "o86"
      ]
    },
    {
      "field": "intent.gross_cap",
      "generatedSpan": {
        "start": 305,
        "end": 323
      },
      "origins": [
        "o88"
      ]
    },
    {
      "field": "intent.fee_cap",
      "generatedSpan": {
        "start": 323,
        "end": 337
      },
      "origins": [
        "o90"
      ]
    },
    {
      "field": "intent.net_floor",
      "generatedSpan": {
        "start": 337,
        "end": 355
      },
      "origins": [
        "o92"
      ]
    },
    {
      "field": "intent.failure",
      "generatedSpan": {
        "start": 355,
        "end": 377
      },
      "origins": [
        "o93"
      ]
    },
    {
      "field": "intent.signed_action",
      "generatedSpan": {
        "start": 377,
        "end": 463
      },
      "origins": [
        "o19"
      ]
    },
    {
      "field": "intent.observations",
      "generatedSpan": {
        "start": 463,
        "end": 483
      },
      "origins": [
        "o94"
      ]
    },
    {
      "field": "intent.disclosures",
      "generatedSpan": {
        "start": 483,
        "end": 502
      },
      "origins": [
        "o95"
      ]
    },
    {
      "field": "intent.retained_effects",
      "generatedSpan": {
        "start": 502,
        "end": 526
      },
      "origins": [
        "o96"
      ]
    },
    {
      "field": "intent.retained_duties",
      "generatedSpan": {
        "start": 526,
        "end": 549
      },
      "origins": [
        "o97"
      ]
    },
    {
      "field": "intent.delegation",
      "generatedSpan": {
        "start": 549,
        "end": 566
      },
      "origins": [
        "o98"
      ]
    },
    {
      "field": "intent.recovery",
      "generatedSpan": {
        "start": 566,
        "end": 581
      },
      "origins": [
        "o99"
      ]
    },
    {
      "field": "intent.end",
      "generatedSpan": {
        "start": 581,
        "end": 583
      },
      "origins": [
        "o0"
      ]
    },
    {
      "field": "authenticated",
      "generatedSpan": {
        "start": 583,
        "end": 599
      },
      "origins": [
        "o0"
      ]
    },
    {
      "field": "scenario.head",
      "generatedSpan": {
        "start": 599,
        "end": 619
      },
      "origins": [
        "o100"
      ]
    },
    {
      "field": "scenario.predecessor",
      "generatedSpan": {
        "start": 619,
        "end": 645
      },
      "origins": [
        "o101"
      ]
    },
    {
      "field": "scenario.round",
      "generatedSpan": {
        "start": 645,
        "end": 655
      },
      "origins": [
        "o102"
      ]
    },
    {
      "field": "scenario.balances.0",
      "generatedSpan": {
        "start": 655,
        "end": 678
      },
      "origins": [
        "o103"
      ]
    },
    {
      "field": "scenario.balances.1",
      "generatedSpan": {
        "start": 678,
        "end": 698
      },
      "origins": [
        "o104"
      ]
    },
    {
      "field": "scenario.balances.2",
      "generatedSpan": {
        "start": 698,
        "end": 718
      },
      "origins": [
        "o105"
      ]
    },
    {
      "field": "scenario.allowance",
      "generatedSpan": {
        "start": 718,
        "end": 761
      },
      "origins": [
        "o106"
      ]
    },
    {
      "field": "scenario.replay",
      "generatedSpan": {
        "start": 761,
        "end": 776
      },
      "origins": [
        "o107"
      ]
    },
    {
      "field": "scenario.work_remaining",
      "generatedSpan": {
        "start": 776,
        "end": 794
      },
      "origins": [
        "o108"
      ]
    },
    {
      "field": "scenario.work_spent",
      "generatedSpan": {
        "start": 794,
        "end": 808
      },
      "origins": [
        "o109"
      ]
    },
    {
      "field": "authenticated.end",
      "generatedSpan": {
        "start": 808,
        "end": 810
      },
      "origins": [
        "o0"
      ]
    },
    {
      "field": "submit",
      "generatedSpan": {
        "start": 810,
        "end": 889
      },
      "origins": [
        "o19"
      ]
    },
    {
      "field": "effects",
      "generatedSpan": {
        "start": 889,
        "end": 899
      },
      "origins": [
        "o0"
      ]
    },
    {
      "field": "effects.0",
      "generatedSpan": {
        "start": 899,
        "end": 920
      },
      "origins": [
        "o112"
      ]
    },
    {
      "field": "effects.1",
      "generatedSpan": {
        "start": 920,
        "end": 944
      },
      "origins": [
        "o113"
      ]
    },
    {
      "field": "effects.2",
      "generatedSpan": {
        "start": 944,
        "end": 966
      },
      "origins": [
        "o114"
      ]
    },
    {
      "field": "effects.3",
      "generatedSpan": {
        "start": 966,
        "end": 995
      },
      "origins": [
        "o115"
      ]
    },
    {
      "field": "effects.4",
      "generatedSpan": {
        "start": 995,
        "end": 1016
      },
      "origins": [
        "o116"
      ]
    },
    {
      "field": "effects.5",
      "generatedSpan": {
        "start": 1016,
        "end": 1058
      },
      "origins": [
        "o117"
      ]
    },
    {
      "field": "effects.end",
      "generatedSpan": {
        "start": 1058,
        "end": 1060
      },
      "origins": [
        "o0"
      ]
    },
    {
      "field": "post_head",
      "generatedSpan": {
        "start": 1060,
        "end": 1085
      },
      "origins": [
        "o118"
      ]
    },
    {
      "field": "agreement.end",
      "generatedSpan": {
        "start": 1085,
        "end": 1087
      },
      "origins": [
        "o0"
      ]
    }
  ],
  "origins": [
    {
      "id": "o0",
      "kind": "generated",
      "rule": "beta1-to-source6-s0"
    },
    {
      "id": "o1",
      "kind": "source",
      "span": {
        "start": 479,
        "end": 490
      }
    },
    {
      "id": "o2",
      "kind": "source",
      "span": {
        "start": 2554,
        "end": 2558
      }
    },
    {
      "id": "o3",
      "kind": "derived",
      "rule": "resolved-reference-use-and-definition",
      "dependencies": [
        "o2",
        "o7"
      ]
    },
    {
      "id": "o4",
      "kind": "derived",
      "rule": "declaration-definition",
      "dependencies": [
        "o5",
        "o6"
      ]
    },
    {
      "id": "o5",
      "kind": "source",
      "span": {
        "start": 495,
        "end": 580
      }
    },
    {
      "id": "o6",
      "kind": "source",
      "span": {
        "start": 509,
        "end": 579
      }
    },
    {
      "id": "o7",
      "kind": "source",
      "span": {
        "start": 2554,
        "end": 2558
      },
      "dependencies": [
        "o4"
      ]
    },
    {
      "id": "o8",
      "kind": "source",
      "span": {
        "start": 2571,
        "end": 2574
      }
    },
    {
      "id": "o9",
      "kind": "derived",
      "rule": "resolved-reference-use-and-definition",
      "dependencies": [
        "o8",
        "o16"
      ]
    },
    {
      "id": "o10",
      "kind": "derived",
      "rule": "declaration-definition",
      "dependencies": [
        "o12",
        "o15"
      ]
    },
    {
      "id": "o11",
      "kind": "source",
      "span": {
        "start": 774,
        "end": 894
      }
    },
    {
      "id": "o12",
      "kind": "derived",
      "rule": "resolved-reference-use-and-definition",
      "dependencies": [
        "o11",
        "o13"
      ]
    },
    {
      "id": "o13",
      "kind": "source",
      "span": {
        "start": 800,
        "end": 804
      },
      "dependencies": [
        "o4"
      ]
    },
    {
      "id": "o14",
      "kind": "source",
      "span": {
        "start": 786,
        "end": 893
      }
    },
    {
      "id": "o15",
      "kind": "derived",
      "rule": "resolved-reference-use-and-definition",
      "dependencies": [
        "o14",
        "o13"
      ]
    },
    {
      "id": "o16",
      "kind": "source",
      "span": {
        "start": 2571,
        "end": 2574
      },
      "dependencies": [
        "o10"
      ]
    },
    {
      "id": "o17",
      "kind": "source",
      "span": {
        "start": 836,
        "end": 837
      }
    },
    {
      "id": "o18",
      "kind": "source",
      "span": {
        "start": 2848,
        "end": 2954
      }
    },
    {
      "id": "o19",
      "kind": "derived",
      "rule": "resolved-reference-use-and-definition",
      "dependencies": [
        "o18",
        "o26",
        "o33",
        "o40",
        "o48",
        "o55"
      ]
    },
    {
      "id": "o20",
      "kind": "derived",
      "rule": "declaration-definition",
      "dependencies": [
        "o22",
        "o25"
      ]
    },
    {
      "id": "o21",
      "kind": "source",
      "span": {
        "start": 648,
        "end": 706
      }
    },
    {
      "id": "o22",
      "kind": "derived",
      "rule": "resolved-reference-use-and-definition",
      "dependencies": [
        "o21",
        "o23"
      ]
    },
    {
      "id": "o23",
      "kind": "source",
      "span": {
        "start": 679,
        "end": 683
      },
      "dependencies": [
        "o4"
      ]
    },
    {
      "id": "o24",
      "kind": "source",
      "span": {
        "start": 665,
        "end": 705
      }
    },
    {
      "id": "o25",
      "kind": "derived",
      "rule": "resolved-reference-use-and-definition",
      "dependencies": [
        "o24",
        "o23"
      ]
    },
    {
      "id": "o26",
      "kind": "source",
      "span": {
        "start": 2863,
        "end": 2869
      },
      "dependencies": [
        "o20"
      ]
    },
    {
      "id": "o27",
      "kind": "derived",
      "rule": "declaration-definition",
      "dependencies": [
        "o29",
        "o32"
      ]
    },
    {
      "id": "o28",
      "kind": "source",
      "span": {
        "start": 583,
        "end": 645
      }
    },
    {
      "id": "o29",
      "kind": "derived",
      "rule": "resolved-reference-use-and-definition",
      "dependencies": [
        "o28",
        "o30"
      ]
    },
    {
      "id": "o30",
      "kind": "source",
      "span": {
        "start": 616,
        "end": 620
      },
      "dependencies": [
        "o4"
      ]
    },
    {
      "id": "o31",
      "kind": "source",
      "span": {
        "start": 602,
        "end": 644
      }
    },
    {
      "id": "o32",
      "kind": "derived",
      "rule": "resolved-reference-use-and-definition",
      "dependencies": [
        "o31",
        "o30"
      ]
    },
    {
      "id": "o33",
      "kind": "source",
      "span": {
        "start": 2879,
        "end": 2887
      },
      "dependencies": [
        "o27"
      ]
    },
    {
      "id": "o34",
      "kind": "derived",
      "rule": "declaration-definition",
      "dependencies": [
        "o36",
        "o39"
      ]
    },
    {
      "id": "o35",
      "kind": "source",
      "span": {
        "start": 709,
        "end": 771
      }
    },
    {
      "id": "o36",
      "kind": "derived",
      "rule": "resolved-reference-use-and-definition",
      "dependencies": [
        "o35",
        "o37"
      ]
    },
    {
      "id": "o37",
      "kind": "source",
      "span": {
        "start": 742,
        "end": 746
      },
      "dependencies": [
        "o4"
      ]
    },
    {
      "id": "o38",
      "kind": "source",
      "span": {
        "start": 728,
        "end": 770
      }
    },
    {
      "id": "o39",
      "kind": "derived",
      "rule": "resolved-reference-use-and-definition",
      "dependencies": [
        "o38",
        "o37"
      ]
    },
    {
      "id": "o40",
      "kind": "source",
      "span": {
        "start": 2901,
        "end": 2909
      },
      "dependencies": [
        "o34"
      ]
    },
    {
      "id": "o41",
      "kind": "derived",
      "rule": "declaration-definition",
      "dependencies": [
        "o43",
        "o47"
      ]
    },
    {
      "id": "o42",
      "kind": "source",
      "span": {
        "start": 1454,
        "end": 1495
      }
    },
    {
      "id": "o43",
      "kind": "derived",
      "rule": "resolved-reference-use-and-definition",
      "dependencies": [
        "o42",
        "o44",
        "o45"
      ]
    },
    {
      "id": "o44",
      "kind": "source",
      "span": {
        "start": 1491,
        "end": 1494
      },
      "dependencies": [
        "o10"
      ]
    },
    {
      "id": "o45",
      "kind": "source",
      "span": {
        "start": 1475,
        "end": 1478
      },
      "dependencies": [
        "o10"
      ]
    },
    {
      "id": "o46",
      "kind": "source",
      "span": {
        "start": 1482,
        "end": 1494
      }
    },
    {
      "id": "o47",
      "kind": "derived",
      "rule": "resolved-reference-use-and-definition",
      "dependencies": [
        "o46",
        "o44"
      ]
    },
    {
      "id": "o48",
      "kind": "source",
      "span": {
        "start": 2922,
        "end": 2931
      },
      "dependencies": [
        "o41"
      ]
    },
    {
      "id": "o49",
      "kind": "derived",
      "rule": "declaration-definition",
      "dependencies": [
        "o51",
        "o54"
      ]
    },
    {
      "id": "o50",
      "kind": "source",
      "span": {
        "start": 1498,
        "end": 1528
      }
    },
    {
      "id": "o51",
      "kind": "derived",
      "rule": "resolved-reference-use-and-definition",
      "dependencies": [
        "o50",
        "o52"
      ]
    },
    {
      "id": "o52",
      "kind": "source",
      "span": {
        "start": 1524,
        "end": 1527
      },
      "dependencies": [
        "o10"
      ]
    },
    {
      "id": "o53",
      "kind": "source",
      "span": {
        "start": 1518,
        "end": 1527
      }
    },
    {
      "id": "o54",
      "kind": "derived",
      "rule": "resolved-reference-use-and-definition",
      "dependencies": [
        "o53",
        "o52"
      ]
    },
    {
      "id": "o55",
      "kind": "source",
      "span": {
        "start": 2942,
        "end": 2953
      },
      "dependencies": [
        "o49"
      ]
    },
    {
      "id": "o56",
      "kind": "source",
      "span": {
        "start": 2973,
        "end": 2992
      }
    },
    {
      "id": "o57",
      "kind": "source",
      "span": {
        "start": 3013,
        "end": 3035
      }
    },
    {
      "id": "o58",
      "kind": "source",
      "span": {
        "start": 2540,
        "end": 3202
      }
    },
    {
      "id": "o59",
      "kind": "derived",
      "rule": "resolved-reference-use-and-definition",
      "dependencies": [
        "o58",
        "o7",
        "o16",
        "o60",
        "o61",
        "o65",
        "o69",
        "o77",
        "o78",
        "o79",
        "o26",
        "o33",
        "o40",
        "o48",
        "o55"
      ]
    },
    {
      "id": "o60",
      "kind": "source",
      "span": {
        "start": 2588,
        "end": 2594
      },
      "dependencies": [
        "o20"
      ]
    },
    {
      "id": "o61",
      "kind": "source",
      "span": {
        "start": 2697,
        "end": 2701
      },
      "dependencies": [
        "o4"
      ]
    },
    {
      "id": "o62",
      "kind": "derived",
      "rule": "declaration-definition",
      "dependencies": [
        "o63",
        "o64"
      ]
    },
    {
      "id": "o63",
      "kind": "source",
      "span": {
        "start": 1174,
        "end": 1198
      }
    },
    {
      "id": "o64",
      "kind": "source",
      "span": {
        "start": 1195,
        "end": 1197
      }
    },
    {
      "id": "o65",
      "kind": "source",
      "span": {
        "start": 2713,
        "end": 2725
      },
      "dependencies": [
        "o62"
      ]
    },
    {
      "id": "o66",
      "kind": "derived",
      "rule": "declaration-definition",
      "dependencies": [
        "o67",
        "o68"
      ]
    },
    {
      "id": "o67",
      "kind": "source",
      "span": {
        "start": 1201,
        "end": 1226
      }
    },
    {
      "id": "o68",
      "kind": "source",
      "span": {
        "start": 1223,
        "end": 1225
      }
    },
    {
      "id": "o69",
      "kind": "source",
      "span": {
        "start": 2735,
        "end": 2748
      },
      "dependencies": [
        "o66"
      ]
    },
    {
      "id": "o70",
      "kind": "derived",
      "rule": "declaration-definition",
      "dependencies": [
        "o72",
        "o76"
      ]
    },
    {
      "id": "o71",
      "kind": "source",
      "span": {
        "start": 1531,
        "end": 1577
      }
    },
    {
      "id": "o72",
      "kind": "derived",
      "rule": "resolved-reference-use-and-definition",
      "dependencies": [
        "o71",
        "o73",
        "o74"
      ]
    },
    {
      "id": "o73",
      "kind": "source",
      "span": {
        "start": 1553,
        "end": 1562
      },
      "dependencies": [
        "o41"
      ]
    },
    {
      "id": "o74",
      "kind": "source",
      "span": {
        "start": 1565,
        "end": 1576
      },
      "dependencies": [
        "o49"
      ]
    },
    {
      "id": "o75",
      "kind": "source",
      "span": {
        "start": 1553,
        "end": 1576
      }
    },
    {
      "id": "o76",
      "kind": "derived",
      "rule": "resolved-reference-use-and-definition",
      "dependencies": [
        "o75",
        "o73",
        "o74"
      ]
    },
    {
      "id": "o77",
      "kind": "source",
      "span": {
        "start": 2766,
        "end": 2779
      },
      "dependencies": [
        "o70"
      ]
    },
    {
      "id": "o78",
      "kind": "source",
      "span": {
        "start": 2794,
        "end": 2805
      },
      "dependencies": [
        "o49"
      ]
    },
    {
      "id": "o79",
      "kind": "source",
      "span": {
        "start": 2822,
        "end": 2831
      },
      "dependencies": [
        "o41"
      ]
    },
    {
      "id": "o80",
      "kind": "source",
      "span": {
        "start": 2588,
        "end": 2594
      }
    },
    {
      "id": "o81",
      "kind": "derived",
      "rule": "resolved-reference-use-and-definition",
      "dependencies": [
        "o80",
        "o60"
      ]
    },
    {
      "id": "o82",
      "kind": "source",
      "span": {
        "start": 2605,
        "end": 2619
      }
    },
    {
      "id": "o83",
      "kind": "source",
      "span": {
        "start": 2632,
        "end": 2640
      }
    },
    {
      "id": "o84",
      "kind": "source",
      "span": {
        "start": 2656,
        "end": 2669
      }
    },
    {
      "id": "o85",
      "kind": "source",
      "span": {
        "start": 2682,
        "end": 2749
      }
    },
    {
      "id": "o86",
      "kind": "derived",
      "rule": "resolved-reference-use-and-definition",
      "dependencies": [
        "o85",
        "o61",
        "o65",
        "o69"
      ]
    },
    {
      "id": "o87",
      "kind": "source",
      "span": {
        "start": 2766,
        "end": 2779
      }
    },
    {
      "id": "o88",
      "kind": "derived",
      "rule": "resolved-reference-use-and-definition",
      "dependencies": [
        "o87",
        "o77"
      ]
    },
    {
      "id": "o89",
      "kind": "source",
      "span": {
        "start": 2794,
        "end": 2805
      }
    },
    {
      "id": "o90",
      "kind": "derived",
      "rule": "resolved-reference-use-and-definition",
      "dependencies": [
        "o89",
        "o78"
      ]
    },
    {
      "id": "o91",
      "kind": "source",
      "span": {
        "start": 2822,
        "end": 2831
      }
    },
    {
      "id": "o92",
      "kind": "derived",
      "rule": "resolved-reference-use-and-definition",
      "dependencies": [
        "o91",
        "o79"
      ]
    },
    {
      "id": "o93",
      "kind": "source",
      "span": {
        "start": 3050,
        "end": 3061
      }
    },
    {
      "id": "o94",
      "kind": "source",
      "span": {
        "start": 3081,
        "end": 3083
      }
    },
    {
      "id": "o95",
      "kind": "source",
      "span": {
        "start": 3102,
        "end": 3104
      }
    },
    {
      "id": "o96",
      "kind": "source",
      "span": {
        "start": 3128,
        "end": 3130
      }
    },
    {
      "id": "o97",
      "kind": "source",
      "span": {
        "start": 3153,
        "end": 3155
      }
    },
    {
      "id": "o98",
      "kind": "source",
      "span": {
        "start": 3173,
        "end": 3177
      }
    },
    {
      "id": "o99",
      "kind": "source",
      "span": {
        "start": 3193,
        "end": 3197
      }
    },
    {
      "id": "o100",
      "kind": "scenario",
      "pointer": "/head"
    },
    {
      "id": "o101",
      "kind": "scenario",
      "pointer": "/predecessor"
    },
    {
      "id": "o102",
      "kind": "scenario",
      "pointer": "/round"
    },
    {
      "id": "o103",
      "kind": "scenario",
      "pointer": "/balances/0"
    },
    {
      "id": "o104",
      "kind": "scenario",
      "pointer": "/balances/1"
    },
    {
      "id": "o105",
      "kind": "scenario",
      "pointer": "/balances/2"
    },
    {
      "id": "o106",
      "kind": "scenario",
      "pointer": "/allowance"
    },
    {
      "id": "o107",
      "kind": "scenario",
      "pointer": "/replay"
    },
    {
      "id": "o108",
      "kind": "scenario",
      "pointer": "/work_remaining"
    },
    {
      "id": "o109",
      "kind": "scenario",
      "pointer": "/work_spent"
    },
    {
      "id": "o110",
      "kind": "scenario",
      "pointer": "/post_head"
    },
    {
      "id": "o111",
      "kind": "scenario",
      "pointer": "/balances"
    },
    {
      "id": "o112",
      "kind": "derived",
      "rule": "literal-transfer-proposal",
      "dependencies": [
        "o19",
        "o3",
        "o81",
        "o83",
        "o84",
        "o110",
        "o111"
      ]
    },
    {
      "id": "o113",
      "kind": "derived",
      "rule": "literal-transfer-proposal",
      "dependencies": [
        "o19",
        "o3",
        "o81",
        "o83",
        "o84",
        "o110",
        "o111"
      ]
    },
    {
      "id": "o114",
      "kind": "derived",
      "rule": "literal-transfer-proposal",
      "dependencies": [
        "o19",
        "o3",
        "o81",
        "o83",
        "o84",
        "o110",
        "o111"
      ]
    },
    {
      "id": "o115",
      "kind": "derived",
      "rule": "literal-transfer-proposal",
      "dependencies": [
        "o19",
        "o3",
        "o81",
        "o83",
        "o84",
        "o110",
        "o111"
      ]
    },
    {
      "id": "o116",
      "kind": "derived",
      "rule": "literal-transfer-proposal",
      "dependencies": [
        "o19",
        "o3",
        "o81",
        "o83",
        "o84",
        "o110",
        "o111"
      ]
    },
    {
      "id": "o117",
      "kind": "derived",
      "rule": "literal-transfer-proposal",
      "dependencies": [
        "o19",
        "o3",
        "o81",
        "o83",
        "o84",
        "o110",
        "o111"
      ]
    },
    {
      "id": "o118",
      "kind": "scenario",
      "pointer": "/post_head"
    }
  ],
  "proposalNote": null,
  "qualification": "local-stipulation-only"
}
