{
  "status": "PreparedUnqualified",
  "sourceHash": "c47dfcdcbbd4cfbe49b8d1b2e753414c4ee77b40470568a1f635febb365ce176",
  "scenarioHash": "18c294c86233a4cb92afcbbf5e65f0a7c73078a7cc388134af0052684c40cb6f",
  "result": {
    "status": "PreparedUnqualified",
    "ast": {
      "profile": "moriarty-financial-agreement-source/6",
      "programId": "NoteService",
      "domain": "DeskNet",
      "settlement": {
        "asset": "UsdNote",
        "scale": "2"
      },
      "selected": {
        "actionId": "TransferLiteralFee",
        "sourceHash": "claim-draw-source",
        "policyDigest": "claim-service-policy"
      },
      "intent": {
        "signer": "Lender",
        "keyRef": "lender-key-1",
        "nonce": "draw-1",
        "preHead": "svc-head-10",
        "notBefore": "10",
        "notAfter": "20",
        "grossCap": "126250",
        "feeCap": "1250",
        "netFloor": "125000",
        "signedAction": {
          "kind": "Transfer",
          "from": "Lender",
          "to": "Borrower",
          "feeTo": "Servicer",
          "value": "125000",
          "fee": "1250"
        },
        "failure": "success_only",
        "observations": "empty",
        "disclosures": "empty",
        "retainedEffects": "empty",
        "retainedDuties": "empty",
        "delegation": "none",
        "recovery": "none"
      },
      "authenticated": {
        "head": "svc-head-10",
        "predecessor": "svc-head-9",
        "round": "10",
        "balances": [
          {
            "account": "Lender",
            "amount": "126250"
          },
          {
            "account": "Borrower",
            "amount": "0"
          },
          {
            "account": "Servicer",
            "amount": "0"
          }
        ],
        "allowance": {
          "owner": "Lender",
          "remaining": "126250",
          "spent": "0"
        },
        "replay": "unused",
        "workRemaining": "8",
        "workSpent": "0"
      },
      "submitted": {
        "action": {
          "kind": "Transfer",
          "from": "Lender",
          "to": "Borrower",
          "feeTo": "Servicer",
          "value": "125000",
          "fee": "1250"
        },
        "effects": [
          {
            "kind": "Debit",
            "account": "Lender",
            "asset": "UsdNote",
            "amount": "126250"
          },
          {
            "kind": "Credit",
            "account": "Borrower",
            "asset": "UsdNote",
            "amount": "125000"
          },
          {
            "kind": "Credit",
            "account": "Servicer",
            "asset": "UsdNote",
            "amount": "1250"
          },
          {
            "kind": "UseAllowance",
            "owner": "Lender",
            "amount": "126250"
          },
          {
            "kind": "UseReplay",
            "key": "draw-1"
          },
          {
            "kind": "AdvanceHead",
            "predecessor": "svc-head-10",
            "successor": "svc-head-11"
          }
        ],
        "postHead": "svc-head-11"
      }
    },
    "candidate": {
      "status": "PreparedUnqualified",
      "core": "moriarty-core/5",
      "preHead": "svc-head-10",
      "effects": [
        {
          "kind": "Debit",
          "account": "Lender",
          "asset": "UsdNote",
          "amount": "126250"
        },
        {
          "kind": "Credit",
          "account": "Borrower",
          "asset": "UsdNote",
          "amount": "125000"
        },
        {
          "kind": "Credit",
          "account": "Servicer",
          "asset": "UsdNote",
          "amount": "1250"
        },
        {
          "kind": "UseAllowance",
          "owner": "Lender",
          "amount": "126250"
        },
        {
          "kind": "UseReplay",
          "key": "[\"DeskNet\",\"Lender\",\"draw-1\"]"
        },
        {
          "kind": "AdvanceHead",
          "predecessor": "svc-head-10",
          "successor": "svc-head-11"
        }
      ],
      "candidatePost": {
        "core": "moriarty-core/5",
        "domain": "DeskNet",
        "asset": "UsdNote",
        "head": "svc-head-11",
        "round": "10",
        "workRemaining": "7",
        "workSpent": "1",
        "balances": [
          {
            "account": "Lender",
            "amount": "0"
          },
          {
            "account": "Borrower",
            "amount": "125000"
          },
          {
            "account": "Servicer",
            "amount": "1250"
          }
        ],
        "allowances": [
          {
            "owner": "Lender",
            "remaining": "0",
            "spent": "126250"
          }
        ],
        "obligations": [],
        "consumedReplay": [
          "[\"DeskNet\",\"Lender\",\"draw-1\"]"
        ]
      },
      "requiredPremises": [
        "canonical-intent-signature",
        "snapshot-to-head",
        "head-extension",
        "atomic-ledger-compare-and-consume"
      ]
    },
    "unverifiedBindings": [
      "agreement-id",
      "selected-program",
      "asset-scale",
      "authenticated-predecessor"
    ]
  },
  "qualification": "local-stipulation-only"
}
