{
  "status": "PreparedUnqualified",
  "sourceHash": "c47dfcdcbbd4cfbe49b8d1b2e753414c4ee77b40470568a1f635febb365ce176",
  "scenarioHash": "df005807698bcfa2a09663e044a132fcd0d0be63fbe56b90b98eb040a65e9ff3",
  "result": {
    "status": "PreparedUnqualified",
    "ast": {
      "profile": "moriarty-financial-agreement-source/6",
      "programId": "NoteService",
      "domain": "DeskNet",
      "settlement": {
        "asset": "UsdNote",
        "scale": "2"
      },
      "selected": {
        "actionId": "RepayAccrualFirst",
        "sourceHash": "claim-payoff-source",
        "policyDigest": "claim-service-policy"
      },
      "intent": {
        "signer": "Borrower",
        "keyRef": "borrower-key-1",
        "nonce": "payoff-1",
        "preHead": "svc-head-80",
        "notBefore": "80",
        "notAfter": "88",
        "grossCap": "80625",
        "feeCap": "0",
        "netFloor": "0",
        "signedAction": {
          "kind": "Repay",
          "obligation": "NoteSeven",
          "payer": "Borrower",
          "amount": "80625",
          "conversion": "identity"
        },
        "failure": "success_only",
        "observations": "empty",
        "disclosures": "empty",
        "retainedEffects": "empty",
        "retainedDuties": "empty",
        "delegation": "none",
        "recovery": "none"
      },
      "authenticated": {
        "head": "svc-head-80",
        "predecessor": "svc-head-79",
        "round": "80",
        "balances": [
          {
            "account": "Borrower",
            "amount": "80625"
          },
          {
            "account": "Lender",
            "amount": "0"
          }
        ],
        "allowance": {
          "owner": "Borrower",
          "remaining": "80625",
          "spent": "0"
        },
        "obligation": {
          "id": "NoteSeven",
          "debtor": "Borrower",
          "creditor": "Lender",
          "asset": "UsdNote",
          "principal": "80000",
          "accrued": "625",
          "outstanding": "80625",
          "status": "Outstanding"
        },
        "replay": "unused",
        "workRemaining": "1",
        "workSpent": "9"
      },
      "submitted": {
        "action": {
          "kind": "Repay",
          "obligation": "NoteSeven",
          "payer": "Borrower",
          "amount": "80625",
          "conversion": "identity"
        },
        "effects": [
          {
            "kind": "Debit",
            "account": "Borrower",
            "asset": "UsdNote",
            "amount": "80625"
          },
          {
            "kind": "Credit",
            "account": "Lender",
            "asset": "UsdNote",
            "amount": "80625"
          },
          {
            "kind": "SetObligation",
            "id": "NoteSeven",
            "principal": "0",
            "accrued": "0",
            "outstanding": "0",
            "status": "Settled"
          },
          {
            "kind": "UseAllowance",
            "owner": "Borrower",
            "amount": "80625"
          },
          {
            "kind": "UseReplay",
            "key": "payoff-1"
          },
          {
            "kind": "AdvanceHead",
            "predecessor": "svc-head-80",
            "successor": "svc-head-81"
          }
        ],
        "postHead": "svc-head-81"
      }
    },
    "candidate": {
      "status": "PreparedUnqualified",
      "core": "moriarty-core/5",
      "preHead": "svc-head-80",
      "effects": [
        {
          "kind": "Debit",
          "account": "Borrower",
          "asset": "UsdNote",
          "amount": "80625"
        },
        {
          "kind": "Credit",
          "account": "Lender",
          "asset": "UsdNote",
          "amount": "80625"
        },
        {
          "kind": "SetObligation",
          "id": "NoteSeven",
          "principal": "0",
          "accrued": "0",
          "outstanding": "0",
          "status": "Settled"
        },
        {
          "kind": "UseAllowance",
          "owner": "Borrower",
          "amount": "80625"
        },
        {
          "kind": "UseReplay",
          "key": "[\"DeskNet\",\"Borrower\",\"payoff-1\"]"
        },
        {
          "kind": "AdvanceHead",
          "predecessor": "svc-head-80",
          "successor": "svc-head-81"
        }
      ],
      "candidatePost": {
        "core": "moriarty-core/5",
        "domain": "DeskNet",
        "asset": "UsdNote",
        "head": "svc-head-81",
        "round": "80",
        "workRemaining": "0",
        "workSpent": "10",
        "balances": [
          {
            "account": "Borrower",
            "amount": "0"
          },
          {
            "account": "Lender",
            "amount": "80625"
          }
        ],
        "allowances": [
          {
            "owner": "Borrower",
            "remaining": "0",
            "spent": "80625"
          }
        ],
        "obligations": [
          {
            "id": "NoteSeven",
            "debtor": "Borrower",
            "creditor": "Lender",
            "asset": "UsdNote",
            "principal": "0",
            "accrued": "0",
            "outstanding": "0",
            "status": "Settled"
          }
        ],
        "consumedReplay": [
          "[\"DeskNet\",\"Borrower\",\"payoff-1\"]"
        ]
      },
      "requiredPremises": [
        "canonical-intent-signature",
        "snapshot-to-head",
        "head-extension",
        "atomic-ledger-compare-and-consume"
      ]
    },
    "unverifiedBindings": [
      "agreement-id",
      "selected-program",
      "asset-scale",
      "authenticated-predecessor"
    ]
  },
  "qualification": "local-stipulation-only"
}
