{
  "status": "Expanded",
  "sourceHash": "c47dfcdcbbd4cfbe49b8d1b2e753414c4ee77b40470568a1f635febb365ce176",
  "scenarioHash": "fb090ed1cbc42c1782a5c24151716b501fabfb2aa67e4a43530e643d4bae8403",
  "source6": "profile \"moriarty-financial-agreement-source/6\";\nagreement NoteService {\ndomain DeskNet;\nsettlement UsdNote scale 2;\nselected RepayAccrualFirst source_hash \"claim-installment-source\" digest \"claim-service-policy\";\nintent {\nsigner Borrower key \"borrower-key-1\";\nnonce \"installment-3\";\npre_head \"svc-head-52\";\nvalid 44..52;\ngross_cap 21875;\nfee_cap 0;\nnet_floor 0;\nfailure success_only;\nsigned_action repay obligation NoteSeven payer Borrower amount 21875 conversion identity;\nobservations empty;\ndisclosures empty;\nretained_effects empty;\nretained_duties empty;\ndelegation none;\nrecovery none;\n}\nauthenticated {\nhead \"svc-head-52\";\npredecessor \"svc-head-51\";\nround 52;\nbalance Borrower 21875;\nbalance Lender 0;\nallowance Borrower remaining 21875 spent 0;\nobligation NoteSeven {\ndebtor Borrower;\ncreditor Lender;\nasset UsdNote;\nprincipal 10000;\naccrued 0;\noutstanding 10000;\nstatus outstanding;\n}\nreplay unused;\nwork_remaining 3;\nwork_spent 4;\n}\nsubmit repay obligation NoteSeven payer Borrower amount 21875 conversion identity;\neffects {\ndebit Borrower 21875;\ncredit Lender 21875;\nset_obligation NoteSeven principal 10000 accrued 0 outstanding 10000 status outstanding;\nuse_allowance Borrower 21875;\nuse_replay \"installment-3\";\nadvance_head \"svc-head-52\" \"svc-head-53\";\n}\npost_head \"svc-head-53\";\n}\n",
  "fieldMap": [
    {
      "field": "profile",
      "generatedSpan": {
        "start": 0,
        "end": 49
      },
      "origins": [
        "o0"
      ]
    },
    {
      "field": "agreement",
      "generatedSpan": {
        "start": 49,
        "end": 73
      },
      "origins": [
        "o1"
      ]
    },
    {
      "field": "domain",
      "generatedSpan": {
        "start": 73,
        "end": 89
      },
      "origins": [
        "o3"
      ]
    },
    {
      "field": "settlement",
      "generatedSpan": {
        "start": 89,
        "end": 117
      },
      "origins": [
        "o9",
        "o17"
      ]
    },
    {
      "field": "selected",
      "generatedSpan": {
        "start": 117,
        "end": 214
      },
      "origins": [
        "o0",
        "o19",
        "o69",
        "o70"
      ]
    },
    {
      "field": "intent",
      "generatedSpan": {
        "start": 214,
        "end": 223
      },
      "origins": [
        "o72"
      ]
    },
    {
      "field": "intent.signer",
      "generatedSpan": {
        "start": 223,
        "end": 261
      },
      "origins": [
        "o93",
        "o94"
      ]
    },
    {
      "field": "intent.nonce",
      "generatedSpan": {
        "start": 261,
        "end": 284
      },
      "origins": [
        "o95"
      ]
    },
    {
      "field": "intent.pre_head",
      "generatedSpan": {
        "start": 284,
        "end": 308
      },
      "origins": [
        "o96"
      ]
    },
    {
      "field": "intent.valid",
      "generatedSpan": {
        "start": 308,
        "end": 322
      },
      "origins": [
        "o98"
      ]
    },
    {
      "field": "intent.gross_cap",
      "generatedSpan": {
        "start": 322,
        "end": 339
      },
      "origins": [
        "o100"
      ]
    },
    {
      "field": "intent.fee_cap",
      "generatedSpan": {
        "start": 339,
        "end": 350
      },
      "origins": [
        "o102"
      ]
    },
    {
      "field": "intent.net_floor",
      "generatedSpan": {
        "start": 350,
        "end": 363
      },
      "origins": [
        "o104"
      ]
    },
    {
      "field": "intent.failure",
      "generatedSpan": {
        "start": 363,
        "end": 385
      },
      "origins": [
        "o105"
      ]
    },
    {
      "field": "intent.signed_action",
      "generatedSpan": {
        "start": 385,
        "end": 475
      },
      "origins": [
        "o19"
      ]
    },
    {
      "field": "intent.observations",
      "generatedSpan": {
        "start": 475,
        "end": 495
      },
      "origins": [
        "o106"
      ]
    },
    {
      "field": "intent.disclosures",
      "generatedSpan": {
        "start": 495,
        "end": 514
      },
      "origins": [
        "o107"
      ]
    },
    {
      "field": "intent.retained_effects",
      "generatedSpan": {
        "start": 514,
        "end": 538
      },
      "origins": [
        "o108"
      ]
    },
    {
      "field": "intent.retained_duties",
      "generatedSpan": {
        "start": 538,
        "end": 561
      },
      "origins": [
        "o109"
      ]
    },
    {
      "field": "intent.delegation",
      "generatedSpan": {
        "start": 561,
        "end": 578
      },
      "origins": [
        "o110"
      ]
    },
    {
      "field": "intent.recovery",
      "generatedSpan": {
        "start": 578,
        "end": 593
      },
      "origins": [
        "o111"
      ]
    },
    {
      "field": "intent.end",
      "generatedSpan": {
        "start": 593,
        "end": 595
      },
      "origins": [
        "o0"
      ]
    },
    {
      "field": "authenticated",
      "generatedSpan": {
        "start": 595,
        "end": 611
      },
      "origins": [
        "o0"
      ]
    },
    {
      "field": "scenario.head",
      "generatedSpan": {
        "start": 611,
        "end": 631
      },
      "origins": [
        "o112"
      ]
    },
    {
      "field": "scenario.predecessor",
      "generatedSpan": {
        "start": 631,
        "end": 658
      },
      "origins": [
        "o113"
      ]
    },
    {
      "field": "scenario.round",
      "generatedSpan": {
        "start": 658,
        "end": 668
      },
      "origins": [
        "o114"
      ]
    },
    {
      "field": "scenario.balances.0",
      "generatedSpan": {
        "start": 668,
        "end": 692
      },
      "origins": [
        "o115"
      ]
    },
    {
      "field": "scenario.balances.1",
      "generatedSpan": {
        "start": 692,
        "end": 710
      },
      "origins": [
        "o116"
      ]
    },
    {
      "field": "scenario.allowance",
      "generatedSpan": {
        "start": 710,
        "end": 754
      },
      "origins": [
        "o117"
      ]
    },
    {
      "field": "scenario.obligation",
      "generatedSpan": {
        "start": 754,
        "end": 777
      },
      "origins": [
        "o118"
      ]
    },
    {
      "field": "scenario.obligation.debtor",
      "generatedSpan": {
        "start": 777,
        "end": 794
      },
      "origins": [
        "o119"
      ]
    },
    {
      "field": "scenario.obligation.creditor",
      "generatedSpan": {
        "start": 794,
        "end": 811
      },
      "origins": [
        "o120"
      ]
    },
    {
      "field": "scenario.obligation.asset",
      "generatedSpan": {
        "start": 811,
        "end": 826
      },
      "origins": [
        "o121"
      ]
    },
    {
      "field": "scenario.obligation.principal",
      "generatedSpan": {
        "start": 826,
        "end": 843
      },
      "origins": [
        "o122"
      ]
    },
    {
      "field": "scenario.obligation.accrued",
      "generatedSpan": {
        "start": 843,
        "end": 854
      },
      "origins": [
        "o123"
      ]
    },
    {
      "field": "scenario.obligation.outstanding",
      "generatedSpan": {
        "start": 854,
        "end": 873
      },
      "origins": [
        "o124"
      ]
    },
    {
      "field": "scenario.obligation.status",
      "generatedSpan": {
        "start": 873,
        "end": 893
      },
      "origins": [
        "o125"
      ]
    },
    {
      "field": "scenario.obligation.end",
      "generatedSpan": {
        "start": 893,
        "end": 895
      },
      "origins": [
        "o0"
      ]
    },
    {
      "field": "scenario.replay",
      "generatedSpan": {
        "start": 895,
        "end": 910
      },
      "origins": [
        "o126"
      ]
    },
    {
      "field": "scenario.work_remaining",
      "generatedSpan": {
        "start": 910,
        "end": 928
      },
      "origins": [
        "o127"
      ]
    },
    {
      "field": "scenario.work_spent",
      "generatedSpan": {
        "start": 928,
        "end": 942
      },
      "origins": [
        "o128"
      ]
    },
    {
      "field": "authenticated.end",
      "generatedSpan": {
        "start": 942,
        "end": 944
      },
      "origins": [
        "o0"
      ]
    },
    {
      "field": "submit",
      "generatedSpan": {
        "start": 944,
        "end": 1027
      },
      "origins": [
        "o19"
      ]
    },
    {
      "field": "effects",
      "generatedSpan": {
        "start": 1027,
        "end": 1037
      },
      "origins": [
        "o0"
      ]
    },
    {
      "field": "effects.0",
      "generatedSpan": {
        "start": 1037,
        "end": 1059
      },
      "origins": [
        "o132"
      ]
    },
    {
      "field": "effects.1",
      "generatedSpan": {
        "start": 1059,
        "end": 1080
      },
      "origins": [
        "o133"
      ]
    },
    {
      "field": "effects.2",
      "generatedSpan": {
        "start": 1080,
        "end": 1169
      },
      "origins": [
        "o134"
      ]
    },
    {
      "field": "effects.3",
      "generatedSpan": {
        "start": 1169,
        "end": 1199
      },
      "origins": [
        "o135"
      ]
    },
    {
      "field": "effects.4",
      "generatedSpan": {
        "start": 1199,
        "end": 1227
      },
      "origins": [
        "o136"
      ]
    },
    {
      "field": "effects.5",
      "generatedSpan": {
        "start": 1227,
        "end": 1269
      },
      "origins": [
        "o137"
      ]
    },
    {
      "field": "effects.end",
      "generatedSpan": {
        "start": 1269,
        "end": 1271
      },
      "origins": [
        "o0"
      ]
    },
    {
      "field": "post_head",
      "generatedSpan": {
        "start": 1271,
        "end": 1296
      },
      "origins": [
        "o138"
      ]
    },
    {
      "field": "agreement.end",
      "generatedSpan": {
        "start": 1296,
        "end": 1298
      },
      "origins": [
        "o0"
      ]
    }
  ],
  "origins": [
    {
      "id": "o0",
      "kind": "generated",
      "rule": "beta1-to-source6-s0"
    },
    {
      "id": "o1",
      "kind": "source",
      "span": {
        "start": 479,
        "end": 490
      }
    },
    {
      "id": "o2",
      "kind": "source",
      "span": {
        "start": 3270,
        "end": 3274
      }
    },
    {
      "id": "o3",
      "kind": "derived",
      "rule": "resolved-reference-use-and-definition",
      "dependencies": [
        "o2",
        "o7"
      ]
    },
    {
      "id": "o4",
      "kind": "derived",
      "rule": "declaration-definition",
      "dependencies": [
        "o5",
        "o6"
      ]
    },
    {
      "id": "o5",
      "kind": "source",
      "span": {
        "start": 495,
        "end": 580
      }
    },
    {
      "id": "o6",
      "kind": "source",
      "span": {
        "start": 509,
        "end": 579
      }
    },
    {
      "id": "o7",
      "kind": "source",
      "span": {
        "start": 3270,
        "end": 3274
      },
      "dependencies": [
        "o4"
      ]
    },
    {
      "id": "o8",
      "kind": "source",
      "span": {
        "start": 3287,
        "end": 3290
      }
    },
    {
      "id": "o9",
      "kind": "derived",
      "rule": "resolved-reference-use-and-definition",
      "dependencies": [
        "o8",
        "o16"
      ]
    },
    {
      "id": "o10",
      "kind": "derived",
      "rule": "declaration-definition",
      "dependencies": [
        "o12",
        "o15"
      ]
    },
    {
      "id": "o11",
      "kind": "source",
      "span": {
        "start": 774,
        "end": 894
      }
    },
    {
      "id": "o12",
      "kind": "derived",
      "rule": "resolved-reference-use-and-definition",
      "dependencies": [
        "o11",
        "o13"
      ]
    },
    {
      "id": "o13",
      "kind": "source",
      "span": {
        "start": 800,
        "end": 804
      },
      "dependencies": [
        "o4"
      ]
    },
    {
      "id": "o14",
      "kind": "source",
      "span": {
        "start": 786,
        "end": 893
      }
    },
    {
      "id": "o15",
      "kind": "derived",
      "rule": "resolved-reference-use-and-definition",
      "dependencies": [
        "o14",
        "o13"
      ]
    },
    {
      "id": "o16",
      "kind": "source",
      "span": {
        "start": 3287,
        "end": 3290
      },
      "dependencies": [
        "o10"
      ]
    },
    {
      "id": "o17",
      "kind": "source",
      "span": {
        "start": 836,
        "end": 837
      }
    },
    {
      "id": "o18",
      "kind": "source",
      "span": {
        "start": 3573,
        "end": 3646
      }
    },
    {
      "id": "o19",
      "kind": "derived",
      "rule": "resolved-reference-use-and-definition",
      "dependencies": [
        "o18",
        "o27",
        "o34",
        "o68"
      ]
    },
    {
      "id": "o20",
      "kind": "derived",
      "rule": "declaration-definition",
      "dependencies": [
        "o22",
        "o26"
      ]
    },
    {
      "id": "o21",
      "kind": "source",
      "span": {
        "start": 1023,
        "end": 1101
      }
    },
    {
      "id": "o22",
      "kind": "derived",
      "rule": "resolved-reference-use-and-definition",
      "dependencies": [
        "o21",
        "o23",
        "o24"
      ]
    },
    {
      "id": "o23",
      "kind": "source",
      "span": {
        "start": 1055,
        "end": 1059
      },
      "dependencies": [
        "o4"
      ]
    },
    {
      "id": "o24",
      "kind": "source",
      "span": {
        "start": 1093,
        "end": 1096
      },
      "dependencies": [
        "o10"
      ]
    },
    {
      "id": "o25",
      "kind": "source",
      "span": {
        "start": 1041,
        "end": 1100
      }
    },
    {
      "id": "o26",
      "kind": "derived",
      "rule": "resolved-reference-use-and-definition",
      "dependencies": [
        "o25",
        "o23",
        "o24"
      ]
    },
    {
      "id": "o27",
      "kind": "source",
      "span": {
        "start": 3591,
        "end": 3595
      },
      "dependencies": [
        "o20"
      ]
    },
    {
      "id": "o28",
      "kind": "derived",
      "rule": "declaration-definition",
      "dependencies": [
        "o30",
        "o33"
      ]
    },
    {
      "id": "o29",
      "kind": "source",
      "span": {
        "start": 583,
        "end": 645
      }
    },
    {
      "id": "o30",
      "kind": "derived",
      "rule": "resolved-reference-use-and-definition",
      "dependencies": [
        "o29",
        "o31"
      ]
    },
    {
      "id": "o31",
      "kind": "source",
      "span": {
        "start": 616,
        "end": 620
      },
      "dependencies": [
        "o4"
      ]
    },
    {
      "id": "o32",
      "kind": "source",
      "span": {
        "start": 602,
        "end": 644
      }
    },
    {
      "id": "o33",
      "kind": "derived",
      "rule": "resolved-reference-use-and-definition",
      "dependencies": [
        "o32",
        "o31"
      ]
    },
    {
      "id": "o34",
      "kind": "source",
      "span": {
        "start": 3608,
        "end": 3616
      },
      "dependencies": [
        "o28"
      ]
    },
    {
      "id": "o35",
      "kind": "derived",
      "rule": "declaration-definition",
      "dependencies": [
        "o37",
        "o67"
      ]
    },
    {
      "id": "o36",
      "kind": "source",
      "span": {
        "start": 2072,
        "end": 2133
      }
    },
    {
      "id": "o37",
      "kind": "derived",
      "rule": "resolved-reference-use-and-definition",
      "dependencies": [
        "o36",
        "o64",
        "o65"
      ]
    },
    {
      "id": "o38",
      "kind": "derived",
      "rule": "declaration-definition",
      "dependencies": [
        "o40",
        "o63"
      ]
    },
    {
      "id": "o39",
      "kind": "source",
      "span": {
        "start": 2012,
        "end": 2069
      }
    },
    {
      "id": "o40",
      "kind": "derived",
      "rule": "resolved-reference-use-and-definition",
      "dependencies": [
        "o39",
        "o47",
        "o61"
      ]
    },
    {
      "id": "o41",
      "kind": "derived",
      "rule": "declaration-definition",
      "dependencies": [
        "o43",
        "o46"
      ]
    },
    {
      "id": "o42",
      "kind": "source",
      "span": {
        "start": 1907,
        "end": 1938
      }
    },
    {
      "id": "o43",
      "kind": "derived",
      "rule": "resolved-reference-use-and-definition",
      "dependencies": [
        "o42",
        "o44"
      ]
    },
    {
      "id": "o44",
      "kind": "source",
      "span": {
        "start": 1934,
        "end": 1937
      },
      "dependencies": [
        "o10"
      ]
    },
    {
      "id": "o45",
      "kind": "source",
      "span": {
        "start": 1927,
        "end": 1937
      }
    },
    {
      "id": "o46",
      "kind": "derived",
      "rule": "resolved-reference-use-and-definition",
      "dependencies": [
        "o45",
        "o44"
      ]
    },
    {
      "id": "o47",
      "kind": "source",
      "span": {
        "start": 2038,
        "end": 2049
      },
      "dependencies": [
        "o41"
      ]
    },
    {
      "id": "o48",
      "kind": "derived",
      "rule": "declaration-definition",
      "dependencies": [
        "o50",
        "o60"
      ]
    },
    {
      "id": "o49",
      "kind": "source",
      "span": {
        "start": 1941,
        "end": 2009
      }
    },
    {
      "id": "o50",
      "kind": "derived",
      "rule": "resolved-reference-use-and-definition",
      "dependencies": [
        "o49",
        "o51",
        "o58"
      ]
    },
    {
      "id": "o51",
      "kind": "source",
      "span": {
        "start": 1973,
        "end": 1984
      },
      "dependencies": [
        "o41"
      ]
    },
    {
      "id": "o52",
      "kind": "derived",
      "rule": "declaration-definition",
      "dependencies": [
        "o54",
        "o57"
      ]
    },
    {
      "id": "o53",
      "kind": "source",
      "span": {
        "start": 1828,
        "end": 1865
      }
    },
    {
      "id": "o54",
      "kind": "derived",
      "rule": "resolved-reference-use-and-definition",
      "dependencies": [
        "o53",
        "o55"
      ]
    },
    {
      "id": "o55",
      "kind": "source",
      "span": {
        "start": 1861,
        "end": 1864
      },
      "dependencies": [
        "o10"
      ]
    },
    {
      "id": "o56",
      "kind": "source",
      "span": {
        "start": 1855,
        "end": 1864
      }
    },
    {
      "id": "o57",
      "kind": "derived",
      "rule": "resolved-reference-use-and-definition",
      "dependencies": [
        "o56",
        "o55"
      ]
    },
    {
      "id": "o58",
      "kind": "source",
      "span": {
        "start": 1989,
        "end": 2007
      },
      "dependencies": [
        "o52"
      ]
    },
    {
      "id": "o59",
      "kind": "source",
      "span": {
        "start": 1966,
        "end": 2008
      }
    },
    {
      "id": "o60",
      "kind": "derived",
      "rule": "resolved-reference-use-and-definition",
      "dependencies": [
        "o59",
        "o51",
        "o58"
      ]
    },
    {
      "id": "o61",
      "kind": "source",
      "span": {
        "start": 2052,
        "end": 2068
      },
      "dependencies": [
        "o48"
      ]
    },
    {
      "id": "o62",
      "kind": "source",
      "span": {
        "start": 2038,
        "end": 2068
      }
    },
    {
      "id": "o63",
      "kind": "derived",
      "rule": "resolved-reference-use-and-definition",
      "dependencies": [
        "o62",
        "o47",
        "o61"
      ]
    },
    {
      "id": "o64",
      "kind": "source",
      "span": {
        "start": 2096,
        "end": 2113
      },
      "dependencies": [
        "o38"
      ]
    },
    {
      "id": "o65",
      "kind": "source",
      "span": {
        "start": 2116,
        "end": 2132
      },
      "dependencies": [
        "o48"
      ]
    },
    {
      "id": "o66",
      "kind": "source",
      "span": {
        "start": 2096,
        "end": 2132
      }
    },
    {
      "id": "o67",
      "kind": "derived",
      "rule": "resolved-reference-use-and-definition",
      "dependencies": [
        "o66",
        "o64",
        "o65"
      ]
    },
    {
      "id": "o68",
      "kind": "source",
      "span": {
        "start": 3630,
        "end": 3645
      },
      "dependencies": [
        "o35"
      ]
    },
    {
      "id": "o69",
      "kind": "source",
      "span": {
        "start": 3665,
        "end": 3691
      }
    },
    {
      "id": "o70",
      "kind": "source",
      "span": {
        "start": 3712,
        "end": 3734
      }
    },
    {
      "id": "o71",
      "kind": "source",
      "span": {
        "start": 3256,
        "end": 3901
      }
    },
    {
      "id": "o72",
      "kind": "derived",
      "rule": "resolved-reference-use-and-definition",
      "dependencies": [
        "o71",
        "o7",
        "o16",
        "o73",
        "o74",
        "o78",
        "o82",
        "o83",
        "o90",
        "o91",
        "o27",
        "o34",
        "o68"
      ]
    },
    {
      "id": "o73",
      "kind": "source",
      "span": {
        "start": 3304,
        "end": 3312
      },
      "dependencies": [
        "o28"
      ]
    },
    {
      "id": "o74",
      "kind": "source",
      "span": {
        "start": 3424,
        "end": 3428
      },
      "dependencies": [
        "o4"
      ]
    },
    {
      "id": "o75",
      "kind": "derived",
      "rule": "declaration-definition",
      "dependencies": [
        "o76",
        "o77"
      ]
    },
    {
      "id": "o76",
      "kind": "source",
      "span": {
        "start": 1229,
        "end": 1257
      }
    },
    {
      "id": "o77",
      "kind": "source",
      "span": {
        "start": 1254,
        "end": 1256
      }
    },
    {
      "id": "o78",
      "kind": "source",
      "span": {
        "start": 3440,
        "end": 3456
      },
      "dependencies": [
        "o75"
      ]
    },
    {
      "id": "o79",
      "kind": "derived",
      "rule": "declaration-definition",
      "dependencies": [
        "o80",
        "o81"
      ]
    },
    {
      "id": "o80",
      "kind": "source",
      "span": {
        "start": 1260,
        "end": 1289
      }
    },
    {
      "id": "o81",
      "kind": "source",
      "span": {
        "start": 1286,
        "end": 1288
      }
    },
    {
      "id": "o82",
      "kind": "source",
      "span": {
        "start": 3466,
        "end": 3483
      },
      "dependencies": [
        "o79"
      ]
    },
    {
      "id": "o83",
      "kind": "source",
      "span": {
        "start": 3501,
        "end": 3516
      },
      "dependencies": [
        "o35"
      ]
    },
    {
      "id": "o84",
      "kind": "derived",
      "rule": "declaration-definition",
      "dependencies": [
        "o86",
        "o89"
      ]
    },
    {
      "id": "o85",
      "kind": "source",
      "span": {
        "start": 2136,
        "end": 2158
      }
    },
    {
      "id": "o86",
      "kind": "derived",
      "rule": "resolved-reference-use-and-definition",
      "dependencies": [
        "o85",
        "o87"
      ]
    },
    {
      "id": "o87",
      "kind": "source",
      "span": {
        "start": 2154,
        "end": 2157
      },
      "dependencies": [
        "o10"
      ]
    },
    {
      "id": "o88",
      "kind": "source",
      "span": {
        "start": 2149,
        "end": 2157
      }
    },
    {
      "id": "o89",
      "kind": "derived",
      "rule": "resolved-reference-use-and-definition",
      "dependencies": [
        "o88",
        "o87"
      ]
    },
    {
      "id": "o90",
      "kind": "source",
      "span": {
        "start": 3531,
        "end": 3535
      },
      "dependencies": [
        "o84"
      ]
    },
    {
      "id": "o91",
      "kind": "source",
      "span": {
        "start": 3552,
        "end": 3556
      },
      "dependencies": [
        "o84"
      ]
    },
    {
      "id": "o92",
      "kind": "source",
      "span": {
        "start": 3304,
        "end": 3312
      }
    },
    {
      "id": "o93",
      "kind": "derived",
      "rule": "resolved-reference-use-and-definition",
      "dependencies": [
        "o92",
        "o73"
      ]
    },
    {
      "id": "o94",
      "kind": "source",
      "span": {
        "start": 3323,
        "end": 3339
      }
    },
    {
      "id": "o95",
      "kind": "source",
      "span": {
        "start": 3352,
        "end": 3367
      }
    },
    {
      "id": "o96",
      "kind": "source",
      "span": {
        "start": 3383,
        "end": 3396
      }
    },
    {
      "id": "o97",
      "kind": "source",
      "span": {
        "start": 3409,
        "end": 3484
      }
    },
    {
      "id": "o98",
      "kind": "derived",
      "rule": "resolved-reference-use-and-definition",
      "dependencies": [
        "o97",
        "o74",
        "o78",
        "o82"
      ]
    },
    {
      "id": "o99",
      "kind": "source",
      "span": {
        "start": 3501,
        "end": 3516
      }
    },
    {
      "id": "o100",
      "kind": "derived",
      "rule": "resolved-reference-use-and-definition",
      "dependencies": [
        "o99",
        "o83"
      ]
    },
    {
      "id": "o101",
      "kind": "source",
      "span": {
        "start": 3531,
        "end": 3535
      }
    },
    {
      "id": "o102",
      "kind": "derived",
      "rule": "resolved-reference-use-and-definition",
      "dependencies": [
        "o101",
        "o90"
      ]
    },
    {
      "id": "o103",
      "kind": "source",
      "span": {
        "start": 3552,
        "end": 3556
      }
    },
    {
      "id": "o104",
      "kind": "derived",
      "rule": "resolved-reference-use-and-definition",
      "dependencies": [
        "o103",
        "o91"
      ]
    },
    {
      "id": "o105",
      "kind": "source",
      "span": {
        "start": 3749,
        "end": 3760
      }
    },
    {
      "id": "o106",
      "kind": "source",
      "span": {
        "start": 3780,
        "end": 3782
      }
    },
    {
      "id": "o107",
      "kind": "source",
      "span": {
        "start": 3801,
        "end": 3803
      }
    },
    {
      "id": "o108",
      "kind": "source",
      "span": {
        "start": 3827,
        "end": 3829
      }
    },
    {
      "id": "o109",
      "kind": "source",
      "span": {
        "start": 3852,
        "end": 3854
      }
    },
    {
      "id": "o110",
      "kind": "source",
      "span": {
        "start": 3872,
        "end": 3876
      }
    },
    {
      "id": "o111",
      "kind": "source",
      "span": {
        "start": 3892,
        "end": 3896
      }
    },
    {
      "id": "o112",
      "kind": "scenario",
      "pointer": "/head"
    },
    {
      "id": "o113",
      "kind": "scenario",
      "pointer": "/predecessor"
    },
    {
      "id": "o114",
      "kind": "scenario",
      "pointer": "/round"
    },
    {
      "id": "o115",
      "kind": "scenario",
      "pointer": "/balances/0"
    },
    {
      "id": "o116",
      "kind": "scenario",
      "pointer": "/balances/1"
    },
    {
      "id": "o117",
      "kind": "scenario",
      "pointer": "/allowance"
    },
    {
      "id": "o118",
      "kind": "scenario",
      "pointer": "/obligation/id"
    },
    {
      "id": "o119",
      "kind": "scenario",
      "pointer": "/obligation/debtor"
    },
    {
      "id": "o120",
      "kind": "scenario",
      "pointer": "/obligation/creditor"
    },
    {
      "id": "o121",
      "kind": "scenario",
      "pointer": "/obligation/asset"
    },
    {
      "id": "o122",
      "kind": "scenario",
      "pointer": "/obligation/principal"
    },
    {
      "id": "o123",
      "kind": "scenario",
      "pointer": "/obligation/accrued"
    },
    {
      "id": "o124",
      "kind": "scenario",
      "pointer": "/obligation/outstanding"
    },
    {
      "id": "o125",
      "kind": "scenario",
      "pointer": "/obligation/status"
    },
    {
      "id": "o126",
      "kind": "scenario",
      "pointer": "/replay"
    },
    {
      "id": "o127",
      "kind": "scenario",
      "pointer": "/work_remaining"
    },
    {
      "id": "o128",
      "kind": "scenario",
      "pointer": "/work_spent"
    },
    {
      "id": "o129",
      "kind": "scenario",
      "pointer": "/post_head"
    },
    {
      "id": "o130",
      "kind": "scenario",
      "pointer": "/balances"
    },
    {
      "id": "o131",
      "kind": "scenario",
      "pointer": "/obligation"
    },
    {
      "id": "o132",
      "kind": "derived",
      "rule": "accrual-first-proposal",
      "dependencies": [
        "o19",
        "o3",
        "o93",
        "o95",
        "o96",
        "o129",
        "o130",
        "o131"
      ]
    },
    {
      "id": "o133",
      "kind": "derived",
      "rule": "accrual-first-proposal",
      "dependencies": [
        "o19",
        "o3",
        "o93",
        "o95",
        "o96",
        "o129",
        "o130",
        "o131"
      ]
    },
    {
      "id": "o134",
      "kind": "derived",
      "rule": "accrual-first-proposal",
      "dependencies": [
        "o19",
        "o3",
        "o93",
        "o95",
        "o96",
        "o129",
        "o130",
        "o131"
      ]
    },
    {
      "id": "o135",
      "kind": "derived",
      "rule": "accrual-first-proposal",
      "dependencies": [
        "o19",
        "o3",
        "o93",
        "o95",
        "o96",
        "o129",
        "o130",
        "o131"
      ]
    },
    {
      "id": "o136",
      "kind": "derived",
      "rule": "accrual-first-proposal",
      "dependencies": [
        "o19",
        "o3",
        "o93",
        "o95",
        "o96",
        "o129",
        "o130",
        "o131"
      ]
    },
    {
      "id": "o137",
      "kind": "derived",
      "rule": "accrual-first-proposal",
      "dependencies": [
        "o19",
        "o3",
        "o93",
        "o95",
        "o96",
        "o129",
        "o130",
        "o131"
      ]
    },
    {
      "id": "o138",
      "kind": "scenario",
      "pointer": "/post_head"
    }
  ],
  "proposalNote": "Invalid overpayment proposal preserves unchanged obligation; only Core determines the first failure.",
  "qualification": "local-stipulation-only"
}
