{
  "check": "AuthoringChecked",
  "actions": [
    [
      "disburse",
      "LocalS0",
      "AvailableUnqualified"
    ],
    [
      "service_installment",
      "LocalS0",
      "AvailableUnqualified"
    ],
    [
      "close_note",
      "LocalS0",
      "AvailableUnqualified"
    ],
    [
      "originate",
      "SpecifiedOnly",
      "Unsupported"
    ],
    [
      "roll",
      "SpecifiedOnly",
      "Unsupported"
    ],
    [
      "liquidate",
      "SpecifiedOnly",
      "Unsupported"
    ]
  ],
  "preview": "PreparedUnqualified",
  "qualification": "local-stipulation-only",
  "premises": [
    "canonical-intent-signature",
    "snapshot-to-head",
    "head-extension",
    "atomic-ledger-compare-and-consume"
  ],
  "roll": "Unsupported",
  "rollCode": "BETA_PROFILE_UNSUPPORTED",
  "rollEffects": null
}