
> test:compiled-rejection
> node --experimental-test-module-mocks --test --test-reporter=tap ledger/compiled-rejection.test.mjs

TAP version 13
# {"status":"REJECTED_BEFORE_TRANSACTION","boundary":"createUnprovenCallTxFromInitialStates","code":"REVISION_MISMATCH","stateSha256":"5a1dcdb726f25a724f89d0185af0fb8bb863b37e094fce8fc7dc1e75caf2b92c","buildReceiptSha256":"3789da217a36cecd5f7603cbbaead32671418da36ecc5c2d20b1709b9577f362","stateUnchanged":true,"privateStateUnchanged":true,"zkConfigCalls":0,"loaderClosed":true,"currentLedgerStateChecked":false}
# {"status":"REJECTED_BEFORE_TRANSACTION","boundary":"createUnprovenCallTxFromInitialStates","code":"PROGRAM_MISMATCH","stateSha256":"5a1dcdb726f25a724f89d0185af0fb8bb863b37e094fce8fc7dc1e75caf2b92c","buildReceiptSha256":"3789da217a36cecd5f7603cbbaead32671418da36ecc5c2d20b1709b9577f362","stateUnchanged":true,"privateStateUnchanged":true,"zkConfigCalls":0,"loaderClosed":true,"currentLedgerStateChecked":false}
# {"status":"REJECTED_BEFORE_TRANSACTION","boundary":"createUnprovenCallTxFromInitialStates","code":"NETWORK_MISMATCH","stateSha256":"5a1dcdb726f25a724f89d0185af0fb8bb863b37e094fce8fc7dc1e75caf2b92c","buildReceiptSha256":"3789da217a36cecd5f7603cbbaead32671418da36ecc5c2d20b1709b9577f362","stateUnchanged":true,"privateStateUnchanged":true,"zkConfigCalls":0,"loaderClosed":true,"currentLedgerStateChecked":false}
# (node:1633777) ExperimentalWarning: Module mocking is an experimental feature and might change at any time
# (Use `node --trace-warnings ...` to show where the warning was created)
# (node:1633777) DeprecationWarning: mock.module(): options.namedExports is deprecated. Use options.exports instead.
# Subtest: actual generated close rejects revision without changing serialized inputs
ok 1 - actual generated close rejects revision without changing serialized inputs
  ---
  duration_ms: 600.455575
  type: 'test'
  ...
# Subtest: actual generated close rejects program without changing serialized inputs
ok 2 - actual generated close rejects program without changing serialized inputs
  ---
  duration_ms: 87.615688
  type: 'test'
  ...
# Subtest: actual generated close rejects network without changing serialized inputs
ok 3 - actual generated close rejects network without changing serialized inputs
  ---
  duration_ms: 51.256154
  type: 'test'
  ...
# Subtest: unexpected success fails closed and cleans the connected loader
ok 4 - unexpected success fails closed and cleans the connected loader
  ---
  duration_ms: 4.794371
  type: 'test'
  ...
# Subtest: unrelated error fails closed and cleans the connected loader
ok 5 - unrelated error fails closed and cleans the connected loader
  ---
  duration_ms: 3.847709
  type: 'test'
  ...
# Subtest: matching text without runtime cause fails closed and cleans the connected loader
ok 6 - matching text without runtime cause fails closed and cleans the connected loader
  ---
  duration_ms: 4.581627
  type: 'test'
  ...
# Subtest: public input mutation fails closed and cleans the connected loader
ok 7 - public input mutation fails closed and cleans the connected loader
  ---
  duration_ms: 4.808815
  type: 'test'
  ...
# Subtest: private input mutation fails closed and cleans the connected loader
ok 8 - private input mutation fails closed and cleans the connected loader
  ---
  duration_ms: 3.533833
  type: 'test'
  ...
# Subtest: connected ZK lookup fails closed and cleans the connected loader
ok 9 - connected ZK lookup fails closed and cleans the connected loader
  ---
  duration_ms: 3.873893
  type: 'test'
  ...
# Subtest: cleanup failure cannot produce an accepted rejection result
ok 10 - cleanup failure cannot produce an accepted rejection result
  ---
  duration_ms: 4.505878
  type: 'test'
  ...
# Subtest: unknown fields and SDK overrides reject before loading
ok 11 - unknown fields and SDK overrides reject before loading
  ---
  duration_ms: 0.279293
  type: 'test'
  ...
1..11
# tests 11
# suites 0
# pass 11
# fail 0
# cancelled 0
# skipped 0
# todo 0
# duration_ms 834.62831
