✔ buildFixture and verifyFixture exports exist (52.669107ms)
✔ valid fixture is deterministic, simulation-only, and has three states plus two steps (274.670126ms)
✔ fixture matches independent accrual, payment, residual notional, and Settled tombstones (160.338425ms)
✔ rejects a changed source pin (69.970992ms)
✔ rejects a changed settlement amount or recipient (153.308045ms)
✔ rejects a missing obligation tombstone (69.791893ms)
✔ rejects terminal residual-debt erasure (80.865561ms)
✔ rejects genesis, authority, or predecessor context tampering (242.169587ms)
✔ rejects a missing or duplicate commitment (139.883241ms)
✔ rejects canonicalHex, domain, or digest tampering (215.949106ms)
✔ rejects extra or missing root, step, or result fields (411.283701ms)
✔ rejects self-consistent residual erasure after independent commitment rehash (76.598286ms)
✖ rejects a fully rehashed unrelated OBSERVATIONS-settle entry (146.80414ms)
✖ rejects swapped ACTION-accrue and ACTION-settle labels (136.908502ms)
✖ rejects globally relabeled unique commitment entries (140.032894ms)
ℹ tests 15
ℹ suites 0
ℹ pass 12
ℹ fail 3
ℹ cancelled 0
ℹ skipped 0
ℹ todo 0
ℹ duration_ms 2436.453216

✖ failing tests:

test at ../../../../../tmp/moriarty-fixture-regression-3_6ckk_5/experiments/moriarty-atomic-fixture/fixture.test.mjs:285:1
✖ rejects a fully rehashed unrelated OBSERVATIONS-settle entry (146.80414ms)
  AssertionError [ERR_ASSERTION]: Missing expected exception.
      at reject (file:///tmp/moriarty-fixture-regression-3_6ckk_5/experiments/moriarty-atomic-fixture/fixture.test.mjs:30:51)
      at TestContext.<anonymous> (file:///tmp/moriarty-fixture-regression-3_6ckk_5/experiments/moriarty-atomic-fixture/fixture.test.mjs:292:3)
      at async Test.run (node:internal/test_runner/test:1332:7)
      at async Test.processPendingSubtests (node:internal/test_runner/test:911:7) {
    generatedMessage: false,
    code: 'ERR_ASSERTION',
    actual: undefined,
    expected: undefined,
    operator: 'throws',
    diff: 'simple'
  }

test at ../../../../../tmp/moriarty-fixture-regression-3_6ckk_5/experiments/moriarty-atomic-fixture/fixture.test.mjs:295:1
✖ rejects swapped ACTION-accrue and ACTION-settle labels (136.908502ms)
  AssertionError [ERR_ASSERTION]: Missing expected exception.
      at reject (file:///tmp/moriarty-fixture-regression-3_6ckk_5/experiments/moriarty-atomic-fixture/fixture.test.mjs:30:51)
      at TestContext.<anonymous> (file:///tmp/moriarty-fixture-regression-3_6ckk_5/experiments/moriarty-atomic-fixture/fixture.test.mjs:304:3)
      at async Test.run (node:internal/test_runner/test:1332:7)
      at async Test.processPendingSubtests (node:internal/test_runner/test:911:7) {
    generatedMessage: false,
    code: 'ERR_ASSERTION',
    actual: undefined,
    expected: undefined,
    operator: 'throws',
    diff: 'simple'
  }

test at ../../../../../tmp/moriarty-fixture-regression-3_6ckk_5/experiments/moriarty-atomic-fixture/fixture.test.mjs:307:1
✖ rejects globally relabeled unique commitment entries (140.032894ms)
  AssertionError [ERR_ASSERTION]: Missing expected exception.
      at reject (file:///tmp/moriarty-fixture-regression-3_6ckk_5/experiments/moriarty-atomic-fixture/fixture.test.mjs:30:51)
      at TestContext.<anonymous> (file:///tmp/moriarty-fixture-regression-3_6ckk_5/experiments/moriarty-atomic-fixture/fixture.test.mjs:315:3)
      at async Test.run (node:internal/test_runner/test:1332:7)
      at async Test.processPendingSubtests (node:internal/test_runner/test:911:7) {
    generatedMessage: false,
    code: 'ERR_ASSERTION',
    actual: undefined,
    expected: undefined,
    operator: 'throws',
    diff: 'simple'
  }
