✖ buildFixture and verifyFixture exports exist (1.764968ms)
✖ valid fixture is deterministic, simulation-only, and has three states plus two steps (0.425756ms)
✖ fixture matches independent accrual, payment, residual notional, and Settled tombstones (0.987752ms)
✖ rejects a changed source pin (0.38189ms)
✖ rejects a changed settlement amount or recipient (0.365261ms)
✖ rejects a missing obligation tombstone (0.282574ms)
✖ rejects terminal residual-debt erasure (0.309567ms)
✖ rejects genesis, authority, or predecessor context tampering (0.319034ms)
✖ rejects a missing or duplicate commitment (0.331007ms)
✖ rejects canonicalHex, domain, or digest tampering (0.389113ms)
✖ rejects extra or missing root, step, or result fields (0.27425ms)
✖ rejects self-consistent residual erasure after independent commitment rehash (0.254954ms)
ℹ tests 12
ℹ suites 0
ℹ pass 0
ℹ fail 12
ℹ cancelled 0
ℹ skipped 0
ℹ todo 0
ℹ duration_ms 60.412381

✖ failing tests:

test at ../../../../../tmp/moriarty-fixture-red-evare_nm/fixture.test.mjs:93:1
✖ buildFixture and verifyFixture exports exist (1.764968ms)
  AssertionError [ERR_ASSERTION]: missing generate.mjs export buildFixture (ERR_MODULE_NOT_FOUND)
  + actual - expected
  
  + 'undefined'
  - 'function'
  
      at apis (file:///tmp/moriarty-fixture-red-evare_nm/fixture.test.mjs:23:10)
      at async TestContext.<anonymous> (file:///tmp/moriarty-fixture-red-evare_nm/fixture.test.mjs:93:68)
      at async Test.run (node:internal/test_runner/test:1332:7)
      at async startSubtestAfterBootstrap (node:internal/test_runner/harness:385:3) {
    generatedMessage: false,
    code: 'ERR_ASSERTION',
    actual: 'undefined',
    expected: 'function',
    operator: 'strictEqual',
    diff: 'simple'
  }

test at ../../../../../tmp/moriarty-fixture-red-evare_nm/fixture.test.mjs:95:1
✖ valid fixture is deterministic, simulation-only, and has three states plus two steps (0.425756ms)
  AssertionError [ERR_ASSERTION]: missing generate.mjs export buildFixture (ERR_MODULE_NOT_FOUND)
  + actual - expected
  
  + 'undefined'
  - 'function'
  
      at apis (file:///tmp/moriarty-fixture-red-evare_nm/fixture.test.mjs:23:10)
      at async TestContext.<anonymous> (file:///tmp/moriarty-fixture-red-evare_nm/fixture.test.mjs:96:41)
      at async Test.run (node:internal/test_runner/test:1332:7)
      at async Test.processPendingSubtests (node:internal/test_runner/test:911:7) {
    generatedMessage: false,
    code: 'ERR_ASSERTION',
    actual: 'undefined',
    expected: 'function',
    operator: 'strictEqual',
    diff: 'simple'
  }

test at ../../../../../tmp/moriarty-fixture-red-evare_nm/fixture.test.mjs:134:1
✖ fixture matches independent accrual, payment, residual notional, and Settled tombstones (0.987752ms)
  AssertionError [ERR_ASSERTION]: missing generate.mjs export buildFixture (ERR_MODULE_NOT_FOUND)
  + actual - expected
  
  + 'undefined'
  - 'function'
  
      at apis (file:///tmp/moriarty-fixture-red-evare_nm/fixture.test.mjs:23:10)
      at async TestContext.<anonymous> (file:///tmp/moriarty-fixture-red-evare_nm/fixture.test.mjs:135:41)
      at async Test.run (node:internal/test_runner/test:1332:7)
      at async Test.processPendingSubtests (node:internal/test_runner/test:911:7) {
    generatedMessage: false,
    code: 'ERR_ASSERTION',
    actual: 'undefined',
    expected: 'function',
    operator: 'strictEqual',
    diff: 'simple'
  }

test at ../../../../../tmp/moriarty-fixture-red-evare_nm/fixture.test.mjs:167:1
✖ rejects a changed source pin (0.38189ms)
  AssertionError [ERR_ASSERTION]: missing generate.mjs export buildFixture (ERR_MODULE_NOT_FOUND)
  + actual - expected
  
  + 'undefined'
  - 'function'
  
      at apis (file:///tmp/moriarty-fixture-red-evare_nm/fixture.test.mjs:23:10)
      at async TestContext.<anonymous> (file:///tmp/moriarty-fixture-red-evare_nm/fixture.test.mjs:168:41)
      at async Test.run (node:internal/test_runner/test:1332:7)
      at async Test.processPendingSubtests (node:internal/test_runner/test:911:7) {
    generatedMessage: false,
    code: 'ERR_ASSERTION',
    actual: 'undefined',
    expected: 'function',
    operator: 'strictEqual',
    diff: 'simple'
  }

test at ../../../../../tmp/moriarty-fixture-red-evare_nm/fixture.test.mjs:175:1
✖ rejects a changed settlement amount or recipient (0.365261ms)
  AssertionError [ERR_ASSERTION]: missing generate.mjs export buildFixture (ERR_MODULE_NOT_FOUND)
  + actual - expected
  
  + 'undefined'
  - 'function'
  
      at apis (file:///tmp/moriarty-fixture-red-evare_nm/fixture.test.mjs:23:10)
      at async TestContext.<anonymous> (file:///tmp/moriarty-fixture-red-evare_nm/fixture.test.mjs:176:41)
      at async Test.run (node:internal/test_runner/test:1332:7)
      at async Test.processPendingSubtests (node:internal/test_runner/test:911:7) {
    generatedMessage: false,
    code: 'ERR_ASSERTION',
    actual: 'undefined',
    expected: 'function',
    operator: 'strictEqual',
    diff: 'simple'
  }

test at ../../../../../tmp/moriarty-fixture-red-evare_nm/fixture.test.mjs:188:1
✖ rejects a missing obligation tombstone (0.282574ms)
  AssertionError [ERR_ASSERTION]: missing generate.mjs export buildFixture (ERR_MODULE_NOT_FOUND)
  + actual - expected
  
  + 'undefined'
  - 'function'
  
      at apis (file:///tmp/moriarty-fixture-red-evare_nm/fixture.test.mjs:23:10)
      at async TestContext.<anonymous> (file:///tmp/moriarty-fixture-red-evare_nm/fixture.test.mjs:189:41)
      at async Test.run (node:internal/test_runner/test:1332:7)
      at async Test.processPendingSubtests (node:internal/test_runner/test:911:7) {
    generatedMessage: false,
    code: 'ERR_ASSERTION',
    actual: 'undefined',
    expected: 'function',
    operator: 'strictEqual',
    diff: 'simple'
  }

test at ../../../../../tmp/moriarty-fixture-red-evare_nm/fixture.test.mjs:196:1
✖ rejects terminal residual-debt erasure (0.309567ms)
  AssertionError [ERR_ASSERTION]: missing generate.mjs export buildFixture (ERR_MODULE_NOT_FOUND)
  + actual - expected
  
  + 'undefined'
  - 'function'
  
      at apis (file:///tmp/moriarty-fixture-red-evare_nm/fixture.test.mjs:23:10)
      at async TestContext.<anonymous> (file:///tmp/moriarty-fixture-red-evare_nm/fixture.test.mjs:197:41)
      at async Test.run (node:internal/test_runner/test:1332:7)
      at async Test.processPendingSubtests (node:internal/test_runner/test:911:7) {
    generatedMessage: false,
    code: 'ERR_ASSERTION',
    actual: 'undefined',
    expected: 'function',
    operator: 'strictEqual',
    diff: 'simple'
  }

test at ../../../../../tmp/moriarty-fixture-red-evare_nm/fixture.test.mjs:207:1
✖ rejects genesis, authority, or predecessor context tampering (0.319034ms)
  AssertionError [ERR_ASSERTION]: missing generate.mjs export buildFixture (ERR_MODULE_NOT_FOUND)
  + actual - expected
  
  + 'undefined'
  - 'function'
  
      at apis (file:///tmp/moriarty-fixture-red-evare_nm/fixture.test.mjs:23:10)
      at async TestContext.<anonymous> (file:///tmp/moriarty-fixture-red-evare_nm/fixture.test.mjs:208:41)
      at async Test.run (node:internal/test_runner/test:1332:7)
      at async Test.processPendingSubtests (node:internal/test_runner/test:911:7) {
    generatedMessage: false,
    code: 'ERR_ASSERTION',
    actual: 'undefined',
    expected: 'function',
    operator: 'strictEqual',
    diff: 'simple'
  }

test at ../../../../../tmp/moriarty-fixture-red-evare_nm/fixture.test.mjs:218:1
✖ rejects a missing or duplicate commitment (0.331007ms)
  AssertionError [ERR_ASSERTION]: missing generate.mjs export buildFixture (ERR_MODULE_NOT_FOUND)
  + actual - expected
  
  + 'undefined'
  - 'function'
  
      at apis (file:///tmp/moriarty-fixture-red-evare_nm/fixture.test.mjs:23:10)
      at async TestContext.<anonymous> (file:///tmp/moriarty-fixture-red-evare_nm/fixture.test.mjs:219:41)
      at async Test.run (node:internal/test_runner/test:1332:7)
      at async Test.processPendingSubtests (node:internal/test_runner/test:911:7) {
    generatedMessage: false,
    code: 'ERR_ASSERTION',
    actual: 'undefined',
    expected: 'function',
    operator: 'strictEqual',
    diff: 'simple'
  }

test at ../../../../../tmp/moriarty-fixture-red-evare_nm/fixture.test.mjs:226:1
✖ rejects canonicalHex, domain, or digest tampering (0.389113ms)
  AssertionError [ERR_ASSERTION]: missing generate.mjs export buildFixture (ERR_MODULE_NOT_FOUND)
  + actual - expected
  
  + 'undefined'
  - 'function'
  
      at apis (file:///tmp/moriarty-fixture-red-evare_nm/fixture.test.mjs:23:10)
      at async TestContext.<anonymous> (file:///tmp/moriarty-fixture-red-evare_nm/fixture.test.mjs:227:41)
      at async Test.run (node:internal/test_runner/test:1332:7)
      at async Test.processPendingSubtests (node:internal/test_runner/test:911:7) {
    generatedMessage: false,
    code: 'ERR_ASSERTION',
    actual: 'undefined',
    expected: 'function',
    operator: 'strictEqual',
    diff: 'simple'
  }

test at ../../../../../tmp/moriarty-fixture-red-evare_nm/fixture.test.mjs:233:1
✖ rejects extra or missing root, step, or result fields (0.27425ms)
  AssertionError [ERR_ASSERTION]: missing generate.mjs export buildFixture (ERR_MODULE_NOT_FOUND)
  + actual - expected
  
  + 'undefined'
  - 'function'
  
      at apis (file:///tmp/moriarty-fixture-red-evare_nm/fixture.test.mjs:23:10)
      at async TestContext.<anonymous> (file:///tmp/moriarty-fixture-red-evare_nm/fixture.test.mjs:234:41)
      at async Test.run (node:internal/test_runner/test:1332:7)
      at async Test.processPendingSubtests (node:internal/test_runner/test:911:7) {
    generatedMessage: false,
    code: 'ERR_ASSERTION',
    actual: 'undefined',
    expected: 'function',
    operator: 'strictEqual',
    diff: 'simple'
  }

test at ../../../../../tmp/moriarty-fixture-red-evare_nm/fixture.test.mjs:243:1
✖ rejects self-consistent residual erasure after independent commitment rehash (0.254954ms)
  AssertionError [ERR_ASSERTION]: missing generate.mjs export buildFixture (ERR_MODULE_NOT_FOUND)
  + actual - expected
  
  + 'undefined'
  - 'function'
  
      at apis (file:///tmp/moriarty-fixture-red-evare_nm/fixture.test.mjs:23:10)
      at async TestContext.<anonymous> (file:///tmp/moriarty-fixture-red-evare_nm/fixture.test.mjs:244:41)
      at async Test.run (node:internal/test_runner/test:1332:7)
      at async Test.processPendingSubtests (node:internal/test_runner/test:911:7) {
    generatedMessage: false,
    code: 'ERR_ASSERTION',
    actual: 'undefined',
    expected: 'function',
    operator: 'strictEqual',
    diff: 'simple'
  }
