✖ buildFixture and verifyFixture exports exist (2.123444ms)
✖ valid fixture is deterministic, simulation-only, and has three states plus two steps (0.398769ms)
✖ fixture matches independent accrual, payment, residual notional, and Settled tombstones (1.190414ms)
✖ rejects a changed source pin (0.371193ms)
✖ rejects a changed settlement amount or recipient (0.327948ms)
✖ rejects a missing obligation tombstone (0.510333ms)
✖ rejects terminal residual-debt erasure (0.30439ms)
✖ rejects genesis, authority, or predecessor context tampering (0.315042ms)
✖ rejects a missing or duplicate commitment (0.718834ms)
✖ rejects canonicalHex, domain, or digest tampering (0.512171ms)
✖ rejects extra or missing root, step, or result fields (0.385612ms)
✖ rejects self-consistent residual erasure after independent commitment rehash (0.268976ms)
✖ rejects a fully rehashed unrelated OBSERVATIONS-settle entry (0.278795ms)
✖ rejects swapped ACTION-accrue and ACTION-settle labels (0.270993ms)
✖ rejects globally relabeled unique commitment entries (0.23052ms)
ℹ tests 15
ℹ suites 0
ℹ pass 0
ℹ fail 15
ℹ cancelled 0
ℹ skipped 0
ℹ todo 0
ℹ duration_ms 59.576903

✖ failing tests:

test at ../../../../../tmp/moriarty-fixture-red-n4kw0pxn/fixture.test.mjs:103:1
✖ buildFixture and verifyFixture exports exist (2.123444ms)
  AssertionError [ERR_ASSERTION]: missing generate.mjs export buildFixture (ERR_MODULE_NOT_FOUND)
  + actual - expected
  
  + 'undefined'
  - 'function'
  
      at apis (file:///tmp/moriarty-fixture-red-n4kw0pxn/fixture.test.mjs:23:10)
      at async TestContext.<anonymous> (file:///tmp/moriarty-fixture-red-n4kw0pxn/fixture.test.mjs:103:68)
      at async Test.run (node:internal/test_runner/test:1332:7)
      at async startSubtestAfterBootstrap (node:internal/test_runner/harness:385:3) {
    generatedMessage: false,
    code: 'ERR_ASSERTION',
    actual: 'undefined',
    expected: 'function',
    operator: 'strictEqual',
    diff: 'simple'
  }

test at ../../../../../tmp/moriarty-fixture-red-n4kw0pxn/fixture.test.mjs:105:1
✖ valid fixture is deterministic, simulation-only, and has three states plus two steps (0.398769ms)
  AssertionError [ERR_ASSERTION]: missing generate.mjs export buildFixture (ERR_MODULE_NOT_FOUND)
  + actual - expected
  
  + 'undefined'
  - 'function'
  
      at apis (file:///tmp/moriarty-fixture-red-n4kw0pxn/fixture.test.mjs:23:10)
      at async TestContext.<anonymous> (file:///tmp/moriarty-fixture-red-n4kw0pxn/fixture.test.mjs:106:41)
      at async Test.run (node:internal/test_runner/test:1332:7)
      at async Test.processPendingSubtests (node:internal/test_runner/test:911:7) {
    generatedMessage: false,
    code: 'ERR_ASSERTION',
    actual: 'undefined',
    expected: 'function',
    operator: 'strictEqual',
    diff: 'simple'
  }

test at ../../../../../tmp/moriarty-fixture-red-n4kw0pxn/fixture.test.mjs:144:1
✖ fixture matches independent accrual, payment, residual notional, and Settled tombstones (1.190414ms)
  AssertionError [ERR_ASSERTION]: missing generate.mjs export buildFixture (ERR_MODULE_NOT_FOUND)
  + actual - expected
  
  + 'undefined'
  - 'function'
  
      at apis (file:///tmp/moriarty-fixture-red-n4kw0pxn/fixture.test.mjs:23:10)
      at async TestContext.<anonymous> (file:///tmp/moriarty-fixture-red-n4kw0pxn/fixture.test.mjs:145:41)
      at async Test.run (node:internal/test_runner/test:1332:7)
      at async Test.processPendingSubtests (node:internal/test_runner/test:911:7) {
    generatedMessage: false,
    code: 'ERR_ASSERTION',
    actual: 'undefined',
    expected: 'function',
    operator: 'strictEqual',
    diff: 'simple'
  }

test at ../../../../../tmp/moriarty-fixture-red-n4kw0pxn/fixture.test.mjs:177:1
✖ rejects a changed source pin (0.371193ms)
  AssertionError [ERR_ASSERTION]: missing generate.mjs export buildFixture (ERR_MODULE_NOT_FOUND)
  + actual - expected
  
  + 'undefined'
  - 'function'
  
      at apis (file:///tmp/moriarty-fixture-red-n4kw0pxn/fixture.test.mjs:23:10)
      at async TestContext.<anonymous> (file:///tmp/moriarty-fixture-red-n4kw0pxn/fixture.test.mjs:178:41)
      at async Test.run (node:internal/test_runner/test:1332:7)
      at async Test.processPendingSubtests (node:internal/test_runner/test:911:7) {
    generatedMessage: false,
    code: 'ERR_ASSERTION',
    actual: 'undefined',
    expected: 'function',
    operator: 'strictEqual',
    diff: 'simple'
  }

test at ../../../../../tmp/moriarty-fixture-red-n4kw0pxn/fixture.test.mjs:185:1
✖ rejects a changed settlement amount or recipient (0.327948ms)
  AssertionError [ERR_ASSERTION]: missing generate.mjs export buildFixture (ERR_MODULE_NOT_FOUND)
  + actual - expected
  
  + 'undefined'
  - 'function'
  
      at apis (file:///tmp/moriarty-fixture-red-n4kw0pxn/fixture.test.mjs:23:10)
      at async TestContext.<anonymous> (file:///tmp/moriarty-fixture-red-n4kw0pxn/fixture.test.mjs:186:41)
      at async Test.run (node:internal/test_runner/test:1332:7)
      at async Test.processPendingSubtests (node:internal/test_runner/test:911:7) {
    generatedMessage: false,
    code: 'ERR_ASSERTION',
    actual: 'undefined',
    expected: 'function',
    operator: 'strictEqual',
    diff: 'simple'
  }

test at ../../../../../tmp/moriarty-fixture-red-n4kw0pxn/fixture.test.mjs:198:1
✖ rejects a missing obligation tombstone (0.510333ms)
  AssertionError [ERR_ASSERTION]: missing generate.mjs export buildFixture (ERR_MODULE_NOT_FOUND)
  + actual - expected
  
  + 'undefined'
  - 'function'
  
      at apis (file:///tmp/moriarty-fixture-red-n4kw0pxn/fixture.test.mjs:23:10)
      at async TestContext.<anonymous> (file:///tmp/moriarty-fixture-red-n4kw0pxn/fixture.test.mjs:199:41)
      at async Test.run (node:internal/test_runner/test:1332:7)
      at async Test.processPendingSubtests (node:internal/test_runner/test:911:7) {
    generatedMessage: false,
    code: 'ERR_ASSERTION',
    actual: 'undefined',
    expected: 'function',
    operator: 'strictEqual',
    diff: 'simple'
  }

test at ../../../../../tmp/moriarty-fixture-red-n4kw0pxn/fixture.test.mjs:206:1
✖ rejects terminal residual-debt erasure (0.30439ms)
  AssertionError [ERR_ASSERTION]: missing generate.mjs export buildFixture (ERR_MODULE_NOT_FOUND)
  + actual - expected
  
  + 'undefined'
  - 'function'
  
      at apis (file:///tmp/moriarty-fixture-red-n4kw0pxn/fixture.test.mjs:23:10)
      at async TestContext.<anonymous> (file:///tmp/moriarty-fixture-red-n4kw0pxn/fixture.test.mjs:207:41)
      at async Test.run (node:internal/test_runner/test:1332:7)
      at async Test.processPendingSubtests (node:internal/test_runner/test:911:7) {
    generatedMessage: false,
    code: 'ERR_ASSERTION',
    actual: 'undefined',
    expected: 'function',
    operator: 'strictEqual',
    diff: 'simple'
  }

test at ../../../../../tmp/moriarty-fixture-red-n4kw0pxn/fixture.test.mjs:217:1
✖ rejects genesis, authority, or predecessor context tampering (0.315042ms)
  AssertionError [ERR_ASSERTION]: missing generate.mjs export buildFixture (ERR_MODULE_NOT_FOUND)
  + actual - expected
  
  + 'undefined'
  - 'function'
  
      at apis (file:///tmp/moriarty-fixture-red-n4kw0pxn/fixture.test.mjs:23:10)
      at async TestContext.<anonymous> (file:///tmp/moriarty-fixture-red-n4kw0pxn/fixture.test.mjs:218:41)
      at async Test.run (node:internal/test_runner/test:1332:7)
      at async Test.processPendingSubtests (node:internal/test_runner/test:911:7) {
    generatedMessage: false,
    code: 'ERR_ASSERTION',
    actual: 'undefined',
    expected: 'function',
    operator: 'strictEqual',
    diff: 'simple'
  }

test at ../../../../../tmp/moriarty-fixture-red-n4kw0pxn/fixture.test.mjs:228:1
✖ rejects a missing or duplicate commitment (0.718834ms)
  AssertionError [ERR_ASSERTION]: missing generate.mjs export buildFixture (ERR_MODULE_NOT_FOUND)
  + actual - expected
  
  + 'undefined'
  - 'function'
  
      at apis (file:///tmp/moriarty-fixture-red-n4kw0pxn/fixture.test.mjs:23:10)
      at async TestContext.<anonymous> (file:///tmp/moriarty-fixture-red-n4kw0pxn/fixture.test.mjs:229:41)
      at async Test.run (node:internal/test_runner/test:1332:7)
      at async Test.processPendingSubtests (node:internal/test_runner/test:911:7) {
    generatedMessage: false,
    code: 'ERR_ASSERTION',
    actual: 'undefined',
    expected: 'function',
    operator: 'strictEqual',
    diff: 'simple'
  }

test at ../../../../../tmp/moriarty-fixture-red-n4kw0pxn/fixture.test.mjs:236:1
✖ rejects canonicalHex, domain, or digest tampering (0.512171ms)
  AssertionError [ERR_ASSERTION]: missing generate.mjs export buildFixture (ERR_MODULE_NOT_FOUND)
  + actual - expected
  
  + 'undefined'
  - 'function'
  
      at apis (file:///tmp/moriarty-fixture-red-n4kw0pxn/fixture.test.mjs:23:10)
      at async TestContext.<anonymous> (file:///tmp/moriarty-fixture-red-n4kw0pxn/fixture.test.mjs:237:41)
      at async Test.run (node:internal/test_runner/test:1332:7)
      at async Test.processPendingSubtests (node:internal/test_runner/test:911:7) {
    generatedMessage: false,
    code: 'ERR_ASSERTION',
    actual: 'undefined',
    expected: 'function',
    operator: 'strictEqual',
    diff: 'simple'
  }

test at ../../../../../tmp/moriarty-fixture-red-n4kw0pxn/fixture.test.mjs:243:1
✖ rejects extra or missing root, step, or result fields (0.385612ms)
  AssertionError [ERR_ASSERTION]: missing generate.mjs export buildFixture (ERR_MODULE_NOT_FOUND)
  + actual - expected
  
  + 'undefined'
  - 'function'
  
      at apis (file:///tmp/moriarty-fixture-red-n4kw0pxn/fixture.test.mjs:23:10)
      at async TestContext.<anonymous> (file:///tmp/moriarty-fixture-red-n4kw0pxn/fixture.test.mjs:244:41)
      at async Test.run (node:internal/test_runner/test:1332:7)
      at async Test.processPendingSubtests (node:internal/test_runner/test:911:7) {
    generatedMessage: false,
    code: 'ERR_ASSERTION',
    actual: 'undefined',
    expected: 'function',
    operator: 'strictEqual',
    diff: 'simple'
  }

test at ../../../../../tmp/moriarty-fixture-red-n4kw0pxn/fixture.test.mjs:253:1
✖ rejects self-consistent residual erasure after independent commitment rehash (0.268976ms)
  AssertionError [ERR_ASSERTION]: missing generate.mjs export buildFixture (ERR_MODULE_NOT_FOUND)
  + actual - expected
  
  + 'undefined'
  - 'function'
  
      at apis (file:///tmp/moriarty-fixture-red-n4kw0pxn/fixture.test.mjs:23:10)
      at async TestContext.<anonymous> (file:///tmp/moriarty-fixture-red-n4kw0pxn/fixture.test.mjs:254:41)
      at async Test.run (node:internal/test_runner/test:1332:7)
      at async Test.processPendingSubtests (node:internal/test_runner/test:911:7) {
    generatedMessage: false,
    code: 'ERR_ASSERTION',
    actual: 'undefined',
    expected: 'function',
    operator: 'strictEqual',
    diff: 'simple'
  }

test at ../../../../../tmp/moriarty-fixture-red-n4kw0pxn/fixture.test.mjs:285:1
✖ rejects a fully rehashed unrelated OBSERVATIONS-settle entry (0.278795ms)
  AssertionError [ERR_ASSERTION]: missing generate.mjs export buildFixture (ERR_MODULE_NOT_FOUND)
  + actual - expected
  
  + 'undefined'
  - 'function'
  
      at apis (file:///tmp/moriarty-fixture-red-n4kw0pxn/fixture.test.mjs:23:10)
      at async TestContext.<anonymous> (file:///tmp/moriarty-fixture-red-n4kw0pxn/fixture.test.mjs:286:41)
      at async Test.run (node:internal/test_runner/test:1332:7)
      at async Test.processPendingSubtests (node:internal/test_runner/test:911:7) {
    generatedMessage: false,
    code: 'ERR_ASSERTION',
    actual: 'undefined',
    expected: 'function',
    operator: 'strictEqual',
    diff: 'simple'
  }

test at ../../../../../tmp/moriarty-fixture-red-n4kw0pxn/fixture.test.mjs:295:1
✖ rejects swapped ACTION-accrue and ACTION-settle labels (0.270993ms)
  AssertionError [ERR_ASSERTION]: missing generate.mjs export buildFixture (ERR_MODULE_NOT_FOUND)
  + actual - expected
  
  + 'undefined'
  - 'function'
  
      at apis (file:///tmp/moriarty-fixture-red-n4kw0pxn/fixture.test.mjs:23:10)
      at async TestContext.<anonymous> (file:///tmp/moriarty-fixture-red-n4kw0pxn/fixture.test.mjs:296:41)
      at async Test.run (node:internal/test_runner/test:1332:7)
      at async Test.processPendingSubtests (node:internal/test_runner/test:911:7) {
    generatedMessage: false,
    code: 'ERR_ASSERTION',
    actual: 'undefined',
    expected: 'function',
    operator: 'strictEqual',
    diff: 'simple'
  }

test at ../../../../../tmp/moriarty-fixture-red-n4kw0pxn/fixture.test.mjs:307:1
✖ rejects globally relabeled unique commitment entries (0.23052ms)
  AssertionError [ERR_ASSERTION]: missing generate.mjs export buildFixture (ERR_MODULE_NOT_FOUND)
  + actual - expected
  
  + 'undefined'
  - 'function'
  
      at apis (file:///tmp/moriarty-fixture-red-n4kw0pxn/fixture.test.mjs:23:10)
      at async TestContext.<anonymous> (file:///tmp/moriarty-fixture-red-n4kw0pxn/fixture.test.mjs:308:41)
      at async Test.run (node:internal/test_runner/test:1332:7)
      at async Test.processPendingSubtests (node:internal/test_runner/test:911:7) {
    generatedMessage: false,
    code: 'ERR_ASSERTION',
    actual: 'undefined',
    expected: 'function',
    operator: 'strictEqual',
    diff: 'simple'
  }
