✖ buildFixture and verifyFixture exports exist (1.738212ms)
✖ valid fixture is deterministic, simulation-only, and has three states plus two steps (0.523879ms)
✖ fixture matches independent accrual, payment, residual notional, and Settled tombstones (1.418265ms)
✖ rejects a changed source pin (1.076538ms)
✖ rejects a changed settlement amount or recipient (0.831701ms)
✖ rejects a missing obligation tombstone (0.315419ms)
✖ rejects terminal residual-debt erasure (0.292535ms)
✖ rejects genesis, authority, or predecessor context tampering (0.284665ms)
✖ rejects a missing or duplicate commitment (0.631387ms)
✖ rejects canonicalHex, domain, or digest tampering (0.581702ms)
✖ rejects extra or missing root, step, or result fields (0.34765ms)
✖ rejects self-consistent residual erasure after independent commitment rehash (0.390637ms)
ℹ tests 12
ℹ suites 0
ℹ pass 0
ℹ fail 12
ℹ cancelled 0
ℹ skipped 0
ℹ todo 0
ℹ duration_ms 65.572511

✖ failing tests:

test at experiments/moriarty-atomic-fixture/fixture.test.mjs:48:1
✖ buildFixture and verifyFixture exports exist (1.738212ms)
  AssertionError [ERR_ASSERTION]: missing generate.mjs export buildFixture (ERR_MODULE_NOT_FOUND)
  + actual - expected
  
  + 'undefined'
  - 'function'
  
      at apis (file:///home/charl/Moriarty/.worktrees/sp01-atomic-fixture-grok/experiments/moriarty-atomic-fixture/fixture.test.mjs:23:10)
      at async TestContext.<anonymous> (file:///home/charl/Moriarty/.worktrees/sp01-atomic-fixture-grok/experiments/moriarty-atomic-fixture/fixture.test.mjs:48:68)
      at async Test.run (node:internal/test_runner/test:1332:7)
      at async startSubtestAfterBootstrap (node:internal/test_runner/harness:385:3) {
    generatedMessage: false,
    code: 'ERR_ASSERTION',
    actual: 'undefined',
    expected: 'function',
    operator: 'strictEqual',
    diff: 'simple'
  }

test at experiments/moriarty-atomic-fixture/fixture.test.mjs:50:1
✖ valid fixture is deterministic, simulation-only, and has three states plus two steps (0.523879ms)
  AssertionError [ERR_ASSERTION]: missing generate.mjs export buildFixture (ERR_MODULE_NOT_FOUND)
  + actual - expected
  
  + 'undefined'
  - 'function'
  
      at apis (file:///home/charl/Moriarty/.worktrees/sp01-atomic-fixture-grok/experiments/moriarty-atomic-fixture/fixture.test.mjs:23:10)
      at async TestContext.<anonymous> (file:///home/charl/Moriarty/.worktrees/sp01-atomic-fixture-grok/experiments/moriarty-atomic-fixture/fixture.test.mjs:51:41)
      at async Test.run (node:internal/test_runner/test:1332:7)
      at async Test.processPendingSubtests (node:internal/test_runner/test:911:7) {
    generatedMessage: false,
    code: 'ERR_ASSERTION',
    actual: 'undefined',
    expected: 'function',
    operator: 'strictEqual',
    diff: 'simple'
  }

test at experiments/moriarty-atomic-fixture/fixture.test.mjs:80:1
✖ fixture matches independent accrual, payment, residual notional, and Settled tombstones (1.418265ms)
  AssertionError [ERR_ASSERTION]: missing generate.mjs export buildFixture (ERR_MODULE_NOT_FOUND)
  + actual - expected
  
  + 'undefined'
  - 'function'
  
      at apis (file:///home/charl/Moriarty/.worktrees/sp01-atomic-fixture-grok/experiments/moriarty-atomic-fixture/fixture.test.mjs:23:10)
      at async TestContext.<anonymous> (file:///home/charl/Moriarty/.worktrees/sp01-atomic-fixture-grok/experiments/moriarty-atomic-fixture/fixture.test.mjs:81:41)
      at async Test.run (node:internal/test_runner/test:1332:7)
      at async Test.processPendingSubtests (node:internal/test_runner/test:911:7) {
    generatedMessage: false,
    code: 'ERR_ASSERTION',
    actual: 'undefined',
    expected: 'function',
    operator: 'strictEqual',
    diff: 'simple'
  }

test at experiments/moriarty-atomic-fixture/fixture.test.mjs:113:1
✖ rejects a changed source pin (1.076538ms)
  AssertionError [ERR_ASSERTION]: missing generate.mjs export buildFixture (ERR_MODULE_NOT_FOUND)
  + actual - expected
  
  + 'undefined'
  - 'function'
  
      at apis (file:///home/charl/Moriarty/.worktrees/sp01-atomic-fixture-grok/experiments/moriarty-atomic-fixture/fixture.test.mjs:23:10)
      at async TestContext.<anonymous> (file:///home/charl/Moriarty/.worktrees/sp01-atomic-fixture-grok/experiments/moriarty-atomic-fixture/fixture.test.mjs:114:41)
      at async Test.run (node:internal/test_runner/test:1332:7)
      at async Test.processPendingSubtests (node:internal/test_runner/test:911:7) {
    generatedMessage: false,
    code: 'ERR_ASSERTION',
    actual: 'undefined',
    expected: 'function',
    operator: 'strictEqual',
    diff: 'simple'
  }

test at experiments/moriarty-atomic-fixture/fixture.test.mjs:121:1
✖ rejects a changed settlement amount or recipient (0.831701ms)
  AssertionError [ERR_ASSERTION]: missing generate.mjs export buildFixture (ERR_MODULE_NOT_FOUND)
  + actual - expected
  
  + 'undefined'
  - 'function'
  
      at apis (file:///home/charl/Moriarty/.worktrees/sp01-atomic-fixture-grok/experiments/moriarty-atomic-fixture/fixture.test.mjs:23:10)
      at async TestContext.<anonymous> (file:///home/charl/Moriarty/.worktrees/sp01-atomic-fixture-grok/experiments/moriarty-atomic-fixture/fixture.test.mjs:122:41)
      at async Test.run (node:internal/test_runner/test:1332:7)
      at async Test.processPendingSubtests (node:internal/test_runner/test:911:7) {
    generatedMessage: false,
    code: 'ERR_ASSERTION',
    actual: 'undefined',
    expected: 'function',
    operator: 'strictEqual',
    diff: 'simple'
  }

test at experiments/moriarty-atomic-fixture/fixture.test.mjs:134:1
✖ rejects a missing obligation tombstone (0.315419ms)
  AssertionError [ERR_ASSERTION]: missing generate.mjs export buildFixture (ERR_MODULE_NOT_FOUND)
  + actual - expected
  
  + 'undefined'
  - 'function'
  
      at apis (file:///home/charl/Moriarty/.worktrees/sp01-atomic-fixture-grok/experiments/moriarty-atomic-fixture/fixture.test.mjs:23:10)
      at async TestContext.<anonymous> (file:///home/charl/Moriarty/.worktrees/sp01-atomic-fixture-grok/experiments/moriarty-atomic-fixture/fixture.test.mjs:135:41)
      at async Test.run (node:internal/test_runner/test:1332:7)
      at async Test.processPendingSubtests (node:internal/test_runner/test:911:7) {
    generatedMessage: false,
    code: 'ERR_ASSERTION',
    actual: 'undefined',
    expected: 'function',
    operator: 'strictEqual',
    diff: 'simple'
  }

test at experiments/moriarty-atomic-fixture/fixture.test.mjs:142:1
✖ rejects terminal residual-debt erasure (0.292535ms)
  AssertionError [ERR_ASSERTION]: missing generate.mjs export buildFixture (ERR_MODULE_NOT_FOUND)
  + actual - expected
  
  + 'undefined'
  - 'function'
  
      at apis (file:///home/charl/Moriarty/.worktrees/sp01-atomic-fixture-grok/experiments/moriarty-atomic-fixture/fixture.test.mjs:23:10)
      at async TestContext.<anonymous> (file:///home/charl/Moriarty/.worktrees/sp01-atomic-fixture-grok/experiments/moriarty-atomic-fixture/fixture.test.mjs:143:41)
      at async Test.run (node:internal/test_runner/test:1332:7)
      at async Test.processPendingSubtests (node:internal/test_runner/test:911:7) {
    generatedMessage: false,
    code: 'ERR_ASSERTION',
    actual: 'undefined',
    expected: 'function',
    operator: 'strictEqual',
    diff: 'simple'
  }

test at experiments/moriarty-atomic-fixture/fixture.test.mjs:153:1
✖ rejects genesis, authority, or predecessor context tampering (0.284665ms)
  AssertionError [ERR_ASSERTION]: missing generate.mjs export buildFixture (ERR_MODULE_NOT_FOUND)
  + actual - expected
  
  + 'undefined'
  - 'function'
  
      at apis (file:///home/charl/Moriarty/.worktrees/sp01-atomic-fixture-grok/experiments/moriarty-atomic-fixture/fixture.test.mjs:23:10)
      at async TestContext.<anonymous> (file:///home/charl/Moriarty/.worktrees/sp01-atomic-fixture-grok/experiments/moriarty-atomic-fixture/fixture.test.mjs:154:41)
      at async Test.run (node:internal/test_runner/test:1332:7)
      at async Test.processPendingSubtests (node:internal/test_runner/test:911:7) {
    generatedMessage: false,
    code: 'ERR_ASSERTION',
    actual: 'undefined',
    expected: 'function',
    operator: 'strictEqual',
    diff: 'simple'
  }

test at experiments/moriarty-atomic-fixture/fixture.test.mjs:164:1
✖ rejects a missing or duplicate commitment (0.631387ms)
  AssertionError [ERR_ASSERTION]: missing generate.mjs export buildFixture (ERR_MODULE_NOT_FOUND)
  + actual - expected
  
  + 'undefined'
  - 'function'
  
      at apis (file:///home/charl/Moriarty/.worktrees/sp01-atomic-fixture-grok/experiments/moriarty-atomic-fixture/fixture.test.mjs:23:10)
      at async TestContext.<anonymous> (file:///home/charl/Moriarty/.worktrees/sp01-atomic-fixture-grok/experiments/moriarty-atomic-fixture/fixture.test.mjs:165:41)
      at async Test.run (node:internal/test_runner/test:1332:7)
      at async Test.processPendingSubtests (node:internal/test_runner/test:911:7) {
    generatedMessage: false,
    code: 'ERR_ASSERTION',
    actual: 'undefined',
    expected: 'function',
    operator: 'strictEqual',
    diff: 'simple'
  }

test at experiments/moriarty-atomic-fixture/fixture.test.mjs:172:1
✖ rejects canonicalHex, domain, or digest tampering (0.581702ms)
  AssertionError [ERR_ASSERTION]: missing generate.mjs export buildFixture (ERR_MODULE_NOT_FOUND)
  + actual - expected
  
  + 'undefined'
  - 'function'
  
      at apis (file:///home/charl/Moriarty/.worktrees/sp01-atomic-fixture-grok/experiments/moriarty-atomic-fixture/fixture.test.mjs:23:10)
      at async TestContext.<anonymous> (file:///home/charl/Moriarty/.worktrees/sp01-atomic-fixture-grok/experiments/moriarty-atomic-fixture/fixture.test.mjs:173:41)
      at async Test.run (node:internal/test_runner/test:1332:7)
      at async Test.processPendingSubtests (node:internal/test_runner/test:911:7) {
    generatedMessage: false,
    code: 'ERR_ASSERTION',
    actual: 'undefined',
    expected: 'function',
    operator: 'strictEqual',
    diff: 'simple'
  }

test at experiments/moriarty-atomic-fixture/fixture.test.mjs:179:1
✖ rejects extra or missing root, step, or result fields (0.34765ms)
  AssertionError [ERR_ASSERTION]: missing generate.mjs export buildFixture (ERR_MODULE_NOT_FOUND)
  + actual - expected
  
  + 'undefined'
  - 'function'
  
      at apis (file:///home/charl/Moriarty/.worktrees/sp01-atomic-fixture-grok/experiments/moriarty-atomic-fixture/fixture.test.mjs:23:10)
      at async TestContext.<anonymous> (file:///home/charl/Moriarty/.worktrees/sp01-atomic-fixture-grok/experiments/moriarty-atomic-fixture/fixture.test.mjs:180:41)
      at async Test.run (node:internal/test_runner/test:1332:7)
      at async Test.processPendingSubtests (node:internal/test_runner/test:911:7) {
    generatedMessage: false,
    code: 'ERR_ASSERTION',
    actual: 'undefined',
    expected: 'function',
    operator: 'strictEqual',
    diff: 'simple'
  }

test at experiments/moriarty-atomic-fixture/fixture.test.mjs:189:1
✖ rejects self-consistent residual erasure after independent commitment rehash (0.390637ms)
  AssertionError [ERR_ASSERTION]: missing generate.mjs export buildFixture (ERR_MODULE_NOT_FOUND)
  + actual - expected
  
  + 'undefined'
  - 'function'
  
      at apis (file:///home/charl/Moriarty/.worktrees/sp01-atomic-fixture-grok/experiments/moriarty-atomic-fixture/fixture.test.mjs:23:10)
      at async TestContext.<anonymous> (file:///home/charl/Moriarty/.worktrees/sp01-atomic-fixture-grok/experiments/moriarty-atomic-fixture/fixture.test.mjs:190:41)
      at async Test.run (node:internal/test_runner/test:1332:7)
      at async Test.processPendingSubtests (node:internal/test_runner/test:911:7) {
    generatedMessage: false,
    code: 'ERR_ASSERTION',
    actual: 'undefined',
    expected: 'function',
    operator: 'strictEqual',
    diff: 'simple'
  }
