✔ buildFixture and verifyFixture exports exist (51.681391ms)
✔ valid fixture is deterministic, simulation-only, and has three states plus two steps (263.927491ms)
✔ fixture matches independent accrual, payment, residual notional, and Settled tombstones (157.484984ms)
✔ rejects a changed source pin (74.957186ms)
✔ rejects a changed settlement amount or recipient (144.530268ms)
✔ rejects a missing obligation tombstone (72.22379ms)
✔ rejects terminal residual-debt erasure (68.143722ms)
✔ rejects genesis, authority, or predecessor context tampering (224.426394ms)
✔ rejects a missing or duplicate commitment (146.059062ms)
✔ rejects canonicalHex, domain, or digest tampering (213.180679ms)
✔ rejects extra or missing root, step, or result fields (411.048905ms)
✔ rejects self-consistent residual erasure after independent commitment rehash (77.86923ms)
✔ rejects a fully rehashed unrelated OBSERVATIONS-settle entry (73.773762ms)
✔ rejects swapped ACTION-accrue and ACTION-settle labels (71.355311ms)
✔ rejects globally relabeled unique commitment entries (72.067117ms)
ℹ tests 15
ℹ suites 0
ℹ pass 15
ℹ fail 0
ℹ cancelled 0
ℹ skipped 0
ℹ todo 0
ℹ duration_ms 2186.226221
{"ok":true,"schemaVersion":"moriarty-current-atomic-fixture/1","scope":"simulation-only"}
{"status": "pass", "fixtureSha256": "2c44dcd0b364afae95213568aa74dd0e75dbc4264b4164772ba0593efbc1a560", "fixtureBytes": 305490, "commitments": 18, "scope": "Two deterministic local captures, Node fixture controls, independent Python canonical preimage hashes. No native proof or public transaction."}
