✔ buildFixture and verifyFixture exports exist (74.57746ms)
✔ valid fixture is deterministic, simulation-only, and has three states plus two steps (286.006175ms)
✔ fixture matches independent accrual, payment, residual notional, and Settled tombstones (166.023534ms)
✔ rejects a changed source pin (79.339176ms)
✔ rejects a changed settlement amount or recipient (164.298559ms)
✔ rejects a missing obligation tombstone (86.124721ms)
✔ rejects terminal residual-debt erasure (79.548774ms)
✔ rejects genesis, authority, or predecessor context tampering (258.923975ms)
✔ rejects a missing or duplicate commitment (151.96296ms)
✔ rejects canonicalHex, domain, or digest tampering (254.660001ms)
✔ rejects extra or missing root, step, or result fields (488.923663ms)
✔ rejects self-consistent residual erasure after independent commitment rehash (84.255805ms)
ℹ tests 12
ℹ suites 0
ℹ pass 12
ℹ fail 0
ℹ cancelled 0
ℹ skipped 0
ℹ todo 0
ℹ duration_ms 2239.045438
{"ok":true,"schemaVersion":"moriarty-current-atomic-fixture/1","scope":"simulation-only"}
{"status": "pass", "fixtureSha256": "2c44dcd0b364afae95213568aa74dd0e75dbc4264b4164772ba0593efbc1a560", "fixtureBytes": 305490, "commitments": 18, "scope": "Two deterministic local captures, Node fixture controls, independent Python canonical preimage hashes. No native proof or public transaction."}
