✔ full composition prepares address then binds colors once and records every stage before next call (7.466201ms)
✔ wrong network rejects before preparation and bounded-cleans supplied wallet (0.479909ms)
✔ wrong SDK network rejects before preparation and bounded-cleans supplied wallet (0.319448ms)
✔ wrong payer rejects before preparation and bounded-cleans supplied wallet (0.209628ms)
✔ public endpoint rejects before preparation and bounded-cleans supplied wallet (0.142861ms)
✔ missing protocol rejects before preparation and bounded-cleans supplied wallet (0.147589ms)
✔ unknown logical asset rejects before preparation and bounded-cleans supplied wallet (0.150631ms)
✔ provider construction failure preserves failure and cleans wallet/assets (1.587262ms)
✔ driver failure before its cleanup ownership guard falls back to wallet cleanup (1.488198ms)
✔ driver throw without cleanup receipt falls back to owned providers exactly once (0.67151ms)
✔ onStage failed retention stops before another transaction (0.818292ms)
✔ source adapters cannot silently switch into production mode (0.184156ms)
✔ local RPC uses one bounded nonredirecting request and validates its response identity (16.066625ms)
✔ local RPC aborts an unresponsive inert request by absolute deadline (30.17591ms)
✔ swap binds each logical ceiling once and records initialize/swap/close through the actual driver (2.264661ms)
✔ asset mutation after a recorded stage stops before the next SDK stage (1.131197ms)
✔ inert contained success is explicitly source-only and never financial acceptance (0.660154ms)
✔ RPC rejects mismatched IDs and oversized bodies without a retry (0.726729ms)
✔ protocol and reviewed callbacks remain captured after asynchronous preparation starts (0.799846ms)
✔ recovery composition restores before real driver, observes historical deploy once and submits only three calls (1.60599ms)
✔ recovery publicCheck failure stops before driver and cleans owned resources (0.461101ms)
✔ recovery checkWallet failure stops before driver and cleans owned resources (0.372843ms)
✔ recovery reconstruct failure stops before driver and cleans owned resources (0.45782ms)
✔ recovery inspectStore failure stops before driver and cleans owned resources (0.383351ms)
✔ recovery restore failure stops before driver and cleans owned resources (0.427545ms)
✔ recovery wallet synchronization rejection prevents constructor, store and driver (0.438713ms)
✔ recovery rejects actual allocation differing from closed plan before recovery work (0.292448ms)
✔ recovery rejects actual submissions differing from closed plan before recovery work (0.229971ms)
✔ recovery rejects actual dust differing from closed plan before recovery work (0.212267ms)
✔ recovery rejects actual gross cap differing from closed plan before recovery work (0.227544ms)
✔ recovery rejects actual deadline differing from closed plan before recovery work (0.305285ms)
✔ recovery rejects actual journal differing from closed plan before recovery work (0.568049ms)
✔ recovery rejects actual store directory differing from closed plan before recovery work (0.23971ms)
✔ recovery rejects actual store namespace differing from closed plan before recovery work (0.248678ms)
✔ recovery rejects actual role differing from closed plan before recovery work (0.264321ms)
✔ recovery rejects actual wallet differing from closed plan before recovery work (0.256652ms)
✔ recovery rejects actual network tag differing from closed plan before recovery work (0.266471ms)
✔ recovery rejects actual build differing from closed plan before recovery work (0.22885ms)
✔ recovery plan rejects changed deployment identity and unchecked identity shortcut (0.245139ms)
✔ production integration rejects recovery adapters before loading runtime or touching private state (0.130507ms)
✔ source recovery requires all recovery adapters (0.820813ms)
✔ nonempty recovery destination stops before provider creation and driver (0.544033ms)
✔ recovery rejects deployment identity getter before cloning or executing it (0.194827ms)
✔ initialized composition replays history once before store access and only submits accrue and settle (1.916609ms)
✔ initialized publicCheck failure stops calls and cleans owned resources (1.667829ms)
✔ initialized checkWallet failure stops calls and cleans owned resources (0.548757ms)
✔ initialized preserveStore failure stops calls and cleans owned resources (0.472602ms)
✔ initialized checkPrivate failure stops calls and cleans owned resources (0.62668ms)
✔ failed initialized historical deploy comparison prevents snapshot and providers (0.688113ms)
✔ failed initialized historical initialize comparison prevents snapshot and providers (0.438047ms)
✔ initialized actual store mismatch stops before setup (0.386755ms)
✔ initialized actual limits mismatch stops before setup (0.404828ms)
✔ initialized actual role mismatch stops before setup (0.383354ms)
✔ initialized actual build mismatch stops before setup (0.381432ms)
✔ production rejects continuation adapters; source fixture requires every gate (1.345127ms)
✔ initialized publicCheck requires its closed success result (0.628632ms)
✔ initialized preserveStore requires its closed success result (0.555725ms)
✔ initialized checkPrivate requires its closed success result (0.783094ms)
✔ integration failure emits only a closed code and excludes unknown SDK text (0.333173ms)
✔ loan exact custody arguments and hints pass every comparison before next call (2.816678ms)
✔ swap exact custody arguments and hints pass every comparison before next call (4.207916ms)
✔ returned comparator failure false stops before next SDK call (1.011908ms)
✔ returned comparator failure undefined stops before next SDK call (0.32662ms)
✔ returned comparator failure {"status":"Rejected"} stops before next SDK call (0.169485ms)
✔ returned comparator failure {"status":"FAIL"} stops before next SDK call (0.145862ms)
✔ thrown comparator error retains observed ID and cleans up (0.263259ms)
✔ preflight mismatch prevents deployment but cleans up owned provider (0.139018ms)
✔ preflight mismatch prevents deployment but cleans up owned provider (0.135852ms)
✔ preflight mismatch prevents deployment but cleans up owned provider (1.086795ms)
✔ preflight mismatch prevents deployment but cleans up owned provider (0.159922ms)
✔ preflight mismatch prevents deployment but cleans up owned provider (0.219709ms)
✔ preflight mismatch prevents deployment but cleans up owned provider (0.095608ms)
✔ network identity changed after deploy blocks the next SDK stage (0.243763ms)
✔ incomplete cleanup cannot yield driver PASS (0.321079ms)
✔ incomplete cleanup cannot yield driver PASS (0.173489ms)
✔ cleanup rejection preserves the primary failure and provider-known identifiers (0.234189ms)
✔ observation failure keeps SDK ID and never invokes comparator or next call (0.174135ms)
✔ recovered loan observes historical deployment once then submits exactly three calls (0.369435ms)
✔ malformed recovery identity fails before observations or SDK calls (0.165624ms)
✔ malformed recovery identity fails before observations or SDK calls (0.105331ms)
✔ malformed recovery identity fails before observations or SDK calls (0.064033ms)
✔ malformed recovery identity fails before observations or SDK calls (0.054166ms)
✔ malformed recovery identity fails before observations or SDK calls (0.054836ms)
✔ malformed recovery identity fails before observations or SDK calls (0.053734ms)
✔ malformed recovery identity fails before observations or SDK calls (0.05151ms)
✔ malformed recovery identity fails before observations or SDK calls (0.083522ms)
✔ malformed recovery identity fails before observations or SDK calls (0.065308ms)
✔ malformed recovery identity fails before observations or SDK calls (0.060315ms)
✔ malformed recovery identity fails before observations or SDK calls (0.056884ms)
✔ malformed recovery identity fails before observations or SDK calls (0.051263ms)
✔ malformed recovery identity fails before observations or SDK calls (0.067748ms)
✔ malformed recovery identity fails before observations or SDK calls (0.050202ms)
✔ recovery rejects accessors without invoking them (0.131342ms)
✔ swap recovery is rejected before deployment or observation (0.087751ms)
✔ historical recovery FAIL stops all calls and retains public identity (0.178947ms)
✔ historical recovery throw stops all calls and retains public identity (0.212959ms)
✔ historical recovery observe stops all calls and retains public identity (0.194327ms)
✔ recovery identity is captured before asynchronous binding checks (0.278914ms)
✔ recovered loan cannot pass with incomplete containment (0.200815ms)
✔ public failure retains a known observer code and closed phase without SDK details (0.166421ms)
✔ public failure never copies an unknown SDK message or object (0.160327ms)
✔ launcher durably retains actual driver failure: NOT_FINALIZED (0.747841ms)
✔ launcher durably retains actual driver failure: PRIVATE_SDK_FAILURE (0.289664ms)
✔ fixed initialized loan compares both histories once then calls only accrue and settle (0.288316ms)
✔ failed historical deploy comparison prevents continuation calls (0.138818ms)
✔ failed historical initialize comparison prevents continuation calls (0.077532ms)
✔ initialized driver rejects combined modes and altered fixed history before SDK calls (0.228474ms)
ℹ tests 107
ℹ suites 0
ℹ pass 107
ℹ fail 0
ℹ cancelled 0
ℹ skipped 0
ℹ todo 0
ℹ duration_ms 151.185092
