✖ minted continuation gate requires exactly one full available output and none pending (1.434405ms)
ℹ tests 1
ℹ suites 0
ℹ pass 0
ℹ fail 1
ℹ cancelled 0
ℹ skipped 0
ℹ todo 0
ℹ duration_ms 83.427917

✖ failing tests:

test at experiments/moriarty-midnight-financial/ledger/continue-initialized-loan.test.mjs:64:1
✖ minted continuation gate requires exactly one full available output and none pending (1.434405ms)
  AssertionError [ERR_ASSERTION]: Expected values to be strictly equal:
  + actual - expected
  
  + 'undefined'
  - 'function'
  
      at TestContext.<anonymous> (file:///home/charl/Moriarty/.worktrees/sp05-deadline-review/experiments/moriarty-midnight-financial/ledger/continue-initialized-loan.test.mjs:65:9)
      at Test.runInAsyncScope (node:async_hooks:227:14)
      at Test.run (node:internal/test_runner/test:1325:25)
      at Test.start (node:internal/test_runner/test:1191:17)
      at startSubtestAfterBootstrap (node:internal/test_runner/harness:385:17) {
    generatedMessage: true,
    code: 'ERR_ASSERTION',
    actual: 'undefined',
    expected: 'function',
    operator: 'strictEqual',
    diff: 'simple'
  }
