✔ actual initialize bytes bind complete history input identities and corrected minted origin (63.564555ms)
✔ altered native bytes and the previous deployment fail closed (0.593186ms)
✔ actual initialized state matches exactly; authority, balances and extra operations reject (20.757761ms)
✔ existing private state verification only scopes and sequentially reads, returns no secrets or authority token (8.894035ms)
✔ missing or nonempty private state rejects without key read or writes (6.370846ms)
✔ missing or nonempty private state rejects without key read or writes (6.132747ms)
✔ missing or nonempty private state rejects without key read or writes (6.040163ms)
✔ missing or nonempty private state rejects without key read or writes (7.6538ms)
✔ missing or nonempty private state rejects without key read or writes (5.464489ms)
✔ private state accessor or hidden value is rejected without getter execution (10.067976ms)
✔ stored signing-key mismatch and read failure stop with closed errors (9.814833ms)
✔ wrong real signing identity or wrong state prevents any provider access (9.394754ms)
✔ minted continuation gate requires exactly one full available output and none pending (14.605797ms)
ℹ tests 13
ℹ suites 0
ℹ pass 13
ℹ fail 0
ℹ cancelled 0
ℹ skipped 0
ℹ todo 0
ℹ duration_ms 269.749024
