
> moriarty-site@0.1.0 verify
> npm run check && npm test && npm run build


> moriarty-site@0.1.0 check
> tsc -b --noEmit


> moriarty-site@0.1.0 test
> node --test src/data/*.test.mjs

✔ seven economic families plus the cross-cutting group (1.978346ms)
✔ eight mandatory facets, and every family answers all of them (0.57952ms)
✔ twenty-four action targets, each exactly once, DA01 through DA24 (0.274049ms)
✔ every action target carries a requirement and a distinguishing test (0.146942ms)
✔ five composition operators (0.131794ms)
✔ composition failure rates match the reproduced audit (0.307895ms)
✔ six assurance layers, twelve properties, four claims, thirteen threats (0.141152ms)
✔ every property keeps its assumption and obligation separate (0.218727ms)
✔ every threat keeps its residual risk (0.167386ms)
✔ twelve sprints, and five specification layers (0.267705ms)
✔ no vendor or tooling attribution anywhere in the data layer (1.169986ms)
✔ policy fixture matches the roadmap goal in hundredths (1.030414ms)
✔ a candidate proposal changes no account and imposes no duty (1.107667ms)
✔ wrong recipient fails by its named check and cannot be committed (1.79969ms)
✔ excessive fee fails only the fee check; gross stays within cap (0.256695ms)
✔ both compliant presets pass every named check (0.13262ms)
✔ commitment requires provider consent to duties (0.210059ms)
✔ default path completes within caps: 11 A gross, 1 A fees, 20 B (0.519551ms)
✔ first finalized fill is an accepted prefix with persisting duties (0.28931ms)
✔ reservation adds exposure, not debit, and spent plus reserved equals the cap (0.259591ms)
✔ timeout leaves the exposure unchanged (0.18521ms)
✔ late authenticated success converts the reservation and completes (0.472967ms)
✔ late success without the document predicate is accounted but not accepted (0.345439ms)
✔ no conflicting later result can release or rewrite an observed success (0.426531ms)
✔ restoring the missing predicate reconciles the observed success exactly once (0.373579ms)
✔ the first fill must be finalized locally before any external attempt (0.166722ms)
✔ the second fill cannot be finalized locally; it is the external attempt (0.113862ms)
✔ no consumed identifier is ever reused and no identifier appears twice (0.225482ms)
✔ duty statuses on the terminal branches (0.179667ms)
✔ a pending remedy is never cleared by a later delivery (0.082353ms)
✔ event narratives state the arithmetic of the state they describe (0.175698ms)
✔ authenticated failure retains the fee and releases the reservation (0.09122ms)
✔ after the failure, no further fill can be paid for under the fee cap (0.062624ms)
✔ still unknown changes nothing and refuses a premature refund (0.06309ms)
✔ a second solver cannot reserve consumed or pending authority (0.061355ms)
✔ duplicate terminal observation records no second discharge (0.070446ms)
✔ replay of a consumed fill identifier changes nothing (0.067065ms)
✔ solver label changes nothing about authority or account (0.127909ms)
✔ evidence fixtures produce four distinct outcomes; missing is not false (0.067932ms)
✔ release is withheld while evidence is missing, stale, wrong or unsupported (0.099092ms)
✔ policy is immutable and candidate changes after commitment are refused (0.239564ms)
✔ reset restores an uncommitted fixture, announces it, and is not a rollback of anything (0.159561ms)
✔ release needs provider signature and recipient acceptance as well as the document (0.133878ms)
✔ late success without recipient acceptance is accounted, consumed and held open (0.177799ms)
✔ fee capacity distinguishes incurred from freely usable authority while in flight (0.14186ms)
✔ terminal observations out of order or in conflict are refused (0.174197ms)
✔ every event type is reachable in the bounded fixture and rejected events never move the account (0.741434ms)
✔ available events agree with the reducer (0.252694ms)
✔ formatting never rounds (0.051813ms)
✔ no tooling or vendor attribution in the scenario module (0.447199ms)
✔ static transcripts in kernel.html agree with the model (0.841141ms)
ℹ tests 51
ℹ suites 0
ℹ pass 51
ℹ fail 0
ℹ cancelled 0
ℹ skipped 0
ℹ todo 0
ℹ duration_ms 69.936857

> moriarty-site@0.1.0 build
> npm run docs && tsc -b && vite build


> moriarty-site@0.1.0 docs
> node scripts/build-docs.mjs

Built 2 documentation pages; rendered 110 mathematical expressions as native MathML.
vite v8.2.2 building client environment for production...
transforming...
✓ 41 modules transformed.
rendering chunks...
computing gzip size...
dist/index.html                    0.68 kB │ gzip:  0.38 kB
dist/kernel.html                  50.81 kB │ gzip: 13.89 kB
dist/assets/kernel-DyiaCfdf.css   14.52 kB │ gzip:  3.16 kB
dist/assets/styles-BJQ-nyYz.css   25.34 kB │ gzip:  5.40 kB
dist/assets/kernel-BCkBBGXf.js    44.92 kB │ gzip: 12.49 kB
dist/assets/index-BudZo78o.js     81.21 kB │ gzip: 25.67 kB
dist/assets/styles-DYPB1yS7.js   219.53 kB │ gzip: 68.54 kB

✓ built in 167ms
verify exit=0
