---
source: crates/mori-fmt/src/tests.rs
description: "Code:\n\nprofile \"moriarty-beta/1\";\nagreement Invoice {\n  const a=1;\n  const b = 2;\n  const c = 3;\n  const d = 4;\n  const e = 5;\n  const f = 6;\n  const g = 7;\n  const h=8;\n}\n"
---
Diff in test.mori:1:
 profile "moriarty-beta/1";
+
 agreement Invoice {
-  const a=1;
+  const a = 1;
+
   const b = 2;
+
   const c = 3;
+
   const d = 4;
+
   const e = 5;
+
   const f = 6;
+
   const g = 7;
-  const h=8;
+
+  const h = 8;
 }
