---
source: crates/mori-fmt/src/tests.rs
description: "Code:\n\nprofile \"moriarty-beta/1\";\nagreement Records {\n  asset USD = { domain: Preview, id: \"usd\", scale: 2, representation: \"native\", symbol: \"USD\" };\n}\n"
---
profile "moriarty-beta/1";

agreement Records {
  asset USD = {
    domain: Preview,
    id: "usd",
    scale: 2,
    representation: "native",
    symbol: "USD",
  };
}
