---
source: crates/mori-fmt/src/tests.rs
description: "Code:\n\nprofile \"moriarty-beta/1\";\nagreement Records {\n  account alice = {\n    domain: Preview,\n    id: \"alice\",\n  };\n  const empty = {};\n}\n"
---
profile "moriarty-beta/1";

agreement Records {
  account alice = { domain: Preview, id: "alice" };

  const empty = {};
}
