---
source: crates/mori-fmt/src/tests.rs
description: "Code:\n\nprofile \"moriarty-beta/1\";\nagreement Invoice {\n  intent pay = { domain: Preview, asset: USD, signer: alice, key: \"key1\", nonce: \"n1\", pre_head: \"h0\", valid: rounds(domain: Preview, from: 0, to: 10), gross_cap: price + fee, fee_cap: fee, net_floor: price, operation: transfer(from: alice, to: bob, fee_to: treasury, value: price, fee: fee), source_hash: \"src1\", policy_digest: \"policy1\", failure: SuccessOnly, observations: [], disclosures: [], retained_effects: [], retained_duties: [], delegation: None, recovery: None };\n  const swap = amm.swap_exact_input(pool: pool, owner: alice, input: 10 USD, output_asset: GOLD);\n}\n"
---
profile "moriarty-beta/1";

agreement Invoice {
  intent pay = {
    domain: Preview,
    asset: USD,
    signer: alice,
    key: "key1",
    nonce: "n1",
    pre_head: "h0",
    valid: rounds(domain: Preview, from: 0, to: 10),
    gross_cap: price + fee,
    fee_cap: fee,
    net_floor: price,
    operation: transfer(
      from: alice,
      to: bob,
      fee_to: treasury,
      value: price,
      fee: fee,
    ),
    source_hash: "src1",
    policy_digest: "policy1",
    failure: SuccessOnly,
    observations: [],
    disclosures: [],
    retained_effects: [],
    retained_duties: [],
    delegation: None,
    recovery: None,
  };

  const swap = amm.swap_exact_input(
    pool: pool,
    owner: alice,
    input: 10 USD,
    output_asset: GOLD,
  );
}
