
> demo
> node examples/simulate.mjs

loan: 95b46e39a9039e19063bb3d618128aec6cbd9ee656b6e635b3587e7f3f5235b2
  accrue (ExactPlan): 4 writes, 2 effects; episode Open, agreement Outstanding
    DueCreated: 500000000 USD_micro
    DueCreated: 33972602 USD_micro
    adverse input: EXACT_PLAN_MISMATCH; acceptance without proof: PROOF_INVALID
  settle (ExactPlan): 8 writes, 3 effects; episode Closed, agreement Outstanding
    Transfer: 533972602 USD_micro
    DueSettled: 500000000 USD_micro
    DueSettled: 33972602 USD_micro
    adverse input: EXACT_PLAN_MISMATCH; acceptance without proof: PROOF_INVALID
swap: b00a55b8da611d23c08461a11853151aa50ec7ee8150f9d16afbc66d62e018fa
  swap (IntentRefinement): 4 writes, 2 effects; episode Open, agreement NoOutstanding
    Transfer: 10000 AssetA_quantum
    Transfer: 19743 AssetB_quantum
    adverse input: GUARD_FAILED; acceptance without proof: PROOF_INVALID
  close (IntentRefinement): 5 writes, 2 effects; episode Closed, agreement NoOutstanding
    Transfer: 1010000 AssetA_quantum
    Transfer: 1980257 AssetB_quantum
    adverse input: PRINCIPAL_BINDING; acceptance without proof: PROOF_INVALID
