PASS complete uniquely fenced canonical grammar
GRAMMAR_PRODUCTIONS 36
PASS all grammar references defined exactly once
PASS every profile bound equals parser constant
PASS all links in added grammar section resolve locally
PASS all declaration and statement productions compose
PASS empty agreement and empty effect fields admitted
PASS precedence and left associativity agree with productions
PASS comparison ==
PASS comparison !=
PASS comparison <
PASS comparison <=
PASS comparison >
PASS comparison >=
PASS parenthesized nested comparison admitted
PASS JSON escaped profile decoded to selected profile
PASS non-nesting comments and ASCII separators
PASS comparison chain
PASS empty generic
PASS parameter trailing comma
PASS call trailing comma
PASS effect trailing comma
PASS statement after postcondition
PASS missing profile
PASS second agreement
PASS old profile
PASS division
PASS leading zero
PASS non-ASCII whitespace
PASS BOM retained
PASS unary minus
PASS keyword identifier
PASS non-ASCII identifier
PASS linked examples parse but have distinct execution admission
PASS loan and swap source headers use atomic profile
PASS real drift test baseline
PASS real drift test changed terminal
PASS real drift test missing production
PASS real drift test duplicate block
PASS real drift test missing block
PASS real drift test canonical drift
PASS real drift test comment drift
41 independent README grammar checks passed
