{
  "scope": "Reviewer-owned finite arithmetic/structure controls only; no production codec, typechecker, Core execution or proof.",
  "passed": 66,
  "checks": [
    {
      "id": "all-old-dispositions",
      "result": "PASS",
      "scope": "Identity coverage only; semantic derivations independently inspected in review."
    },
    {
      "id": "counts",
      "result": "PASS",
      "scope": "Exact inventory/cardinality, not executable semantics."
    },
    {
      "id": "work-LitUInt-positive",
      "result": "PASS",
      "scope": "All entered constructor occurrences in this successful fragment; metadata is not counted."
    },
    {
      "id": "work-LitSInt-positive",
      "result": "PASS",
      "scope": "All entered constructor occurrences in this successful fragment; metadata is not counted."
    },
    {
      "id": "work-LitBool-positive",
      "result": "PASS",
      "scope": "All entered constructor occurrences in this successful fragment; metadata is not counted."
    },
    {
      "id": "work-LitText-positive",
      "result": "PASS",
      "scope": "All entered constructor occurrences in this successful fragment; metadata is not counted."
    },
    {
      "id": "work-LitAmount-positive",
      "result": "PASS",
      "scope": "All entered constructor occurrences in this successful fragment; metadata is not counted."
    },
    {
      "id": "work-LitQuantity-positive",
      "result": "PASS",
      "scope": "All entered constructor occurrences in this successful fragment; metadata is not counted."
    },
    {
      "id": "work-LitShares-positive",
      "result": "PASS",
      "scope": "All entered constructor occurrences in this successful fragment; metadata is not counted."
    },
    {
      "id": "work-LitRate-positive",
      "result": "PASS",
      "scope": "All entered constructor occurrences in this successful fragment; metadata is not counted."
    },
    {
      "id": "work-LitPrice-positive",
      "result": "PASS",
      "scope": "All entered constructor occurrences in this successful fragment; metadata is not counted."
    },
    {
      "id": "work-ReadLocal-positive",
      "result": "PASS",
      "scope": "All entered constructor occurrences in this successful fragment; metadata is not counted."
    },
    {
      "id": "work-ReadPre-positive",
      "result": "PASS",
      "scope": "All entered constructor occurrences in this successful fragment; metadata is not counted."
    },
    {
      "id": "work-ReadArg-positive",
      "result": "PASS",
      "scope": "All entered constructor occurrences in this successful fragment; metadata is not counted."
    },
    {
      "id": "work-ReadObs-positive",
      "result": "PASS",
      "scope": "All entered constructor occurrences in this successful fragment; metadata is not counted."
    },
    {
      "id": "work-ProjectField-positive",
      "result": "PASS",
      "scope": "All entered constructor occurrences in this successful fragment; metadata is not counted."
    },
    {
      "id": "work-AccessField-positive",
      "result": "PASS",
      "scope": "All entered constructor occurrences in this successful fragment; metadata is not counted."
    },
    {
      "id": "work-ProjectIndex-positive",
      "result": "PASS",
      "scope": "All entered constructor occurrences in this successful fragment; metadata is not counted."
    },
    {
      "id": "work-AccessIndex-positive",
      "result": "PASS",
      "scope": "All entered constructor occurrences in this successful fragment; metadata is not counted."
    },
    {
      "id": "work-ConstructRecord-positive",
      "result": "PASS",
      "scope": "All entered constructor occurrences in this successful fragment; metadata is not counted."
    },
    {
      "id": "work-ConstructEnum-positive",
      "result": "PASS",
      "scope": "All entered constructor occurrences in this successful fragment; metadata is not counted."
    },
    {
      "id": "work-ConstructSome-positive",
      "result": "PASS",
      "scope": "All entered constructor occurrences in this successful fragment; metadata is not counted."
    },
    {
      "id": "work-ConstructNone-positive",
      "result": "PASS",
      "scope": "All entered constructor occurrences in this successful fragment; metadata is not counted."
    },
    {
      "id": "work-ConstructCollection-positive",
      "result": "PASS",
      "scope": "All entered constructor occurrences in this successful fragment; metadata is not counted."
    },
    {
      "id": "work-Add-positive",
      "result": "PASS",
      "scope": "All entered constructor occurrences in this successful fragment; metadata is not counted."
    },
    {
      "id": "work-Sub-positive",
      "result": "PASS",
      "scope": "All entered constructor occurrences in this successful fragment; metadata is not counted."
    },
    {
      "id": "work-Mul-positive",
      "result": "PASS",
      "scope": "All entered constructor occurrences in this successful fragment; metadata is not counted."
    },
    {
      "id": "work-FloorDiv-positive",
      "result": "PASS",
      "scope": "All entered constructor occurrences in this successful fragment; metadata is not counted."
    },
    {
      "id": "work-CeilDiv-positive",
      "result": "PASS",
      "scope": "All entered constructor occurrences in this successful fragment; metadata is not counted."
    },
    {
      "id": "work-Eq-positive",
      "result": "PASS",
      "scope": "All entered constructor occurrences in this successful fragment; metadata is not counted."
    },
    {
      "id": "work-Lt-positive",
      "result": "PASS",
      "scope": "All entered constructor occurrences in this successful fragment; metadata is not counted."
    },
    {
      "id": "work-Lte-positive",
      "result": "PASS",
      "scope": "All entered constructor occurrences in this successful fragment; metadata is not counted."
    },
    {
      "id": "work-Gt-positive",
      "result": "PASS",
      "scope": "All entered constructor occurrences in this successful fragment; metadata is not counted."
    },
    {
      "id": "work-Gte-positive",
      "result": "PASS",
      "scope": "All entered constructor occurrences in this successful fragment; metadata is not counted."
    },
    {
      "id": "work-Not-positive",
      "result": "PASS",
      "scope": "All entered constructor occurrences in this successful fragment; metadata is not counted."
    },
    {
      "id": "work-And-positive",
      "result": "PASS",
      "scope": "All entered constructor occurrences in this successful fragment; metadata is not counted."
    },
    {
      "id": "work-Or-positive",
      "result": "PASS",
      "scope": "All entered constructor occurrences in this successful fragment; metadata is not counted."
    },
    {
      "id": "work-Require-positive",
      "result": "PASS",
      "scope": "All entered constructor occurrences in this successful fragment; metadata is not counted."
    },
    {
      "id": "work-Let-positive",
      "result": "PASS",
      "scope": "All entered constructor occurrences in this successful fragment; metadata is not counted."
    },
    {
      "id": "work-NextWrite-positive",
      "result": "PASS",
      "scope": "All entered constructor occurrences in this successful fragment; metadata is not counted."
    },
    {
      "id": "work-Ensure-positive",
      "result": "PASS",
      "scope": "All entered constructor occurrences in this successful fragment; metadata is not counted."
    },
    {
      "id": "work-Emit-positive",
      "result": "PASS",
      "scope": "All entered constructor occurrences in this successful fragment; metadata is not counted."
    },
    {
      "id": "J-string-0",
      "result": "PASS",
      "scope": "Fixed string arithmetic checks UTF-8, JSON short/control escapes, and no normalization."
    },
    {
      "id": "J-string-1",
      "result": "PASS",
      "scope": "Fixed string arithmetic checks UTF-8, JSON short/control escapes, and no normalization."
    },
    {
      "id": "J-string-2",
      "result": "PASS",
      "scope": "Fixed string arithmetic checks UTF-8, JSON short/control escapes, and no normalization."
    },
    {
      "id": "J-string-3",
      "result": "PASS",
      "scope": "Fixed string arithmetic checks UTF-8, JSON short/control escapes, and no normalization."
    },
    {
      "id": "J-string-4",
      "result": "PASS",
      "scope": "Fixed string arithmetic checks UTF-8, JSON short/control escapes, and no normalization."
    },
    {
      "id": "J-string-5",
      "result": "PASS",
      "scope": "Fixed string arithmetic checks UTF-8, JSON short/control escapes, and no normalization."
    },
    {
      "id": "J-string-6",
      "result": "PASS",
      "scope": "Fixed string arithmetic checks UTF-8, JSON short/control escapes, and no normalization."
    },
    {
      "id": "J-string-7",
      "result": "PASS",
      "scope": "Fixed string arithmetic checks UTF-8, JSON short/control escapes, and no normalization."
    },
    {
      "id": "no-normalization",
      "result": "PASS",
      "scope": "Canonically equivalent Unicode strings remain distinct exact scalar sequences."
    },
    {
      "id": "matrix-byte-recount",
      "result": "PASS",
      "scope": "Direct tree count; no author sizing helper imported."
    },
    {
      "id": "matrix-node-recount",
      "result": "PASS",
      "scope": "Compound occurrence arithmetic. Sharing does not reduce the count."
    },
    {
      "id": "aggregate-818",
      "result": "PASS",
      "scope": "Independent closed-form byte arithmetic; boundary is inclusive."
    },
    {
      "id": "aggregate-819",
      "result": "PASS",
      "scope": "Independent closed-form byte arithmetic; boundary is inclusive."
    },
    {
      "id": "aggregate-820",
      "result": "PASS",
      "scope": "Independent closed-form byte arithmetic; boundary is inclusive."
    },
    {
      "id": "descriptor-sequence-count",
      "result": "PASS",
      "scope": "128 descriptors fit these bytes/nodes; 129 fails descriptor cardinality despite fitting these bytes/nodes."
    },
    {
      "id": "operation-cycle-discriminator",
      "result": "PASS",
      "scope": "Graph arithmetic after manually applying the written Option/Collection transparent dependency traversal; not a schema validator."
    },
    {
      "id": "euclidean--5-2",
      "result": "PASS",
      "scope": "Finite signed Euclidean quotient and ceiling boundaries."
    },
    {
      "id": "euclidean--6-2",
      "result": "PASS",
      "scope": "Finite signed Euclidean quotient and ceiling boundaries."
    },
    {
      "id": "euclidean--170141183460469231731687303715884105728-1",
      "result": "PASS",
      "scope": "Finite signed Euclidean quotient and ceiling boundaries."
    },
    {
      "id": "euclidean-170141183460469231731687303715884105727-2",
      "result": "PASS",
      "scope": "Finite signed Euclidean quotient and ceiling boundaries."
    },
    {
      "id": "euclidean-0-3",
      "result": "PASS",
      "scope": "Finite signed Euclidean quotient and ceiling boundaries."
    },
    {
      "id": "validator-not-value-oracle",
      "result": "PASS",
      "scope": "Wrong specified semantic value survives structure checks, as disclosed; not candidate evaluator acceptance."
    },
    {
      "id": "validator-not-combined-oracle",
      "result": "PASS",
      "scope": "Removing all combined derivations survives structure checks, as disclosed."
    },
    {
      "id": "validator-inventory-negative",
      "result": "PASS",
      "scope": "The validator does detect missing inventory; this control distinguishes its actual scope."
    }
  ]
}
