{
  "status": "CoreRejected",
  "sourceHash": "afc1b8df9f599e7e5492d1cdd24a4cac2cadf9fdf737255336673c84740a67a0",
  "scenarioHash": "054547a43d34a0e45e637678b3b14541b6340d99684bb52f8f66c1e5afb576cb",
  "result": {
    "status": "CoreRejected",
    "ast": {
      "profile": "moriarty-financial-agreement-source/6",
      "programId": "ClaimFixture",
      "domain": "ForeignClaim",
      "settlement": {
        "asset": "ClaimUSDNominal",
        "scale": "6"
      },
      "selected": {
        "actionId": "TransferLiteralFee",
        "sourceHash": "fixture-src",
        "policyDigest": "fixture-policy"
      },
      "intent": {
        "signer": "ClaimHolder",
        "keyRef": "key-claim",
        "nonce": "claim-n1",
        "preHead": "claim-head-0",
        "notBefore": "12",
        "notAfter": "48",
        "grossCap": "1",
        "feeCap": "0",
        "netFloor": "1",
        "signedAction": {
          "kind": "Transfer",
          "from": "ClaimHolder",
          "to": "ForeignCustodian",
          "feeTo": "ForeignRewardDesk",
          "value": "1",
          "fee": "0"
        },
        "failure": "success_only",
        "observations": "empty",
        "disclosures": "empty",
        "retainedEffects": "empty",
        "retainedDuties": "empty",
        "delegation": "none",
        "recovery": "none"
      },
      "authenticated": {
        "head": "claim-head-0",
        "predecessor": "claim-genesis",
        "round": "12",
        "balances": [
          {
            "account": "ClaimHolder",
            "amount": "0"
          },
          {
            "account": "ForeignCustodian",
            "amount": "0"
          },
          {
            "account": "ForeignRewardDesk",
            "amount": "1000000"
          }
        ],
        "allowance": {
          "owner": "ClaimHolder",
          "remaining": "0",
          "spent": "0"
        },
        "replay": "unused",
        "workRemaining": "8",
        "workSpent": "1"
      },
      "submitted": {
        "action": {
          "kind": "Transfer",
          "from": "ClaimHolder",
          "to": "ForeignCustodian",
          "feeTo": "ForeignRewardDesk",
          "value": "1",
          "fee": "0"
        },
        "effects": [
          {
            "kind": "Debit",
            "account": "ClaimHolder",
            "asset": "ClaimUSDNominal",
            "amount": "1"
          },
          {
            "kind": "Credit",
            "account": "ForeignCustodian",
            "asset": "ClaimUSDNominal",
            "amount": "1"
          },
          {
            "kind": "UseAllowance",
            "owner": "ClaimHolder",
            "amount": "1"
          },
          {
            "kind": "UseReplay",
            "key": "claim-n1"
          },
          {
            "kind": "AdvanceHead",
            "predecessor": "claim-head-0",
            "successor": "claim-head-1"
          }
        ],
        "postHead": "claim-head-1"
      }
    },
    "rejection": {
      "status": "Rejected",
      "judgment": "effect",
      "code": "S0_EFFECT_RANGE",
      "diagnosticWork": 1,
      "publishedPost": null,
      "publishedEffects": null
    }
  },
  "qualification": "local-stipulation-only"
}
