{
  "status": "PreparedUnqualified",
  "sourceHash": "7eb929436faff95623d512652b5dfe7f0353c1552b2826fca592bbd031a75fee",
  "scenarioHash": "4830268187b3e31bf31a8727584143be1c116b076468151d818d9555db941df9",
  "result": {
    "status": "PreparedUnqualified",
    "ast": {
      "profile": "moriarty-financial-agreement-source/6",
      "programId": "RailFixture",
      "domain": "HomeRail",
      "settlement": {
        "asset": "RailUSDCanonical",
        "scale": "2"
      },
      "selected": {
        "actionId": "TransferLiteralFee",
        "sourceHash": "fixture-src",
        "policyDigest": "fixture-policy"
      },
      "intent": {
        "signer": "StakerPrincipal",
        "keyRef": "key-rail",
        "nonce": "rail-n1",
        "preHead": "rail-head-0",
        "notBefore": "12",
        "notAfter": "48",
        "grossCap": "25000",
        "feeCap": "0",
        "netFloor": "25000",
        "signedAction": {
          "kind": "Transfer",
          "from": "StakerPrincipal",
          "to": "VaultCustodian",
          "feeTo": "RewardTreasury",
          "value": "25000",
          "fee": "0"
        },
        "failure": "success_only",
        "observations": "empty",
        "disclosures": "empty",
        "retainedEffects": "empty",
        "retainedDuties": "empty",
        "delegation": "none",
        "recovery": "none"
      },
      "authenticated": {
        "head": "rail-head-0",
        "predecessor": "rail-genesis",
        "round": "12",
        "balances": [
          {
            "account": "StakerPrincipal",
            "amount": "1000000"
          },
          {
            "account": "VaultCustodian",
            "amount": "0"
          },
          {
            "account": "RewardTreasury",
            "amount": "50000"
          }
        ],
        "allowance": {
          "owner": "StakerPrincipal",
          "remaining": "1000000",
          "spent": "0"
        },
        "replay": "unused",
        "workRemaining": "8",
        "workSpent": "1"
      },
      "submitted": {
        "action": {
          "kind": "Transfer",
          "from": "StakerPrincipal",
          "to": "VaultCustodian",
          "feeTo": "RewardTreasury",
          "value": "25000",
          "fee": "0"
        },
        "effects": [
          {
            "kind": "Debit",
            "account": "StakerPrincipal",
            "asset": "RailUSDCanonical",
            "amount": "25000"
          },
          {
            "kind": "Credit",
            "account": "VaultCustodian",
            "asset": "RailUSDCanonical",
            "amount": "25000"
          },
          {
            "kind": "UseAllowance",
            "owner": "StakerPrincipal",
            "amount": "25000"
          },
          {
            "kind": "UseReplay",
            "key": "rail-n1"
          },
          {
            "kind": "AdvanceHead",
            "predecessor": "rail-head-0",
            "successor": "rail-head-1"
          }
        ],
        "postHead": "rail-head-1"
      }
    },
    "candidate": {
      "status": "PreparedUnqualified",
      "core": "moriarty-core/5",
      "preHead": "rail-head-0",
      "effects": [
        {
          "kind": "Debit",
          "account": "StakerPrincipal",
          "asset": "RailUSDCanonical",
          "amount": "25000"
        },
        {
          "kind": "Credit",
          "account": "VaultCustodian",
          "asset": "RailUSDCanonical",
          "amount": "25000"
        },
        {
          "kind": "UseAllowance",
          "owner": "StakerPrincipal",
          "amount": "25000"
        },
        {
          "kind": "UseReplay",
          "key": "[\"HomeRail\",\"StakerPrincipal\",\"rail-n1\"]"
        },
        {
          "kind": "AdvanceHead",
          "predecessor": "rail-head-0",
          "successor": "rail-head-1"
        }
      ],
      "candidatePost": {
        "core": "moriarty-core/5",
        "domain": "HomeRail",
        "asset": "RailUSDCanonical",
        "head": "rail-head-1",
        "round": "12",
        "workRemaining": "7",
        "workSpent": "2",
        "balances": [
          {
            "account": "StakerPrincipal",
            "amount": "975000"
          },
          {
            "account": "VaultCustodian",
            "amount": "25000"
          },
          {
            "account": "RewardTreasury",
            "amount": "50000"
          }
        ],
        "allowances": [
          {
            "owner": "StakerPrincipal",
            "remaining": "975000",
            "spent": "25000"
          }
        ],
        "obligations": [],
        "consumedReplay": [
          "[\"HomeRail\",\"StakerPrincipal\",\"rail-n1\"]"
        ]
      },
      "requiredPremises": [
        "canonical-intent-signature",
        "snapshot-to-head",
        "head-extension",
        "atomic-ledger-compare-and-consume"
      ]
    },
    "unverifiedBindings": [
      "agreement-id",
      "selected-program",
      "asset-scale",
      "authenticated-predecessor"
    ]
  },
  "qualification": "local-stipulation-only"
}
