{
  "status": "PreparedUnqualified",
  "sourceHash": "770ce9382c251540d28104c83dafdc365d445848edf4dae448e938736a04d7bd",
  "scenarioHash": "adfe26de392839d033aaf53fe0f31133517eec2c70d09a976fedc0f08f7019bd",
  "result": {
    "status": "PreparedUnqualified",
    "ast": {
      "profile": "moriarty-financial-agreement-source/6",
      "programId": "NoteFixture",
      "domain": "HomeRail",
      "settlement": {
        "asset": "RailUSDCanonical",
        "scale": "2"
      },
      "selected": {
        "actionId": "RepayAccrualFirst",
        "sourceHash": "note-src",
        "policyDigest": "note-policy"
      },
      "intent": {
        "signer": "Borrower",
        "keyRef": "key-note",
        "nonce": "note-n1",
        "preHead": "note-head-0",
        "notBefore": "0",
        "notAfter": "10",
        "grossCap": "125",
        "feeCap": "0",
        "netFloor": "0",
        "signedAction": {
          "kind": "Repay",
          "obligation": "Note",
          "payer": "Borrower",
          "amount": "125",
          "conversion": "identity"
        },
        "failure": "success_only",
        "observations": "empty",
        "disclosures": "empty",
        "retainedEffects": "empty",
        "retainedDuties": "empty",
        "delegation": "none",
        "recovery": "none"
      },
      "authenticated": {
        "head": "note-head-0",
        "predecessor": "note-genesis",
        "round": "4",
        "balances": [
          {
            "account": "Borrower",
            "amount": "10000"
          },
          {
            "account": "Lender",
            "amount": "0"
          }
        ],
        "allowance": {
          "owner": "Borrower",
          "remaining": "10000",
          "spent": "0"
        },
        "obligation": {
          "id": "Note",
          "debtor": "Borrower",
          "creditor": "Lender",
          "asset": "RailUSDCanonical",
          "principal": "5000",
          "accrued": "125",
          "outstanding": "5125",
          "status": "Outstanding"
        },
        "replay": "unused",
        "workRemaining": "4",
        "workSpent": "0"
      },
      "submitted": {
        "action": {
          "kind": "Repay",
          "obligation": "Note",
          "payer": "Borrower",
          "amount": "125",
          "conversion": "identity"
        },
        "effects": [
          {
            "kind": "Debit",
            "account": "Borrower",
            "asset": "RailUSDCanonical",
            "amount": "125"
          },
          {
            "kind": "Credit",
            "account": "Lender",
            "asset": "RailUSDCanonical",
            "amount": "125"
          },
          {
            "kind": "SetObligation",
            "id": "Note",
            "principal": "5000",
            "accrued": "0",
            "outstanding": "5000",
            "status": "Outstanding"
          },
          {
            "kind": "UseAllowance",
            "owner": "Borrower",
            "amount": "125"
          },
          {
            "kind": "UseReplay",
            "key": "note-n1"
          },
          {
            "kind": "AdvanceHead",
            "predecessor": "note-head-0",
            "successor": "note-head-1"
          }
        ],
        "postHead": "note-head-1"
      }
    },
    "candidate": {
      "status": "PreparedUnqualified",
      "core": "moriarty-core/5",
      "preHead": "note-head-0",
      "effects": [
        {
          "kind": "Debit",
          "account": "Borrower",
          "asset": "RailUSDCanonical",
          "amount": "125"
        },
        {
          "kind": "Credit",
          "account": "Lender",
          "asset": "RailUSDCanonical",
          "amount": "125"
        },
        {
          "kind": "SetObligation",
          "id": "Note",
          "principal": "5000",
          "accrued": "0",
          "outstanding": "5000",
          "status": "Outstanding"
        },
        {
          "kind": "UseAllowance",
          "owner": "Borrower",
          "amount": "125"
        },
        {
          "kind": "UseReplay",
          "key": "[\"HomeRail\",\"Borrower\",\"note-n1\"]"
        },
        {
          "kind": "AdvanceHead",
          "predecessor": "note-head-0",
          "successor": "note-head-1"
        }
      ],
      "candidatePost": {
        "core": "moriarty-core/5",
        "domain": "HomeRail",
        "asset": "RailUSDCanonical",
        "head": "note-head-1",
        "round": "4",
        "workRemaining": "3",
        "workSpent": "1",
        "balances": [
          {
            "account": "Borrower",
            "amount": "9875"
          },
          {
            "account": "Lender",
            "amount": "125"
          }
        ],
        "allowances": [
          {
            "owner": "Borrower",
            "remaining": "9875",
            "spent": "125"
          }
        ],
        "obligations": [
          {
            "id": "Note",
            "debtor": "Borrower",
            "creditor": "Lender",
            "asset": "RailUSDCanonical",
            "principal": "5000",
            "accrued": "0",
            "outstanding": "5000",
            "status": "Outstanding"
          }
        ],
        "consumedReplay": [
          "[\"HomeRail\",\"Borrower\",\"note-n1\"]"
        ]
      },
      "requiredPremises": [
        "canonical-intent-signature",
        "snapshot-to-head",
        "head-extension",
        "atomic-ledger-compare-and-consume"
      ]
    },
    "unverifiedBindings": [
      "agreement-id",
      "selected-program",
      "asset-scale",
      "authenticated-predecessor"
    ]
  },
  "qualification": "local-stipulation-only"
}
