{
  "status": "CoreRejected",
  "sourceHash": "c7090e6be5124795fd0c60d74860d8f5d221090a9ab88f0defcdc73e7d65a6d8",
  "scenarioHash": "bdf59e5196d95796179517f0c8c7e665f2a5bc3a17c2554f3e429891f45a94e2",
  "result": {
    "status": "CoreRejected",
    "ast": {
      "profile": "moriarty-financial-agreement-source/6",
      "programId": "Invoice",
      "domain": "Midnight",
      "settlement": {
        "asset": "A",
        "scale": "2"
      },
      "selected": {
        "actionId": "TransferLiteralFee",
        "sourceHash": "src1",
        "policyDigest": "policy1"
      },
      "intent": {
        "signer": "Owner",
        "keyRef": "key1",
        "nonce": "n1",
        "preHead": "h0",
        "notBefore": "0",
        "notAfter": "10",
        "grossCap": "1010",
        "feeCap": "10",
        "netFloor": "1000",
        "signedAction": {
          "kind": "Transfer",
          "from": "Owner",
          "to": "Recipient",
          "feeTo": "Fee",
          "value": "1000",
          "fee": "10"
        },
        "failure": "success_only",
        "observations": "empty",
        "disclosures": "empty",
        "retainedEffects": "empty",
        "retainedDuties": "empty",
        "delegation": "none",
        "recovery": "none"
      },
      "authenticated": {
        "head": "h0",
        "predecessor": "genesis",
        "round": "1",
        "balances": [
          {
            "account": "Owner",
            "amount": "10000"
          },
          {
            "account": "Recipient",
            "amount": "0"
          },
          {
            "account": "Fee",
            "amount": "0"
          }
        ],
        "allowance": {
          "owner": "Owner",
          "remaining": "10000",
          "spent": "0"
        },
        "replay": "unused",
        "workRemaining": "10",
        "workSpent": "0"
      },
      "submitted": {
        "action": {
          "kind": "Transfer",
          "from": "Owner",
          "to": "Recipient",
          "feeTo": "Fee",
          "value": "1000",
          "fee": "10"
        },
        "effects": [
          {
            "kind": "Debit",
            "account": "Owner",
            "asset": "A",
            "amount": "1"
          },
          {
            "kind": "Credit",
            "account": "Recipient",
            "asset": "A",
            "amount": "1"
          },
          {
            "kind": "UseAllowance",
            "owner": "Owner",
            "amount": "1"
          },
          {
            "kind": "UseReplay",
            "key": "n1"
          },
          {
            "kind": "AdvanceHead",
            "predecessor": "h0",
            "successor": "h1"
          }
        ],
        "postHead": "h1"
      }
    },
    "rejection": {
      "status": "Rejected",
      "judgment": "effect",
      "code": "S0_EFFECT_MISMATCH",
      "diagnosticWork": 1,
      "publishedPost": null,
      "publishedEffects": null
    }
  },
  "qualification": "local-stipulation-only"
}
