[Warning] Compiler: Variable 'BP0' defined but not used. Prefix variable name
with underscore if this is intentional.
	Source(/home/charl/Moriarty/.worktrees/sp03-numeric-semantics/experiments/moriarty-language/formal/k/moriarty.k)
	Location(118,42,118,45)
	118 |	  rule <k> finish(transferPacket(balance(BP0, BA0, B0), balance(BP1,
BA1, B1), allowance(AP, AA, AR, AS), obligation(OID, DEBTOR, CREDITOR, DENOM,
OA, P, I, O, RULE, STATUS, conversion(M, SCALE, ROUND)), work(WR, WS, RES),
transfer(TID, FROM, TO, TA, T), H), SI, RI) => .K </k>
	    .	                                         ^~~
[Warning] Compiler: Variable 'BA0' defined but not used. Prefix variable name
with underscore if this is intentional.
	Source(/home/charl/Moriarty/.worktrees/sp03-numeric-semantics/experiments/moriarty-language/formal/k/moriarty.k)
	Location(118,47,118,50)
	118 |	  rule <k> finish(transferPacket(balance(BP0, BA0, B0), balance(BP1,
BA1, B1), allowance(AP, AA, AR, AS), obligation(OID, DEBTOR, CREDITOR, DENOM,
OA, P, I, O, RULE, STATUS, conversion(M, SCALE, ROUND)), work(WR, WS, RES),
transfer(TID, FROM, TO, TA, T), H), SI, RI) => .K </k>
	    .	                                              ^~~
[Warning] Compiler: Variable 'BP1' defined but not used. Prefix variable name
with underscore if this is intentional.
	Source(/home/charl/Moriarty/.worktrees/sp03-numeric-semantics/experiments/moriarty-language/formal/k/moriarty.k)
	Location(118,65,118,68)
	118 |	  rule <k> finish(transferPacket(balance(BP0, BA0, B0), balance(BP1,
BA1, B1), allowance(AP, AA, AR, AS), obligation(OID, DEBTOR, CREDITOR, DENOM,
OA, P, I, O, RULE, STATUS, conversion(M, SCALE, ROUND)), work(WR, WS, RES),
transfer(TID, FROM, TO, TA, T), H), SI, RI) => .K </k>
	    .	                                                                ^~~
[Warning] Compiler: Variable 'BA1' defined but not used. Prefix variable name
with underscore if this is intentional.
	Source(/home/charl/Moriarty/.worktrees/sp03-numeric-semantics/experiments/moriarty-language/formal/k/moriarty.k)
	Location(118,70,118,73)
	118 |	  rule <k> finish(transferPacket(balance(BP0, BA0, B0), balance(BP1,
BA1, B1), allowance(AP, AA, AR, AS), obligation(OID, DEBTOR, CREDITOR, DENOM,
OA, P, I, O, RULE, STATUS, conversion(M, SCALE, ROUND)), work(WR, WS, RES),
transfer(TID, FROM, TO, TA, T), H), SI, RI) => .K </k>
	    .	                                                                     ^~~
[Warning] Compiler: Variable 'AP' defined but not used. Prefix variable name
with underscore if this is intentional.
	Source(/home/charl/Moriarty/.worktrees/sp03-numeric-semantics/experiments/moriarty-language/formal/k/moriarty.k)
	Location(118,90,118,92)
	118 |	  rule <k> finish(transferPacket(balance(BP0, BA0, B0), balance(BP1,
BA1, B1), allowance(AP, AA, AR, AS), obligation(OID, DEBTOR, CREDITOR, DENOM,
OA, P, I, O, RULE, STATUS, conversion(M, SCALE, ROUND)), work(WR, WS, RES),
transfer(TID, FROM, TO, TA, T), H), SI, RI) => .K </k>
	    .	                                                                        
                ^~
[Warning] Compiler: Variable 'AA' defined but not used. Prefix variable name
with underscore if this is intentional.
	Source(/home/charl/Moriarty/.worktrees/sp03-numeric-semantics/experiments/moriarty-language/formal/k/moriarty.k)
	Location(118,94,118,96)
	118 |	  rule <k> finish(transferPacket(balance(BP0, BA0, B0), balance(BP1,
BA1, B1), allowance(AP, AA, AR, AS), obligation(OID, DEBTOR, CREDITOR, DENOM,
OA, P, I, O, RULE, STATUS, conversion(M, SCALE, ROUND)), work(WR, WS, RES),
transfer(TID, FROM, TO, TA, T), H), SI, RI) => .K </k>
	    .	                                                                        
                    ^~
[Warning] Compiler: Variable 'OID' defined but not used. Prefix variable name
with underscore if this is intentional.
	Source(/home/charl/Moriarty/.worktrees/sp03-numeric-semantics/experiments/moriarty-language/formal/k/moriarty.k)
	Location(118,118,118,121)
	118 |	  rule <k> finish(transferPacket(balance(BP0, BA0, B0), balance(BP1,
BA1, B1), allowance(AP, AA, AR, AS), obligation(OID, DEBTOR, CREDITOR, DENOM,
OA, P, I, O, RULE, STATUS, conversion(M, SCALE, ROUND)), work(WR, WS, RES),
transfer(TID, FROM, TO, TA, T), H), SI, RI) => .K </k>
	    .	                                                                        
                                            ^~~
[Warning] Compiler: Variable 'DEBTOR' defined but not used. Prefix variable
name with underscore if this is intentional.
	Source(/home/charl/Moriarty/.worktrees/sp03-numeric-semantics/experiments/moriarty-language/formal/k/moriarty.k)
	Location(118,123,118,129)
	118 |	  rule <k> finish(transferPacket(balance(BP0, BA0, B0), balance(BP1,
BA1, B1), allowance(AP, AA, AR, AS), obligation(OID, DEBTOR, CREDITOR, DENOM,
OA, P, I, O, RULE, STATUS, conversion(M, SCALE, ROUND)), work(WR, WS, RES),
transfer(TID, FROM, TO, TA, T), H), SI, RI) => .K </k>
	    .	                                                                        
                                                 ^~~~~~
[Warning] Compiler: Variable 'CREDITOR' defined but not used. Prefix variable
name with underscore if this is intentional.
	Source(/home/charl/Moriarty/.worktrees/sp03-numeric-semantics/experiments/moriarty-language/formal/k/moriarty.k)
	Location(118,131,118,139)
	118 |	  rule <k> finish(transferPacket(balance(BP0, BA0, B0), balance(BP1,
BA1, B1), allowance(AP, AA, AR, AS), obligation(OID, DEBTOR, CREDITOR, DENOM,
OA, P, I, O, RULE, STATUS, conversion(M, SCALE, ROUND)), work(WR, WS, RES),
transfer(TID, FROM, TO, TA, T), H), SI, RI) => .K </k>
	    .	                                                                        
                                                         ^~~~~~~~
[Warning] Compiler: Variable 'DENOM' defined but not used. Prefix variable name
with underscore if this is intentional.
	Source(/home/charl/Moriarty/.worktrees/sp03-numeric-semantics/experiments/moriarty-language/formal/k/moriarty.k)
	Location(118,141,118,146)
	118 |	  rule <k> finish(transferPacket(balance(BP0, BA0, B0), balance(BP1,
BA1, B1), allowance(AP, AA, AR, AS), obligation(OID, DEBTOR, CREDITOR, DENOM,
OA, P, I, O, RULE, STATUS, conversion(M, SCALE, ROUND)), work(WR, WS, RES),
transfer(TID, FROM, TO, TA, T), H), SI, RI) => .K </k>
	    .	                                                                        
                                                                   ^~~~~
[Warning] Compiler: Variable 'OA' defined but not used. Prefix variable name
with underscore if this is intentional.
	Source(/home/charl/Moriarty/.worktrees/sp03-numeric-semantics/experiments/moriarty-language/formal/k/moriarty.k)
	Location(118,148,118,150)
	118 |	  rule <k> finish(transferPacket(balance(BP0, BA0, B0), balance(BP1,
BA1, B1), allowance(AP, AA, AR, AS), obligation(OID, DEBTOR, CREDITOR, DENOM,
OA, P, I, O, RULE, STATUS, conversion(M, SCALE, ROUND)), work(WR, WS, RES),
transfer(TID, FROM, TO, TA, T), H), SI, RI) => .K </k>
	    .	                                                                        
                                                                          ^~
[Warning] Compiler: Variable 'P' defined but not used. Prefix variable name
with underscore if this is intentional.
	Source(/home/charl/Moriarty/.worktrees/sp03-numeric-semantics/experiments/moriarty-language/formal/k/moriarty.k)
	Location(118,152,118,153)
	118 |	  rule <k> finish(transferPacket(balance(BP0, BA0, B0), balance(BP1,
BA1, B1), allowance(AP, AA, AR, AS), obligation(OID, DEBTOR, CREDITOR, DENOM,
OA, P, I, O, RULE, STATUS, conversion(M, SCALE, ROUND)), work(WR, WS, RES),
transfer(TID, FROM, TO, TA, T), H), SI, RI) => .K </k>
	    .	                                                                        
                                                                              ^
[Warning] Compiler: Variable 'I' defined but not used. Prefix variable name
with underscore if this is intentional.
	Source(/home/charl/Moriarty/.worktrees/sp03-numeric-semantics/experiments/moriarty-language/formal/k/moriarty.k)
	Location(118,155,118,156)
	118 |	  rule <k> finish(transferPacket(balance(BP0, BA0, B0), balance(BP1,
BA1, B1), allowance(AP, AA, AR, AS), obligation(OID, DEBTOR, CREDITOR, DENOM,
OA, P, I, O, RULE, STATUS, conversion(M, SCALE, ROUND)), work(WR, WS, RES),
transfer(TID, FROM, TO, TA, T), H), SI, RI) => .K </k>
	    .	                                                                        
                                                                                
^
[Warning] Compiler: Variable 'O' defined but not used. Prefix variable name
with underscore if this is intentional.
	Source(/home/charl/Moriarty/.worktrees/sp03-numeric-semantics/experiments/moriarty-language/formal/k/moriarty.k)
	Location(118,158,118,159)
	118 |	  rule <k> finish(transferPacket(balance(BP0, BA0, B0), balance(BP1,
BA1, B1), allowance(AP, AA, AR, AS), obligation(OID, DEBTOR, CREDITOR, DENOM,
OA, P, I, O, RULE, STATUS, conversion(M, SCALE, ROUND)), work(WR, WS, RES),
transfer(TID, FROM, TO, TA, T), H), SI, RI) => .K </k>
	    .	                                                                        
                                                                                
   ^
[Warning] Compiler: Variable 'RULE' defined but not used. Prefix variable name
with underscore if this is intentional.
	Source(/home/charl/Moriarty/.worktrees/sp03-numeric-semantics/experiments/moriarty-language/formal/k/moriarty.k)
	Location(118,161,118,165)
	118 |	  rule <k> finish(transferPacket(balance(BP0, BA0, B0), balance(BP1,
BA1, B1), allowance(AP, AA, AR, AS), obligation(OID, DEBTOR, CREDITOR, DENOM,
OA, P, I, O, RULE, STATUS, conversion(M, SCALE, ROUND)), work(WR, WS, RES),
transfer(TID, FROM, TO, TA, T), H), SI, RI) => .K </k>
	    .	                                                                        
                                                                                
      ^~~~
[Warning] Compiler: Variable 'STATUS' defined but not used. Prefix variable
name with underscore if this is intentional.
	Source(/home/charl/Moriarty/.worktrees/sp03-numeric-semantics/experiments/moriarty-language/formal/k/moriarty.k)
	Location(118,167,118,173)
	118 |	  rule <k> finish(transferPacket(balance(BP0, BA0, B0), balance(BP1,
BA1, B1), allowance(AP, AA, AR, AS), obligation(OID, DEBTOR, CREDITOR, DENOM,
OA, P, I, O, RULE, STATUS, conversion(M, SCALE, ROUND)), work(WR, WS, RES),
transfer(TID, FROM, TO, TA, T), H), SI, RI) => .K </k>
	    .	                                                                        
                                                                                
            ^~~~~~
[Warning] Compiler: Variable 'M' defined but not used. Prefix variable name
with underscore if this is intentional.
	Source(/home/charl/Moriarty/.worktrees/sp03-numeric-semantics/experiments/moriarty-language/formal/k/moriarty.k)
	Location(118,186,118,187)
	118 |	  rule <k> finish(transferPacket(balance(BP0, BA0, B0), balance(BP1,
BA1, B1), allowance(AP, AA, AR, AS), obligation(OID, DEBTOR, CREDITOR, DENOM,
OA, P, I, O, RULE, STATUS, conversion(M, SCALE, ROUND)), work(WR, WS, RES),
transfer(TID, FROM, TO, TA, T), H), SI, RI) => .K </k>
	    .	                                                                        
                                                                                
                               ^
[Warning] Compiler: Variable 'SCALE' defined but not used. Prefix variable name
with underscore if this is intentional.
	Source(/home/charl/Moriarty/.worktrees/sp03-numeric-semantics/experiments/moriarty-language/formal/k/moriarty.k)
	Location(118,189,118,194)
	118 |	  rule <k> finish(transferPacket(balance(BP0, BA0, B0), balance(BP1,
BA1, B1), allowance(AP, AA, AR, AS), obligation(OID, DEBTOR, CREDITOR, DENOM,
OA, P, I, O, RULE, STATUS, conversion(M, SCALE, ROUND)), work(WR, WS, RES),
transfer(TID, FROM, TO, TA, T), H), SI, RI) => .K </k>
	    .	                                                                        
                                                                                
                                  ^~~~~
[Warning] Compiler: Variable 'ROUND' defined but not used. Prefix variable name
with underscore if this is intentional.
	Source(/home/charl/Moriarty/.worktrees/sp03-numeric-semantics/experiments/moriarty-language/formal/k/moriarty.k)
	Location(118,196,118,201)
	118 |	  rule <k> finish(transferPacket(balance(BP0, BA0, B0), balance(BP1,
BA1, B1), allowance(AP, AA, AR, AS), obligation(OID, DEBTOR, CREDITOR, DENOM,
OA, P, I, O, RULE, STATUS, conversion(M, SCALE, ROUND)), work(WR, WS, RES),
transfer(TID, FROM, TO, TA, T), H), SI, RI) => .K </k>
	    .	                                                                        
                                                                                
                                         ^~~~~
[Warning] Compiler: Variable 'RES' defined but not used. Prefix variable name
with underscore if this is intentional.
	Source(/home/charl/Moriarty/.worktrees/sp03-numeric-semantics/experiments/moriarty-language/formal/k/moriarty.k)
	Location(118,218,118,221)
	118 |	  rule <k> finish(transferPacket(balance(BP0, BA0, B0), balance(BP1,
BA1, B1), allowance(AP, AA, AR, AS), obligation(OID, DEBTOR, CREDITOR, DENOM,
OA, P, I, O, RULE, STATUS, conversion(M, SCALE, ROUND)), work(WR, WS, RES),
transfer(TID, FROM, TO, TA, T), H), SI, RI) => .K </k>
	    .	                                                                        
                                                                                
                                                               ^~~
[Warning] Compiler: Variable 'TID' defined but not used. Prefix variable name
with underscore if this is intentional.
	Source(/home/charl/Moriarty/.worktrees/sp03-numeric-semantics/experiments/moriarty-language/formal/k/moriarty.k)
	Location(118,233,118,236)
	118 |	  rule <k> finish(transferPacket(balance(BP0, BA0, B0), balance(BP1,
BA1, B1), allowance(AP, AA, AR, AS), obligation(OID, DEBTOR, CREDITOR, DENOM,
OA, P, I, O, RULE, STATUS, conversion(M, SCALE, ROUND)), work(WR, WS, RES),
transfer(TID, FROM, TO, TA, T), H), SI, RI) => .K </k>
	    .	                                                                        
                                                                                
                                                                              ^~~
[Warning] Compiler: Variable 'FROM' defined but not used. Prefix variable name
with underscore if this is intentional.
	Source(/home/charl/Moriarty/.worktrees/sp03-numeric-semantics/experiments/moriarty-language/formal/k/moriarty.k)
	Location(118,238,118,242)
	118 |	  rule <k> finish(transferPacket(balance(BP0, BA0, B0), balance(BP1,
BA1, B1), allowance(AP, AA, AR, AS), obligation(OID, DEBTOR, CREDITOR, DENOM,
OA, P, I, O, RULE, STATUS, conversion(M, SCALE, ROUND)), work(WR, WS, RES),
transfer(TID, FROM, TO, TA, T), H), SI, RI) => .K </k>
	    .	                                                                        
                                                                                
                                                                                
  ^~~~
[Warning] Compiler: Variable 'TO' defined but not used. Prefix variable name
with underscore if this is intentional.
	Source(/home/charl/Moriarty/.worktrees/sp03-numeric-semantics/experiments/moriarty-language/formal/k/moriarty.k)
	Location(118,244,118,246)
	118 |	  rule <k> finish(transferPacket(balance(BP0, BA0, B0), balance(BP1,
BA1, B1), allowance(AP, AA, AR, AS), obligation(OID, DEBTOR, CREDITOR, DENOM,
OA, P, I, O, RULE, STATUS, conversion(M, SCALE, ROUND)), work(WR, WS, RES),
transfer(TID, FROM, TO, TA, T), H), SI, RI) => .K </k>
	    .	                                                                        
                                                                                
                                                                                
        ^~
[Warning] Compiler: Variable 'TA' defined but not used. Prefix variable name
with underscore if this is intentional.
	Source(/home/charl/Moriarty/.worktrees/sp03-numeric-semantics/experiments/moriarty-language/formal/k/moriarty.k)
	Location(118,248,118,250)
	118 |	  rule <k> finish(transferPacket(balance(BP0, BA0, B0), balance(BP1,
BA1, B1), allowance(AP, AA, AR, AS), obligation(OID, DEBTOR, CREDITOR, DENOM,
OA, P, I, O, RULE, STATUS, conversion(M, SCALE, ROUND)), work(WR, WS, RES),
transfer(TID, FROM, TO, TA, T), H), SI, RI) => .K </k>
	    .	                                                                        
                                                                                
                                                                                
            ^~
[Warning] Compiler: Variable 'BP0' defined but not used. Prefix variable name
with underscore if this is intentional.
	Source(/home/charl/Moriarty/.worktrees/sp03-numeric-semantics/experiments/moriarty-language/formal/k/moriarty.k)
	Location(148,39,148,42)
	148 |	  rule <k> finishRepay(packet(balance(BP0, BA0, B0), balance(BP1, BA1,
B1), allowance(AP, AA, AR, AS), obligation(OID, DEBTOR, CREDITOR, DENOM, OA, P,
I, O, RULE, STATUS, conversion(M, SCALE, ROUND)), work(WR, WS, RES),
transfer(TID, FROM, TO, TA, T), repay(AID, RTID, ROID, PAYER, N), H), SI, RI,
CASH, DP) => .K </k>
	    .	                                      ^~~
[Warning] Compiler: Variable 'BA0' defined but not used. Prefix variable name
with underscore if this is intentional.
	Source(/home/charl/Moriarty/.worktrees/sp03-numeric-semantics/experiments/moriarty-language/formal/k/moriarty.k)
	Location(148,44,148,47)
	148 |	  rule <k> finishRepay(packet(balance(BP0, BA0, B0), balance(BP1, BA1,
B1), allowance(AP, AA, AR, AS), obligation(OID, DEBTOR, CREDITOR, DENOM, OA, P,
I, O, RULE, STATUS, conversion(M, SCALE, ROUND)), work(WR, WS, RES),
transfer(TID, FROM, TO, TA, T), repay(AID, RTID, ROID, PAYER, N), H), SI, RI,
CASH, DP) => .K </k>
	    .	                                           ^~~
[Warning] Compiler: Variable 'BP1' defined but not used. Prefix variable name
with underscore if this is intentional.
	Source(/home/charl/Moriarty/.worktrees/sp03-numeric-semantics/experiments/moriarty-language/formal/k/moriarty.k)
	Location(148,62,148,65)
	148 |	  rule <k> finishRepay(packet(balance(BP0, BA0, B0), balance(BP1, BA1,
B1), allowance(AP, AA, AR, AS), obligation(OID, DEBTOR, CREDITOR, DENOM, OA, P,
I, O, RULE, STATUS, conversion(M, SCALE, ROUND)), work(WR, WS, RES),
transfer(TID, FROM, TO, TA, T), repay(AID, RTID, ROID, PAYER, N), H), SI, RI,
CASH, DP) => .K </k>
	    .	                                                             ^~~
[Warning] Compiler: Variable 'BA1' defined but not used. Prefix variable name
with underscore if this is intentional.
	Source(/home/charl/Moriarty/.worktrees/sp03-numeric-semantics/experiments/moriarty-language/formal/k/moriarty.k)
	Location(148,67,148,70)
	148 |	  rule <k> finishRepay(packet(balance(BP0, BA0, B0), balance(BP1, BA1,
B1), allowance(AP, AA, AR, AS), obligation(OID, DEBTOR, CREDITOR, DENOM, OA, P,
I, O, RULE, STATUS, conversion(M, SCALE, ROUND)), work(WR, WS, RES),
transfer(TID, FROM, TO, TA, T), repay(AID, RTID, ROID, PAYER, N), H), SI, RI,
CASH, DP) => .K </k>
	    .	                                                                  ^~~
[Warning] Compiler: Variable 'AP' defined but not used. Prefix variable name
with underscore if this is intentional.
	Source(/home/charl/Moriarty/.worktrees/sp03-numeric-semantics/experiments/moriarty-language/formal/k/moriarty.k)
	Location(148,87,148,89)
	148 |	  rule <k> finishRepay(packet(balance(BP0, BA0, B0), balance(BP1, BA1,
B1), allowance(AP, AA, AR, AS), obligation(OID, DEBTOR, CREDITOR, DENOM, OA, P,
I, O, RULE, STATUS, conversion(M, SCALE, ROUND)), work(WR, WS, RES),
transfer(TID, FROM, TO, TA, T), repay(AID, RTID, ROID, PAYER, N), H), SI, RI,
CASH, DP) => .K </k>
	    .	                                                                        
             ^~
[Warning] Compiler: Variable 'AA' defined but not used. Prefix variable name
with underscore if this is intentional.
	Source(/home/charl/Moriarty/.worktrees/sp03-numeric-semantics/experiments/moriarty-language/formal/k/moriarty.k)
	Location(148,91,148,93)
	148 |	  rule <k> finishRepay(packet(balance(BP0, BA0, B0), balance(BP1, BA1,
B1), allowance(AP, AA, AR, AS), obligation(OID, DEBTOR, CREDITOR, DENOM, OA, P,
I, O, RULE, STATUS, conversion(M, SCALE, ROUND)), work(WR, WS, RES),
transfer(TID, FROM, TO, TA, T), repay(AID, RTID, ROID, PAYER, N), H), SI, RI,
CASH, DP) => .K </k>
	    .	                                                                        
                 ^~
[Warning] Compiler: Variable 'OID' defined but not used. Prefix variable name
with underscore if this is intentional.
	Source(/home/charl/Moriarty/.worktrees/sp03-numeric-semantics/experiments/moriarty-language/formal/k/moriarty.k)
	Location(148,115,148,118)
	148 |	  rule <k> finishRepay(packet(balance(BP0, BA0, B0), balance(BP1, BA1,
B1), allowance(AP, AA, AR, AS), obligation(OID, DEBTOR, CREDITOR, DENOM, OA, P,
I, O, RULE, STATUS, conversion(M, SCALE, ROUND)), work(WR, WS, RES),
transfer(TID, FROM, TO, TA, T), repay(AID, RTID, ROID, PAYER, N), H), SI, RI,
CASH, DP) => .K </k>
	    .	                                                                        
                                         ^~~
[Warning] Compiler: Variable 'DEBTOR' defined but not used. Prefix variable
name with underscore if this is intentional.
	Source(/home/charl/Moriarty/.worktrees/sp03-numeric-semantics/experiments/moriarty-language/formal/k/moriarty.k)
	Location(148,120,148,126)
	148 |	  rule <k> finishRepay(packet(balance(BP0, BA0, B0), balance(BP1, BA1,
B1), allowance(AP, AA, AR, AS), obligation(OID, DEBTOR, CREDITOR, DENOM, OA, P,
I, O, RULE, STATUS, conversion(M, SCALE, ROUND)), work(WR, WS, RES),
transfer(TID, FROM, TO, TA, T), repay(AID, RTID, ROID, PAYER, N), H), SI, RI,
CASH, DP) => .K </k>
	    .	                                                                        
                                              ^~~~~~
[Warning] Compiler: Variable 'CREDITOR' defined but not used. Prefix variable
name with underscore if this is intentional.
	Source(/home/charl/Moriarty/.worktrees/sp03-numeric-semantics/experiments/moriarty-language/formal/k/moriarty.k)
	Location(148,128,148,136)
	148 |	  rule <k> finishRepay(packet(balance(BP0, BA0, B0), balance(BP1, BA1,
B1), allowance(AP, AA, AR, AS), obligation(OID, DEBTOR, CREDITOR, DENOM, OA, P,
I, O, RULE, STATUS, conversion(M, SCALE, ROUND)), work(WR, WS, RES),
transfer(TID, FROM, TO, TA, T), repay(AID, RTID, ROID, PAYER, N), H), SI, RI,
CASH, DP) => .K </k>
	    .	                                                                        
                                                      ^~~~~~~~
[Warning] Compiler: Variable 'DENOM' defined but not used. Prefix variable name
with underscore if this is intentional.
	Source(/home/charl/Moriarty/.worktrees/sp03-numeric-semantics/experiments/moriarty-language/formal/k/moriarty.k)
	Location(148,138,148,143)
	148 |	  rule <k> finishRepay(packet(balance(BP0, BA0, B0), balance(BP1, BA1,
B1), allowance(AP, AA, AR, AS), obligation(OID, DEBTOR, CREDITOR, DENOM, OA, P,
I, O, RULE, STATUS, conversion(M, SCALE, ROUND)), work(WR, WS, RES),
transfer(TID, FROM, TO, TA, T), repay(AID, RTID, ROID, PAYER, N), H), SI, RI,
CASH, DP) => .K </k>
	    .	                                                                        
                                                                ^~~~~
[Warning] Compiler: Variable 'OA' defined but not used. Prefix variable name
with underscore if this is intentional.
	Source(/home/charl/Moriarty/.worktrees/sp03-numeric-semantics/experiments/moriarty-language/formal/k/moriarty.k)
	Location(148,145,148,147)
	148 |	  rule <k> finishRepay(packet(balance(BP0, BA0, B0), balance(BP1, BA1,
B1), allowance(AP, AA, AR, AS), obligation(OID, DEBTOR, CREDITOR, DENOM, OA, P,
I, O, RULE, STATUS, conversion(M, SCALE, ROUND)), work(WR, WS, RES),
transfer(TID, FROM, TO, TA, T), repay(AID, RTID, ROID, PAYER, N), H), SI, RI,
CASH, DP) => .K </k>
	    .	                                                                        
                                                                       ^~
[Warning] Compiler: Variable 'RULE' defined but not used. Prefix variable name
with underscore if this is intentional.
	Source(/home/charl/Moriarty/.worktrees/sp03-numeric-semantics/experiments/moriarty-language/formal/k/moriarty.k)
	Location(148,158,148,162)
	148 |	  rule <k> finishRepay(packet(balance(BP0, BA0, B0), balance(BP1, BA1,
B1), allowance(AP, AA, AR, AS), obligation(OID, DEBTOR, CREDITOR, DENOM, OA, P,
I, O, RULE, STATUS, conversion(M, SCALE, ROUND)), work(WR, WS, RES),
transfer(TID, FROM, TO, TA, T), repay(AID, RTID, ROID, PAYER, N), H), SI, RI,
CASH, DP) => .K </k>
	    .	                                                                        
                                                                                
   ^~~~
[Warning] Compiler: Variable 'STATUS' defined but not used. Prefix variable
name with underscore if this is intentional.
	Source(/home/charl/Moriarty/.worktrees/sp03-numeric-semantics/experiments/moriarty-language/formal/k/moriarty.k)
	Location(148,164,148,170)
	148 |	  rule <k> finishRepay(packet(balance(BP0, BA0, B0), balance(BP1, BA1,
B1), allowance(AP, AA, AR, AS), obligation(OID, DEBTOR, CREDITOR, DENOM, OA, P,
I, O, RULE, STATUS, conversion(M, SCALE, ROUND)), work(WR, WS, RES),
transfer(TID, FROM, TO, TA, T), repay(AID, RTID, ROID, PAYER, N), H), SI, RI,
CASH, DP) => .K </k>
	    .	                                                                        
                                                                                
         ^~~~~~
[Warning] Compiler: Variable 'M' defined but not used. Prefix variable name
with underscore if this is intentional.
	Source(/home/charl/Moriarty/.worktrees/sp03-numeric-semantics/experiments/moriarty-language/formal/k/moriarty.k)
	Location(148,183,148,184)
	148 |	  rule <k> finishRepay(packet(balance(BP0, BA0, B0), balance(BP1, BA1,
B1), allowance(AP, AA, AR, AS), obligation(OID, DEBTOR, CREDITOR, DENOM, OA, P,
I, O, RULE, STATUS, conversion(M, SCALE, ROUND)), work(WR, WS, RES),
transfer(TID, FROM, TO, TA, T), repay(AID, RTID, ROID, PAYER, N), H), SI, RI,
CASH, DP) => .K </k>
	    .	                                                                        
                                                                                
                            ^
[Warning] Compiler: Variable 'SCALE' defined but not used. Prefix variable name
with underscore if this is intentional.
	Source(/home/charl/Moriarty/.worktrees/sp03-numeric-semantics/experiments/moriarty-language/formal/k/moriarty.k)
	Location(148,186,148,191)
	148 |	  rule <k> finishRepay(packet(balance(BP0, BA0, B0), balance(BP1, BA1,
B1), allowance(AP, AA, AR, AS), obligation(OID, DEBTOR, CREDITOR, DENOM, OA, P,
I, O, RULE, STATUS, conversion(M, SCALE, ROUND)), work(WR, WS, RES),
transfer(TID, FROM, TO, TA, T), repay(AID, RTID, ROID, PAYER, N), H), SI, RI,
CASH, DP) => .K </k>
	    .	                                                                        
                                                                                
                               ^~~~~
[Warning] Compiler: Variable 'ROUND' defined but not used. Prefix variable name
with underscore if this is intentional.
	Source(/home/charl/Moriarty/.worktrees/sp03-numeric-semantics/experiments/moriarty-language/formal/k/moriarty.k)
	Location(148,193,148,198)
	148 |	  rule <k> finishRepay(packet(balance(BP0, BA0, B0), balance(BP1, BA1,
B1), allowance(AP, AA, AR, AS), obligation(OID, DEBTOR, CREDITOR, DENOM, OA, P,
I, O, RULE, STATUS, conversion(M, SCALE, ROUND)), work(WR, WS, RES),
transfer(TID, FROM, TO, TA, T), repay(AID, RTID, ROID, PAYER, N), H), SI, RI,
CASH, DP) => .K </k>
	    .	                                                                        
                                                                                
                                      ^~~~~
[Warning] Compiler: Variable 'RES' defined but not used. Prefix variable name
with underscore if this is intentional.
	Source(/home/charl/Moriarty/.worktrees/sp03-numeric-semantics/experiments/moriarty-language/formal/k/moriarty.k)
	Location(148,215,148,218)
	148 |	  rule <k> finishRepay(packet(balance(BP0, BA0, B0), balance(BP1, BA1,
B1), allowance(AP, AA, AR, AS), obligation(OID, DEBTOR, CREDITOR, DENOM, OA, P,
I, O, RULE, STATUS, conversion(M, SCALE, ROUND)), work(WR, WS, RES),
transfer(TID, FROM, TO, TA, T), repay(AID, RTID, ROID, PAYER, N), H), SI, RI,
CASH, DP) => .K </k>
	    .	                                                                        
                                                                                
                                                            ^~~
[Warning] Compiler: Variable 'TID' defined but not used. Prefix variable name
with underscore if this is intentional.
	Source(/home/charl/Moriarty/.worktrees/sp03-numeric-semantics/experiments/moriarty-language/formal/k/moriarty.k)
	Location(148,230,148,233)
	148 |	  rule <k> finishRepay(packet(balance(BP0, BA0, B0), balance(BP1, BA1,
B1), allowance(AP, AA, AR, AS), obligation(OID, DEBTOR, CREDITOR, DENOM, OA, P,
I, O, RULE, STATUS, conversion(M, SCALE, ROUND)), work(WR, WS, RES),
transfer(TID, FROM, TO, TA, T), repay(AID, RTID, ROID, PAYER, N), H), SI, RI,
CASH, DP) => .K </k>
	    .	                                                                        
                                                                                
                                                                           ^~~
[Warning] Compiler: Variable 'FROM' defined but not used. Prefix variable name
with underscore if this is intentional.
	Source(/home/charl/Moriarty/.worktrees/sp03-numeric-semantics/experiments/moriarty-language/formal/k/moriarty.k)
	Location(148,235,148,239)
	148 |	  rule <k> finishRepay(packet(balance(BP0, BA0, B0), balance(BP1, BA1,
B1), allowance(AP, AA, AR, AS), obligation(OID, DEBTOR, CREDITOR, DENOM, OA, P,
I, O, RULE, STATUS, conversion(M, SCALE, ROUND)), work(WR, WS, RES),
transfer(TID, FROM, TO, TA, T), repay(AID, RTID, ROID, PAYER, N), H), SI, RI,
CASH, DP) => .K </k>
	    .	                                                                        
                                                                                
                                                                                ^~~~
[Warning] Compiler: Variable 'TO' defined but not used. Prefix variable name
with underscore if this is intentional.
	Source(/home/charl/Moriarty/.worktrees/sp03-numeric-semantics/experiments/moriarty-language/formal/k/moriarty.k)
	Location(148,241,148,243)
	148 |	  rule <k> finishRepay(packet(balance(BP0, BA0, B0), balance(BP1, BA1,
B1), allowance(AP, AA, AR, AS), obligation(OID, DEBTOR, CREDITOR, DENOM, OA, P,
I, O, RULE, STATUS, conversion(M, SCALE, ROUND)), work(WR, WS, RES),
transfer(TID, FROM, TO, TA, T), repay(AID, RTID, ROID, PAYER, N), H), SI, RI,
CASH, DP) => .K </k>
	    .	                                                                        
                                                                                
                                                                                
     ^~
[Warning] Compiler: Variable 'TA' defined but not used. Prefix variable name
with underscore if this is intentional.
	Source(/home/charl/Moriarty/.worktrees/sp03-numeric-semantics/experiments/moriarty-language/formal/k/moriarty.k)
	Location(148,245,148,247)
	148 |	  rule <k> finishRepay(packet(balance(BP0, BA0, B0), balance(BP1, BA1,
B1), allowance(AP, AA, AR, AS), obligation(OID, DEBTOR, CREDITOR, DENOM, OA, P,
I, O, RULE, STATUS, conversion(M, SCALE, ROUND)), work(WR, WS, RES),
transfer(TID, FROM, TO, TA, T), repay(AID, RTID, ROID, PAYER, N), H), SI, RI,
CASH, DP) => .K </k>
	    .	                                                                        
                                                                                
                                                                                
         ^~
[Warning] Compiler: Variable 'AID' defined but not used. Prefix variable name
with underscore if this is intentional.
	Source(/home/charl/Moriarty/.worktrees/sp03-numeric-semantics/experiments/moriarty-language/formal/k/moriarty.k)
	Location(148,259,148,262)
	148 |	  rule <k> finishRepay(packet(balance(BP0, BA0, B0), balance(BP1, BA1,
B1), allowance(AP, AA, AR, AS), obligation(OID, DEBTOR, CREDITOR, DENOM, OA, P,
I, O, RULE, STATUS, conversion(M, SCALE, ROUND)), work(WR, WS, RES),
transfer(TID, FROM, TO, TA, T), repay(AID, RTID, ROID, PAYER, N), H), SI, RI,
CASH, DP) => .K </k>
	    .	                                                                        
                                                                                
                                                                                
                       ^~~
[Warning] Compiler: Variable 'RTID' defined but not used. Prefix variable name
with underscore if this is intentional.
	Source(/home/charl/Moriarty/.worktrees/sp03-numeric-semantics/experiments/moriarty-language/formal/k/moriarty.k)
	Location(148,264,148,268)
	148 |	  rule <k> finishRepay(packet(balance(BP0, BA0, B0), balance(BP1, BA1,
B1), allowance(AP, AA, AR, AS), obligation(OID, DEBTOR, CREDITOR, DENOM, OA, P,
I, O, RULE, STATUS, conversion(M, SCALE, ROUND)), work(WR, WS, RES),
transfer(TID, FROM, TO, TA, T), repay(AID, RTID, ROID, PAYER, N), H), SI, RI,
CASH, DP) => .K </k>
	    .	                                                                        
                                                                                
                                                                                
                            ^~~~
[Warning] Compiler: Variable 'ROID' defined but not used. Prefix variable name
with underscore if this is intentional.
	Source(/home/charl/Moriarty/.worktrees/sp03-numeric-semantics/experiments/moriarty-language/formal/k/moriarty.k)
	Location(148,270,148,274)
	148 |	  rule <k> finishRepay(packet(balance(BP0, BA0, B0), balance(BP1, BA1,
B1), allowance(AP, AA, AR, AS), obligation(OID, DEBTOR, CREDITOR, DENOM, OA, P,
I, O, RULE, STATUS, conversion(M, SCALE, ROUND)), work(WR, WS, RES),
transfer(TID, FROM, TO, TA, T), repay(AID, RTID, ROID, PAYER, N), H), SI, RI,
CASH, DP) => .K </k>
	    .	                                                                        
                                                                                
                                                                                
                                  ^~~~
[Warning] Compiler: Variable 'PAYER' defined but not used. Prefix variable name
with underscore if this is intentional.
	Source(/home/charl/Moriarty/.worktrees/sp03-numeric-semantics/experiments/moriarty-language/formal/k/moriarty.k)
	Location(148,276,148,281)
	148 |	  rule <k> finishRepay(packet(balance(BP0, BA0, B0), balance(BP1, BA1,
B1), allowance(AP, AA, AR, AS), obligation(OID, DEBTOR, CREDITOR, DENOM, OA, P,
I, O, RULE, STATUS, conversion(M, SCALE, ROUND)), work(WR, WS, RES),
transfer(TID, FROM, TO, TA, T), repay(AID, RTID, ROID, PAYER, N), H), SI, RI,
CASH, DP) => .K </k>
	    .	                                                                        
                                                                                
                                                                                
                                        ^~~~~
