---
source: crates/mori-diagnostics/src/render.rs
description: "Code:\n\nconst price = 10USD;\n"
---
BETA_QUANTITY_SEPARATOR

  × I need a space between a number and its asset.
   ╭─[test.mori:1:17]
 1 │ const price = 10USD;
   ·                 ─┬─
   ·                  ╰── this asset touches the number
   ╰────
  help: Write the quantity as `10 USD`.
