---
source: crates/mori-diagnostics/src/render.rs
description: "Code:\n\nconst price = 10USD;\n"
---
mori::syntax::quantity_without_space

  × I need a space between a number and its asset.
   ╭─[test.mori:1:17]
 1 │ const price = 10USD;
   ·                 ─┬─
   ·                  ╰── this asset touches the number
   ╰────
  help: Put a space between them:

            const price = 10 USD;
