  <zkir>
    <k>
      job ( program ( 0 , typedId ( "%a" , native ( ) ) , typedId ( "%b" , native ( ) ) , .TypedIds , .IrTypes , false , add ( var ( "%a" ) , var ( "%b" ) , "%o" ) ; .Instrs ) , preimage ( ListItem ( A:Int )
      ListItem ( B:Int ) , 42 , noComm ( ) , .List , .List , .List ) ) ~> .K
    </k>
    <mem>
      .Map
    </mem>
    <pi>
      .List
    </pi>
    <skips>
      .List
    </skips>
    <pubInIdx>
      0
    </pubInIdx>
    <pubOutIdx>
      0
    </pubOutIdx>
    <privIdx>
      0
    </privIdx>
    <outputs>
      .List
    </outputs>
    <outTypes>
      .IrTypes
    </outTypes>
    <doComm>
      false
    </doComm>
    <pre>
      preimage ( .List , 0 , noComm ( ) , .List , .List , .List )
    </pre>
    <constraints>
      .List
    </constraints>
    <chips>
      .Set
    </chips>
    <verdicts>
      .List
    </verdicts>
    <witnessSpace>
      false
    </witnessSpace>
    <unconstrainedRegs>
      .List
    </unconstrainedRegs>
    <observable>
      noObs ( )
    </observable>
    <piIdx>
      0
    </piIdx>
    <genMode>
      false
    </genMode>
    <needs>
      .List
    </needs>
    <strictDecode>
      false
    </strictDecode>
    <status>
      ok ( )
    </status>
  </zkir>
#And
  {
    true
  #Equals
    0 <=Int A
  }
#And
  {
    true
  #Equals
    0 <=Int B
  }
#And
  {
    true
  #Equals
    A <Int 52435875175126190479447740508185965837690552500527637822603658699938581184513
  }
#And
  {
    true
  #Equals
    B <Int 52435875175126190479447740508185965837690552500527637822603658699938581184513
  }
kore-exec: [2418789] Warning (WarnClaimRHSIsBottom):
    The right-hand side of the claim is bottom: /tmp/zkir-k-vacuity-n2vauq7n/add-spec-add-spec-vacuity.k:7:9-31:18
Context:
    (InfoReachability) while checking the implication
kore-exec: [2423732] Warning (WarnClaimRHSIsBottom):
    The right-hand side of the claim is bottom: /tmp/zkir-k-vacuity-n2vauq7n/add-spec-add-spec-vacuity.k:7:9-31:18
Context:
    (InfoReachability) while checking the implication
kore-exec: [2424258] Warning (WarnStuckClaimState):
    The configuration's term unifies with the destination's term, but the implication check between the conditions has failed. Location: /tmp/zkir-k-vacuity-n2vauq7n/add-spec-add-spec-vacuity.k:7:9-31:18
Context:
    (InfoReachability) while checking the implication
[Warning] Compiler: Variable 'M' defined but not used. Prefix variable name
with underscore if this is intentional.
	Source(/home/charl/Moriarty/.worktrees/zkir-k-iter3/experiments/zkir-k/semantics/zkir-constraints.k)
	Location(521,30,521,31)
	521 |	  rule #encMatch(vOk(V), Os, M) => synthErr("Unexpected output length of
encode instruction") requires size(encodeValue(V)) =/=Int lenIds(Os)
	    .	                             ^
[Warning] Compiler: Variable 'P' defined but not used. Prefix variable name
with underscore if this is intentional.
	Source(/home/charl/Moriarty/.worktrees/zkir-k-iter3/experiments/zkir-k/semantics/zkir-curves.k)
	Location(105,26,105,27)
	105 |	  rule ecAdd(weierstrass(P, _, _, _), pt(X1, Y1), pt(X2, Y2)) => inf()
	    .	                         ^
[Warning] Compiler: Variable 'Y' defined but not used. Prefix variable name
with underscore if this is intentional.
	Source(/home/charl/Moriarty/.worktrees/zkir-k-iter3/experiments/zkir-k/semantics/zkir-curves.k)
	Location(160,32,160,33)
	160 |	  rule #jubjubDecompress(Sign, Y, sqrtOk(U)) => ptErr("invalid Jubjub
encoding: -0")
	    .	                               ^
[Warning] Compiler: Variable 'P' defined but not used. Prefix variable name
with underscore if this is intentional.
	Source(/home/charl/Moriarty/.worktrees/zkir-k-iter3/experiments/zkir-k/semantics/zkir-field.k)
	Location(111,16,111,17)
	111 |	  rule #tsStep(P, M, C, T, R, I) => noSqrt() requires I >=Int M
	    .	               ^
[Warning] Compiler: Variable 'C' defined but not used. Prefix variable name
with underscore if this is intentional.
	Source(/home/charl/Moriarty/.worktrees/zkir-k-iter3/experiments/zkir-k/semantics/zkir-field.k)
	Location(111,22,111,23)
	111 |	  rule #tsStep(P, M, C, T, R, I) => noSqrt() requires I >=Int M
	    .	                     ^
[Warning] Compiler: Variable 'T' defined but not used. Prefix variable name
with underscore if this is intentional.
	Source(/home/charl/Moriarty/.worktrees/zkir-k-iter3/experiments/zkir-k/semantics/zkir-field.k)
	Location(111,25,111,26)
	111 |	  rule #tsStep(P, M, C, T, R, I) => noSqrt() requires I >=Int M
	    .	                        ^
[Warning] Compiler: Variable 'R' defined but not used. Prefix variable name
with underscore if this is intentional.
	Source(/home/charl/Moriarty/.worktrees/zkir-k-iter3/experiments/zkir-k/semantics/zkir-field.k)
	Location(111,28,111,29)
	111 |	  rule #tsStep(P, M, C, T, R, I) => noSqrt() requires I >=Int M
	    .	                           ^
[Warning] Compiler: Variable 'X2' defined but not used. Prefix variable name
with underscore if this is intentional.
	Source(/home/charl/Moriarty/.worktrees/zkir-k-iter3/experiments/zkir-k/semantics/zkir-hash.k)
	Location(135,25,135,27)
	135 |	  rule #svdwPick(U, X1, X2, X3) => #svdwY(U, X1) requires notBool
isQuadraticNonResidue(#g(X1), #r)
	    .	                        ^~
[Warning] Compiler: Variable 'X3' defined but not used. Prefix variable name
with underscore if this is intentional.
	Source(/home/charl/Moriarty/.worktrees/zkir-k-iter3/experiments/zkir-k/semantics/zkir-hash.k)
	Location(135,29,135,31)
	135 |	  rule #svdwPick(U, X1, X2, X3) => #svdwY(U, X1) requires notBool
isQuadraticNonResidue(#g(X1), #r)
	    .	                            ^~
[Warning] Compiler: Variable 'X3' defined but not used. Prefix variable name
with underscore if this is intentional.
	Source(/home/charl/Moriarty/.worktrees/zkir-k-iter3/experiments/zkir-k/semantics/zkir-hash.k)
	Location(136,29,136,31)
	136 |	  rule #svdwPick(U, X1, X2, X3) => #svdwY(U, X2) requires
isQuadraticNonResidue(#g(X1), #r) andBool notBool isQuadraticNonResidue(#g(X2),
#r)
	    .	                            ^~
[Warning] Compiler: Variable 'Y' defined but not used. Prefix variable name
with underscore if this is intentional.
	Source(/home/charl/Moriarty/.worktrees/zkir-k-iter3/experiments/zkir-k/semantics/zkir-hash.k)
	Location(155,24,155,25)
	155 |	  rule #edFromMont2(X, Y, TV1, TV2) => pt(fmul(fmul(TV2, TV1, #r), X,
#r), 1) requires TV2 ==Int 0
	    .	                       ^
[Warning] Compiler: Variable 'B' defined but not used. Prefix variable name
with underscore if this is intentional.
	Source(/home/charl/Moriarty/.worktrees/zkir-k-iter3/experiments/zkir-k/semantics/zkir-hash.k)
	Location(259,22,259,23)
	259 |	  rule #kXorBlock(S, B, I) => S requires I >=Int 17
	    .	                     ^
[Warning] Compiler: Variable 'S' defined but not used. Prefix variable name
with underscore if this is intentional.
	Source(/home/charl/Moriarty/.worktrees/zkir-k-iter3/experiments/zkir-k/semantics/zkir-hash.k)
	Location(263,14,263,15)
	263 |	  rule #kOut(S, I, Acc) => Acc requires I >=Int 4
	    .	             ^
[Warning] Compiler: Variable 'N' defined but not used. Prefix variable name
with underscore if this is intentional.
	Source(/home/charl/Moriarty/.worktrees/zkir-k-iter3/experiments/zkir-k/semantics/zkir-ops.k)
	Location(328,18,328,19)
	328 |	  rule #bffr(Fs, N, 0, Chunks) => #bffrChunks(Fs, Chunks, 0, .Bytes)
	    .	                 ^
[Warning] Compiler: Variable 'N' defined but not used. Prefix variable name
with underscore if this is intentional.
	Source(/home/charl/Moriarty/.worktrees/zkir-k-iter3/experiments/zkir-k/semantics/zkir-ops.k)
	Location(329,30,329,31)
	329 |	  rule #bffr(ListItem(F) Fs, N, Stray, Chunks) =>
#bffrStray(#bffrChunks(Fs, Chunks, 0, .Bytes), F, Stray)
	    .	                             ^
[Warning] Compiler: Variable 'P' defined but not used. Prefix variable name
with underscore if this is intentional.
	Source(/home/charl/Moriarty/.worktrees/zkir-k-iter3/experiments/zkir-k/semantics/zkir-values.k)
	Location(113,23,113,24)
	113 |	  rule decForeign(Fs, P, L, NB) => -1
	    .	                      ^
[Warning] Compiler: Variable 'Fs' defined but not used. Prefix variable name
with underscore if this is intentional.
	Source(/home/charl/Moriarty/.worktrees/zkir-k-iter3/experiments/zkir-k/semantics/zkir-values.k)
	Location(123,32,123,34)
	123 |	  rule #decForeign(ListItem(F) Fs, P, L, NB, B, Acc, Seen) => -1
	    .	                               ^~
[Warning] Compiler: Variable 'P' defined but not used. Prefix variable name
with underscore if this is intentional.
	Source(/home/charl/Moriarty/.worktrees/zkir-k-iter3/experiments/zkir-k/semantics/zkir-values.k)
	Location(123,36,123,37)
	123 |	  rule #decForeign(ListItem(F) Fs, P, L, NB, B, Acc, Seen) => -1
	    .	                                   ^
[Warning] Compiler: Variable 'NB' defined but not used. Prefix variable name
with underscore if this is intentional.
	Source(/home/charl/Moriarty/.worktrees/zkir-k-iter3/experiments/zkir-k/semantics/zkir-values.k)
	Location(123,42,123,44)
	123 |	  rule #decForeign(ListItem(F) Fs, P, L, NB, B, Acc, Seen) => -1
	    .	                                         ^~
[Warning] Compiler: Variable 'Acc' defined but not used. Prefix variable name
with underscore if this is intentional.
	Source(/home/charl/Moriarty/.worktrees/zkir-k-iter3/experiments/zkir-k/semantics/zkir-values.k)
	Location(123,49,123,52)
	123 |	  rule #decForeign(ListItem(F) Fs, P, L, NB, B, Acc, Seen) => -1
	    .	                                                ^~~
[Warning] Compiler: Variable 'Seen' defined but not used. Prefix variable name
with underscore if this is intentional.
	Source(/home/charl/Moriarty/.worktrees/zkir-k-iter3/experiments/zkir-k/semantics/zkir-values.k)
	Location(123,54,123,58)
	123 |	  rule #decForeign(ListItem(F) Fs, P, L, NB, B, Acc, Seen) => -1
	    .	                                                     ^~~~
[Warning] Compiler: Variable 'C' defined but not used. Prefix variable name
with underscore if this is intentional.
	Source(/home/charl/Moriarty/.worktrees/zkir-k-iter3/experiments/zkir-k/semantics/zkir-values.k)
	Location(214,23,214,24)
	214 |	  rule #decWPoint(Fs, C, T) => decErr("Failed to decode as " +String
typeName(T)) requires size(Fs) =/=Int 5
	    .	                      ^
[Warning] Compiler: Variable 'C' defined but not used. Prefix variable name
with underscore if this is intentional.
	Source(/home/charl/Moriarty/.worktrees/zkir-k-iter3/experiments/zkir-k/semantics/zkir-values.k)
	Location(215,23,215,24)
	215 |	  rule #decWPoint(Fs, C, T) => decOk(#wrapPoint(inf(), T)) requires
size(Fs) ==Int 5 andBool Fs[4] ==K 1
	    .	                      ^
[Warning] Compiler: Variable 'C' defined but not used. Prefix variable name
with underscore if this is intentional.
	Source(/home/charl/Moriarty/.worktrees/zkir-k-iter3/experiments/zkir-k/semantics/zkir-values.k)
	Location(219,27,219,28)
	219 |	  rule #decWPointXY(X, Y, C, T) => decErr("Failed to decode as " +String
typeName(T)) requires X <Int 0 orBool Y <Int 0
	    .	                          ^
[Warning] Compiler: Variable 'O' defined but not used. Prefix variable name
with underscore if this is intentional.
	Source(/home/charl/Moriarty/.worktrees/zkir-k-iter3/experiments/zkir-k/semantics/zkir-vm.k)
	Location(450,36,450,37)
	450 |	  rule <k> #input(boolOk(true), T, O, "public") => #panicNow("range end
index out of range: public transcript outputs too short") ... </k>
	    .	                                   ^
[Warning] Compiler: Variable 'O' defined but not used. Prefix variable name
with underscore if this is intentional.
	Source(/home/charl/Moriarty/.worktrees/zkir-k-iter3/experiments/zkir-k/semantics/zkir-vm.k)
	Location(460,36,460,37)
	460 |	  rule <k> #input(boolOk(true), T, O, "private") => #panicNow("range end
index out of range: private transcript too short") ... </k>
	    .	                                   ^
[Error] Prover: backend terminated because the configuration cannot be
rewritten further. See output for more details.
