{
  "status": "AuthoringChecked",
  "sourceHash": "ed1899d32b244e5f2d7cab829baa4135c13722cc3340fbe90febaa08aaf12c27",
  "diagnostics": [],
  "agreement": "BridgeDemo",
  "agreementSpan": {
    "start": 112,
    "end": 122
  },
  "declarations": [
    {
      "kind": "domain",
      "name": "Preview",
      "span": {
        "start": 125,
        "end": 198
      },
      "nameSpan": {
        "start": 132,
        "end": 139
      }
    },
    {
      "kind": "account",
      "name": "Alice",
      "span": {
        "start": 199,
        "end": 246
      },
      "nameSpan": {
        "start": 207,
        "end": 212
      }
    },
    {
      "kind": "account",
      "name": "Bob",
      "span": {
        "start": 247,
        "end": 290
      },
      "nameSpan": {
        "start": 255,
        "end": 258
      }
    },
    {
      "kind": "asset",
      "name": "USD",
      "span": {
        "start": 291,
        "end": 395
      },
      "nameSpan": {
        "start": 297,
        "end": 300
      }
    },
    {
      "kind": "asset",
      "name": "GOLD",
      "span": {
        "start": 396,
        "end": 503
      },
      "nameSpan": {
        "start": 402,
        "end": 406
      }
    },
    {
      "kind": "domain",
      "name": "Foreign",
      "span": {
        "start": 504,
        "end": 572
      },
      "nameSpan": {
        "start": 511,
        "end": 518
      }
    },
    {
      "kind": "account",
      "name": "ForeignAlice",
      "span": {
        "start": 573,
        "end": 634
      },
      "nameSpan": {
        "start": 581,
        "end": 593
      }
    },
    {
      "kind": "asset",
      "name": "WrappedUSD",
      "span": {
        "start": 635,
        "end": 732
      },
      "nameSpan": {
        "start": 641,
        "end": 651
      }
    },
    {
      "kind": "intent",
      "name": "Escrow",
      "span": {
        "start": 733,
        "end": 853
      },
      "nameSpan": {
        "start": 740,
        "end": 746
      }
    },
    {
      "kind": "intent",
      "name": "Claim",
      "span": {
        "start": 881,
        "end": 1008
      },
      "nameSpan": {
        "start": 888,
        "end": 893
      }
    },
    {
      "kind": "intent",
      "name": "Recover",
      "span": {
        "start": 1034,
        "end": 1195
      },
      "nameSpan": {
        "start": 1041,
        "end": 1048
      }
    }
  ],
  "actions": [
    {
      "name": "escrow",
      "intent": "Escrow",
      "span": {
        "start": 854,
        "end": 880
      },
      "nameSpan": {
        "start": 861,
        "end": 867
      },
      "support": "SpecifiedOnly",
      "coverage": {
        "syntax": "Checked",
        "names": "Checked",
        "quantities": "Checked",
        "financialRelations": "Open",
        "localPreparation": "Unsupported"
      }
    },
    {
      "name": "claim",
      "intent": "Claim",
      "span": {
        "start": 1009,
        "end": 1033
      },
      "nameSpan": {
        "start": 1016,
        "end": 1021
      },
      "support": "SpecifiedOnly",
      "coverage": {
        "syntax": "Checked",
        "names": "Checked",
        "quantities": "Checked",
        "financialRelations": "Open",
        "localPreparation": "Unsupported"
      }
    },
    {
      "name": "recover",
      "intent": "Recover",
      "span": {
        "start": 1196,
        "end": 1224
      },
      "nameSpan": {
        "start": 1203,
        "end": 1210
      },
      "support": "SpecifiedOnly",
      "coverage": {
        "syntax": "Checked",
        "names": "Checked",
        "quantities": "Checked",
        "financialRelations": "Open",
        "localPreparation": "Unsupported"
      }
    }
  ],
  "references": [
    {
      "name": "Preview",
      "useSpan": {
        "start": 224,
        "end": 231
      },
      "declarationSpan": {
        "start": 125,
        "end": 198
      }
    },
    {
      "name": "Preview",
      "useSpan": {
        "start": 270,
        "end": 277
      },
      "declarationSpan": {
        "start": 125,
        "end": 198
      }
    },
    {
      "name": "Preview",
      "useSpan": {
        "start": 312,
        "end": 319
      },
      "declarationSpan": {
        "start": 125,
        "end": 198
      }
    },
    {
      "name": "Preview",
      "useSpan": {
        "start": 418,
        "end": 425
      },
      "declarationSpan": {
        "start": 125,
        "end": 198
      }
    },
    {
      "name": "Foreign",
      "useSpan": {
        "start": 605,
        "end": 612
      },
      "declarationSpan": {
        "start": 504,
        "end": 572
      }
    },
    {
      "name": "Foreign",
      "useSpan": {
        "start": 663,
        "end": 670
      },
      "declarationSpan": {
        "start": 504,
        "end": 572
      }
    },
    {
      "name": "Alice",
      "useSpan": {
        "start": 782,
        "end": 787
      },
      "declarationSpan": {
        "start": 199,
        "end": 246
      }
    },
    {
      "name": "USD",
      "useSpan": {
        "start": 804,
        "end": 807
      },
      "declarationSpan": {
        "start": 291,
        "end": 395
      }
    },
    {
      "name": "Foreign",
      "useSpan": {
        "start": 822,
        "end": 829
      },
      "declarationSpan": {
        "start": 504,
        "end": 572
      }
    },
    {
      "name": "Escrow",
      "useSpan": {
        "start": 873,
        "end": 879
      },
      "declarationSpan": {
        "start": 733,
        "end": 853
      }
    },
    {
      "name": "ForeignAlice",
      "useSpan": {
        "start": 928,
        "end": 940
      },
      "declarationSpan": {
        "start": 573,
        "end": 634
      }
    },
    {
      "name": "WrappedUSD",
      "useSpan": {
        "start": 957,
        "end": 967
      },
      "declarationSpan": {
        "start": 635,
        "end": 732
      }
    },
    {
      "name": "Preview",
      "useSpan": {
        "start": 977,
        "end": 984
      },
      "declarationSpan": {
        "start": 125,
        "end": 198
      }
    },
    {
      "name": "Claim",
      "useSpan": {
        "start": 1027,
        "end": 1032
      },
      "declarationSpan": {
        "start": 881,
        "end": 1008
      }
    },
    {
      "name": "Alice",
      "useSpan": {
        "start": 1085,
        "end": 1090
      },
      "declarationSpan": {
        "start": 199,
        "end": 246
      }
    },
    {
      "name": "USD",
      "useSpan": {
        "start": 1107,
        "end": 1110
      },
      "declarationSpan": {
        "start": 291,
        "end": 395
      }
    },
    {
      "name": "Recover",
      "useSpan": {
        "start": 1216,
        "end": 1223
      },
      "declarationSpan": {
        "start": 1034,
        "end": 1195
      }
    }
  ],
  "fieldUses": [
    {
      "containerSpan": {
        "start": 142,
        "end": 197
      },
      "key": "id",
      "span": {
        "start": 147,
        "end": 157
      }
    },
    {
      "containerSpan": {
        "start": 142,
        "end": 197
      },
      "key": "chain",
      "span": {
        "start": 166,
        "end": 176
      }
    },
    {
      "containerSpan": {
        "start": 142,
        "end": 197
      },
      "key": "network",
      "span": {
        "start": 187,
        "end": 196
      }
    },
    {
      "containerSpan": {
        "start": 215,
        "end": 245
      },
      "key": "domain",
      "span": {
        "start": 224,
        "end": 231
      }
    },
    {
      "containerSpan": {
        "start": 215,
        "end": 245
      },
      "key": "id",
      "span": {
        "start": 237,
        "end": 244
      }
    },
    {
      "containerSpan": {
        "start": 261,
        "end": 289
      },
      "key": "domain",
      "span": {
        "start": 270,
        "end": 277
      }
    },
    {
      "containerSpan": {
        "start": 261,
        "end": 289
      },
      "key": "id",
      "span": {
        "start": 283,
        "end": 288
      }
    },
    {
      "containerSpan": {
        "start": 303,
        "end": 394
      },
      "key": "domain",
      "span": {
        "start": 312,
        "end": 319
      }
    },
    {
      "containerSpan": {
        "start": 303,
        "end": 394
      },
      "key": "id",
      "span": {
        "start": 325,
        "end": 339
      }
    },
    {
      "containerSpan": {
        "start": 303,
        "end": 394
      },
      "key": "scale",
      "span": {
        "start": 348,
        "end": 349
      }
    },
    {
      "containerSpan": {
        "start": 303,
        "end": 394
      },
      "key": "representation",
      "span": {
        "start": 367,
        "end": 378
      }
    },
    {
      "containerSpan": {
        "start": 303,
        "end": 394
      },
      "key": "symbol",
      "span": {
        "start": 388,
        "end": 393
      }
    },
    {
      "containerSpan": {
        "start": 409,
        "end": 502
      },
      "key": "domain",
      "span": {
        "start": 418,
        "end": 425
      }
    },
    {
      "containerSpan": {
        "start": 409,
        "end": 502
      },
      "key": "id",
      "span": {
        "start": 431,
        "end": 446
      }
    },
    {
      "containerSpan": {
        "start": 409,
        "end": 502
      },
      "key": "scale",
      "span": {
        "start": 455,
        "end": 456
      }
    },
    {
      "containerSpan": {
        "start": 409,
        "end": 502
      },
      "key": "representation",
      "span": {
        "start": 474,
        "end": 485
      }
    },
    {
      "containerSpan": {
        "start": 409,
        "end": 502
      },
      "key": "symbol",
      "span": {
        "start": 495,
        "end": 501
      }
    },
    {
      "containerSpan": {
        "start": 521,
        "end": 571
      },
      "key": "id",
      "span": {
        "start": 526,
        "end": 535
      }
    },
    {
      "containerSpan": {
        "start": 521,
        "end": 571
      },
      "key": "chain",
      "span": {
        "start": 544,
        "end": 553
      }
    },
    {
      "containerSpan": {
        "start": 521,
        "end": 571
      },
      "key": "network",
      "span": {
        "start": 564,
        "end": 570
      }
    },
    {
      "containerSpan": {
        "start": 596,
        "end": 633
      },
      "key": "domain",
      "span": {
        "start": 605,
        "end": 612
      }
    },
    {
      "containerSpan": {
        "start": 596,
        "end": 633
      },
      "key": "id",
      "span": {
        "start": 618,
        "end": 632
      }
    },
    {
      "containerSpan": {
        "start": 654,
        "end": 731
      },
      "key": "domain",
      "span": {
        "start": 663,
        "end": 670
      }
    },
    {
      "containerSpan": {
        "start": 654,
        "end": 731
      },
      "key": "id",
      "span": {
        "start": 676,
        "end": 688
      }
    },
    {
      "containerSpan": {
        "start": 654,
        "end": 731
      },
      "key": "scale",
      "span": {
        "start": 697,
        "end": 698
      }
    },
    {
      "containerSpan": {
        "start": 654,
        "end": 731
      },
      "key": "representation",
      "span": {
        "start": 716,
        "end": 730
      }
    },
    {
      "containerSpan": {
        "start": 761,
        "end": 851
      },
      "key": "owner",
      "span": {
        "start": 782,
        "end": 787
      }
    },
    {
      "containerSpan": {
        "start": 761,
        "end": 851
      },
      "key": "amount",
      "span": {
        "start": 797,
        "end": 807
      }
    },
    {
      "containerSpan": {
        "start": 761,
        "end": 851
      },
      "key": "destination",
      "span": {
        "start": 822,
        "end": 829
      }
    },
    {
      "containerSpan": {
        "start": 761,
        "end": 851
      },
      "key": "claim_id",
      "span": {
        "start": 841,
        "end": 850
      }
    },
    {
      "containerSpan": {
        "start": 749,
        "end": 852
      },
      "key": "operation",
      "span": {
        "start": 761,
        "end": 851
      }
    },
    {
      "containerSpan": {
        "start": 908,
        "end": 1006
      },
      "key": "owner",
      "span": {
        "start": 928,
        "end": 940
      }
    },
    {
      "containerSpan": {
        "start": 908,
        "end": 1006
      },
      "key": "amount",
      "span": {
        "start": 950,
        "end": 967
      }
    },
    {
      "containerSpan": {
        "start": 908,
        "end": 1006
      },
      "key": "source",
      "span": {
        "start": 977,
        "end": 984
      }
    },
    {
      "containerSpan": {
        "start": 908,
        "end": 1006
      },
      "key": "claim_id",
      "span": {
        "start": 996,
        "end": 1005
      }
    },
    {
      "containerSpan": {
        "start": 896,
        "end": 1007
      },
      "key": "operation",
      "span": {
        "start": 908,
        "end": 1006
      }
    },
    {
      "containerSpan": {
        "start": 1063,
        "end": 1132
      },
      "key": "owner",
      "span": {
        "start": 1085,
        "end": 1090
      }
    },
    {
      "containerSpan": {
        "start": 1063,
        "end": 1132
      },
      "key": "amount",
      "span": {
        "start": 1100,
        "end": 1110
      }
    },
    {
      "containerSpan": {
        "start": 1063,
        "end": 1132
      },
      "key": "claim_id",
      "span": {
        "start": 1122,
        "end": 1131
      }
    },
    {
      "containerSpan": {
        "start": 1051,
        "end": 1194
      },
      "key": "operation",
      "span": {
        "start": 1063,
        "end": 1132
      }
    },
    {
      "containerSpan": {
        "start": 1051,
        "end": 1194
      },
      "key": "failure",
      "span": {
        "start": 1143,
        "end": 1193
      }
    }
  ],
  "operationSchemas": {
    "atoms": {
      "asset": "asset",
      "value": "scalar"
    },
    "min": {
      "a": "numeric",
      "b": "numeric"
    },
    "max": {
      "a": "numeric",
      "b": "numeric"
    },
    "rounds": {
      "domain": "domain",
      "from": "scalar",
      "to": "scalar"
    },
    "transfer": {
      "from": "account",
      "to": "account",
      "fee_to": "account",
      "value": "qty",
      "fee": "qty"
    },
    "repay": {
      "obligation": "obligation",
      "payer": "account",
      "amount": "qty"
    },
    "amm.swap_exact_input": {
      "pool": "pool",
      "owner": "account",
      "input": "qty",
      "output_asset": "asset",
      "net_floor": "qty",
      "fee_cap": "qty"
    },
    "amm.redeem": {
      "pool": "pool",
      "owner": "account",
      "share_atoms": "scalar"
    },
    "amm.mint": {
      "pool": "pool",
      "owner": "account",
      "amounts": "qty[]",
      "minimum_share_atoms": "scalar"
    },
    "lending.originate": {
      "obligation": "obligation",
      "debtor": "account",
      "creditor": "account",
      "principal": "qty",
      "collateral": "qty"
    },
    "lending.liquidate": {
      "obligation": "obligation"
    },
    "lending.roll_forward": {
      "obligation": "obligation",
      "to_round": "scalar"
    },
    "stablecoin.mint": {
      "instrument": "instrument",
      "owner": "account",
      "supply": "qty",
      "backing": "qty"
    },
    "stablecoin.redeem": {
      "instrument": "instrument",
      "owner": "account",
      "burn": "qty",
      "minimum_backing": "qty"
    },
    "stablecoin.emergency_settle": {
      "instrument": "instrument",
      "owner": "account",
      "claim": "qty"
    },
    "option.fix": {
      "instrument": "instrument",
      "observation": "observation"
    },
    "option.exercise": {
      "instrument": "instrument",
      "holder": "account"
    },
    "option.settle": {
      "instrument": "instrument",
      "holder": "account",
      "payoff": "qty"
    },
    "oracle.select": {
      "observation": "observation"
    },
    "governance.queue": {
      "policy": "policy",
      "next_epoch": "scalar"
    },
    "governance.execute": {
      "policy": "policy"
    },
    "governance.veto": {
      "policy": "policy"
    },
    "bridge.escrow": {
      "owner": "account",
      "amount": "qty",
      "destination": "domain",
      "claim_id": "string"
    },
    "bridge.claim": {
      "owner": "account",
      "amount": "qty",
      "source": "domain",
      "claim_id": "string"
    },
    "bridge.recover": {
      "owner": "account",
      "amount": "qty",
      "claim_id": "string"
    },
    "staking.deposit": {
      "owner": "account",
      "shares": "share_class",
      "backing": "qty"
    },
    "staking.reward": {
      "shares": "share_class",
      "amount": "qty"
    },
    "staking.slash": {
      "shares": "share_class",
      "amount": "qty"
    },
    "staking.unbond": {
      "owner": "account",
      "shares": "share_class",
      "share_atoms": "scalar"
    },
    "staking.withdraw": {
      "owner": "account",
      "shares": "share_class",
      "share_atoms": "scalar",
      "minimum_backing": "qty"
    }
  },
  "evidence": "AuthoringOnly",
  "openGates": [
    "authentication",
    "nativeProof",
    "financialCorrespondence",
    "atomicLedgerAcceptance"
  ]
}
