{
  "status": "AuthoringChecked",
  "sourceHash": "301cfa8c15f1a848db7b6a23aa3b246fd646a970b8212458d5990e1da8a9b385",
  "diagnostics": [],
  "agreement": "StakingDemo",
  "agreementSpan": {
    "start": 112,
    "end": 123
  },
  "declarations": [
    {
      "kind": "domain",
      "name": "Preview",
      "span": {
        "start": 126,
        "end": 199
      },
      "nameSpan": {
        "start": 133,
        "end": 140
      }
    },
    {
      "kind": "account",
      "name": "Alice",
      "span": {
        "start": 200,
        "end": 247
      },
      "nameSpan": {
        "start": 208,
        "end": 213
      }
    },
    {
      "kind": "account",
      "name": "Bob",
      "span": {
        "start": 248,
        "end": 291
      },
      "nameSpan": {
        "start": 256,
        "end": 259
      }
    },
    {
      "kind": "asset",
      "name": "USD",
      "span": {
        "start": 292,
        "end": 396
      },
      "nameSpan": {
        "start": 298,
        "end": 301
      }
    },
    {
      "kind": "asset",
      "name": "GOLD",
      "span": {
        "start": 397,
        "end": 504
      },
      "nameSpan": {
        "start": 403,
        "end": 407
      }
    },
    {
      "kind": "share_class",
      "name": "Shares",
      "span": {
        "start": 505,
        "end": 576
      },
      "nameSpan": {
        "start": 517,
        "end": 523
      }
    },
    {
      "kind": "intent",
      "name": "Deposit",
      "span": {
        "start": 577,
        "end": 719
      },
      "nameSpan": {
        "start": 584,
        "end": 591
      }
    },
    {
      "kind": "intent",
      "name": "Reward",
      "span": {
        "start": 749,
        "end": 827
      },
      "nameSpan": {
        "start": 756,
        "end": 762
      }
    },
    {
      "kind": "intent",
      "name": "Slash",
      "span": {
        "start": 855,
        "end": 999
      },
      "nameSpan": {
        "start": 862,
        "end": 867
      }
    },
    {
      "kind": "intent",
      "name": "Unbond",
      "span": {
        "start": 1025,
        "end": 1117
      },
      "nameSpan": {
        "start": 1032,
        "end": 1038
      }
    },
    {
      "kind": "intent",
      "name": "Withdraw",
      "span": {
        "start": 1145,
        "end": 1269
      },
      "nameSpan": {
        "start": 1152,
        "end": 1160
      }
    }
  ],
  "actions": [
    {
      "name": "deposit",
      "intent": "Deposit",
      "span": {
        "start": 720,
        "end": 748
      },
      "nameSpan": {
        "start": 727,
        "end": 734
      },
      "support": "SpecifiedOnly",
      "coverage": {
        "syntax": "Checked",
        "names": "Checked",
        "quantities": "Checked",
        "financialRelations": "Open",
        "localPreparation": "Unsupported"
      }
    },
    {
      "name": "reward",
      "intent": "Reward",
      "span": {
        "start": 828,
        "end": 854
      },
      "nameSpan": {
        "start": 835,
        "end": 841
      },
      "support": "SpecifiedOnly",
      "coverage": {
        "syntax": "Checked",
        "names": "Checked",
        "quantities": "Checked",
        "financialRelations": "Open",
        "localPreparation": "Unsupported"
      }
    },
    {
      "name": "slash",
      "intent": "Slash",
      "span": {
        "start": 1000,
        "end": 1024
      },
      "nameSpan": {
        "start": 1007,
        "end": 1012
      },
      "support": "SpecifiedOnly",
      "coverage": {
        "syntax": "Checked",
        "names": "Checked",
        "quantities": "Checked",
        "financialRelations": "Open",
        "localPreparation": "Unsupported"
      }
    },
    {
      "name": "unbond",
      "intent": "Unbond",
      "span": {
        "start": 1118,
        "end": 1144
      },
      "nameSpan": {
        "start": 1125,
        "end": 1131
      },
      "support": "SpecifiedOnly",
      "coverage": {
        "syntax": "Checked",
        "names": "Checked",
        "quantities": "Checked",
        "financialRelations": "Open",
        "localPreparation": "Unsupported"
      }
    },
    {
      "name": "withdraw",
      "intent": "Withdraw",
      "span": {
        "start": 1270,
        "end": 1300
      },
      "nameSpan": {
        "start": 1277,
        "end": 1285
      },
      "support": "SpecifiedOnly",
      "coverage": {
        "syntax": "Checked",
        "names": "Checked",
        "quantities": "Checked",
        "financialRelations": "Open",
        "localPreparation": "Unsupported"
      }
    }
  ],
  "references": [
    {
      "name": "Preview",
      "useSpan": {
        "start": 225,
        "end": 232
      },
      "declarationSpan": {
        "start": 126,
        "end": 199
      }
    },
    {
      "name": "Preview",
      "useSpan": {
        "start": 271,
        "end": 278
      },
      "declarationSpan": {
        "start": 126,
        "end": 199
      }
    },
    {
      "name": "Preview",
      "useSpan": {
        "start": 313,
        "end": 320
      },
      "declarationSpan": {
        "start": 126,
        "end": 199
      }
    },
    {
      "name": "Preview",
      "useSpan": {
        "start": 419,
        "end": 426
      },
      "declarationSpan": {
        "start": 126,
        "end": 199
      }
    },
    {
      "name": "Preview",
      "useSpan": {
        "start": 535,
        "end": 542
      },
      "declarationSpan": {
        "start": 126,
        "end": 199
      }
    },
    {
      "name": "USD",
      "useSpan": {
        "start": 571,
        "end": 574
      },
      "declarationSpan": {
        "start": 292,
        "end": 396
      }
    },
    {
      "name": "Alice",
      "useSpan": {
        "start": 629,
        "end": 634
      },
      "declarationSpan": {
        "start": 200,
        "end": 247
      }
    },
    {
      "name": "Shares",
      "useSpan": {
        "start": 644,
        "end": 650
      },
      "declarationSpan": {
        "start": 505,
        "end": 576
      }
    },
    {
      "name": "USD",
      "useSpan": {
        "start": 668,
        "end": 671
      },
      "declarationSpan": {
        "start": 292,
        "end": 396
      }
    },
    {
      "name": "Deposit",
      "useSpan": {
        "start": 740,
        "end": 747
      },
      "declarationSpan": {
        "start": 577,
        "end": 719
      }
    },
    {
      "name": "Shares",
      "useSpan": {
        "start": 800,
        "end": 806
      },
      "declarationSpan": {
        "start": 505,
        "end": 576
      }
    },
    {
      "name": "USD",
      "useSpan": {
        "start": 821,
        "end": 824
      },
      "declarationSpan": {
        "start": 292,
        "end": 396
      }
    },
    {
      "name": "Reward",
      "useSpan": {
        "start": 847,
        "end": 853
      },
      "declarationSpan": {
        "start": 749,
        "end": 827
      }
    },
    {
      "name": "Shares",
      "useSpan": {
        "start": 904,
        "end": 910
      },
      "declarationSpan": {
        "start": 505,
        "end": 576
      }
    },
    {
      "name": "USD",
      "useSpan": {
        "start": 925,
        "end": 928
      },
      "declarationSpan": {
        "start": 292,
        "end": 396
      }
    },
    {
      "name": "Slash",
      "useSpan": {
        "start": 1018,
        "end": 1023
      },
      "declarationSpan": {
        "start": 855,
        "end": 999
      }
    },
    {
      "name": "Alice",
      "useSpan": {
        "start": 1075,
        "end": 1080
      },
      "declarationSpan": {
        "start": 200,
        "end": 247
      }
    },
    {
      "name": "Shares",
      "useSpan": {
        "start": 1090,
        "end": 1096
      },
      "declarationSpan": {
        "start": 505,
        "end": 576
      }
    },
    {
      "name": "Unbond",
      "useSpan": {
        "start": 1137,
        "end": 1143
      },
      "declarationSpan": {
        "start": 1025,
        "end": 1117
      }
    },
    {
      "name": "Alice",
      "useSpan": {
        "start": 1199,
        "end": 1204
      },
      "declarationSpan": {
        "start": 200,
        "end": 247
      }
    },
    {
      "name": "Shares",
      "useSpan": {
        "start": 1214,
        "end": 1220
      },
      "declarationSpan": {
        "start": 505,
        "end": 576
      }
    },
    {
      "name": "USD",
      "useSpan": {
        "start": 1263,
        "end": 1266
      },
      "declarationSpan": {
        "start": 292,
        "end": 396
      }
    },
    {
      "name": "Withdraw",
      "useSpan": {
        "start": 1291,
        "end": 1299
      },
      "declarationSpan": {
        "start": 1145,
        "end": 1269
      }
    }
  ],
  "fieldUses": [
    {
      "containerSpan": {
        "start": 143,
        "end": 198
      },
      "key": "id",
      "span": {
        "start": 148,
        "end": 158
      }
    },
    {
      "containerSpan": {
        "start": 143,
        "end": 198
      },
      "key": "chain",
      "span": {
        "start": 167,
        "end": 177
      }
    },
    {
      "containerSpan": {
        "start": 143,
        "end": 198
      },
      "key": "network",
      "span": {
        "start": 188,
        "end": 197
      }
    },
    {
      "containerSpan": {
        "start": 216,
        "end": 246
      },
      "key": "domain",
      "span": {
        "start": 225,
        "end": 232
      }
    },
    {
      "containerSpan": {
        "start": 216,
        "end": 246
      },
      "key": "id",
      "span": {
        "start": 238,
        "end": 245
      }
    },
    {
      "containerSpan": {
        "start": 262,
        "end": 290
      },
      "key": "domain",
      "span": {
        "start": 271,
        "end": 278
      }
    },
    {
      "containerSpan": {
        "start": 262,
        "end": 290
      },
      "key": "id",
      "span": {
        "start": 284,
        "end": 289
      }
    },
    {
      "containerSpan": {
        "start": 304,
        "end": 395
      },
      "key": "domain",
      "span": {
        "start": 313,
        "end": 320
      }
    },
    {
      "containerSpan": {
        "start": 304,
        "end": 395
      },
      "key": "id",
      "span": {
        "start": 326,
        "end": 340
      }
    },
    {
      "containerSpan": {
        "start": 304,
        "end": 395
      },
      "key": "scale",
      "span": {
        "start": 349,
        "end": 350
      }
    },
    {
      "containerSpan": {
        "start": 304,
        "end": 395
      },
      "key": "representation",
      "span": {
        "start": 368,
        "end": 379
      }
    },
    {
      "containerSpan": {
        "start": 304,
        "end": 395
      },
      "key": "symbol",
      "span": {
        "start": 389,
        "end": 394
      }
    },
    {
      "containerSpan": {
        "start": 410,
        "end": 503
      },
      "key": "domain",
      "span": {
        "start": 419,
        "end": 426
      }
    },
    {
      "containerSpan": {
        "start": 410,
        "end": 503
      },
      "key": "id",
      "span": {
        "start": 432,
        "end": 447
      }
    },
    {
      "containerSpan": {
        "start": 410,
        "end": 503
      },
      "key": "scale",
      "span": {
        "start": 456,
        "end": 457
      }
    },
    {
      "containerSpan": {
        "start": 410,
        "end": 503
      },
      "key": "representation",
      "span": {
        "start": 475,
        "end": 486
      }
    },
    {
      "containerSpan": {
        "start": 410,
        "end": 503
      },
      "key": "symbol",
      "span": {
        "start": 496,
        "end": 502
      }
    },
    {
      "containerSpan": {
        "start": 526,
        "end": 575
      },
      "key": "domain",
      "span": {
        "start": 535,
        "end": 542
      }
    },
    {
      "containerSpan": {
        "start": 526,
        "end": 575
      },
      "key": "id",
      "span": {
        "start": 548,
        "end": 560
      }
    },
    {
      "containerSpan": {
        "start": 526,
        "end": 575
      },
      "key": "backing",
      "span": {
        "start": 571,
        "end": 574
      }
    },
    {
      "containerSpan": {
        "start": 606,
        "end": 672
      },
      "key": "owner",
      "span": {
        "start": 629,
        "end": 634
      }
    },
    {
      "containerSpan": {
        "start": 606,
        "end": 672
      },
      "key": "shares",
      "span": {
        "start": 644,
        "end": 650
      }
    },
    {
      "containerSpan": {
        "start": 606,
        "end": 672
      },
      "key": "backing",
      "span": {
        "start": 661,
        "end": 671
      }
    },
    {
      "containerSpan": {
        "start": 594,
        "end": 718
      },
      "key": "operation",
      "span": {
        "start": 606,
        "end": 672
      }
    },
    {
      "containerSpan": {
        "start": 594,
        "end": 718
      },
      "key": "rounding",
      "span": {
        "start": 684,
        "end": 717
      }
    },
    {
      "containerSpan": {
        "start": 777,
        "end": 825
      },
      "key": "shares",
      "span": {
        "start": 800,
        "end": 806
      }
    },
    {
      "containerSpan": {
        "start": 777,
        "end": 825
      },
      "key": "amount",
      "span": {
        "start": 816,
        "end": 824
      }
    },
    {
      "containerSpan": {
        "start": 765,
        "end": 826
      },
      "key": "operation",
      "span": {
        "start": 777,
        "end": 825
      }
    },
    {
      "containerSpan": {
        "start": 882,
        "end": 929
      },
      "key": "shares",
      "span": {
        "start": 904,
        "end": 910
      }
    },
    {
      "containerSpan": {
        "start": 882,
        "end": 929
      },
      "key": "amount",
      "span": {
        "start": 920,
        "end": 928
      }
    },
    {
      "containerSpan": {
        "start": 870,
        "end": 998
      },
      "key": "operation",
      "span": {
        "start": 882,
        "end": 929
      }
    },
    {
      "containerSpan": {
        "start": 870,
        "end": 998
      },
      "key": "loss",
      "span": {
        "start": 937,
        "end": 997
      }
    },
    {
      "containerSpan": {
        "start": 1053,
        "end": 1115
      },
      "key": "owner",
      "span": {
        "start": 1075,
        "end": 1080
      }
    },
    {
      "containerSpan": {
        "start": 1053,
        "end": 1115
      },
      "key": "shares",
      "span": {
        "start": 1090,
        "end": 1096
      }
    },
    {
      "containerSpan": {
        "start": 1053,
        "end": 1115
      },
      "key": "share_atoms",
      "span": {
        "start": 1111,
        "end": 1114
      }
    },
    {
      "containerSpan": {
        "start": 1041,
        "end": 1116
      },
      "key": "operation",
      "span": {
        "start": 1053,
        "end": 1115
      }
    },
    {
      "containerSpan": {
        "start": 1175,
        "end": 1267
      },
      "key": "owner",
      "span": {
        "start": 1199,
        "end": 1204
      }
    },
    {
      "containerSpan": {
        "start": 1175,
        "end": 1267
      },
      "key": "shares",
      "span": {
        "start": 1214,
        "end": 1220
      }
    },
    {
      "containerSpan": {
        "start": 1175,
        "end": 1267
      },
      "key": "share_atoms",
      "span": {
        "start": 1235,
        "end": 1238
      }
    },
    {
      "containerSpan": {
        "start": 1175,
        "end": 1267
      },
      "key": "minimum_backing",
      "span": {
        "start": 1257,
        "end": 1266
      }
    },
    {
      "containerSpan": {
        "start": 1163,
        "end": 1268
      },
      "key": "operation",
      "span": {
        "start": 1175,
        "end": 1267
      }
    }
  ],
  "operationSchemas": {
    "atoms": {
      "asset": "asset",
      "value": "scalar"
    },
    "min": {
      "a": "numeric",
      "b": "numeric"
    },
    "max": {
      "a": "numeric",
      "b": "numeric"
    },
    "rounds": {
      "domain": "domain",
      "from": "scalar",
      "to": "scalar"
    },
    "transfer": {
      "from": "account",
      "to": "account",
      "fee_to": "account",
      "value": "qty",
      "fee": "qty"
    },
    "repay": {
      "obligation": "obligation",
      "payer": "account",
      "amount": "qty"
    },
    "amm.swap_exact_input": {
      "pool": "pool",
      "owner": "account",
      "input": "qty",
      "output_asset": "asset",
      "net_floor": "qty",
      "fee_cap": "qty"
    },
    "amm.redeem": {
      "pool": "pool",
      "owner": "account",
      "share_atoms": "scalar"
    },
    "amm.mint": {
      "pool": "pool",
      "owner": "account",
      "amounts": "qty[]",
      "minimum_share_atoms": "scalar"
    },
    "lending.originate": {
      "obligation": "obligation",
      "debtor": "account",
      "creditor": "account",
      "principal": "qty",
      "collateral": "qty"
    },
    "lending.liquidate": {
      "obligation": "obligation"
    },
    "lending.roll_forward": {
      "obligation": "obligation",
      "to_round": "scalar"
    },
    "stablecoin.mint": {
      "instrument": "instrument",
      "owner": "account",
      "supply": "qty",
      "backing": "qty"
    },
    "stablecoin.redeem": {
      "instrument": "instrument",
      "owner": "account",
      "burn": "qty",
      "minimum_backing": "qty"
    },
    "stablecoin.emergency_settle": {
      "instrument": "instrument",
      "owner": "account",
      "claim": "qty"
    },
    "option.fix": {
      "instrument": "instrument",
      "observation": "observation"
    },
    "option.exercise": {
      "instrument": "instrument",
      "holder": "account"
    },
    "option.settle": {
      "instrument": "instrument",
      "holder": "account",
      "payoff": "qty"
    },
    "oracle.select": {
      "observation": "observation"
    },
    "governance.queue": {
      "policy": "policy",
      "next_epoch": "scalar"
    },
    "governance.execute": {
      "policy": "policy"
    },
    "governance.veto": {
      "policy": "policy"
    },
    "bridge.escrow": {
      "owner": "account",
      "amount": "qty",
      "destination": "domain",
      "claim_id": "string"
    },
    "bridge.claim": {
      "owner": "account",
      "amount": "qty",
      "source": "domain",
      "claim_id": "string"
    },
    "bridge.recover": {
      "owner": "account",
      "amount": "qty",
      "claim_id": "string"
    },
    "staking.deposit": {
      "owner": "account",
      "shares": "share_class",
      "backing": "qty"
    },
    "staking.reward": {
      "shares": "share_class",
      "amount": "qty"
    },
    "staking.slash": {
      "shares": "share_class",
      "amount": "qty"
    },
    "staking.unbond": {
      "owner": "account",
      "shares": "share_class",
      "share_atoms": "scalar"
    },
    "staking.withdraw": {
      "owner": "account",
      "shares": "share_class",
      "share_atoms": "scalar",
      "minimum_backing": "qty"
    }
  },
  "evidence": "AuthoringOnly",
  "openGates": [
    "authentication",
    "nativeProof",
    "financialCorrespondence",
    "atomicLedgerAcceptance"
  ]
}
