
> test
> node --test tests/*.test.mjs

✔ exact registered bytes independently reproduce the pinned bounds hash and accepted program (142.49972ms)
✔ public frontend rejects all modified and malformed bounds without leaked host exceptions (2242.294722ms)
✔ earlier source diagnostics retain stage priority over malformed registry bytes (66.138502ms)
✔ derive rechecks exact registry even when a forged full program matches altered bounds (1231.762603ms)
✔ backend registry admission precedes authentication or commit, including absent binding bytes (572.156362ms)
✔ detached or disguised byte views fail closed; caller mutation cannot alter the trusted registry (248.194713ms)
✔ a source stage7 failure is retained ahead of a bounds stage8 mismatch (5.34991ms)
✔ oversized bounds and decorated typed-array length cannot bypass bounded admission (206.001246ms)
✔ oversized bounds are rejected before encoder or digest work on their contents (1.540485ms)
✔ missing local binding and invalid simulator byte containers reject at program admission (79.034609ms)
✔ closed runtime schema admission precedes authentication even with registered source and bounds (162.007724ms)
✔ Core source-map edits have SOURCE_MAP while non-Core manifest edits have PROGRAM_ENCODING (259.833021ms)
✔ /2 authority is required and preserved, /1 remains accepted (6.797389ms)
✔ authority rejects malformed commitments and identical role parties (0.290286ms)
✔ Fee stays distinct and debits balance, allowance and work (0.526721ms)
✔ Fee cannot fund an Originate (65.793358ms)
✔ gross debit cannot be erased by a refund (0.154486ms)
✔ zero Fee without cap rejects before kernel (0.294107ms)
✔ net goal includes Fee and passes exactly at boundary (0.222015ms)
✔ self fee counts both sides and missing sums are zero (0.523065ms)
✔ checked sum and debit plus minimum overflow reject (0.211666ms)
✔ assets are independent and nonmonetary effects do not count (0.716529ms)
✔ /6 public evaluator lowers Fee to Core /5 and checks the net goal atomically (48.780548ms)
✔ exact quantum conversion rejects nondivisibility and overflow (1.120573ms)
✔ malformed effects cannot disappear from the outcome check (0.149759ms)
✔ authority role substitution rejects before publishing debt (31.462393ms)
✔ /6 parser preserves Unicode spans and profile-looking comments (25.925045ms)
✔ /6 rejects /1 state, duplicate Fee IDs and unknown debit actors (11.054637ms)
✔ self Fee preserves balance and still consumes gross allowance (1.374747ms)
✔ expression CLI check equals successful API and leaves source/schema bytes intact (249.311469ms)
✔ expression CLI preserves complete API failure records including R1 and UTF-8 spans (1920.455071ms)
✔ expression CLI format equals API, is idempotent and writes no input files (801.169006ms)
✔ expression CLI format preserves parser code/span with no partial output (294.875237ms)
✔ expression CLI format rejects output expansion beyond the bound without partial stdout (314.149959ms)
✔ expression CLI rejects malformed invocation before reading paths (3535.209024ms)
✔ expression CLI schema errors equal API after bounded transport (1160.74561ms)
✔ expression CLI bounds distinguish 65536 from 65537 bytes for source/schema (2561.211493ms)
✔ expression CLI rejects invalid UTF-8 before parser and retains BOM for parser (1159.888904ms)
✔ expression CLI opens only bounded regular files and allows regular symlink targets (1941.718282ms)
✔ expression CLI import has no command or stream side effects (407.051274ms)
✔ financial CLI explicit routing equals financial APIs and never infers the profile (3308.683448ms)
✔ financial CLI preserves checking and formatting meaning for the published vault quote fixture (994.922902ms)
✔ simulation CLI returns independently derived local financial and original expression results (356.024423ms)
✔ simulation CLI preserves source API rejection records and never prints snapshot state (793.220193ms)
✔ simulation CLI retains snapshot transport limits and canonical handling (1313.998021ms)
✔ profile separation requires exact source headers at both entry points (2.464544ms)
✔ profile formatters retain their respective exact source headers (1.369092ms)
✔ new grammar supports numeric metadata, signed values, generics and brackets only under /1 (2.424376ms)
✔ generic calls and comparisons remain distinct and typed emissions reject during parsing (1.222933ms)
✔ exported lexical catalogs cannot mutate subsequent profile admission (0.580812ms)
✔ source diagnostic lexical order: elaborate access_field(unknown(), "bad field") (8.547029ms)
✔ source diagnostic lexical order: elaborate access_field(i128(1+2), "bad field") (1.270447ms)
✔ source diagnostic lexical order: elaborate access_field(access_field(unknown(), "bad inner"), "bad outer") (0.608155ms)
✔ source diagnostic lexical order: elaborate access_field(1, "bad field") (12.80468ms)
✔ source diagnostic lexical order: elaborate access_field(missing, "bad field") (0.871333ms)
✔ source diagnostic lexical order: elaborate access_field(unknown()) (0.534076ms)
✔ source diagnostic lexical order: elaborate access_index(unknown(), i128(1+2)) (0.383467ms)
✔ source diagnostic lexical order: elaborate floor_div(unknown(), i128(1+2)) (0.340085ms)
✔ source diagnostic lexical order: elaborate amount(1+2, unknown()) (0.697293ms)
✔ source diagnostic lexical order: elaborate shares(1+2, unknown(), missing()) (12.696783ms)
✔ source diagnostic lexical order: elaborate rate(1+2, unknown()) (0.611613ms)
✔ source diagnostic lexical order: elaborate price(1+2, unknown(), missing(), bad()) (0.173032ms)
✔ source diagnostic lexical order: check access_field(unknown(), "bad field") (0.218101ms)
✔ source diagnostic lexical order: check access_field(i128(1+2), "bad field") (2.815583ms)
✔ source diagnostic lexical order: check access_field(access_field(unknown(), "bad inner"), "bad outer") (0.524282ms)
✔ source diagnostic lexical order: check access_field(1, "bad field") (0.685188ms)
✔ source diagnostic lexical order: check access_field(missing, "bad field") (0.385462ms)
✔ source diagnostic lexical order: check access_field(unknown()) (0.130885ms)
✔ source diagnostic lexical order: check access_index(unknown(), i128(1+2)) (0.138519ms)
✔ source diagnostic lexical order: check floor_div(unknown(), i128(1+2)) (2.189116ms)
✔ source diagnostic lexical order: check amount(1+2, unknown()) (0.414668ms)
✔ source diagnostic lexical order: check shares(1+2, unknown(), missing()) (0.252828ms)
✔ source diagnostic lexical order: check rate(1+2, unknown()) (2.960827ms)
✔ source diagnostic lexical order: check price(1+2, unknown(), missing(), bad()) (1.234395ms)
✔ source diagnostic lexical order: evaluate access_field(unknown(), "bad field") (0.430643ms)
✔ source diagnostic lexical order: evaluate access_field(i128(1+2), "bad field") (0.206245ms)
✔ source diagnostic lexical order: evaluate access_field(access_field(unknown(), "bad inner"), "bad outer") (0.154823ms)
✔ source diagnostic lexical order: evaluate access_field(1, "bad field") (5.652039ms)
✔ source diagnostic lexical order: evaluate access_field(missing, "bad field") (0.205712ms)
✔ source diagnostic lexical order: evaluate access_field(unknown()) (0.203475ms)
✔ source diagnostic lexical order: evaluate access_index(unknown(), i128(1+2)) (0.296832ms)
✔ source diagnostic lexical order: evaluate floor_div(unknown(), i128(1+2)) (0.132534ms)
✔ source diagnostic lexical order: evaluate amount(1+2, unknown()) (0.525996ms)
✔ source diagnostic lexical order: evaluate shares(1+2, unknown(), missing()) (0.145604ms)
✔ source diagnostic lexical order: evaluate rate(1+2, unknown()) (0.112193ms)
✔ source diagnostic lexical order: evaluate price(1+2, unknown(), missing(), bad()) (1.162301ms)
✔ source scalar types, signed extremes and named rounding keep exact values (31.417342ms)
✔ source financial literals retain every exact type index (11.010436ms)
✔ source record, enum, option, collection and both access aliases (12.269216ms)
✔ source check rejects a dead branch wrong type before runtime guard (2.864071ms)
✔ source formatting preserves complete expression meaning and is idempotent (3.802381ms)
✔ one real source program reaches all forty reviewed constructors (24.56987ms)
✔ a direct source emission preserves its record operand and exact work (1.002158ms)
✔ source boundaries admit128 collection items and65 parameters without widening old grammar (37.192966ms)
✔ source metadata, equality and namespace boundaries reject deterministically (2.095889ms)
✔ source stage rollback includes descriptors and rejects direct financial writes (6.061158ms)
✔ source byte spans, lowered paths and short-circuit work survive formatting-independent text (2.917093ms)
✔ source API rejects hostile transport, schema overrides and unsupported declaration semantics (0.799483ms)
✔ formatter retains lowered Core structure, types and evaluation order (3.295999ms)
✔ D5 outer transport and component limits precede source parsing and typed admission (8.047335ms)
✔ source final aggregate bound rejects at the action after both ordinary writes (17.296ms)
✔ source descriptor128 limit rolls back the129th emission (39.811697ms)
✔ new parameter256 and collection128 ceilings have explicit next-value rejection (7.146849ms)
✔ JSON duplicate keys reject even when their final values agree (1.660336ms)
✔ noncanonical whitespace and key order reject (0.441945ms)
✔ JSON numbers, null and unpaired surrogates reject (0.315738ms)
✔ integer metadata rejects negative zero, leading zeros, plus and terminal line separators (13.278428ms)
✔ identifiers reject final carriage returns and Unicode line separators (0.837594ms)
✔ unknown type tags and undeclared well-shaped names have different phases (1.300285ms)
✔ schema definition traversal follows ASCII identifier order (0.426319ms)
✔ no supplied schema or financial write-class override is admitted in a request (8.803572ms)
✔ reject before touching a live object or accessor request (0.211944ms)
✔ a stale registered funded version cannot opt into expression semantics (0.859172ms)
✔ canonical minimal escapes are required (0.212676ms)
✔ later missing snapshot values precede earlier runtime guards (0.509237ms)
✔ snapshot shape errors precede bounds/domain errors within the same snapshot (6.305596ms)
✔ all static action errors precede missing snapshot admission (0.42103ms)
✔ supply checked nominal snapshots; no structural equality grants a write (2.054968ms)
✔ short-circuiting cannot hide an effectful nested statement (5.054758ms)
✔ Ensure suffix placement is checked before reduction (0.417293ms)
✔ self reference is not introduced before binding (0.315568ms)
✔ descriptor count is an actual runtime bound with rollback (70.737386ms)
✔ result mutation cannot affect subsequent evaluations (1.212434ms)
✔ source, Core and snapshots retain separate simultaneous byte bounds (1.124033ms)
✔ deep non-object request is INPUT_SCHEMA without host stack overflow (2.846906ms)
✔ statement256 is legal and257 rejects before any reduction (27.452824ms)
✔ record64 fields is legal and65 rejects schema admission (4.842697ms)
✔ Text literal1024 versus1025 and supplied Text1025 retain different failure phases (0.505203ms)
✔ collection capacity128 is legal;129 is not silently widened (2.931411ms)
✔ snapshot outer node counts toward value depth64 (2.629284ms)
✔ constructed depth64 succeeds and depth65 rejects after entered children (1.586985ms)
✔ schema JSON-tree node bound is independent of record field bounds (8.116669ms)
✔ Quantity normalized scale and exponent bounds reject before work (1.722743ms)
✔ selected arithmetic overflow is charged while skipped overflow is not entered (0.494078ms)
✔ empty collection access rejects at the projection after both children (0.26772ms)
✔ ASCII-valid prototype-like identifiers stay ordinary own properties (0.251048ms)
✔ work65536 is legal and a caller cannot raise or negate that allowance (0.311105ms)
✔ integer endpoints and Unicode Text bytes are checked without wrapping or character counting (0.706605ms)
✔ staged-x10-to11: actual execution (14.205304ms)
✔ staged-ensures12: actual execution (0.80387ms)
✔ duplicate-write: actual execution (0.439924ms)
✔ next-read: actual execution (0.317975ms)
✔ post-outside-ensure: actual execution (0.412886ms)
✔ two-runtime-failures: actual execution (3.775143ms)
✔ static-before-guard: actual execution (1.711386ms)
✔ work-exhaustion: actual execution (0.811926ms)
✔ quantity-mul: actual execution (1.87633ms)
✔ quantity-div: actual execution (2.763986ms)
✔ quantity-negative-scale: actual execution (1.157498ms)
✔ financial-write: actual execution (0.282721ms)
✔ finite-record-bound: actual execution (13.369534ms)
✔ unit-not-a-value: actual execution (0.681097ms)
✔ max-u64-matrix-encoding: actual execution (23.092802ms)
✔ byte-boundary-65536: actual execution (13.785131ms)
✔ byte-boundary-65537: actual execution (1.374235ms)
✔ undeclared-unit: actual execution (0.314824ms)
✔ recursive-operation-schema: actual execution (2.068524ms)
✔ all active combined derivations have executed counterparts (0.47498ms)
✔ the historical twentieth strict case has a new explicit short-circuit observation (0.92088ms)
✔ None with Option metadata depth 508 (4.334913ms)
✔ None with Option metadata depth 509 (3.617928ms)
✔ None with Option metadata depth 600 (1.134123ms)
✔ None with Option metadata depth 3000 (11.002142ms)
✔ largest Option chain fitting Core byte bound succeeds (10.197506ms)
✔ next Option chain exceeds Core bytes and rejects before work (4.786579ms)
✔ deep metadata still needs an evaluation work unit (5.71479ms)
✔ deep type shape error is INPUT_SCHEMA (2.363903ms)
✔ deep unresolved nominal type is TYPE_NAME (2.560873ms)
✔ deep Unit data type remains disallowed (4.271975ms)
✔ deep Collection capacity checks preserve inner type error order (2.991935ms)
✔ deep Collection metadata accepts valid finite capacities (7.05418ms)
✔ malformed canonical encoding remains rejected at deep metadata (0.837367ms)
✔ deep schema JSON is rejected by normative schema depth bound (3.032037ms)
✔ deep types compare structurally during ConstructSome typing (6.149862ms)
✔ deep mismatched types reject statically before work (4.720957ms)
✔ deep metadata types in unselected branches remain statically checked (8.926355ms)
✔ LitUInt-positive executes the specified value/type/work (5.294565ms)
✔ LitUInt-reject executes the specified phase and error (1.001431ms)
✔ LitSInt-positive executes the specified value/type/work (1.67711ms)
✔ LitSInt-reject executes the specified phase and error (0.825742ms)
✔ LitBool-positive executes the specified value/type/work (1.058732ms)
✔ LitBool-reject executes the specified phase and error (0.182839ms)
✔ LitText-positive executes the specified value/type/work (0.324485ms)
✔ LitText-reject executes the specified phase and error (0.209612ms)
✔ LitAmount-positive executes the specified value/type/work (1.926137ms)
✔ LitAmount-reject executes the specified phase and error (2.152201ms)
✔ LitQuantity-positive executes the specified value/type/work (1.0488ms)
✔ LitQuantity-reject executes the specified phase and error (0.449018ms)
✔ LitShares-positive executes the specified value/type/work (0.988306ms)
✔ LitShares-reject executes the specified phase and error (0.193095ms)
✔ LitRate-positive executes the specified value/type/work (0.206926ms)
✔ LitRate-reject executes the specified phase and error (0.505214ms)
✔ LitPrice-positive executes the specified value/type/work (0.369491ms)
✔ LitPrice-reject executes the specified phase and error (0.193641ms)
✔ ReadArg-positive executes the specified value/type/work (0.354774ms)
✔ ReadArg-reject executes the specified phase and error (0.145618ms)
✔ ReadObs-positive executes the specified value/type/work (1.218784ms)
✔ ReadObs-reject executes the specified phase and error (0.264068ms)
✔ ProjectField-positive executes the specified value/type/work (0.528604ms)
✔ ProjectField-reject executes the specified phase and error (0.231598ms)
✔ AccessField-positive executes the specified value/type/work (0.975988ms)
✔ AccessField-reject executes the specified phase and error (0.142881ms)
✔ ProjectIndex-positive executes the specified value/type/work (3.125213ms)
✔ ProjectIndex-reject executes the specified phase and error (0.636521ms)
✔ AccessIndex-positive executes the specified value/type/work (0.271105ms)
✔ AccessIndex-reject executes the specified phase and error (0.434601ms)
✔ ConstructRecord-positive executes the specified value/type/work (0.316793ms)
✔ ConstructRecord-reject executes the specified phase and error (0.148196ms)
✔ ConstructEnum-positive executes the specified value/type/work (0.275489ms)
✔ ConstructEnum-reject executes the specified phase and error (0.151091ms)
✔ ConstructSome-positive executes the specified value/type/work (0.287541ms)
✔ ConstructSome-reject executes the specified phase and error (0.281873ms)
✔ ConstructNone-positive executes the specified value/type/work (0.143743ms)
✔ ConstructNone-reject executes the specified phase and error (0.504893ms)
✔ ConstructCollection-positive executes the specified value/type/work (0.670392ms)
✔ ConstructCollection-reject executes the specified phase and error (1.271145ms)
✔ Add-positive executes the specified value/type/work (0.786767ms)
✔ Add-reject executes the specified phase and error (1.056303ms)
✔ Sub-positive executes the specified value/type/work (0.19425ms)
✔ Sub-reject executes the specified phase and error (0.15376ms)
✔ Mul-positive executes the specified value/type/work (0.117209ms)
✔ Mul-reject executes the specified phase and error (0.122538ms)
✔ FloorDiv-positive executes the specified value/type/work (0.107273ms)
✔ FloorDiv-reject executes the specified phase and error (4.380722ms)
✔ CeilDiv-positive executes the specified value/type/work (0.20721ms)
✔ CeilDiv-reject executes the specified phase and error (0.308056ms)
✔ Eq-positive executes the specified value/type/work (0.163156ms)
✔ Eq-reject executes the specified phase and error (0.465325ms)
✔ Lt-positive executes the specified value/type/work (0.188779ms)
✔ Lt-reject executes the specified phase and error (0.911355ms)
✔ Lte-positive executes the specified value/type/work (0.423019ms)
✔ Lte-reject executes the specified phase and error (0.168238ms)
✔ Gt-positive executes the specified value/type/work (0.126764ms)
✔ Gt-reject executes the specified phase and error (0.113299ms)
✔ Gte-positive executes the specified value/type/work (0.111866ms)
✔ Gte-reject executes the specified phase and error (0.106447ms)
✔ Not-positive executes the specified value/type/work (0.171807ms)
✔ Not-reject executes the specified phase and error (0.116916ms)
✔ And-short-circuit-positive-v1 executes the specified value/type/work (0.112281ms)
✔ And-reject executes the specified phase and error (0.604647ms)
✔ Or-short-circuit-positive-v1 executes the specified value/type/work (0.279464ms)
✔ Or-reject executes the specified phase and error (0.124253ms)
✔ all forty positive/rejection pairs have an executable materialization (0.542764ms)
✔ ReadLocal-positive: preceding Let supplies immutable y=11 (0.647279ms)
✔ ReadLocal-reject: missing z after a valid earlier binder rejects statically (8.770142ms)
✔ ReadPre-positive: post read sees staged x11 only inside Ensure (0.725263ms)
✔ ReadPre-reject: next view remains statically forbidden (0.295183ms)
✔ Require-positive: true consumes two nodes and changes no frame (0.211924ms)
✔ Require-reject: false consumes two nodes then rejects (0.187289ms)
✔ Let-positive: binding is evaluated against pre then observed by Ensure (0.327621ms)
✔ Let-reject: argument collision prevents reduction (0.239258ms)
✔ NextWrite-positive: prefix Let2 then NextWrite2 stages x11 (2.37332ms)
✔ NextWrite-reject: complete action typing rejects Bool before prefix work (1.621756ms)
✔ Ensure-positive: prefix NextWrite2 then Ensure4 checks x11 (0.323524ms)
✔ Ensure-reject: work includes staging but no staged state escapes (1.150188ms)
✔ Emit-positive: append a descriptor, with no financial effects (0.430091ms)
✔ Emit-reject: unknown operation rejects before reduction (0.183167ms)
✔ schema rejection follows ASCII identifier order rather than locale collation (13.225814ms)
✔ returned type arrays cannot change the schema of a later evaluation (8.317605ms)
✔ the versioned expression API exists independently of funded preparation (1.389298ms)
✔ BC1-truth-and-false-false: actual execution (7.091152ms)
✔ BC1-truth-and-false-true: actual execution (0.344775ms)
✔ BC1-truth-and-true-false: actual execution (0.367449ms)
✔ BC1-truth-and-true-true: actual execution (0.3417ms)
✔ BC1-truth-or-false-false: actual execution (0.315289ms)
✔ BC1-truth-or-false-true: actual execution (4.982043ms)
✔ BC1-truth-or-true-false: actual execution (0.503843ms)
✔ BC1-truth-or-true-true: actual execution (0.553219ms)
✔ BC1-skip-and-denominator: actual execution (6.608288ms)
✔ BC1-skip-or-denominator: actual execution (0.55546ms)
✔ BC1-selected-and-denominator: actual execution (0.379091ms)
✔ BC1-selected-or-denominator: actual execution (0.301977ms)
✔ BC1-left-and-denominator: actual execution (0.312793ms)
✔ BC1-left-or-denominator: actual execution (0.331555ms)
✔ BC1-dead-and-unknown-name: actual execution (0.327237ms)
✔ BC1-dead-and-wrong-type: actual execution (0.201478ms)
✔ BC1-dead-or-unknown-name: actual execution (4.358165ms)
✔ BC1-dead-or-wrong-type: actual execution (0.831681ms)
✔ BC1-dead-literal-domain: actual execution (0.173911ms)
✔ BC1-dead-missing-snapshot: actual execution (0.329862ms)
✔ BC1-dead-wrong-snapshot-shape: actual execution (0.237429ms)
✔ BC1-dead-snapshot-domain: actual execution (0.171453ms)
✔ BC1-work0-and: actual execution (0.149456ms)
✔ BC1-work1-and: actual execution (0.16352ms)
✔ BC1-work2-skip-and: actual execution (0.124005ms)
✔ BC1-work2-select-and: actual execution (0.11336ms)
✔ BC1-work0-or: actual execution (0.113411ms)
✔ BC1-work1-or: actual execution (0.112369ms)
✔ BC1-work2-skip-or: actual execution (0.118726ms)
✔ BC1-work2-select-or: actual execution (0.131233ms)
✔ BC1-nested-selected-error: actual execution (5.695555ms)
✔ BC1-nested-work-exhaustion: actual execution (0.44464ms)
✔ BC1-nested-skip: actual execution (0.306666ms)
✔ BC1-corner-nested-left-selected: actual execution (0.338273ms)
✔ BC1-corner-parent-equality: actual execution (0.200472ms)
✔ BC1-action-dead-require-name: actual execution (0.460556ms)
✔ BC1-action-dead-ensure-name: actual execution (0.249059ms)
✔ BC1-action-later-static-before-guard: actual execution (0.299179ms)
✔ BC1-action-require-skip-false: actual execution (0.453416ms)
✔ BC1-action-ensure-skip-false: actual execution (5.411644ms)
✔ BC1-action-require-ensure-success: actual execution (0.352959ms)
✔ BC1-source-selected-denominator: actual execution (0.218974ms)
✔ BC1-source-selected-work-exhaustion: actual execution (0.126662ms)
✔ BC1-source-parent-guard-span: actual execution (0.176636ms)
✔ BC1-dead-invalid-source-span: actual execution (0.116065ms)
✔ BC1-source-unicode-work-span: actual execution (0.111362ms)
✔ BC1-dead-core-bound: actual execution (2.158354ms)
✔ BC1-direct-denominator: actual execution (0.57976ms)
✔ agreement /2 check and format use no schema or action and match the API (1073.722805ms)
✔ agreement /2 simulate requires --action and equals the API including the action field (403.036795ms)
✔ agreement /2 continuation simulate uses first post, financialPost and remaining work (636.515389ms)
✔ agreement /2 CLI writes semantic rejection to stderr with empty stdout (416.545946ms)
✔ /2 rejects --schema and --action on check/format; /1 and older profiles reject --action (2575.639314ms)
✔ agreement /2 simulate retains snapshot and repayment-state transport limits (1583.34483ms)
✔ /1 simulate and older profiles stay unchanged and omit the /2 action field (1554.91277ms)
✔ agreement /3 check and format use no schema or action and match the API (1302.681208ms)
✔ agreement /3 simulate requires --action and equals the API including the action field (369.10125ms)
✔ agreement /3 continuation simulate uses remaining work and complete financialPost (927.853171ms)
✔ agreement /3 CLI writes semantic rejection to stderr with empty stdout (358.712102ms)
✔ /3 rejects --schema and --action on check/format; /2 stays on its form (1666.144634ms)
✔ state admission rejection is kernel-shaped on the CLI (281.256079ms)
✔ agreement /4 check and format use no schema or action and match the API (1095.478885ms)
✔ agreement /4 simulate requires --action and equals the API including the action field (486.658355ms)
✔ agreement /4 CLI writes semantic rejection to stderr with empty stdout (411.759952ms)
✔ /4 rejects --schema and --action on check/format; /3 stays on its form (1567.135537ms)
✔ agreement /5 check and format use no schema or action and match the API (749.287986ms)
✔ agreement /5 simulate requires --action and equals the API (437.719946ms)
✔ /5 rejects --schema; /4 stays on its form (620.087724ms)
✔ agreement check and format use no schema and match the API (1056.78311ms)
✔ agreement simulate CLI equals the API and the schema-based funded example (461.644393ms)
✔ agreement CLI writes semantic rejection to stderr with empty stdout (387.028699ms)
✔ new profile rejects --schema and old profiles reject the schema-free forms (2053.766101ms)
✔ agreement simulate retains snapshot and repayment-state transport limits (1465.0575ms)
✔ old-profile simulate, check and format stay unchanged (1029.098796ms)
✔ factory exposes source plus mandatory action name and does not take schema or AST (1.140788ms)
✔ parser accepts multiple actions under the distinct /2 profile (17.327406ms)
✔ elaborate and check return per-action artifacts in source order without an aggregate bound (50.392516ms)
✔ evaluate requires a primitive selector even for one /2 action (17.656793ms)
✔ malformed selectors reject SOURCE_ACTION_NAME with a synthetic span (87.18444ms)
✔ unknown, case-mismatched and prototype names reject SOURCE_ACTION_UNKNOWN (28.236401ms)
✔ zero, duplicate and colliding actions reject at the offending declaration (0.541498ms)
✔ static errors in an unselected action reject before selector handling (4.536314ms)
✔ well-typed unselected runtime guards do not execute (5.118502ms)
✔ parameters and locals may reuse names across actions, including different types (13.324277ms)
✔ references to another action binding reject during that action check (2.550885ms)
✔ runtime snapshots require exactly the selected Args (16.979971ms)
✔ selected result and work are independent of unselected action order and extra well-typed actions (28.570427ms)
✔ fixture repay30 then installment20 leaves50 with complete continuation projection (20.918769ms)
✔ protected bindings, funding, guard, ensure and work failures still reject (26.768267ms)
✔ later-action diagnostics keep original UTF-8 spans after comments and Unicode (5.788649ms)
✔ evaluate compiles fresh and never consumes returned Core (26.056479ms)
✔ format is idempotent and simulation-equivalent (34.823691ms)
✔ /1 signatures, exactly-one-action rejection and old profiles stay unchanged (12.301264ms)
✔ static source failures reject before snapshot-dependent work and keep transport bounds (8.00746ms)
✔ factory exposes /3 source plus mandatory action name and does not take schema or AST (1.438023ms)
✔ parser accepts six generic reads under the distinct /3 profile (5.504972ms)
✔ elaborate and check return /3 profile and Core contract /2 (37.930165ms)
✔ fixture repay 30 then 20 then remaining 50 settles with unrelated rows preserved (37.072222ms)
✔ all six reads return typed kernel pre-state and never default missing to zero (11.704699ms)
✔ dynamic Text identities and settled zero outstanding remain readable (5.747134ms)
✔ ordinary Pre/Obs cannot supply financial values (10.59584ms)
✔ invalid state is admitted before false guards and missing lookups (14.214713ms)
✔ malformed unselected action beats selector and runtime inputs (3.050707ms)
✔ unknown unit or asset is TYPE_NAME even in an unselected action (2.339983ms)
✔ non-Text identity is TYPE_MISMATCH and extra type arguments reject (1.93598ms)
✔ canonical /3 grammar spells financialRead with typeArgs (0.513627ms)
✔ runtime identifier and denomination failures keep the read span (14.879568ms)
✔ exact (party, asset) lookup is not first-match-by-unit (4.809066ms)
✔ Quantity 2^127-1 reads and 2^127 rejects ARITH_RANGE; Amount permits UInt128 max (8.326563ms)
✔ short-circuit skips runtime lookup while static checking still visits the branch (3.822242ms)
✔ repeated reads before and after emit see the same financial pre-state (3.353864ms)
✔ interest-first control discharges accrued before principal (10.606074ms)
✔ atomic funding faults publish no posts or effects (29.100061ms)
✔ work: E+N succeeds exactly, expression exhaustion and kernel shortfall differ (47.807354ms)
✔ selected Args must match the action; extra nominal on repay_remaining rejects (12.38079ms)
✔ new intrinsic names remain legal in /2 and are reserved in /3 (5.732014ms)
✔ /1 and /2 public contracts stay closed and reject /3 profile text (4.097588ms)
✔ historical 100-work fixture remains usable by /2 and is not rewritten (3.293239ms)
✔ format is idempotent for /3 (29.527378ms)
✔ evaluate compiles fresh and does not consume returned Core or mutated state (34.039282ms)
✔ lookup positions 1 and 128 and case-sensitive identities (23.082096ms)
✔ factory exposes /4 source plus mandatory action name and does not take schema or AST (6.762793ms)
✔ parser accepts six post reads under the distinct /4 profile (2.810339ms)
✔ elaborate and check return /4 profile and Core contract /3 (43.082984ms)
✔ independent repay_remaining constructors are prefix 41, ordinary ensure 6, Quantity 5, Amount 6, bound 80 (12.099836ms)
✔ example repay_remaining settles with exact work 82 and six post observations (27.542903ms)
✔ spendable 82 succeeds remaining 0 reserve 16; 81 late work failure; 43 first ensure; 42 kernel (93.113685ms)
✔ false first financial ensure workUsed 54; false last 82; preexisting spent 17 persists (45.798125ms)
✔ unprefixed reads keep PRE meaning; locals captured before kernel stay 100 (18.696752ms)
✔ post reads are illegal in requires, let, next, emit, including dead branches (21.866013ms)
✔ skipped suffix post read is not charged and does not look up; static still visits (19.845596ms)
✔ kernel failure precedes a false ensure under /4; /3 keeps ensure-before-kernel (26.786255ms)
✔ empty descriptor action with false ensure is EMPTY_BATCH before suffix (13.78063ms)
✔ transfer-only batch is legal; post reads see created receiver and unchanged debt (18.125034ms)
✔ missing candidate post rows never equal zero (17.567288ms)
✔ exact newline identity, invalid units, signed128 quantity overflow and full U128 Amount (37.586414ms)
✔ complete kernel state admission and work mismatch beat suffix (10.306896ms)
✔ unselected ill-typed action beats selector and runtime inputs (1.076868ms)
✔ atomic funding and repay failures publish no posts, effects or new IDs (22.461313ms)
✔ old profiles keep post_* as legal identifiers and reject new constructors (10.708495ms)
✔ source, Core /3 and unchanged input retry agree; mutated elaborated Core cannot influence evaluate (67.933731ms)
✔ format is idempotent for /4 and preserves evaluation (35.266406ms)
✔ /2 stays closed and historical 100-work fixture is not rewritten (3.625483ms)
✔ factory exposes /5 plus Core /4 and does not export a resumable prefix (1.810281ms)
✔ parser accepts nested record constructors and u64 literals (26.891334ms)
✔ elaborate and check bind four protected operations structurally (50.788561ms)
✔ source consumer originates, accrues and repays through the real kernel (55.081775ms)
✔ example file check and evaluate match the API (19.885969ms)
✔ structural binding rejects missing Accrue, Quantity/Amount mix and UInt128 period fields (6.359555ms)
✔ Accrue against a different denomination rejects NOMINAL_UNIT (18.061451ms)
✔ /4 profile still rejects Originate and keeps Core /3 (1.851679ms)
✔ false ensure after origination publishes no IDs or debit (8.229737ms)
✔ factory exposes only source/snapshot/state strings and does not take schema or AST (2.000657ms)
✔ parser emits distinct uninitialized state, record and operation declarations (5.257862ms)
✔ generated schema equals the existing funded example schema canonically (20.004939ms)
✔ same action, snapshots and state equal the schema-based funded adapter result and work (32.191205ms)
✔ due100/pay30, interest-first P100/I10/pay7, continuation and failed funding/guard/ensure/work (34.867476ms)
✔ duplicate declarations, fields and parameters reject with original spans (2.603427ms)
✔ forward record references succeed and unknown or cyclic records reject (6.726506ms)
✔ mixed units and altered protected operations reject at check and evaluate (8.060447ms)
✔ initialized state, const, unsupported declarations and financial reclassification reject (6.840439ms)
✔ comments, Unicode and earlier declarations preserve original source offsets (0.8765ms)
✔ format is idempotent, schema-stable and simulation-equivalent (11.249439ms)
✔ declared type and binding failures keep original UTF-8 spans on the offending form (8.906159ms)
✔ reserved metadata names keep original UTF-8 spans in every source namespace (2.793462ms)
✔ operation and nested collection cycles keep referring TypeNode spans (1.25722ms)
✔ compound-invalid parameter faults reject before protected binding on check, elaborate and evaluate (5.936847ms)
✔ static source failures reject before snapshot-dependent work (0.234875ms)
✔ transport bounds and old-profile source regressions stay unchanged (3.702351ms)
✔ Core /2 factory arity and contract name stay distinct from /1 (1.184257ms)
✔ static check of a financial read does not require live state (2.698815ms)
✔ evaluate without financial context rejects FINANCIAL_CONTEXT_REQUIRED (1.933577ms)
✔ six read constructors type and reduce against validated pre-state (6.874268ms)
✔ a read plus Text literal costs two reductions (0.509774ms)
✔ Core /1 rejects new constructors even in an unselected branch (0.452296ms)
✔ Core /2 request remains closed and ignores caller Pre for financial reads (0.625385ms)
✔ unknown generic and non-Text identity are static (0.796734ms)
✔ runtime missing, invalid id, unit mismatch and range keep the read node (1.640339ms)
✔ short-circuit And/Or does not reduce the skipped read (0.575656ms)
✔ action statements still type-check every read including Ensure (0.927403ms)
✔ bound factory validates financial state itself and does not accept objects (0.306432ms)
✔ Core /2 malformed and duplicate state use expression rejection fields, not kernel actionIndex (0.318832ms)
✔ Core /3 staging continuation is not a public module export (2.963705ms)
✔ Core /3 factory arity and contract name stay distinct from /1 and /2 (0.701718ms)
✔ static check of a post read in Ensure does not require live state (10.011741ms)
✔ post reads outside Ensure including dead branches reject TYPE_POST_SCOPE at the original node (10.403624ms)
✔ integrated evaluate of a standalone expression rejects TYPE_ACTION_REQUIRED after static admission (0.840279ms)
✔ valid action without financial context rejects FINANCIAL_CONTEXT_REQUIRED after typing (8.540489ms)
✔ missing-context rejections own nodePath across calls and separate factories (2.328466ms)
✔ invalid action Core beats missing context (0.726479ms)
✔ closed request rejects extra fields, financialPost, callbacks and object state (0.979233ms)
✔ Core /3 state-admission faults keep the kernel envelope, unlike Core /2 (0.967698ms)
✔ Core /3 work mismatch is bare and precedes snapshot domain errors (0.600819ms)
✔ Core /3 newline identity uses a full-string check; old Core /2 keeps dollar-anchor behavior (15.102038ms)
✔ old Core /1 and /2 reject ReadPost constructors including dead branches (7.38544ms)
✔ source /4 and Core /3 evaluate the same remaining action to identical funded results (86.424476ms)
✔ Core /3 EMPTY_BATCH is not converted into ordinary-only success (9.960838ms)
✔ Core /4 staging continuation is not a public module export (1.452744ms)
✔ Core /4 factory arity stays distinct from /3 (0.122894ms)
✔ check needs no financial state; evaluate without state is FINANCIAL_CONTEXT_REQUIRED (6.468641ms)
✔ extra request fields including financialPost reject INPUT_SCHEMA (1.971597ms)
✔ integrated Core /4 originate then post-read uses lifecycle state (17.129868ms)
✔ source /5 and Core /4 share the funded result shape (0.224468ms)
✔ financial parser has gated punctuation, generic names, arities and unchanged old catalogs (4.186287ms)
✔ financial source enforces lexical metadata roles and profile-local name domains (9.250712ms)
✔ financial schema variants retain distinct payloads, cycles and 128-case bound (14.796083ms)
✔ financial collections and action parameters retain 128 and 256 bounds (38.535179ms)
✔ financial source conditional depth, tokens and source bounds remain bounded (1.349875ms)
✔ financial source literals and dynamic constructors keep distinct nodes and charges (49.077551ms)
✔ financial source UInt256 boundaries and explicit narrowing retain exact errors (14.251944ms)
✔ financial dynamic amount/share endpoints and child-entry work remain explicit (10.445737ms)
✔ financial direct Emit preserves a conditional record operand and selected work (5.622523ms)
✔ financial source lazy Select checks both arms and charges only selected nodes (8.89251ms)
✔ financial source variants/options project exact payloads and reject wrong cases (17.013989ms)
✔ financial source indexed arithmetic uses exact price/rate and literal scale rules (9.211729ms)
✔ financial source formatter preserves conditional AST association and exact Core (13.115635ms)
✔ financial source names are profile-local and original source/1 stays unchanged (6.047211ms)
✔ financial runtime additive check never evaluates or requires typed snapshots (1.384268ms)
✔ one actual .mori fixture elaborates and evaluates all48 constructors (18.997962ms)
✔ financial source exposes every new indexed type recursively without host aliases (9.130041ms)
✔ financial source scalar projections follow the complete closed overload table (18.034091ms)
✔ financial source selected failure rolls back prior writes and descriptors with real byte paths (4.353615ms)
✔ financial source exact new-node spans, metadata operands and arity failures (12.711533ms)
✔ financial source transport/ownership and phase priorities preserve source/1 contract (2.12322ms)
✔ financial source independent vault equation: deposit-round-down (2.430649ms)
✔ financial source independent vault equation: mint-round-up (7.192954ms)
✔ financial source independent vault equation: withdraw-round-up (2.686743ms)
✔ financial source independent vault equation: redeem-round-down (1.942083ms)
✔ financial source independent vault equation: deposit-max-domain-product (4.336478ms)
✔ financial source independent vault equation: mint-max-domain-product (1.319633ms)
✔ financial source independent vault equation: withdraw-max-domain-product (2.362422ms)
✔ financial source independent vault equation: redeem-max-domain-product (2.690719ms)
✔ financial source independent vault equation: deposit-result-overflow (6.130498ms)
✔ financial source independent vault equation: mint-result-overflow (3.817512ms)
✔ financial source independent vault equation: withdraw-result-overflow (1.763803ms)
✔ financial source independent vault equation: redeem-result-overflow (2.899129ms)
✔ financial source independent vault equation: deposit-small-zero-rounding (3.061076ms)
✔ financial source independent vault equation: withdraw-small-rounding (1.631664ms)
✔ financial source independent vault equation: mint-small-rounding (1.031718ms)
✔ financial source independent vault equation: redeem-small-zero-rounding (2.892625ms)
✔ financial source independent vault equation: zero-supply-needs-explicit-rule (7.357487ms)
✔ financial source independent vault equation: zero-valuation-needs-explicit-rule (2.026368ms)
✔ financial source independent vault equation: deposit-zero-quantity-arithmetic (1.953545ms)
✔ financial source independent vault equation: input-overflow-before-division (1.048924ms)
✔ LitUInt-positive executes the specified value/type/work (7.908689ms)
✔ LitUInt-reject executes the specified phase and error (0.823566ms)
✔ LitSInt-positive executes the specified value/type/work (0.462872ms)
✔ LitSInt-reject executes the specified phase and error (0.216237ms)
✔ LitBool-positive executes the specified value/type/work (0.240792ms)
✔ LitBool-reject executes the specified phase and error (0.148699ms)
✔ LitText-positive executes the specified value/type/work (0.232866ms)
✔ LitText-reject executes the specified phase and error (0.459055ms)
✔ LitAmount-positive executes the specified value/type/work (0.261216ms)
✔ LitAmount-reject executes the specified phase and error (0.251122ms)
✔ LitQuantity-positive executes the specified value/type/work (1.741488ms)
✔ LitQuantity-reject executes the specified phase and error (0.361894ms)
✔ LitShares-positive executes the specified value/type/work (0.377161ms)
✔ LitShares-reject executes the specified phase and error (0.164942ms)
✔ LitRate-positive executes the specified value/type/work (0.206834ms)
✔ LitRate-reject executes the specified phase and error (0.167535ms)
✔ LitPrice-positive executes the specified value/type/work (0.244993ms)
✔ LitPrice-reject executes the specified phase and error (0.2674ms)
✔ ReadArg-positive executes the specified value/type/work (0.503464ms)
✔ ReadArg-reject executes the specified phase and error (0.197048ms)
✔ ReadObs-positive executes the specified value/type/work (0.200518ms)
✔ ReadObs-reject executes the specified phase and error (0.812009ms)
✔ ProjectField-positive executes the specified value/type/work (0.856929ms)
✔ ProjectField-reject executes the specified phase and error (0.464242ms)
✔ AccessField-positive executes the specified value/type/work (4.638143ms)
✔ AccessField-reject executes the specified phase and error (1.075349ms)
✔ ProjectIndex-positive executes the specified value/type/work (1.424456ms)
✔ ProjectIndex-reject executes the specified phase and error (0.394873ms)
✔ AccessIndex-positive executes the specified value/type/work (0.268991ms)
✔ AccessIndex-reject executes the specified phase and error (0.266872ms)
✔ ConstructRecord-positive executes the specified value/type/work (0.631688ms)
✔ ConstructRecord-reject executes the specified phase and error (0.77874ms)
✔ ConstructEnum-positive executes the specified value/type/work (0.289119ms)
✔ ConstructEnum-reject executes the specified phase and error (0.332982ms)
✔ ConstructSome-positive executes the specified value/type/work (0.31995ms)
✔ ConstructSome-reject executes the specified phase and error (0.25156ms)
✔ ConstructNone-positive executes the specified value/type/work (0.317618ms)
✔ ConstructNone-reject executes the specified phase and error (0.344876ms)
✔ ConstructCollection-positive executes the specified value/type/work (2.106965ms)
✔ ConstructCollection-reject executes the specified phase and error (0.221263ms)
✔ Add-positive executes the specified value/type/work (3.602864ms)
✔ Add-reject executes the specified phase and error (1.097321ms)
✔ Sub-positive executes the specified value/type/work (0.515047ms)
✔ Sub-reject executes the specified phase and error (0.512331ms)
✔ Mul-positive executes the specified value/type/work (0.295427ms)
✔ Mul-reject executes the specified phase and error (0.500943ms)
✔ FloorDiv-positive executes the specified value/type/work (0.236517ms)
✔ FloorDiv-reject executes the specified phase and error (0.168579ms)
✔ CeilDiv-positive executes the specified value/type/work (0.153333ms)
✔ CeilDiv-reject executes the specified phase and error (0.370106ms)
✔ Eq-positive executes the specified value/type/work (0.181032ms)
✔ Eq-reject executes the specified phase and error (0.210624ms)
✔ Lt-positive executes the specified value/type/work (1.809025ms)
✔ Lt-reject executes the specified phase and error (0.868872ms)
✔ Lte-positive executes the specified value/type/work (0.441106ms)
✔ Lte-reject executes the specified phase and error (0.481372ms)
✔ Gt-positive executes the specified value/type/work (0.217081ms)
✔ Gt-reject executes the specified phase and error (0.174241ms)
✔ Gte-positive executes the specified value/type/work (0.167239ms)
✔ Gte-reject executes the specified phase and error (0.160507ms)
✔ Not-positive executes the specified value/type/work (0.186737ms)
✔ Not-reject executes the specified phase and error (0.226545ms)
✔ And-short-circuit-positive-v1 executes the specified value/type/work (0.249449ms)
✔ And-reject executes the specified phase and error (0.67029ms)
✔ Or-short-circuit-positive-v1 executes the specified value/type/work (0.281573ms)
✔ Or-reject executes the specified phase and error (6.147583ms)
✔ all forty positive/rejection pairs have an executable materialization (0.329597ms)
✔ ReadLocal-positive: preceding Let supplies immutable y=11 (1.009178ms)
✔ ReadLocal-reject: missing z after a valid earlier binder rejects statically (0.827719ms)
✔ ReadPre-positive: post read sees staged x11 only inside Ensure (0.441796ms)
✔ ReadPre-reject: next view remains statically forbidden (0.221025ms)
✔ Require-positive: true consumes two nodes and changes no frame (0.16392ms)
✔ Require-reject: false consumes two nodes then rejects (0.149064ms)
✔ Let-positive: binding is evaluated against pre then observed by Ensure (0.509068ms)
✔ Let-reject: argument collision prevents reduction (6.204229ms)
✔ NextWrite-positive: prefix Let2 then NextWrite2 stages x11 (0.860569ms)
✔ NextWrite-reject: complete action typing rejects Bool before prefix work (0.605253ms)
✔ Ensure-positive: prefix NextWrite2 then Ensure4 checks x11 (0.456346ms)
✔ Ensure-reject: work includes staging but no staged state escapes (3.224356ms)
✔ Emit-positive: append a descriptor, with no financial effects (1.16062ms)
✔ Emit-reject: unknown operation rejects before reduction (1.066308ms)
✔ retained exact vault body has56 nodes and full reference Sigma is admitted (65.730734ms)
✔ independent vault oracle: deposit-round-down (50.089207ms)
✔ independent vault oracle: mint-round-up (30.738294ms)
✔ independent vault oracle: withdraw-round-up (32.863894ms)
✔ independent vault oracle: redeem-round-down (48.887377ms)
✔ independent vault oracle: deposit-max-domain-product (18.999946ms)
✔ independent vault oracle: mint-max-domain-product (38.433023ms)
✔ independent vault oracle: withdraw-max-domain-product (11.576629ms)
✔ independent vault oracle: redeem-max-domain-product (30.398203ms)
✔ independent vault oracle: deposit-result-overflow (7.67134ms)
✔ independent vault oracle: mint-result-overflow (11.026048ms)
✔ independent vault oracle: withdraw-result-overflow (11.699306ms)
✔ independent vault oracle: redeem-result-overflow (10.907431ms)
✔ independent vault oracle: deposit-small-zero-rounding (16.395236ms)
✔ independent vault oracle: withdraw-small-rounding (15.218104ms)
✔ independent vault oracle: mint-small-rounding (15.789422ms)
✔ independent vault oracle: redeem-small-zero-rounding (24.874925ms)
✔ independent vault oracle: zero-supply-needs-explicit-rule (7.38397ms)
✔ independent vault oracle: zero-valuation-needs-explicit-rule (7.012282ms)
✔ independent vault oracle: deposit-zero-quantity-arithmetic (16.933438ms)
✔ independent vault oracle: input-overflow-before-division (7.802303ms)
✔ unprotected body itself does not claim initialized-domain rejection (18.962104ms)
✔ explicit UInt256 conversion evaluates a full-domain UInt128 product (15.45863ms)
✔ Select uses actual selected-node work while checking both branches (0.666151ms)
✔ ConstructAmount and ConstructShares require exact UInt128 and fixed identities (8.796853ms)
✔ Variant introduction and exact projection retain payload asset and node work (12.303123ms)
✔ Variant values and schemas reject wrong cases, duplicate payloads and cycles (2.024171ms)
✔ ProjectSome distinguishes None and preserves child failure and work (0.791054ms)
✔ UInt256 boundaries and explicit narrowing have distinct static and dynamic errors (1.219332ms)
✔ ScalarValue has only the approved component/type overloads (4.226464ms)
✔ NetAmount exact symmetric domain does not narrow to signed128 (1.564163ms)
✔ Amount products preserve dimensions and allow a full UInt128-square quotient (5.860989ms)
✔ AMM expression retains floor19743 and ceil19744 without a financial effect (2.617798ms)
✔ Price direction and literal scale divisor are statically bound (5.49097ms)
✔ negative rates use signed256 and Euclidean rounding, not unsigned cash (7.689518ms)
✔ Select preserves skipped dynamic errors, but rejects skipped static errors and unit mismatch (0.697065ms)
✔ new failures retain actual parent or child source spans (0.333337ms)
✔ new schema validates every named type and simultaneous global bounds (45.682309ms)
✔ complete parser rejects comments, plain division, chained comparison, trailing input and unknown syntax (4.317934ms)
✔ canonical codec uses ASCII key order, preserves scalar text, and rejects alternative bytes (1.105085ms)
✔ UTF8 spans and erased parentheses retain independent literal span (10.674595ms)
✔ typing rejects forward values, duplicate state writes, wrong actors and nominal units (8.262286ms)
✔ both complete supplied programs produce deterministic full AST, typed annotations, Core and hashes (184.917614ms)
✔ precedence, left association, floor numerator preorder and per-statement IDs are exact (4.427674ms)
✔ unit algebra produces ordered Quantity vectors and cancels exactly without erasing nominal amounts (2.74316ms)
✔ policies reject missing, duplicate, wrong-unit, future and nonfinancial bindings (56.328135ms)
✔ explicit reserve rules are generic, hash-bound, and require the exact structural guard (100.913364ms)
✔ settlements, statuses and exact effect schemas reject malformed records (47.327626ms)
✔ every aggregate encoding and action shape limit is enforced jointly (189.622325ms)
✔ canonical codec rejects sparse, decorated and accessor containers (0.305818ms)
✔ profile-valid redundant parentheses exceed128 without consuming semantic depth (74.06988ms)
✔ public frontend returns one closed diagnostic at earliest stage with exact fields (3.130527ms)
✔ independent stage6 errors select smallest source span, including earlier policies (13.012153ms)
✔ validated canonical record decoding requires a schema validator (3.896446ms)
✔ semantic depth boundary16 accepts and17 rejects with PROGRAM_BOUNDS (29.360579ms)
✔ both example hashes and canonical full records retain audited materialization bytes (92.844102ms)
✔ internal nonadmitted configuration isolates typed versus manifest bounds; public APIs reject overrides (5.10216ms)
✔ malformed settlement literal kinds are stage4 declaration errors after complete syntax (1.468104ms)
✔ settlement wrong shape wins before semantic errors while valid shapes reach stage6 (0.913661ms)
✔ keyword misuse is syntax stage3, reserved tokens are lexical stage2, with numeric stage priority (1.349086ms)
✔ Const State Episode and guard literals preserve schema-versus-typing distinctions (7.045959ms)
✔ loan and swap policies may follow all actions with complete-table metadata resolution (522.973773ms)
✔ policies after actions retain stage6 invalid-target and invalid-rounding controls (61.355278ms)
✔ unexpected astral source characters have exact complete-scalar UTF8 lexical spans (1.022082ms)
✔ SP01 frontend premature episode status keeps NAME_RESOLUTION before later guard mismatch (3.077399ms)
✔ SP01 frontend premature notional status keeps NAME_RESOLUTION before later guard mismatch (2.276084ms)
✔ SP01 frontend policy effect ordinal overflow is UINT_RANGE at the target span (6.804244ms)
✔ SP01 frontend earlier guard TYPE_MISMATCH beats later overflowing policy ordinal (0.865081ms)
✔ SP01 frontend earlier uncovered Amount write beats later overflowing policy ordinal (0.663274ms)
✔ SP01 frontend earlier uncovered emit in another action or unit beats overflowing run ordinal (1.325962ms)
✔ SP01 frontend earlier invalid write target beats overflowing effect target in the same policy (0.472473ms)
✔ funded simulate CLI equals the adapter and includes initial ordinary and financial state (446.326791ms)
✔ funded simulate CLI writes semantic rejection to stderr with empty stdout (319.128401ms)
✔ repayment-state is rejected for the original profile, check, format and reordered flags (1674.294031ms)
✔ funded simulate CLI retains repayment-state transport limits and malformed JSON (1322.500345ms)
✔ pure simulate, check and format stay unchanged without repayment-state (1099.36638ms)
✔ published expression-funded-payment example runs through the normal CLI (836.735842ms)
✔ computed due100/pay30 publishes ordinary post, cash, principal and allowance together (44.920751ms)
✔ AccrualFirst P100/I10/pay7 discharges accrued first and leaves residual duty (18.414365ms)
✔ arithmetic changes the Transfer amount and a failing equality guard rejects Repay (9.783314ms)
✔ failed guard or ensure after staged write or emission returns rejection only (5.936563ms)
✔ overflow, negative nominal, wrong units, unsupported operations, missing and repeated funding reject atomically (37.646372ms)
✔ work is exact at E+N, one unit short rejects, prior spent is kept and reserve is unchanged (24.519016ms)
✔ multiple allocations share one transfer decreasing funding (4.353853ms)
✔ second invocation preserves prior spent, IDs, unrelated state and residual duties (16.466814ms)
✔ workInitial must equal remaining, financial schema fields are rejected, and empty batches never reach the kernel (1.067736ms)
✔ adapter owns parsed JSON only and does not publish on malformed state or hostile accessors (0.257634ms)
✔ source /4 public evaluate still typechecks a Transfer/Repayment-only effect switch (802.043914ms)
✔ source /5 public evaluate is a distinct lifecycle result: Transfer/Repayment-only switch fails (1004.897997ms)
✔ checked-in source /4 exhaustive consumer matches the live public factory (0.201212ms)
✔ lifecycle corpus consumer exists (0.698374ms)
✔ frozen source sha is unchanged (5.927618ms)
✔ offline corpus elaborates whole source, chains Core, and does not execute K (392.734227ms)
✔ comparator rejects debt-split and history mutations (121.204155ms)
✔ coverage inventory lists unsupported Core/4 constructors as open boundaries (0.641961ms)
✔ offline npm command reports K not executed (732.604056ms)
✔ loan-lifecycle source checks four actions and frozen constructor counts (78.8367ms)
✔ complete source lifecycle matches the independent oracle with actual predecessor posts (191.287993ms)
✔ named kernel and source failures publish no candidate and preserve the predecessor (333.964697ms)
✔ exact work W succeeds remaining 0; W-1, prefix+N-1 and prefix+N reject without output (233.16872ms)
✔ ordinary phase offset survives every stage and unrelated obligation histories append (91.22296ms)
✔ malformed unrelated allowance is admission rejection, not a lifecycle continuation (13.201587ms)
✔ demo captures actual inputs, duplicate accrual and failed settled payment (116.634476ms)
✔ example import has no command or stream side effects (344.345417ms)
✔ CLI check, format and originate simulate match the public API (1225.74998ms)
✔ generic mapper compiles full loan and swap functions and matches all state/effect operands for four transitions (1919.656675ms)
✔ every supplied arithmetic hint is constrained; minOut, actor, state order and lifecycle changes reject (1480.452207ms)
✔ unsupported text and short-circuit forms fail closed, while numeric-looking Text remains nominal (35.636565ms)
✔ dynamic compiled overflow is rejected before a later fitting division (557.696423ms)
✔ source map covers every Core expression and numeric unit metadata survives lowering (74.769009ms)
✔ test-only snapshot harness compiles ZKIR and records complete kernel result without mutating failed input state (1511.528515ms)
✔ root README embeds the complete canonical agreement-source /5 grammar without drift (1.869221ms)
✔ loan accrual and settlement preserve all fields and obligation tombstones (237.373693ms)
✔ swap and close read state and capture effects in source order (222.021963ms)
✔ actionHash binds changed min_out even with identical resulting writes and effects (210.918245ms)
✔ missing backend and client boolean claims cannot produce accepted Complete (46.659224ms)
✔ checked arithmetic rejects overflow BEFORE division, subtraction underflow and zero divisor atomically (72.338198ms)
✔ short circuit execution counts visited expressions and permits Bool and Quantity locals (41.705339ms)
✔ typed input units, unknown members, nominal minOut and state tampering fail closed (492.657934ms)
✔ principal, provider, external prechecks, expiry, invariant, reserve and exhaustion reject (784.395128ms)
✔ exact plan construction is explicitly unsigned simulation, then exact matching rejects changes (383.485186ms)
✔ obligation identity, tombstones, exact amounts and transfer conservation are enforced (624.363002ms)
✔ quantum uses nominal subunits per ledger unit and rejects indivisible transfer or mismatched asset (66.126016ms)
✔ outcome gross caps include fees and never net refunds; net goals include every debit (95.432497ms)
✔ all four complete financial traces agree with retained independent legacy evaluator after documented renaming (317.111996ms)
✔ policy provenance cannot discard floor nodes, and committed action provenance resets (10.145979ms)
✔ rehashed malicious Core and source-map changes cannot substitute for source lowering (87.200693ms)
✔ all binding equalities reject independently even after recomputing affected digest wrappers (588.704436ms)
✔ backend authentication is mandatory, replay prechecks cannot be copied, and unavailable proof work cannot commit (150.032618ms)
✔ resource count body omits the entire counts member and includes every other value (72.132337ms)
✔ same-action creation and settlement preserve immutable event-time delta snapshots (14.132589ms)
✔ empty action has zero expression maxima and consumes one finite allowance (5.484173ms)
✔ original runtime hidden is rejected without normalization or executing user code (119.071ms)
✔ original runtime symbol is rejected without normalization or executing user code (111.129402ms)
✔ original runtime prototype is rejected without normalization or executing user code (114.783857ms)
✔ original runtime getter is rejected without normalization or executing user code (130.160623ms)
✔ original runtime nested-getter is rejected without normalization or executing user code (106.778397ms)
✔ original runtime array-getter is rejected without normalization or executing user code (111.320363ms)
✔ original runtime array-prototype is rejected without normalization or executing user code (96.167569ms)
✔ original runtime proxy is rejected without normalization or executing user code (100.869546ms)
✔ loan settlement before accrual rejects at its exact source guard, adjacent ordered settlement succeeds (156.486086ms)
✔ ExactPlan rejects extra and reordered effects next to its exact accepting plan (179.076196ms)
✔ retained obligation capacity accepts 127 plus one and rejects 128 plus one, including settled identities (58.168459ms)
✔ runtime counts attain the admitted instruction/local/node bounds; the next source size rejects before execution (383.257828ms)
✔ registered RESULT_BOUNDS has an adjacent valid-input accepting boundary without custom registry limits (545.423611ms)
✔ valid false client checks are replaced, while the admitted backend tuple is deeply immutable (59.480383ms)
✔ SP01 decoder accepts canonical string, Buffer and Uint8Array as frozen inputs (22.569127ms)
✔ SP01 decoder ignores hostile shadow properties on genuine byte views (26.088922ms)
✔ SP01 decoder rejects proxies and non-byte impostors without caller code (0.687043ms)
✔ SP01 decoder rejects detached and oversized byte views by intrinsic size (0.255287ms)
✔ SP01 decoder snapshots precisely the byte view before downstream decoding (27.802821ms)
✔ SP01 decoder bounds primitive strings before any UTF8 encoding allocation (2.646827ms)
✔ SP01 decoder accepts 4096 hex signature characters and rejects 4098 (24.376323ms)
✔ SP01 decoder applies array length 128 and 129 to a schema-valid statement (25.021846ms)
✔ SP01 decoder admits exact 65536 input bytes and rejects the next byte (55.943154ms)
✔ SP01 decoder enforces depth, node, record-key and UTF8 text admission before schema (176.033415ms)
✔ SP01 decoder rejects noncanonical UTF8, JSON, schema and Unicode inputs (30.416637ms)
✔ real syntax/0 Boolean statements lower to Core and evaluate immutable pre/post (14.896091ms)
✔ wrong type in an unselected source Boolean branch rejects statically (0.840328ms)
✔ source dead branch skips dynamic division failure, selected branch retains source span (3.975723ms)
✔ source ensure failure rolls back staged writes (8.500896ms)
✔ runtime exposes static checking without requiring or executing snapshots (3.865719ms)
✔ source later static mistakes precede failed guards and snapshots (4.635838ms)
✔ UTF-8 source span survives earlier multibyte text (2.256052ms)
▶ lifecycle exports
  ✔ versions, bounds and factory arity (0.9712ms)
✔ lifecycle exports (2.409813ms)
▶ independent kernel oracle
  ✔ main trace states, effects, work and unrelated Token rows (9.079332ms)
  ✔ negative kernel cases reject without fragments (3.896762ms)
✔ independent kernel oracle (13.421766ms)
▶ result-bound fixtures
  ✔ compact oversized input rejects RESULT_BOUND; adjacent exact bound succeeds (11.241749ms)
✔ result-bound fixtures (11.439144ms)
▶ admission
  ✔ pretty-printed input and extra keys reject before execution (0.874781ms)
  ✔ closed-record and state invariant faults (0.937909ms)
  ✔ owned trees do not share mutable arrays (0.396959ms)
✔ admission (2.623178ms)
▶ originate
  ✔ consumes the entire same-step transfer once (2.312423ms)
  ✔ partial reverse-role repayment witness cannot originate (0.886304ms)
  ✔ wrong direction, amount, zero and duplicate (3.292127ms)
  ✔ malformed later action beats earlier runtime failure (0.250087ms)
  ✔ missing funding plus overflowing conversion is TRANSFER_NOT_IN_STEP (0.480389ms)
  ✔ UInt64 start overflow on Originate (0.283563ms)
✔ originate (7.780887ms)
▶ accrue
  ✔ floor, ceil, zero interest and numeric overflow (3.323231ms)
  ✔ combined error order (0.699472ms)
  ✔ cap is lifetime incurred; repayment does not restore it (0.170716ms)
  ✔ settled cannot accrue; zero rate still fails (0.141243ms)
✔ accrue (4.4802ms)
▶ legacy repayment kernel stays closed
  ✔ old prepareRepayment still rejects Originate (2.942976ms)
✔ legacy repayment kernel stays closed (3.009904ms)
▶ exports
  ✔ REPAYMENT_VERSION and immutable REPAYMENT_BOUNDS (0.479279ms)
✔ exports (1.061712ms)
▶ example fixture file
  ✔ exact compact JSON without trailing newline and accepted by prepareRepayment (6.202908ms)
  ✔ trailing newline is not a valid source (0.208091ms)
✔ example fixture file (6.542492ms)
▶ positive funded repayment
  ✔ due100 principal 100 / accrued 0, Transfer 30 then Repay 30 (0.714732ms)
  ✔ TX02 AccrualFirst P100/A10 Transfer7/Repay7 leaves P100/A3/outstanding 103 (0.323668ms)
  ✔ PrincipalFirst P100/A10 N7 discharges 93/10 (0.321241ms)
  ✔ ProRata P100/A10 N7 is floor(7*100/110)=6 so 94/9 (8.83544ms)
  ✔ two allocations 10+20 of transfer 30 to distinct obligations succeed (0.465379ms)
  ✔ same allocation id reused across two Repay actions rejects (0.299777ms)
  ✔ 20+20 against a transfer of 30 rejects the over-allocation (0.538576ms)
  ✔ exact full repayment keeps Settled tombstone; reuse of post rejects; independent second discharge works (1.182107ms)
  ✔ nominal USD_micro settled via USD_TOKEN mantissa 2 scale 0: N30 -> cash 60 (0.430531ms)
  ✔ floor conversion 4 * 3 / 10^1 = 1 remainder 2 => settlement 1 (0.691413ms)
  ✔ ceil conversion 4 * 3 / 10^1 = 1 remainder 2 => settlement 2 (0.471806ms)
  ✔ none conversion rejects 4 * 3 / 10^1 because remainder is 2 (0.216225ms)
  ✔ exact division 10 * 3 / 10^1 remainder 0 yields settlement 3 for none, floor, and ceil (0.386545ms)
  ✔ floor conversion 1 * 1 / 10^1 = 0 is dust and rejects (0.206633ms)
  ✔ none conversion 1 * 1 / 10^1 is inexact and rejects (0.290923ms)
  ✔ ceil conversion 1 * 1 / 10^1 remainder 1 yields settlement 1 (0.379822ms)
  ✔ scale 18 exact: mantissa 10^18, N 1, settlement 1 (0.353196ms)
  ✔ third-party funded repayment does not require debtor == payer (0.229683ms)
  ✔ untouched unrelated records and histories are preserved (0.219117ms)
  ✔ refund transfer does not restore the earlier sender allowance; remaining+spent is conserved (0.175158ms)
  ✔ receiver balance is appended when absent (0.222116ms)
  ✔ transfer-only candidate moves cash and spends work without touching debt (0.208793ms)
  ✔ transfer id and allocation id may share a string because namespaces are separate (0.313253ms)
  ✔ work remaining equals action count is accepted; closureReserve stays put (0.125301ms)
✔ positive funded repayment (21.631008ms)
▶ input admission
  ✔ non-string hostile values are rejected without calling coercion traps (0.254133ms)
  ✔ empty string, non-object JSON, and invalid JSON reject with actionIndex null (0.168127ms)
  ✔ lone surrogates reject before shape execution (0.085627ms)
  ✔ UTF16 length above 65536 rejects (0.039311ms)
  ✔ UTF16 length 65536 of non-JSON still admits encoding then rejects parse (1.426537ms)
  ✔ UTF8 byte length above 65536 with UTF16 length under the bound rejects (0.888828ms)
  ✔ whitespace, duplicate keys, and nonminimal number forms fail the stringify roundtrip (0.34903ms)
  ✔ JSON numeric amounts that survive stringify still fail schema (0.119123ms)
  ✔ wrong schemaVersion rejects (0.122319ms)
  ✔ unknown root, nested, action, and profile labels reject schema and do not steer the predicate (5.173082ms)
  ✔ missing closed-shape fields reject with actionIndex null (7.558258ms)
  ✔ duplicate collection identities reject with actionIndex null (0.258063ms)
  ✔ non-canonical decimals, bad identifiers, and invariant mismatches reject (0.775025ms)
  ✔ empty actions and over-capacity collections reject with actionIndex null (1.854028ms)
✔ input admission (19.425128ms)
▶ work and capacity
  ✔ insufficient ordinary work rejects before commit; closureReserve cannot pay ordinary work (0.143531ms)
  ✔ post-collection usedTransferIds capacity 128 is enforced (0.264226ms)
  ✔ appending a new receiver balance beyond 128 rejects the transfer (0.729304ms)
  ✔ usedAllocationIds at capacity 128 rejects a new allocation (0.178635ms)
✔ work and capacity (1.517667ms)
▶ transfer and repay negatives
  ✔ zero amount and self-transfer reject at the transfer index (0.26549ms)
  ✔ insufficient cash, missing sender balance, missing allowance, and insufficient cap (0.201985ms)
  ✔ missing funding, future funding, and prior-step transfer cannot fund a Repay (0.148788ms)
  ✔ wrong sender, receiver, or settlement asset rejects the Repay after a successful Transfer (0.890917ms)
  ✔ transfer 1 cannot fund nominal 20 at 1:1 (0.299162ms)
  ✔ zero nominalAmount rejects the Repay (0.127011ms)
  ✔ nominal above outstanding, Settled target, and unknown obligation reject (0.308541ms)
  ✔ allocation id already in history rejects (0.25215ms)
  ✔ duplicate transfer id in this step rejects the later transfer (0.418022ms)
  ✔ late failure after a successful Transfer returns no post or effects and leaves the source unchanged (0.696309ms)
  ✔ rejected codes are stable nonempty strings for the same source (0.177257ms)
✔ transfer and repay negatives (4.164382ms)
▶ uint128 and intermediate overflow
  ✔ uint128Max is a legal amount; uint128Max+1 is not (0.187103ms)
  ✔ crediting a receiver already at uint128Max overflows the Transfer (0.108036ms)
  ✔ ProRata intermediate N*P must fit UInt128 before division (0.116655ms)
  ✔ conversion product nominal*mantissa overflow rejects the Repay after Transfer (0.108574ms)
  ✔ work spent at uint128Max-1 with one action succeeds and writes uint128Max (0.171768ms)
✔ uint128 and intermediate overflow (0.79096ms)
✔ independent full financial result: principal-partial (15.790761ms)
✔ independent full financial result: interest-first (6.36335ms)
✔ independent full financial result: principal-first (1.156658ms)
✔ independent full financial result: full-payment (1.16317ms)
✔ independent full financial result: cross-interest-boundary (9.295377ms)
✔ independent full financial result: overfunded-transfer (1.106284ms)
✔ Core is deterministic serializable and cannot be executed as source (1.354218ms)
✔ payment arguments change both debt and cash (5.130818ms)
✔ complete unrelated duties, terms, order and tombstones survive (1.326555ms)
✔ runtime nominal denomination is checked (1.040684ms)
✔ runtime settlement asset is checked (2.083623ms)
✔ retained conversion is honored (0.479882ms)
✔ atomic financial rejection: zero (0.519075ms)
✔ atomic financial rejection: overpayment (0.232732ms)
✔ atomic financial rejection: balance (0.388391ms)
✔ atomic financial rejection: allowance (0.194074ms)
✔ atomic financial rejection: work (0.157038ms)
✔ atomic financial rejection: transfer reuse (0.19414ms)
✔ atomic financial rejection: allocation reuse (0.194759ms)
✔ atomic financial rejection: insufficient funding (0.454365ms)
✔ Repay without Transfer cannot discharge debt (0.372774ms)
✔ closed source subset rejects state (0.613581ms)
✔ closed source subset rejects next (0.431823ms)
✔ closed source subset rejects const (1.900141ms)
✔ closed source subset rejects requires (0.50166ms)
✔ closed source subset rejects let (0.492755ms)
✔ closed source subset rejects ensures (0.97597ms)
✔ closed source subset rejects arithmetic (0.977716ms)
✔ closed source subset rejects projection (0.601654ms)
✔ closed source subset rejects unknown reference (1.174327ms)
✔ closed source subset rejects duplicate party (0.212397ms)
✔ closed source subset rejects duplicate unit (0.409566ms)
✔ closed source subset rejects duplicate param (2.057923ms)
✔ closed source subset rejects unsupported type (0.299579ms)
✔ closed source subset rejects wrong field type (0.250183ms)
✔ closed source subset rejects unknown field (1.673164ms)
✔ closed source subset rejects duplicate field (1.361772ms)
✔ closed source subset rejects parameter type confusion (0.132007ms)
✔ closed invocation rejects unknown argument (0.227677ms)
✔ closed invocation rejects missing argument (0.125908ms)
✔ closed invocation rejects wrong unit (0.12199ms)
✔ closed invocation rejects wrong type (0.230488ms)
✔ closed invocation rejects coercion (0.166438ms)
✔ closed invocation rejects overflow (3.969698ms)
✔ closed invocation rejects negative (0.343102ms)
✔ closed invocation rejects unknown invocation field (0.144866ms)
✔ closed invocation rejects unknown typed field (0.134991ms)
✔ closed invocation rejects unknown state field (0.174827ms)
✔ closed invocation rejects unknown action (0.119726ms)
✔ closed invocation rejects prototype key (0.178454ms)
✔ hostile objects are rejected without executing accessors (0.545761ms)
✔ CLI reads actual source and invocation and rejects with nonzero status (381.02175ms)
✔ explicit nominal and settlement literals remain distinct (5.076426ms)
✔ UInt, Bool, parties, assets and effect IDs have closed argument types (0.748029ms)
✔ all actions are statically checked and selected action is respected (1.563023ms)
✔ bounded source and invocation fail before parsing oversized content (1.042156ms)
✔ intermediate conversion overflow is retained even if division could shrink it (0.353674ms)
✔ compact type closers reserve their split tokens and preserve formatter closure at the limit (36.972897ms)
✔ compact type closers cannot hide tokens beyond the fixed limit (2.281976ms)
✔ public API rejects non-string input without coercion (2.427922ms)
✔ example interest-payment source parses, formats idempotently, and preserves AST ignoring spans (4.928819ms)
✔ independently derived custody agreement covers asset, const, let, emit and empty lists (3.699285ms)
✔ not binds looser than comparison and arithmetic is left-associative with tight multiply (2.616055ms)
✔ parenthesized comparison may nest, but unparenthesized chains reject (1.049119ms)
✔ nested generic types parse and empty type argument lists reject (0.529842ms)
✔ UTF-8 spans cover multi-byte string contents and comments may contain Unicode (0.738307ms)
✔ lone surrogates, escaped surrogates and invalid UTF-8 reject (124.444464ms)
✔ leading zeros, plain division, floats and unknown declarations reject (2.167908ms)
✔ statement after ensures, trailing input, missing agreement and old atomic profile reject (0.378318ms)
✔ non-ASCII identifier lookalikes reject while ASCII identifiers stay case-sensitive (0.774699ms)
✔ bounds from syntax-profile.json are enforced before oversized parse results (22.475933ms)
✔ formatter rejects canonical expansion past the source byte bound (17.371852ms)
✔ left-associative expression depth 64 succeeds and 65 fails (0.45347ms)
✔ 256 statements total across regular and ensures succeed and 257 fail (7.633266ms)
✔ token bound includes EOF so 8192 total tokens succeed and 8193 fail (12.56459ms)
✔ unterminated comments and strings reject, and comments count toward the source bound (0.296313ms)
✔ CLI check-syntax writes AST JSON and format writes idempotent source (435.356701ms)
✔ CLI rejects malformed arguments without writing files (737.858131ms)
ℹ tests 906
ℹ suites 14
ℹ pass 906
ℹ fail 0
ℹ cancelled 0
ℹ skipped 0
ℹ todo 0
ℹ duration_ms 21349.561478
