{
  "sourceCheck": {
    "judgmentResult": "SourceChecked",
    "sourceProfile": "moriarty-financial-agreement-source/5",
    "actions": [
      {
        "action": "originate",
        "staticWorkBound": "57"
      },
      {
        "action": "accrue",
        "staticWorkBound": "17"
      },
      {
        "action": "repay",
        "staticWorkBound": "48"
      }
    ]
  },
  "originatedWork": {
    "remaining": "197",
    "spent": "76",
    "closureReserve": "16"
  },
  "accrued": {
    "accrued": "10",
    "incurred": "110",
    "work": {
      "remaining": "179",
      "spent": "94",
      "closureReserve": "16"
    }
  },
  "repaid": {
    "outstanding": "80",
    "incurred": "110",
    "work": {
      "remaining": "129",
      "spent": "144",
      "closureReserve": "16"
    }
  }
}
