(node:1979220) ExperimentalWarning: Module mocking is an experimental feature and might change at any time
(Use `node --trace-warnings ...` to show where the warning was created)
(node:1979220) DeprecationWarning: mock.module(): options.namedExports is deprecated. Use options.exports instead.
✔ Preview bootstrap exposes an explicit existing-wallet launch and public preflight (5.764595ms)
✔ existing Preview children restore before guarded integration and durable result (16.24054ms)
✔ missing persisted shielded stops before any SDK child restore (3.040791ms)
✔ missing persisted unshielded stops before any SDK child restore (4.427037ms)
✔ missing persisted dust stops before any SDK child restore (4.540315ms)
✔ reused output and wrong genesis stop before private material is read (3.150478ms)
✔ wrong genesis stops before output or private preparation (2.685561ms)
✔ wrong restored network stops wallet before start or integration (6.318515ms)
✔ invalid persisted shielded does not fall back to child creation (4.059705ms)
✔ invalid persisted unshielded does not fall back to child creation (2.89377ms)
✔ invalid persisted dust does not fall back to child creation (2.95235ms)
✔ wallet persistence preserves previous snapshots and replaces only a complete serialized set (1.595515ms)
✔ failed child serialization leaves all original snapshots untouched (1.198973ms)
✔ interrupted multi-child replacement retains backups and blocks further bootstrap restoration (2.199266ms)
✔ a pending persistence marker stops launch before any private material or SDK restore (3.605655ms)
✖ final persistence fsync crossing deadline rejects without undoing a coherent saved set (1.853949ms)
ℹ tests 16
ℹ suites 0
ℹ pass 15
ℹ fail 1
ℹ cancelled 0
ℹ skipped 0
ℹ todo 0
ℹ duration_ms 200.082353

✖ failing tests:

test at experiments/moriarty-midnight-financial/ledger/preview-bootstrap.test.mjs:92:1
✖ final persistence fsync crossing deadline rejects without undoing a coherent saved set (1.853949ms)
  AssertionError [ERR_ASSERTION]: Missing expected rejection.
      at async TestContext.<anonymous> (file:///home/charl/Moriarty/.worktrees/sp05-preview-owner/experiments/moriarty-midnight-financial/ledger/preview-bootstrap.test.mjs:100:2)
      at async Test.run (node:internal/test_runner/test:1332:7)
      at async Test.processPendingSubtests (node:internal/test_runner/test:911:7) {
    generatedMessage: false,
    code: 'ERR_ASSERTION',
    actual: undefined,
    expected: { message: 'PREVIEW_LAUNCH_DEADLINE' },
    operator: 'rejects',
    diff: 'simple'
  }
