{
  "coreBytes": 5716,
  "valueWBytes": 5638,
  "actual": {
    "status": "Rejected",
    "code": "INPUT_BOUND",
    "span": {
      "kind": "synthetic",
      "start": "0",
      "end": "0"
    },
    "nodePath": [],
    "workUsed": "0"
  }
}
node:internal/modules/run_main:107
    triggerUncaughtException(
    ^

AssertionError [ERR_ASSERTION]: Expected values to be strictly equal:
+ actual - expected

+ undefined
- 'ExpressionValue'

    at file:///home/charl/Moriarty/.worktrees/sp02-expression-runtime-correction/deliverables/sp02-expression-runtime-2026-09-10/independent-reproducer-EXRT-G6-01.mjs:16:8
    at ModuleJob.run (node:internal/modules/esm/module_job:439:25)
    at async node:internal/modules/esm/loader:643:26
    at async asyncRunEntryPointWithESMLoader (node:internal/modules/run_main:101:5) {
  generatedMessage: true,
  code: 'ERR_ASSERTION',
  actual: undefined,
  expected: 'ExpressionValue',
  operator: 'strictEqual',
  diff: 'simple'
}

Node.js v24.18.1
