✔ JSON duplicate keys reject even when their final values agree (1.482084ms)
✔ noncanonical whitespace and key order reject (0.477185ms)
✔ JSON numbers, null and unpaired surrogates reject (0.400128ms)
✔ integer metadata rejects negative zero, leading zeros, plus and terminal line separators (7.632459ms)
✔ identifiers reject final carriage returns and Unicode line separators (2.169641ms)
✔ unknown type tags and undeclared well-shaped names have different phases (2.583741ms)
✔ schema definition traversal follows ASCII identifier order (1.20674ms)
✔ no supplied schema or financial write-class override is admitted in a request (1.872168ms)
✔ reject before touching a live object or accessor request (0.370512ms)
✔ a stale registered funded version cannot opt into expression semantics (0.550544ms)
✔ canonical minimal escapes are required (0.201058ms)
✔ later missing snapshot values precede earlier runtime guards (0.847595ms)
✔ snapshot shape errors precede bounds/domain errors within the same snapshot (0.411754ms)
✔ all static action errors precede missing snapshot admission (0.253017ms)
✔ supply checked nominal snapshots; no structural equality grants a write (1.975751ms)
✔ short-circuiting cannot hide an effectful nested statement (1.53228ms)
✔ Ensure suffix placement is checked before reduction (0.677773ms)
✔ self reference is not introduced before binding (0.27442ms)
✔ descriptor count is an actual runtime bound with rollback (53.706327ms)
✔ result mutation cannot affect subsequent evaluations (4.561315ms)
✔ source, Core and snapshots retain separate simultaneous byte bounds (2.084169ms)
✔ deep hostile JSON is a defined rejection without host stack overflow (0.181362ms)
✔ statement256 is legal and257 rejects before any reduction (22.816899ms)
✔ record64 fields is legal and65 rejects schema admission (2.081477ms)
✔ Text literal1024 versus1025 and supplied Text1025 retain different failure phases (0.559103ms)
✔ collection capacity128 is legal;129 is not silently widened (2.334687ms)
✔ snapshot outer node counts toward value depth64 (1.641364ms)
✔ constructed depth64 succeeds and depth65 rejects after entered children (1.376876ms)
✔ schema JSON-tree node bound is independent of record field bounds (4.735132ms)
✔ Quantity normalized scale and exponent bounds reject before work (0.879393ms)
✔ selected arithmetic overflow is charged while skipped overflow is not entered (0.573734ms)
✔ empty collection access rejects at the projection after both children (0.459908ms)
✔ ASCII-valid prototype-like identifiers stay ordinary own properties (0.295688ms)
✔ work65536 is legal and a caller cannot raise or negate that allowance (0.232256ms)
✔ integer endpoints and Unicode Text bytes are checked without wrapping or character counting (0.505433ms)
✔ staged-x10-to11: actual execution (12.371586ms)
✔ staged-ensures12: actual execution (4.98362ms)
✔ duplicate-write: actual execution (1.003613ms)
✔ next-read: actual execution (3.574712ms)
✔ post-outside-ensure: actual execution (0.314019ms)
✔ two-runtime-failures: actual execution (1.710246ms)
✔ static-before-guard: actual execution (0.449816ms)
✔ work-exhaustion: actual execution (0.404626ms)
✔ quantity-mul: actual execution (1.124356ms)
✔ quantity-div: actual execution (0.956749ms)
✔ quantity-negative-scale: actual execution (0.771736ms)
✔ financial-write: actual execution (1.364344ms)
✔ finite-record-bound: actual execution (9.182796ms)
✔ unit-not-a-value: actual execution (0.470743ms)
✔ max-u64-matrix-encoding: actual execution (8.156715ms)
✔ byte-boundary-65536: actual execution (2.986114ms)
✔ byte-boundary-65537: actual execution (1.38012ms)
✔ undeclared-unit: actual execution (0.302336ms)
✔ recursive-operation-schema: actual execution (0.797894ms)
✔ all active combined derivations have executed counterparts (0.207058ms)
✔ the historical twentieth strict case has a new explicit short-circuit observation (0.297232ms)
✔ LitUInt-positive executes the specified value/type/work (4.527037ms)
✔ LitUInt-reject executes the specified phase and error (0.951026ms)
✔ LitSInt-positive executes the specified value/type/work (0.380434ms)
✔ LitSInt-reject executes the specified phase and error (0.215939ms)
✔ LitBool-positive executes the specified value/type/work (0.250422ms)
✔ LitBool-reject executes the specified phase and error (0.12668ms)
✔ LitText-positive executes the specified value/type/work (0.340719ms)
✔ LitText-reject executes the specified phase and error (0.355402ms)
✔ LitAmount-positive executes the specified value/type/work (4.359143ms)
✔ LitAmount-reject executes the specified phase and error (0.449114ms)
✔ LitQuantity-positive executes the specified value/type/work (0.626122ms)
✔ LitQuantity-reject executes the specified phase and error (0.210593ms)
✔ LitShares-positive executes the specified value/type/work (0.199875ms)
✔ LitShares-reject executes the specified phase and error (0.238929ms)
✔ LitRate-positive executes the specified value/type/work (0.236436ms)
✔ LitRate-reject executes the specified phase and error (0.325672ms)
✔ LitPrice-positive executes the specified value/type/work (0.35267ms)
✔ LitPrice-reject executes the specified phase and error (0.257829ms)
✔ ReadArg-positive executes the specified value/type/work (0.641857ms)
✔ ReadArg-reject executes the specified phase and error (0.285795ms)
✔ ReadObs-positive executes the specified value/type/work (0.564497ms)
✔ ReadObs-reject executes the specified phase and error (0.276578ms)
✔ ProjectField-positive executes the specified value/type/work (2.295614ms)
✔ ProjectField-reject executes the specified phase and error (0.214388ms)
✔ AccessField-positive executes the specified value/type/work (0.161887ms)
✔ AccessField-reject executes the specified phase and error (0.123105ms)
✔ ProjectIndex-positive executes the specified value/type/work (0.237896ms)
✔ ProjectIndex-reject executes the specified phase and error (0.165654ms)
✔ AccessIndex-positive executes the specified value/type/work (0.137323ms)
✔ AccessIndex-reject executes the specified phase and error (0.160361ms)
✔ ConstructRecord-positive executes the specified value/type/work (0.225293ms)
✔ ConstructRecord-reject executes the specified phase and error (0.137589ms)
✔ ConstructEnum-positive executes the specified value/type/work (0.109006ms)
✔ ConstructEnum-reject executes the specified phase and error (0.092725ms)
✔ ConstructSome-positive executes the specified value/type/work (0.345025ms)
✔ ConstructSome-reject executes the specified phase and error (0.132599ms)
✔ ConstructNone-positive executes the specified value/type/work (0.121738ms)
✔ ConstructNone-reject executes the specified phase and error (0.112456ms)
✔ ConstructCollection-positive executes the specified value/type/work (0.166688ms)
✔ ConstructCollection-reject executes the specified phase and error (0.117089ms)
✔ Add-positive executes the specified value/type/work (0.229403ms)
✔ Add-reject executes the specified phase and error (0.180999ms)
✔ Sub-positive executes the specified value/type/work (0.131008ms)
✔ Sub-reject executes the specified phase and error (0.167714ms)
✔ Mul-positive executes the specified value/type/work (0.126784ms)
✔ Mul-reject executes the specified phase and error (0.120726ms)
✔ FloorDiv-positive executes the specified value/type/work (1.408748ms)
✔ FloorDiv-reject executes the specified phase and error (0.226719ms)
✔ CeilDiv-positive executes the specified value/type/work (0.129505ms)
✔ CeilDiv-reject executes the specified phase and error (0.204629ms)
✔ Eq-positive executes the specified value/type/work (0.141987ms)
✔ Eq-reject executes the specified phase and error (0.122188ms)
✔ Lt-positive executes the specified value/type/work (0.140501ms)
✔ Lt-reject executes the specified phase and error (0.347913ms)
✔ Lte-positive executes the specified value/type/work (0.147105ms)
✔ Lte-reject executes the specified phase and error (0.121565ms)
✔ Gt-positive executes the specified value/type/work (0.106414ms)
✔ Gt-reject executes the specified phase and error (0.102738ms)
✔ Gte-positive executes the specified value/type/work (0.422451ms)
✔ Gte-reject executes the specified phase and error (0.122404ms)
✔ Not-positive executes the specified value/type/work (0.123531ms)
✔ Not-reject executes the specified phase and error (0.137167ms)
✔ And-short-circuit-positive-v1 executes the specified value/type/work (0.112528ms)
✔ And-reject executes the specified phase and error (1.713472ms)
✔ Or-short-circuit-positive-v1 executes the specified value/type/work (0.318128ms)
✔ Or-reject executes the specified phase and error (0.210966ms)
✔ all forty positive/rejection pairs have an executable materialization (0.354897ms)
✔ ReadLocal-positive: preceding Let supplies immutable y=11 (0.601135ms)
✔ ReadLocal-reject: missing z after a valid earlier binder rejects statically (0.426289ms)
✔ ReadPre-positive: post read sees staged x11 only inside Ensure (0.797539ms)
✔ ReadPre-reject: next view remains statically forbidden (1.111438ms)
✔ Require-positive: true consumes two nodes and changes no frame (0.337354ms)
✔ Require-reject: false consumes two nodes then rejects (0.243103ms)
✔ Let-positive: binding is evaluated against pre then observed by Ensure (0.41552ms)
✔ Let-reject: argument collision prevents reduction (0.571914ms)
✔ NextWrite-positive: prefix Let2 then NextWrite2 stages x11 (0.346174ms)
✔ NextWrite-reject: complete action typing rejects Bool before prefix work (0.415223ms)
✔ Ensure-positive: prefix NextWrite2 then Ensure4 checks x11 (0.325848ms)
✔ Ensure-reject: work includes staging but no staged state escapes (1.262033ms)
✔ Emit-positive: append a descriptor, with no financial effects (0.338537ms)
✔ Emit-reject: unknown operation rejects before reduction (0.167649ms)
✔ schema rejection follows ASCII identifier order rather than locale collation (3.800634ms)
✔ returned type arrays cannot change the schema of a later evaluation (1.636034ms)
✔ the versioned expression API exists independently of funded preparation (1.766494ms)
✔ BC1-truth-and-false-false: actual execution (3.960665ms)
✔ BC1-truth-and-false-true: actual execution (0.539791ms)
✔ BC1-truth-and-true-false: actual execution (0.71004ms)
✔ BC1-truth-and-true-true: actual execution (0.724507ms)
✔ BC1-truth-or-false-false: actual execution (0.636135ms)
✔ BC1-truth-or-false-true: actual execution (0.477224ms)
✔ BC1-truth-or-true-false: actual execution (0.454106ms)
✔ BC1-truth-or-true-true: actual execution (0.2686ms)
✔ BC1-skip-and-denominator: actual execution (1.37966ms)
✔ BC1-skip-or-denominator: actual execution (0.247892ms)
✔ BC1-selected-and-denominator: actual execution (1.586006ms)
✔ BC1-selected-or-denominator: actual execution (0.315855ms)
✔ BC1-left-and-denominator: actual execution (1.726914ms)
✔ BC1-left-or-denominator: actual execution (0.305383ms)
✔ BC1-dead-and-unknown-name: actual execution (0.699697ms)
✔ BC1-dead-and-wrong-type: actual execution (0.171418ms)
✔ BC1-dead-or-unknown-name: actual execution (0.1543ms)
✔ BC1-dead-or-wrong-type: actual execution (0.115213ms)
✔ BC1-dead-literal-domain: actual execution (0.277961ms)
✔ BC1-dead-missing-snapshot: actual execution (0.257564ms)
✔ BC1-dead-wrong-snapshot-shape: actual execution (0.230397ms)
✔ BC1-dead-snapshot-domain: actual execution (0.163494ms)
✔ BC1-work0-and: actual execution (0.294104ms)
✔ BC1-work1-and: actual execution (0.133812ms)
✔ BC1-work2-skip-and: actual execution (0.109095ms)
✔ BC1-work2-select-and: actual execution (0.104427ms)
✔ BC1-work0-or: actual execution (0.098905ms)
✔ BC1-work1-or: actual execution (0.348792ms)
✔ BC1-work2-skip-or: actual execution (0.271194ms)
✔ BC1-work2-select-or: actual execution (0.210279ms)
✔ BC1-nested-selected-error: actual execution (0.385722ms)
✔ BC1-nested-work-exhaustion: actual execution (0.19673ms)
✔ BC1-nested-skip: actual execution (0.297319ms)
✔ BC1-corner-nested-left-selected: actual execution (0.447975ms)
✔ BC1-corner-parent-equality: actual execution (0.946183ms)
✔ BC1-action-dead-require-name: actual execution (0.638952ms)
✔ BC1-action-dead-ensure-name: actual execution (0.222495ms)
✔ BC1-action-later-static-before-guard: actual execution (0.198979ms)
✔ BC1-action-require-skip-false: actual execution (0.508227ms)
✔ BC1-action-ensure-skip-false: actual execution (0.181958ms)
✔ BC1-action-require-ensure-success: actual execution (0.197233ms)
✔ BC1-source-selected-denominator: actual execution (0.163676ms)
✔ BC1-source-selected-work-exhaustion: actual execution (0.10584ms)
✔ BC1-source-parent-guard-span: actual execution (0.733552ms)
✔ BC1-dead-invalid-source-span: actual execution (3.035797ms)
✔ BC1-source-unicode-work-span: actual execution (0.152378ms)
✔ BC1-dead-core-bound: actual execution (1.015495ms)
✔ BC1-direct-denominator: actual execution (0.17848ms)
ℹ tests 188
ℹ suites 0
ℹ pass 188
ℹ fail 0
ℹ cancelled 0
ℹ skipped 0
ℹ todo 0
ℹ duration_ms 243.291034
