✔ JSON duplicate keys reject even when their final values agree (10.880851ms)
✔ noncanonical whitespace and key order reject (0.572654ms)
✔ JSON numbers, null and unpaired surrogates reject (0.441231ms)
✔ integer metadata rejects negative zero, leading zeros, plus and terminal line separators (9.859992ms)
✔ identifiers reject final carriage returns and Unicode line separators (8.958459ms)
✔ unknown type tags and undeclared well-shaped names have different phases (2.213378ms)
✔ schema definition traversal follows ASCII identifier order (0.635834ms)
✔ no supplied schema or financial write-class override is admitted in a request (8.621288ms)
✔ reject before touching a live object or accessor request (13.80108ms)
✔ a stale registered funded version cannot opt into expression semantics (3.24681ms)
✔ canonical minimal escapes are required (0.397565ms)
✔ later missing snapshot values precede earlier runtime guards (26.025454ms)
✔ snapshot shape errors precede bounds/domain errors within the same snapshot (0.677488ms)
✔ all static action errors precede missing snapshot admission (0.447595ms)
✔ supply checked nominal snapshots; no structural equality grants a write (1.231521ms)
✔ short-circuiting cannot hide an effectful nested statement (0.229723ms)
✔ Ensure suffix placement is checked before reduction (16.54427ms)
✔ self reference is not introduced before binding (0.494062ms)
✔ descriptor count is an actual runtime bound with rollback (113.179183ms)
✔ result mutation cannot affect subsequent evaluations (0.297389ms)
✔ source, Core and snapshots retain separate simultaneous byte bounds (2.264541ms)
✔ deep non-object request is INPUT_SCHEMA without host stack overflow (10.014406ms)
✔ statement256 is legal and257 rejects before any reduction (56.382487ms)
✔ record64 fields is legal and65 rejects schema admission (10.918957ms)
✔ Text literal1024 versus1025 and supplied Text1025 retain different failure phases (2.568308ms)
✔ collection capacity128 is legal;129 is not silently widened (6.040743ms)
✔ snapshot outer node counts toward value depth64 (14.334391ms)
✔ constructed depth64 succeeds and depth65 rejects after entered children (13.023865ms)
✔ schema JSON-tree node bound is independent of record field bounds (29.861291ms)
✔ Quantity normalized scale and exponent bounds reject before work (9.873082ms)
✔ selected arithmetic overflow is charged while skipped overflow is not entered (1.584593ms)
✔ empty collection access rejects at the projection after both children (15.141493ms)
✔ ASCII-valid prototype-like identifiers stay ordinary own properties (0.513428ms)
✔ work65536 is legal and a caller cannot raise or negate that allowance (0.39474ms)
✔ integer endpoints and Unicode Text bytes are checked without wrapping or character counting (0.792927ms)
✔ staged-x10-to11: actual execution (15.140741ms)
✔ staged-ensures12: actual execution (0.680926ms)
✔ duplicate-write: actual execution (0.341046ms)
✔ next-read: actual execution (0.275733ms)
✔ post-outside-ensure: actual execution (7.151426ms)
✔ two-runtime-failures: actual execution (3.071318ms)
✔ static-before-guard: actual execution (0.882973ms)
✔ work-exhaustion: actual execution (0.566064ms)
✔ quantity-mul: actual execution (4.389701ms)
✔ quantity-div: actual execution (5.227591ms)
✔ quantity-negative-scale: actual execution (2.086231ms)
✔ financial-write: actual execution (0.607694ms)
✔ finite-record-bound: actual execution (33.748277ms)
✔ unit-not-a-value: actual execution (0.422666ms)
✔ max-u64-matrix-encoding: actual execution (20.449869ms)
✔ byte-boundary-65536: actual execution (1.282011ms)
✔ byte-boundary-65537: actual execution (0.825973ms)
✔ undeclared-unit: actual execution (0.220284ms)
✔ recursive-operation-schema: actual execution (0.240004ms)
✔ all active combined derivations have executed counterparts (0.127471ms)
✔ the historical twentieth strict case has a new explicit short-circuit observation (0.303088ms)
✔ None with Option metadata depth 508 (15.970047ms)
✔ None with Option metadata depth 509 (2.440274ms)
✔ None with Option metadata depth 600 (2.358806ms)
✔ None with Option metadata depth 3000 (10.215759ms)
✔ largest Option chain fitting Core byte bound succeeds (34.848676ms)
✔ next Option chain exceeds Core bytes and rejects before work (20.554886ms)
✔ deep metadata still needs an evaluation work unit (11.169581ms)
✔ deep type shape error is INPUT_SCHEMA (1.64963ms)
✔ deep unresolved nominal type is TYPE_NAME (1.831542ms)
✔ deep Unit data type remains disallowed (5.637663ms)
✔ deep Collection capacity checks preserve inner type error order (5.427849ms)
✔ deep Collection metadata accepts valid finite capacities (17.707998ms)
✔ malformed canonical encoding remains rejected at deep metadata (1.603706ms)
✔ deep schema JSON is rejected by normative schema depth bound (6.110178ms)
✔ deep types compare structurally during ConstructSome typing (11.159784ms)
✔ deep mismatched types reject statically before work (10.735234ms)
✔ deep metadata types in unselected branches remain statically checked (18.924682ms)
✔ LitUInt-positive executes the specified value/type/work (23.689279ms)
✔ LitUInt-reject executes the specified phase and error (16.077409ms)
✔ LitSInt-positive executes the specified value/type/work (0.395819ms)
✔ LitSInt-reject executes the specified phase and error (0.242282ms)
✔ LitBool-positive executes the specified value/type/work (0.25654ms)
✔ LitBool-reject executes the specified phase and error (0.122683ms)
✔ LitText-positive executes the specified value/type/work (0.252389ms)
✔ LitText-reject executes the specified phase and error (8.785545ms)
✔ LitAmount-positive executes the specified value/type/work (0.335662ms)
✔ LitAmount-reject executes the specified phase and error (1.420424ms)
✔ LitQuantity-positive executes the specified value/type/work (0.593841ms)
✔ LitQuantity-reject executes the specified phase and error (0.250944ms)
✔ LitShares-positive executes the specified value/type/work (0.362639ms)
✔ LitShares-reject executes the specified phase and error (0.173617ms)
✔ LitRate-positive executes the specified value/type/work (7.23034ms)
✔ LitRate-reject executes the specified phase and error (1.004041ms)
✔ LitPrice-positive executes the specified value/type/work (2.22725ms)
✔ LitPrice-reject executes the specified phase and error (0.266265ms)
✔ ReadArg-positive executes the specified value/type/work (1.525088ms)
✔ ReadArg-reject executes the specified phase and error (0.187811ms)
✔ ReadObs-positive executes the specified value/type/work (8.410924ms)
✔ ReadObs-reject executes the specified phase and error (0.185799ms)
✔ ProjectField-positive executes the specified value/type/work (0.356374ms)
✔ ProjectField-reject executes the specified phase and error (0.17553ms)
✔ AccessField-positive executes the specified value/type/work (0.721836ms)
✔ AccessField-reject executes the specified phase and error (0.141633ms)
✔ ProjectIndex-positive executes the specified value/type/work (0.278357ms)
✔ ProjectIndex-reject executes the specified phase and error (0.18847ms)
✔ AccessIndex-positive executes the specified value/type/work (0.145914ms)
✔ AccessIndex-reject executes the specified phase and error (0.145359ms)
✔ ConstructRecord-positive executes the specified value/type/work (0.240944ms)
✔ ConstructRecord-reject executes the specified phase and error (0.149528ms)
✔ ConstructEnum-positive executes the specified value/type/work (8.450484ms)
✔ ConstructEnum-reject executes the specified phase and error (0.412896ms)
✔ ConstructSome-positive executes the specified value/type/work (0.337247ms)
✔ ConstructSome-reject executes the specified phase and error (2.121803ms)
✔ ConstructNone-positive executes the specified value/type/work (0.275462ms)
✔ ConstructNone-reject executes the specified phase and error (2.320447ms)
✔ ConstructCollection-positive executes the specified value/type/work (3.076099ms)
✔ ConstructCollection-reject executes the specified phase and error (0.407979ms)
✔ Add-positive executes the specified value/type/work (0.498738ms)
✔ Add-reject executes the specified phase and error (6.291425ms)
✔ Sub-positive executes the specified value/type/work (0.51ms)
✔ Sub-reject executes the specified phase and error (0.368202ms)
✔ Mul-positive executes the specified value/type/work (0.223278ms)
✔ Mul-reject executes the specified phase and error (0.358743ms)
✔ FloorDiv-positive executes the specified value/type/work (0.148188ms)
✔ FloorDiv-reject executes the specified phase and error (0.125974ms)
✔ CeilDiv-positive executes the specified value/type/work (0.104052ms)
✔ CeilDiv-reject executes the specified phase and error (4.668651ms)
✔ Eq-positive executes the specified value/type/work (0.224786ms)
✔ Eq-reject executes the specified phase and error (0.819359ms)
✔ Lt-positive executes the specified value/type/work (0.172579ms)
✔ Lt-reject executes the specified phase and error (0.351554ms)
✔ Lte-positive executes the specified value/type/work (0.255982ms)
✔ Lte-reject executes the specified phase and error (0.167821ms)
✔ Gt-positive executes the specified value/type/work (0.127028ms)
✔ Gt-reject executes the specified phase and error (0.112083ms)
✔ Gte-positive executes the specified value/type/work (0.107358ms)
✔ Gte-reject executes the specified phase and error (0.103188ms)
✔ Not-positive executes the specified value/type/work (0.128267ms)
✔ Not-reject executes the specified phase and error (0.101124ms)
✔ And-short-circuit-positive-v1 executes the specified value/type/work (0.10375ms)
✔ And-reject executes the specified phase and error (6.033874ms)
✔ Or-short-circuit-positive-v1 executes the specified value/type/work (0.23763ms)
✔ Or-reject executes the specified phase and error (0.446189ms)
✔ all forty positive/rejection pairs have an executable materialization (0.219482ms)
✔ ReadLocal-positive: preceding Let supplies immutable y=11 (3.321793ms)
✔ ReadLocal-reject: missing z after a valid earlier binder rejects statically (11.860602ms)
✔ ReadPre-positive: post read sees staged x11 only inside Ensure (0.441617ms)
✔ ReadPre-reject: next view remains statically forbidden (0.209086ms)
✔ Require-positive: true consumes two nodes and changes no frame (0.202599ms)
✔ Require-reject: false consumes two nodes then rejects (0.178794ms)
✔ Let-positive: binding is evaluated against pre then observed by Ensure (0.272075ms)
✔ Let-reject: argument collision prevents reduction (0.175374ms)
✔ NextWrite-positive: prefix Let2 then NextWrite2 stages x11 (10.62017ms)
✔ NextWrite-reject: complete action typing rejects Bool before prefix work (0.484448ms)
✔ Ensure-positive: prefix NextWrite2 then Ensure4 checks x11 (0.267979ms)
✔ Ensure-reject: work includes staging but no staged state escapes (0.223536ms)
✔ Emit-positive: append a descriptor, with no financial effects (0.270881ms)
✔ Emit-reject: unknown operation rejects before reduction (0.159887ms)
✔ schema rejection follows ASCII identifier order rather than locale collation (10.835298ms)
✔ returned type arrays cannot change the schema of a later evaluation (1.956597ms)
✔ the versioned expression API exists independently of funded preparation (2.702526ms)
✔ BC1-truth-and-false-false: actual execution (11.111836ms)
✔ BC1-truth-and-false-true: actual execution (2.082162ms)
✔ BC1-truth-and-true-false: actual execution (1.745533ms)
✔ BC1-truth-and-true-true: actual execution (0.289802ms)
✔ BC1-truth-or-false-false: actual execution (0.380954ms)
✔ BC1-truth-or-false-true: actual execution (0.290735ms)
✔ BC1-truth-or-true-false: actual execution (0.232829ms)
✔ BC1-truth-or-true-true: actual execution (3.799476ms)
✔ BC1-skip-and-denominator: actual execution (6.181092ms)
✔ BC1-skip-or-denominator: actual execution (0.264006ms)
✔ BC1-selected-and-denominator: actual execution (0.334284ms)
✔ BC1-selected-or-denominator: actual execution (0.23429ms)
✔ BC1-left-and-denominator: actual execution (0.266653ms)
✔ BC1-left-or-denominator: actual execution (0.330478ms)
✔ BC1-dead-and-unknown-name: actual execution (0.255099ms)
✔ BC1-dead-and-wrong-type: actual execution (0.18438ms)
✔ BC1-dead-or-unknown-name: actual execution (0.185005ms)
✔ BC1-dead-or-wrong-type: actual execution (0.487298ms)
✔ BC1-dead-literal-domain: actual execution (1.448029ms)
✔ BC1-dead-missing-snapshot: actual execution (0.647646ms)
✔ BC1-dead-wrong-snapshot-shape: actual execution (0.306398ms)
✔ BC1-dead-snapshot-domain: actual execution (0.248316ms)
✔ BC1-work0-and: actual execution (0.462476ms)
✔ BC1-work1-and: actual execution (0.181127ms)
✔ BC1-work2-skip-and: actual execution (0.124798ms)
✔ BC1-work2-select-and: actual execution (0.119985ms)
✔ BC1-work0-or: actual execution (0.154147ms)
✔ BC1-work1-or: actual execution (0.363963ms)
✔ BC1-work2-skip-or: actual execution (3.656133ms)
✔ BC1-work2-select-or: actual execution (0.346693ms)
✔ BC1-nested-selected-error: actual execution (0.828467ms)
✔ BC1-nested-work-exhaustion: actual execution (0.195824ms)
✔ BC1-nested-skip: actual execution (0.347029ms)
✔ BC1-corner-nested-left-selected: actual execution (1.773308ms)
✔ BC1-corner-parent-equality: actual execution (0.705239ms)
✔ BC1-action-dead-require-name: actual execution (0.345083ms)
✔ BC1-action-dead-ensure-name: actual execution (0.151839ms)
✔ BC1-action-later-static-before-guard: actual execution (0.211768ms)
✔ BC1-action-require-skip-false: actual execution (4.398406ms)
✔ BC1-action-ensure-skip-false: actual execution (2.405738ms)
✔ BC1-action-require-ensure-success: actual execution (0.355987ms)
✔ BC1-source-selected-denominator: actual execution (0.280272ms)
✔ BC1-source-selected-work-exhaustion: actual execution (0.129689ms)
✔ BC1-source-parent-guard-span: actual execution (0.163524ms)
✔ BC1-dead-invalid-source-span: actual execution (0.105553ms)
✔ BC1-source-unicode-work-span: actual execution (0.112847ms)
✔ BC1-dead-core-bound: actual execution (3.13108ms)
✔ BC1-direct-denominator: actual execution (0.215827ms)
ℹ tests 205
ℹ suites 0
ℹ pass 205
ℹ fail 0
ℹ cancelled 0
ℹ skipped 0
ℹ todo 0
ℹ duration_ms 807.99209
