
> test
> node --test tests/*.test.mjs

✔ exact registered bytes independently reproduce the pinned bounds hash and accepted program (120.550823ms)
✔ public frontend rejects all modified and malformed bounds without leaked host exceptions (1463.629084ms)
✔ earlier source diagnostics retain stage priority over malformed registry bytes (43.502728ms)
✔ derive rechecks exact registry even when a forged full program matches altered bounds (644.957069ms)
✔ backend registry admission precedes authentication or commit, including absent binding bytes (397.673742ms)
✔ detached or disguised byte views fail closed; caller mutation cannot alter the trusted registry (207.068624ms)
✔ a source stage7 failure is retained ahead of a bounds stage8 mismatch (4.883973ms)
✔ oversized bounds and decorated typed-array length cannot bypass bounded admission (160.091772ms)
✔ oversized bounds are rejected before encoder or digest work on their contents (0.472595ms)
✔ missing local binding and invalid simulator byte containers reject at program admission (46.712767ms)
✔ closed runtime schema admission precedes authentication even with registered source and bounds (81.066861ms)
✔ Core source-map edits have SOURCE_MAP while non-Core manifest edits have PROGRAM_ENCODING (154.300453ms)
✔ JSON duplicate keys reject even when their final values agree (3.110506ms)
✔ noncanonical whitespace and key order reject (0.81658ms)
✔ JSON numbers, null and unpaired surrogates reject (0.500086ms)
✔ integer metadata rejects negative zero, leading zeros, plus and terminal line separators (3.81924ms)
✔ identifiers reject final carriage returns and Unicode line separators (0.882636ms)
✔ unknown type tags and undeclared well-shaped names have different phases (0.9849ms)
✔ schema definition traversal follows ASCII identifier order (0.450358ms)
✔ no supplied schema or financial write-class override is admitted in a request (1.227179ms)
✔ reject before touching a live object or accessor request (0.373493ms)
✔ a stale registered funded version cannot opt into expression semantics (0.889926ms)
✔ canonical minimal escapes are required (0.217954ms)
✔ later missing snapshot values precede earlier runtime guards (0.744498ms)
✔ snapshot shape errors precede bounds/domain errors within the same snapshot (0.37781ms)
✔ all static action errors precede missing snapshot admission (0.261307ms)
✔ supply checked nominal snapshots; no structural equality grants a write (1.624729ms)
✔ short-circuiting cannot hide an effectful nested statement (1.304856ms)
✔ Ensure suffix placement is checked before reduction (0.3053ms)
✔ self reference is not introduced before binding (0.241371ms)
✔ descriptor count is an actual runtime bound with rollback (50.153796ms)
✔ result mutation cannot affect subsequent evaluations (0.812493ms)
✔ source, Core and snapshots retain separate simultaneous byte bounds (0.674429ms)
✔ deep non-object request is INPUT_SCHEMA without host stack overflow (1.899027ms)
✔ statement256 is legal and257 rejects before any reduction (20.681039ms)
✔ record64 fields is legal and65 rejects schema admission (9.895396ms)
✔ Text literal1024 versus1025 and supplied Text1025 retain different failure phases (0.434966ms)
✔ collection capacity128 is legal;129 is not silently widened (4.882609ms)
✔ snapshot outer node counts toward value depth64 (4.245362ms)
✔ constructed depth64 succeeds and depth65 rejects after entered children (2.214835ms)
✔ schema JSON-tree node bound is independent of record field bounds (7.375188ms)
✔ Quantity normalized scale and exponent bounds reject before work (1.675209ms)
✔ selected arithmetic overflow is charged while skipped overflow is not entered (0.509192ms)
✔ empty collection access rejects at the projection after both children (0.193937ms)
✔ ASCII-valid prototype-like identifiers stay ordinary own properties (0.25864ms)
✔ work65536 is legal and a caller cannot raise or negate that allowance (0.334644ms)
✔ integer endpoints and Unicode Text bytes are checked without wrapping or character counting (0.397988ms)
✔ staged-x10-to11: actual execution (8.707976ms)
✔ staged-ensures12: actual execution (0.803718ms)
✔ duplicate-write: actual execution (1.109857ms)
✔ next-read: actual execution (0.413531ms)
✔ post-outside-ensure: actual execution (0.52957ms)
✔ two-runtime-failures: actual execution (1.345356ms)
✔ static-before-guard: actual execution (0.921784ms)
✔ work-exhaustion: actual execution (0.437935ms)
✔ quantity-mul: actual execution (0.822662ms)
✔ quantity-div: actual execution (1.81855ms)
✔ quantity-negative-scale: actual execution (0.747924ms)
✔ financial-write: actual execution (0.313692ms)
✔ finite-record-bound: actual execution (15.874883ms)
✔ unit-not-a-value: actual execution (0.223337ms)
✔ max-u64-matrix-encoding: actual execution (17.343462ms)
✔ byte-boundary-65536: actual execution (4.079949ms)
✔ byte-boundary-65537: actual execution (0.909492ms)
✔ undeclared-unit: actual execution (0.204483ms)
✔ recursive-operation-schema: actual execution (0.510282ms)
✔ all active combined derivations have executed counterparts (0.236233ms)
✔ the historical twentieth strict case has a new explicit short-circuit observation (0.541742ms)
✔ None with Option metadata depth 508 (11.712693ms)
✔ None with Option metadata depth 509 (5.206197ms)
✔ None with Option metadata depth 600 (2.410617ms)
✔ None with Option metadata depth 3000 (8.072947ms)
✔ largest Option chain fitting Core byte bound succeeds (13.564466ms)
✔ next Option chain exceeds Core bytes and rejects before work (3.741512ms)
✔ deep metadata still needs an evaluation work unit (5.058715ms)
✔ deep type shape error is INPUT_SCHEMA (1.616076ms)
✔ deep unresolved nominal type is TYPE_NAME (2.292882ms)
✔ deep Unit data type remains disallowed (8.025704ms)
✔ deep Collection capacity checks preserve inner type error order (3.443987ms)
✔ deep Collection metadata accepts valid finite capacities (4.673369ms)
✔ malformed canonical encoding remains rejected at deep metadata (2.064627ms)
✔ deep schema JSON is rejected by normative schema depth bound (7.920117ms)
✔ deep types compare structurally during ConstructSome typing (7.935629ms)
✔ deep mismatched types reject statically before work (4.754624ms)
✔ deep metadata types in unselected branches remain statically checked (11.08753ms)
✔ LitUInt-positive executes the specified value/type/work (4.300432ms)
✔ LitUInt-reject executes the specified phase and error (0.6383ms)
✔ LitSInt-positive executes the specified value/type/work (0.943661ms)
✔ LitSInt-reject executes the specified phase and error (0.352979ms)
✔ LitBool-positive executes the specified value/type/work (0.265976ms)
✔ LitBool-reject executes the specified phase and error (0.119264ms)
✔ LitText-positive executes the specified value/type/work (0.331673ms)
✔ LitText-reject executes the specified phase and error (0.298833ms)
✔ LitAmount-positive executes the specified value/type/work (1.121409ms)
✔ LitAmount-reject executes the specified phase and error (2.058013ms)
✔ LitQuantity-positive executes the specified value/type/work (0.631085ms)
✔ LitQuantity-reject executes the specified phase and error (0.212346ms)
✔ LitShares-positive executes the specified value/type/work (0.714897ms)
✔ LitShares-reject executes the specified phase and error (0.227556ms)
✔ LitRate-positive executes the specified value/type/work (0.263634ms)
✔ LitRate-reject executes the specified phase and error (0.321675ms)
✔ LitPrice-positive executes the specified value/type/work (0.428994ms)
✔ LitPrice-reject executes the specified phase and error (0.267031ms)
✔ ReadArg-positive executes the specified value/type/work (1.103415ms)
✔ ReadArg-reject executes the specified phase and error (0.352652ms)
✔ ReadObs-positive executes the specified value/type/work (0.369289ms)
✔ ReadObs-reject executes the specified phase and error (1.651644ms)
✔ ProjectField-positive executes the specified value/type/work (0.889465ms)
✔ ProjectField-reject executes the specified phase and error (0.307731ms)
✔ AccessField-positive executes the specified value/type/work (9.516804ms)
✔ AccessField-reject executes the specified phase and error (0.254001ms)
✔ ProjectIndex-positive executes the specified value/type/work (0.387568ms)
✔ ProjectIndex-reject executes the specified phase and error (0.211113ms)
✔ AccessIndex-positive executes the specified value/type/work (0.168645ms)
✔ AccessIndex-reject executes the specified phase and error (0.181006ms)
✔ ConstructRecord-positive executes the specified value/type/work (5.243529ms)
✔ ConstructRecord-reject executes the specified phase and error (0.490263ms)
✔ ConstructEnum-positive executes the specified value/type/work (0.271404ms)
✔ ConstructEnum-reject executes the specified phase and error (0.202552ms)
✔ ConstructSome-positive executes the specified value/type/work (0.231129ms)
✔ ConstructSome-reject executes the specified phase and error (0.183548ms)
✔ ConstructNone-positive executes the specified value/type/work (0.189986ms)
✔ ConstructNone-reject executes the specified phase and error (0.189458ms)
✔ ConstructCollection-positive executes the specified value/type/work (4.599854ms)
✔ ConstructCollection-reject executes the specified phase and error (0.300692ms)
✔ Add-positive executes the specified value/type/work (0.482788ms)
✔ Add-reject executes the specified phase and error (0.303749ms)
✔ Sub-positive executes the specified value/type/work (0.275003ms)
✔ Sub-reject executes the specified phase and error (0.311091ms)
✔ Mul-positive executes the specified value/type/work (0.230659ms)
✔ Mul-reject executes the specified phase and error (0.175409ms)
✔ FloorDiv-positive executes the specified value/type/work (0.153614ms)
✔ FloorDiv-reject executes the specified phase and error (0.159305ms)
✔ CeilDiv-positive executes the specified value/type/work (0.158854ms)
✔ CeilDiv-reject executes the specified phase and error (0.195117ms)
✔ Eq-positive executes the specified value/type/work (0.16535ms)
✔ Eq-reject executes the specified phase and error (3.061274ms)
✔ Lt-positive executes the specified value/type/work (0.274855ms)
✔ Lt-reject executes the specified phase and error (0.434941ms)
✔ Lte-positive executes the specified value/type/work (0.168547ms)
✔ Lte-reject executes the specified phase and error (0.133667ms)
✔ Gt-positive executes the specified value/type/work (0.118842ms)
✔ Gt-reject executes the specified phase and error (0.112896ms)
✔ Gte-positive executes the specified value/type/work (0.103574ms)
✔ Gte-reject executes the specified phase and error (0.101889ms)
✔ Not-positive executes the specified value/type/work (0.154886ms)
✔ Not-reject executes the specified phase and error (0.101477ms)
✔ And-short-circuit-positive-v1 executes the specified value/type/work (0.107487ms)
✔ And-reject executes the specified phase and error (0.639608ms)
✔ Or-short-circuit-positive-v1 executes the specified value/type/work (0.140529ms)
✔ Or-reject executes the specified phase and error (0.371264ms)
✔ all forty positive/rejection pairs have an executable materialization (0.182645ms)
✔ ReadLocal-positive: preceding Let supplies immutable y=11 (0.520845ms)
✔ ReadLocal-reject: missing z after a valid earlier binder rejects statically (0.494381ms)
✔ ReadPre-positive: post read sees staged x11 only inside Ensure (0.386814ms)
✔ ReadPre-reject: next view remains statically forbidden (1.671608ms)
✔ Require-positive: true consumes two nodes and changes no frame (0.368129ms)
✔ Require-reject: false consumes two nodes then rejects (0.25086ms)
✔ Let-positive: binding is evaluated against pre then observed by Ensure (0.483826ms)
✔ Let-reject: argument collision prevents reduction (0.305447ms)
✔ NextWrite-positive: prefix Let2 then NextWrite2 stages x11 (0.354764ms)
✔ NextWrite-reject: complete action typing rejects Bool before prefix work (2.669625ms)
✔ Ensure-positive: prefix NextWrite2 then Ensure4 checks x11 (0.452458ms)
✔ Ensure-reject: work includes staging but no staged state escapes (3.052378ms)
✔ Emit-positive: append a descriptor, with no financial effects (0.405606ms)
✔ Emit-reject: unknown operation rejects before reduction (0.18885ms)
✔ schema rejection follows ASCII identifier order rather than locale collation (8.240967ms)
✔ returned type arrays cannot change the schema of a later evaluation (4.202079ms)
✔ the versioned expression API exists independently of funded preparation (0.922177ms)
✔ BC1-truth-and-false-false: actual execution (4.348739ms)
✔ BC1-truth-and-false-true: actual execution (0.50282ms)
✔ BC1-truth-and-true-false: actual execution (0.970242ms)
✔ BC1-truth-and-true-true: actual execution (0.26783ms)
✔ BC1-truth-or-false-false: actual execution (0.501386ms)
✔ BC1-truth-or-false-true: actual execution (0.342085ms)
✔ BC1-truth-or-true-false: actual execution (0.202032ms)
✔ BC1-truth-or-true-true: actual execution (0.645569ms)
✔ BC1-skip-and-denominator: actual execution (1.615536ms)
✔ BC1-skip-or-denominator: actual execution (0.284366ms)
✔ BC1-selected-and-denominator: actual execution (0.710276ms)
✔ BC1-selected-or-denominator: actual execution (0.236592ms)
✔ BC1-left-and-denominator: actual execution (1.692546ms)
✔ BC1-left-or-denominator: actual execution (0.318182ms)
✔ BC1-dead-and-unknown-name: actual execution (0.537357ms)
✔ BC1-dead-and-wrong-type: actual execution (0.204897ms)
✔ BC1-dead-or-unknown-name: actual execution (0.204626ms)
✔ BC1-dead-or-wrong-type: actual execution (0.649131ms)
✔ BC1-dead-literal-domain: actual execution (0.183224ms)
✔ BC1-dead-missing-snapshot: actual execution (0.307973ms)
✔ BC1-dead-wrong-snapshot-shape: actual execution (0.200867ms)
✔ BC1-dead-snapshot-domain: actual execution (0.167962ms)
✔ BC1-work0-and: actual execution (0.510127ms)
✔ BC1-work1-and: actual execution (0.168824ms)
✔ BC1-work2-skip-and: actual execution (0.126244ms)
✔ BC1-work2-select-and: actual execution (0.113669ms)
✔ BC1-work0-or: actual execution (0.126198ms)
✔ BC1-work1-or: actual execution (0.10616ms)
✔ BC1-work2-skip-or: actual execution (1.630478ms)
✔ BC1-work2-select-or: actual execution (0.42505ms)
✔ BC1-nested-selected-error: actual execution (0.736234ms)
✔ BC1-nested-work-exhaustion: actual execution (0.180056ms)
✔ BC1-nested-skip: actual execution (3.368103ms)
✔ BC1-corner-nested-left-selected: actual execution (0.345784ms)
✔ BC1-corner-parent-equality: actual execution (0.225602ms)
✔ BC1-action-dead-require-name: actual execution (0.300794ms)
✔ BC1-action-dead-ensure-name: actual execution (0.166208ms)
✔ BC1-action-later-static-before-guard: actual execution (0.20696ms)
✔ BC1-action-require-skip-false: actual execution (0.267995ms)
✔ BC1-action-ensure-skip-false: actual execution (0.441482ms)
✔ BC1-action-require-ensure-success: actual execution (0.276641ms)
✔ BC1-source-selected-denominator: actual execution (0.220544ms)
✔ BC1-source-selected-work-exhaustion: actual execution (0.137376ms)
✔ BC1-source-parent-guard-span: actual execution (0.173811ms)
✔ BC1-dead-invalid-source-span: actual execution (0.151907ms)
✔ BC1-source-unicode-work-span: actual execution (5.679397ms)
✔ BC1-dead-core-bound: actual execution (3.538501ms)
✔ BC1-direct-denominator: actual execution (0.573653ms)
✔ complete parser rejects comments, plain division, chained comparison, trailing input and unknown syntax (2.9551ms)
✔ canonical codec uses ASCII key order, preserves scalar text, and rejects alternative bytes (1.896795ms)
✔ UTF8 spans and erased parentheses retain independent literal span (7.929711ms)
✔ typing rejects forward values, duplicate state writes, wrong actors and nominal units (8.109899ms)
✔ both complete supplied programs produce deterministic full AST, typed annotations, Core and hashes (107.551457ms)
✔ precedence, left association, floor numerator preorder and per-statement IDs are exact (4.17305ms)
✔ unit algebra produces ordered Quantity vectors and cancels exactly without erasing nominal amounts (2.491485ms)
✔ policies reject missing, duplicate, wrong-unit, future and nonfinancial bindings (42.120648ms)
✔ explicit reserve rules are generic, hash-bound, and require the exact structural guard (78.236409ms)
✔ settlements, statuses and exact effect schemas reject malformed records (31.775922ms)
✔ every aggregate encoding and action shape limit is enforced jointly (92.538317ms)
✔ canonical codec rejects sparse, decorated and accessor containers (0.776939ms)
✔ profile-valid redundant parentheses exceed128 without consuming semantic depth (66.796568ms)
✔ public frontend returns one closed diagnostic at earliest stage with exact fields (4.719745ms)
✔ independent stage6 errors select smallest source span, including earlier policies (8.429892ms)
✔ validated canonical record decoding requires a schema validator (1.150554ms)
✔ semantic depth boundary16 accepts and17 rejects with PROGRAM_BOUNDS (11.971335ms)
✔ both example hashes and canonical full records retain audited materialization bytes (65.638642ms)
✔ internal nonadmitted configuration isolates typed versus manifest bounds; public APIs reject overrides (4.677582ms)
✔ malformed settlement literal kinds are stage4 declaration errors after complete syntax (1.457781ms)
✔ settlement wrong shape wins before semantic errors while valid shapes reach stage6 (2.434939ms)
✔ keyword misuse is syntax stage3, reserved tokens are lexical stage2, with numeric stage priority (0.714245ms)
✔ Const State Episode and guard literals preserve schema-versus-typing distinctions (5.696257ms)
✔ loan and swap policies may follow all actions with complete-table metadata resolution (313.432525ms)
✔ policies after actions retain stage6 invalid-target and invalid-rounding controls (58.863873ms)
✔ unexpected astral source characters have exact complete-scalar UTF8 lexical spans (0.674595ms)
✔ SP01 frontend premature episode status keeps NAME_RESOLUTION before later guard mismatch (2.505311ms)
✔ SP01 frontend premature notional status keeps NAME_RESOLUTION before later guard mismatch (1.083864ms)
✔ SP01 frontend policy effect ordinal overflow is UINT_RANGE at the target span (15.596809ms)
✔ SP01 frontend earlier guard TYPE_MISMATCH beats later overflowing policy ordinal (0.786642ms)
✔ SP01 frontend earlier uncovered Amount write beats later overflowing policy ordinal (0.586447ms)
✔ SP01 frontend earlier uncovered emit in another action or unit beats overflowing run ordinal (0.948348ms)
✔ SP01 frontend earlier invalid write target beats overflowing effect target in the same policy (0.385252ms)
✔ generic mapper compiles full loan and swap functions and matches all state/effect operands for four transitions (1670.174298ms)
✔ every supplied arithmetic hint is constrained; minOut, actor, state order and lifecycle changes reject (1107.453383ms)
✔ unsupported text and short-circuit forms fail closed, while numeric-looking Text remains nominal (13.039726ms)
✔ dynamic compiled overflow is rejected before a later fitting division (357.297045ms)
✔ source map covers every Core expression and numeric unit metadata survives lowering (42.107967ms)
✔ test-only snapshot harness compiles ZKIR and records complete kernel result without mutating failed input state (895.601234ms)
✔ root README embeds the complete canonical successor grammar without drift (1.863613ms)
✔ loan accrual and settlement preserve all fields and obligation tombstones (231.120765ms)
✔ swap and close read state and capture effects in source order (168.311ms)
✔ actionHash binds changed min_out even with identical resulting writes and effects (103.746659ms)
✔ missing backend and client boolean claims cannot produce accepted Complete (16.796179ms)
✔ checked arithmetic rejects overflow BEFORE division, subtraction underflow and zero divisor atomically (21.359713ms)
✔ short circuit execution counts visited expressions and permits Bool and Quantity locals (26.691684ms)
✔ typed input units, unknown members, nominal minOut and state tampering fail closed (344.526956ms)
✔ principal, provider, external prechecks, expiry, invariant, reserve and exhaustion reject (549.650472ms)
✔ exact plan construction is explicitly unsigned simulation, then exact matching rejects changes (195.250215ms)
✔ obligation identity, tombstones, exact amounts and transfer conservation are enforced (469.805056ms)
✔ quantum uses nominal subunits per ledger unit and rejects indivisible transfer or mismatched asset (29.422855ms)
✔ outcome gross caps include fees and never net refunds; net goals include every debit (66.384341ms)
✔ all four complete financial traces agree with retained independent legacy evaluator after documented renaming (204.43057ms)
✔ policy provenance cannot discard floor nodes, and committed action provenance resets (8.244422ms)
✔ rehashed malicious Core and source-map changes cannot substitute for source lowering (49.131845ms)
✔ all binding equalities reject independently even after recomputing affected digest wrappers (361.11272ms)
✔ backend authentication is mandatory, replay prechecks cannot be copied, and unavailable proof work cannot commit (88.948784ms)
✔ resource count body omits the entire counts member and includes every other value (59.52504ms)
✔ same-action creation and settlement preserve immutable event-time delta snapshots (16.992706ms)
✔ empty action has zero expression maxima and consumes one finite allowance (3.499015ms)
✔ original runtime hidden is rejected without normalization or executing user code (84.221724ms)
✔ original runtime symbol is rejected without normalization or executing user code (75.044387ms)
✔ original runtime prototype is rejected without normalization or executing user code (73.364152ms)
✔ original runtime getter is rejected without normalization or executing user code (70.660274ms)
✔ original runtime nested-getter is rejected without normalization or executing user code (76.196977ms)
✔ original runtime array-getter is rejected without normalization or executing user code (75.424086ms)
✔ original runtime array-prototype is rejected without normalization or executing user code (78.748937ms)
✔ original runtime proxy is rejected without normalization or executing user code (72.566745ms)
✔ loan settlement before accrual rejects at its exact source guard, adjacent ordered settlement succeeds (124.44089ms)
✔ ExactPlan rejects extra and reordered effects next to its exact accepting plan (172.611268ms)
✔ retained obligation capacity accepts 127 plus one and rejects 128 plus one, including settled identities (54.025974ms)
✔ runtime counts attain the admitted instruction/local/node bounds; the next source size rejects before execution (177.74834ms)
✔ registered RESULT_BOUNDS has an adjacent valid-input accepting boundary without custom registry limits (427.866513ms)
✔ valid false client checks are replaced, while the admitted backend tuple is deeply immutable (48.064165ms)
✔ SP01 decoder accepts canonical string, Buffer and Uint8Array as frozen inputs (20.654672ms)
✔ SP01 decoder ignores hostile shadow properties on genuine byte views (17.272624ms)
✔ SP01 decoder rejects proxies and non-byte impostors without caller code (0.7019ms)
✔ SP01 decoder rejects detached and oversized byte views by intrinsic size (0.268444ms)
✔ SP01 decoder snapshots precisely the byte view before downstream decoding (20.457571ms)
✔ SP01 decoder bounds primitive strings before any UTF8 encoding allocation (2.571003ms)
✔ SP01 decoder accepts 4096 hex signature characters and rejects 4098 (25.726405ms)
✔ SP01 decoder applies array length 128 and 129 to a schema-valid statement (19.534317ms)
✔ SP01 decoder admits exact 65536 input bytes and rejects the next byte (42.889297ms)
✔ SP01 decoder enforces depth, node, record-key and UTF8 text admission before schema (163.458619ms)
✔ SP01 decoder rejects noncanonical UTF8, JSON, schema and Unicode inputs (22.073473ms)
▶ exports
  ✔ REPAYMENT_VERSION and immutable REPAYMENT_BOUNDS (0.956754ms)
✔ exports (1.87562ms)
▶ example fixture file
  ✔ exact compact JSON without trailing newline and accepted by prepareRepayment (4.932798ms)
  ✔ trailing newline is not a valid source (0.268028ms)
✔ example fixture file (5.514343ms)
▶ positive funded repayment
  ✔ due100 principal 100 / accrued 0, Transfer 30 then Repay 30 (1.830751ms)
  ✔ TX02 AccrualFirst P100/A10 Transfer7/Repay7 leaves P100/A3/outstanding 103 (0.301305ms)
  ✔ PrincipalFirst P100/A10 N7 discharges 93/10 (0.618988ms)
  ✔ ProRata P100/A10 N7 is floor(7*100/110)=6 so 94/9 (0.413676ms)
  ✔ two allocations 10+20 of transfer 30 to distinct obligations succeed (0.306367ms)
  ✔ same allocation id reused across two Repay actions rejects (0.353187ms)
  ✔ 20+20 against a transfer of 30 rejects the over-allocation (0.614708ms)
  ✔ exact full repayment keeps Settled tombstone; reuse of post rejects; independent second discharge works (1.260547ms)
  ✔ nominal USD_micro settled via USD_TOKEN mantissa 2 scale 0: N30 -> cash 60 (0.227036ms)
  ✔ floor conversion 4 * 3 / 10^1 = 1 remainder 2 => settlement 1 (0.322542ms)
  ✔ ceil conversion 4 * 3 / 10^1 = 1 remainder 2 => settlement 2 (0.140854ms)
  ✔ none conversion rejects 4 * 3 / 10^1 because remainder is 2 (0.106086ms)
  ✔ exact division 10 * 3 / 10^1 remainder 0 yields settlement 3 for none, floor, and ceil (0.226445ms)
  ✔ floor conversion 1 * 1 / 10^1 = 0 is dust and rejects (0.487326ms)
  ✔ none conversion 1 * 1 / 10^1 is inexact and rejects (0.351264ms)
  ✔ ceil conversion 1 * 1 / 10^1 remainder 1 yields settlement 1 (0.138368ms)
  ✔ scale 18 exact: mantissa 10^18, N 1, settlement 1 (0.103442ms)
  ✔ third-party funded repayment does not require debtor == payer (0.282256ms)
  ✔ untouched unrelated records and histories are preserved (0.171172ms)
  ✔ refund transfer does not restore the earlier sender allowance; remaining+spent is conserved (0.137891ms)
  ✔ receiver balance is appended when absent (0.235847ms)
  ✔ transfer-only candidate moves cash and spends work without touching debt (0.12231ms)
  ✔ transfer id and allocation id may share a string because namespaces are separate (0.153175ms)
  ✔ work remaining equals action count is accepted; closureReserve stays put (0.090388ms)
✔ positive funded repayment (10.249419ms)
▶ input admission
  ✔ non-string hostile values are rejected without calling coercion traps (0.431567ms)
  ✔ empty string, non-object JSON, and invalid JSON reject with actionIndex null (0.141726ms)
  ✔ lone surrogates reject before shape execution (0.078767ms)
  ✔ UTF16 length above 65536 rejects (0.032906ms)
  ✔ UTF16 length 65536 of non-JSON still admits encoding then rejects parse (2.294195ms)
  ✔ UTF8 byte length above 65536 with UTF16 length under the bound rejects (0.7181ms)
  ✔ whitespace, duplicate keys, and nonminimal number forms fail the stringify roundtrip (0.419372ms)
  ✔ JSON numeric amounts that survive stringify still fail schema (0.303729ms)
  ✔ wrong schemaVersion rejects (0.111502ms)
  ✔ unknown root, nested, action, and profile labels reject schema and do not steer the predicate (0.82095ms)
  ✔ missing closed-shape fields reject with actionIndex null (1.894129ms)
  ✔ duplicate collection identities reject with actionIndex null (0.657839ms)
  ✔ non-canonical decimals, bad identifiers, and invariant mismatches reject (1.151709ms)
  ✔ empty actions and over-capacity collections reject with actionIndex null (1.954632ms)
✔ input admission (11.338577ms)
▶ work and capacity
  ✔ insufficient ordinary work rejects before commit; closureReserve cannot pay ordinary work (0.157887ms)
  ✔ post-collection usedTransferIds capacity 128 is enforced (0.411105ms)
  ✔ appending a new receiver balance beyond 128 rejects the transfer (1.081624ms)
  ✔ usedAllocationIds at capacity 128 rejects a new allocation (0.259865ms)
✔ work and capacity (2.133569ms)
▶ transfer and repay negatives
  ✔ zero amount and self-transfer reject at the transfer index (0.163266ms)
  ✔ insufficient cash, missing sender balance, missing allowance, and insufficient cap (0.211578ms)
  ✔ missing funding, future funding, and prior-step transfer cannot fund a Repay (0.376434ms)
  ✔ wrong sender, receiver, or settlement asset rejects the Repay after a successful Transfer (0.205529ms)
  ✔ transfer 1 cannot fund nominal 20 at 1:1 (0.081774ms)
  ✔ zero nominalAmount rejects the Repay (0.066827ms)
  ✔ nominal above outstanding, Settled target, and unknown obligation reject (0.510015ms)
  ✔ allocation id already in history rejects (0.108795ms)
  ✔ duplicate transfer id in this step rejects the later transfer (0.078226ms)
  ✔ late failure after a successful Transfer returns no post or effects and leaves the source unchanged (0.107078ms)
  ✔ rejected codes are stable nonempty strings for the same source (0.41423ms)
✔ transfer and repay negatives (2.507545ms)
▶ uint128 and intermediate overflow
  ✔ uint128Max is a legal amount; uint128Max+1 is not (0.182417ms)
  ✔ crediting a receiver already at uint128Max overflows the Transfer (0.075921ms)
  ✔ ProRata intermediate N*P must fit UInt128 before division (0.077523ms)
  ✔ conversion product nominal*mantissa overflow rejects the Repay after Transfer (0.07691ms)
  ✔ work spent at uint128Max-1 with one action succeeds and writes uint128Max (0.080277ms)
✔ uint128 and intermediate overflow (0.572314ms)
✔ independent full financial result: principal-partial (8.47445ms)
✔ independent full financial result: interest-first (1.27992ms)
✔ independent full financial result: principal-first (2.039902ms)
✔ independent full financial result: full-payment (1.929549ms)
✔ independent full financial result: cross-interest-boundary (3.985302ms)
✔ independent full financial result: overfunded-transfer (1.112365ms)
✔ Core is deterministic serializable and cannot be executed as source (1.11956ms)
✔ payment arguments change both debt and cash (0.530427ms)
✔ complete unrelated duties, terms, order and tombstones survive (0.832722ms)
✔ runtime nominal denomination is checked (0.741658ms)
✔ runtime settlement asset is checked (0.551693ms)
✔ retained conversion is honored (0.38626ms)
✔ atomic financial rejection: zero (1.710508ms)
✔ atomic financial rejection: overpayment (0.415118ms)
✔ atomic financial rejection: balance (0.262208ms)
✔ atomic financial rejection: allowance (0.729199ms)
✔ atomic financial rejection: work (0.331014ms)
✔ atomic financial rejection: transfer reuse (0.200176ms)
✔ atomic financial rejection: allocation reuse (0.65055ms)
✔ atomic financial rejection: insufficient funding (0.482845ms)
✔ Repay without Transfer cannot discharge debt (0.274517ms)
✔ closed source subset rejects state (0.95365ms)
✔ closed source subset rejects next (0.638254ms)
✔ closed source subset rejects const (1.229755ms)
✔ closed source subset rejects requires (0.419665ms)
✔ closed source subset rejects let (0.278848ms)
✔ closed source subset rejects ensures (0.511279ms)
✔ closed source subset rejects arithmetic (1.563492ms)
✔ closed source subset rejects projection (0.575926ms)
✔ closed source subset rejects unknown reference (0.319171ms)
✔ closed source subset rejects duplicate party (0.43201ms)
✔ closed source subset rejects duplicate unit (0.481458ms)
✔ closed source subset rejects duplicate param (0.222283ms)
✔ closed source subset rejects unsupported type (0.18958ms)
✔ closed source subset rejects wrong field type (1.351559ms)
✔ closed source subset rejects unknown field (3.023211ms)
✔ closed source subset rejects duplicate field (1.000372ms)
✔ closed source subset rejects parameter type confusion (0.129501ms)
✔ closed invocation rejects unknown argument (0.201963ms)
✔ closed invocation rejects missing argument (0.121778ms)
✔ closed invocation rejects wrong unit (0.112475ms)
✔ closed invocation rejects wrong type (0.280279ms)
✔ closed invocation rejects coercion (0.143326ms)
✔ closed invocation rejects overflow (0.515328ms)
✔ closed invocation rejects negative (0.149163ms)
✔ closed invocation rejects unknown invocation field (0.119211ms)
✔ closed invocation rejects unknown typed field (0.108148ms)
✔ closed invocation rejects unknown state field (0.179296ms)
✔ closed invocation rejects unknown action (0.117508ms)
✔ closed invocation rejects prototype key (0.115639ms)
✔ hostile objects are rejected without executing accessors (0.140846ms)
✔ CLI reads actual source and invocation and rejects with nonzero status (364.311385ms)
✔ explicit nominal and settlement literals remain distinct (0.372078ms)
✔ UInt, Bool, parties, assets and effect IDs have closed argument types (0.579746ms)
✔ all actions are statically checked and selected action is respected (0.504503ms)
✔ bounded source and invocation fail before parsing oversized content (0.235994ms)
✔ intermediate conversion overflow is retained even if division could shrink it (0.170525ms)
✔ compact type closers reserve their split tokens and preserve formatter closure at the limit (44.993904ms)
✔ compact type closers cannot hide tokens beyond the fixed limit (2.225808ms)
✔ public API rejects non-string input without coercion (1.971285ms)
✔ example interest-payment source parses, formats idempotently, and preserves AST ignoring spans (3.939012ms)
✔ independently derived custody agreement covers asset, const, let, emit and empty lists (2.283911ms)
✔ not binds looser than comparison and arithmetic is left-associative with tight multiply (0.797951ms)
✔ parenthesized comparison may nest, but unparenthesized chains reject (0.331432ms)
✔ nested generic types parse and empty type argument lists reject (0.176663ms)
✔ UTF-8 spans cover multi-byte string contents and comments may contain Unicode (0.485728ms)
✔ lone surrogates, escaped surrogates and invalid UTF-8 reject (108.20571ms)
✔ leading zeros, plain division, floats and unknown declarations reject (1.125684ms)
✔ statement after ensures, trailing input, missing agreement and old atomic profile reject (0.42482ms)
✔ non-ASCII identifier lookalikes reject while ASCII identifiers stay case-sensitive (0.798721ms)
✔ bounds from syntax-profile.json are enforced before oversized parse results (12.442467ms)
✔ formatter rejects canonical expansion past the source byte bound (9.78104ms)
✔ left-associative expression depth 64 succeeds and 65 fails (0.357961ms)
✔ 256 statements total across regular and ensures succeed and 257 fail (3.675908ms)
✔ token bound includes EOF so 8192 total tokens succeed and 8193 fail (6.338543ms)
✔ unterminated comments and strings reject, and comments count toward the source bound (0.262561ms)
✔ CLI check-syntax writes AST JSON and format writes idempotent source (401.63966ms)
✔ CLI rejects malformed arguments without writing files (649.035599ms)
ℹ tests 441
ℹ suites 7
ℹ pass 441
ℹ fail 0
ℹ cancelled 0
ℹ skipped 0
ℹ todo 0
ℹ duration_ms 5697.899408
