{
  "independentAssertionsPassed": 14664,
  "constructorCoverage": 40,
  "findings": [
    {
      "case": "nested annotation 508",
      "coreBytes": 5705,
      "valueWBytes": 5627,
      "expected": "ExpressionValue",
      "actual": "ExpressionValue"
    },
    {
      "case": "nested annotation 509",
      "coreBytes": 5716,
      "valueWBytes": 5638,
      "expected": "ExpressionValue",
      "actual": "ExpressionValue"
    },
    {
      "case": "nested annotation 600",
      "coreBytes": 6717,
      "valueWBytes": 6639,
      "expected": "ExpressionValue",
      "actual": "ExpressionValue"
    }
  ]
}
{"finalIndependentAssertionsPassed":14685,"booleanReferenceDifferentialCases":8750,"total":23435}
