✖ the versioned expression API exists independently of funded preparation (2.108945ms)
✖ BC1-truth-and-false-false: actual execution (0.212842ms)
✖ BC1-truth-and-false-true: actual execution (0.090649ms)
✖ BC1-truth-and-true-false: actual execution (0.096286ms)
✖ BC1-truth-and-true-true: actual execution (0.091596ms)
✖ BC1-truth-or-false-false: actual execution (0.080281ms)
✖ BC1-truth-or-false-true: actual execution (0.068802ms)
✖ BC1-truth-or-true-false: actual execution (0.386613ms)
✖ BC1-truth-or-true-true: actual execution (0.135699ms)
✖ BC1-skip-and-denominator: actual execution (0.153813ms)
✖ BC1-skip-or-denominator: actual execution (3.477437ms)
✖ BC1-selected-and-denominator: actual execution (0.13425ms)
✖ BC1-selected-or-denominator: actual execution (0.069077ms)
✖ BC1-left-and-denominator: actual execution (0.067975ms)
✖ BC1-left-or-denominator: actual execution (0.053638ms)
✖ BC1-dead-and-unknown-name: actual execution (0.055144ms)
✖ BC1-dead-and-wrong-type: actual execution (0.112596ms)
✖ BC1-dead-or-unknown-name: actual execution (0.055725ms)
✖ BC1-dead-or-wrong-type: actual execution (0.049225ms)
✖ BC1-dead-literal-domain: actual execution (0.045494ms)
✖ BC1-dead-missing-snapshot: actual execution (0.041455ms)
✖ BC1-dead-wrong-snapshot-shape: actual execution (0.058488ms)
✖ BC1-dead-snapshot-domain: actual execution (0.04353ms)
✖ BC1-work0-and: actual execution (0.060274ms)
✖ BC1-work1-and: actual execution (0.050636ms)
✖ BC1-work2-skip-and: actual execution (0.03904ms)
✖ BC1-work2-select-and: actual execution (0.037222ms)
✖ BC1-work0-or: actual execution (0.03706ms)
✖ BC1-work1-or: actual execution (0.037116ms)
✖ BC1-work2-skip-or: actual execution (0.036505ms)
✖ BC1-work2-select-or: actual execution (0.036992ms)
✖ BC1-nested-selected-error: actual execution (0.037525ms)
✖ BC1-nested-work-exhaustion: actual execution (0.037055ms)
✖ BC1-nested-skip: actual execution (0.062516ms)
✖ BC1-corner-nested-left-selected: actual execution (0.043429ms)
✖ BC1-corner-parent-equality: actual execution (0.043338ms)
✖ BC1-action-dead-require-name: actual execution (0.044715ms)
✖ BC1-action-dead-ensure-name: actual execution (0.047977ms)
✖ BC1-action-later-static-before-guard: actual execution (0.0414ms)
✖ BC1-action-require-skip-false: actual execution (0.068361ms)
✖ BC1-action-ensure-skip-false: actual execution (0.048312ms)
✖ BC1-action-require-ensure-success: actual execution (0.051647ms)
✖ BC1-source-selected-denominator: actual execution (0.067303ms)
✖ BC1-source-selected-work-exhaustion: actual execution (0.053133ms)
✖ BC1-source-parent-guard-span: actual execution (0.071336ms)
✖ BC1-dead-invalid-source-span: actual execution (0.050853ms)
✖ BC1-source-unicode-work-span: actual execution (0.044279ms)
✖ BC1-dead-core-bound: actual execution (0.075159ms)
✖ BC1-direct-denominator: actual execution (0.050642ms)
ℹ tests 49
ℹ suites 0
ℹ pass 0
ℹ fail 49
ℹ cancelled 0
ℹ skipped 0
ℹ todo 0
ℹ duration_ms 73.913932

✖ failing tests:

test at tests/expression-v1.test.mjs:12:1
✖ the versioned expression API exists independently of funded preparation (2.108945ms)
  AssertionError [ERR_ASSERTION]: Expected values to be strictly equal:
  + actual - expected
  
  + 'undefined'
  - 'function'
  
      at TestContext.<anonymous> (file:///home/charl/Moriarty/.worktrees/sp02-expression-runtime/experiments/moriarty-language/tests/expression-v1.test.mjs:13:10)
      at Test.runInAsyncScope (node:async_hooks:227:14)
      at Test.run (node:internal/test_runner/test:1325:25)
      at Test.start (node:internal/test_runner/test:1191:17)
      at startSubtestAfterBootstrap (node:internal/test_runner/harness:385:17) {
    generatedMessage: true,
    code: 'ERR_ASSERTION',
    actual: 'undefined',
    expected: 'function',
    operator: 'strictEqual',
    diff: 'simple'
  }

test at tests/expression-v1.test.mjs:16:35
✖ BC1-truth-and-false-false: actual execution (0.212842ms)
  AssertionError [ERR_ASSERTION]: expression runtime is missing
  + actual - expected
  
  + 'undefined'
  - 'function'
  
      at TestContext.<anonymous> (file:///home/charl/Moriarty/.worktrees/sp02-expression-runtime/experiments/moriarty-language/tests/expression-v1.test.mjs:17:10)
      at Test.runInAsyncScope (node:async_hooks:227:14)
      at Test.run (node:internal/test_runner/test:1325:25)
      at Test.processPendingSubtests (node:internal/test_runner/test:911:18)
      at Test.postRun (node:internal/test_runner/test:1465:19)
      at Test.run (node:internal/test_runner/test:1390:12)
      at async startSubtestAfterBootstrap (node:internal/test_runner/harness:385:3) {
    generatedMessage: false,
    code: 'ERR_ASSERTION',
    actual: 'undefined',
    expected: 'function',
    operator: 'strictEqual',
    diff: 'simple'
  }

test at tests/expression-v1.test.mjs:16:35
✖ BC1-truth-and-false-true: actual execution (0.090649ms)
  AssertionError [ERR_ASSERTION]: expression runtime is missing
  + actual - expected
  
  + 'undefined'
  - 'function'
  
      at TestContext.<anonymous> (file:///home/charl/Moriarty/.worktrees/sp02-expression-runtime/experiments/moriarty-language/tests/expression-v1.test.mjs:17:10)
      at Test.runInAsyncScope (node:async_hooks:227:14)
      at Test.run (node:internal/test_runner/test:1325:25)
      at Test.processPendingSubtests (node:internal/test_runner/test:911:18)
      at Test.postRun (node:internal/test_runner/test:1465:19)
      at Test.run (node:internal/test_runner/test:1390:12)
      at async Test.processPendingSubtests (node:internal/test_runner/test:911:7) {
    generatedMessage: false,
    code: 'ERR_ASSERTION',
    actual: 'undefined',
    expected: 'function',
    operator: 'strictEqual',
    diff: 'simple'
  }

test at tests/expression-v1.test.mjs:16:35
✖ BC1-truth-and-true-false: actual execution (0.096286ms)
  AssertionError [ERR_ASSERTION]: expression runtime is missing
  + actual - expected
  
  + 'undefined'
  - 'function'
  
      at TestContext.<anonymous> (file:///home/charl/Moriarty/.worktrees/sp02-expression-runtime/experiments/moriarty-language/tests/expression-v1.test.mjs:17:10)
      at Test.runInAsyncScope (node:async_hooks:227:14)
      at Test.run (node:internal/test_runner/test:1325:25)
      at Test.processPendingSubtests (node:internal/test_runner/test:911:18)
      at Test.postRun (node:internal/test_runner/test:1465:19)
      at Test.run (node:internal/test_runner/test:1390:12)
      at async Test.processPendingSubtests (node:internal/test_runner/test:911:7) {
    generatedMessage: false,
    code: 'ERR_ASSERTION',
    actual: 'undefined',
    expected: 'function',
    operator: 'strictEqual',
    diff: 'simple'
  }

test at tests/expression-v1.test.mjs:16:35
✖ BC1-truth-and-true-true: actual execution (0.091596ms)
  AssertionError [ERR_ASSERTION]: expression runtime is missing
  + actual - expected
  
  + 'undefined'
  - 'function'
  
      at TestContext.<anonymous> (file:///home/charl/Moriarty/.worktrees/sp02-expression-runtime/experiments/moriarty-language/tests/expression-v1.test.mjs:17:10)
      at Test.runInAsyncScope (node:async_hooks:227:14)
      at Test.run (node:internal/test_runner/test:1325:25)
      at Test.processPendingSubtests (node:internal/test_runner/test:911:18)
      at Test.postRun (node:internal/test_runner/test:1465:19)
      at Test.run (node:internal/test_runner/test:1390:12)
      at async Test.processPendingSubtests (node:internal/test_runner/test:911:7) {
    generatedMessage: false,
    code: 'ERR_ASSERTION',
    actual: 'undefined',
    expected: 'function',
    operator: 'strictEqual',
    diff: 'simple'
  }

test at tests/expression-v1.test.mjs:16:35
✖ BC1-truth-or-false-false: actual execution (0.080281ms)
  AssertionError [ERR_ASSERTION]: expression runtime is missing
  + actual - expected
  
  + 'undefined'
  - 'function'
  
      at TestContext.<anonymous> (file:///home/charl/Moriarty/.worktrees/sp02-expression-runtime/experiments/moriarty-language/tests/expression-v1.test.mjs:17:10)
      at Test.runInAsyncScope (node:async_hooks:227:14)
      at Test.run (node:internal/test_runner/test:1325:25)
      at Test.processPendingSubtests (node:internal/test_runner/test:911:18)
      at Test.postRun (node:internal/test_runner/test:1465:19)
      at Test.run (node:internal/test_runner/test:1390:12)
      at async Test.processPendingSubtests (node:internal/test_runner/test:911:7) {
    generatedMessage: false,
    code: 'ERR_ASSERTION',
    actual: 'undefined',
    expected: 'function',
    operator: 'strictEqual',
    diff: 'simple'
  }

test at tests/expression-v1.test.mjs:16:35
✖ BC1-truth-or-false-true: actual execution (0.068802ms)
  AssertionError [ERR_ASSERTION]: expression runtime is missing
  + actual - expected
  
  + 'undefined'
  - 'function'
  
      at TestContext.<anonymous> (file:///home/charl/Moriarty/.worktrees/sp02-expression-runtime/experiments/moriarty-language/tests/expression-v1.test.mjs:17:10)
      at Test.runInAsyncScope (node:async_hooks:227:14)
      at Test.run (node:internal/test_runner/test:1325:25)
      at Test.processPendingSubtests (node:internal/test_runner/test:911:18)
      at Test.postRun (node:internal/test_runner/test:1465:19)
      at Test.run (node:internal/test_runner/test:1390:12)
      at async Test.processPendingSubtests (node:internal/test_runner/test:911:7) {
    generatedMessage: false,
    code: 'ERR_ASSERTION',
    actual: 'undefined',
    expected: 'function',
    operator: 'strictEqual',
    diff: 'simple'
  }

test at tests/expression-v1.test.mjs:16:35
✖ BC1-truth-or-true-false: actual execution (0.386613ms)
  AssertionError [ERR_ASSERTION]: expression runtime is missing
  + actual - expected
  
  + 'undefined'
  - 'function'
  
      at TestContext.<anonymous> (file:///home/charl/Moriarty/.worktrees/sp02-expression-runtime/experiments/moriarty-language/tests/expression-v1.test.mjs:17:10)
      at Test.runInAsyncScope (node:async_hooks:227:14)
      at Test.run (node:internal/test_runner/test:1325:25)
      at Test.processPendingSubtests (node:internal/test_runner/test:911:18)
      at Test.postRun (node:internal/test_runner/test:1465:19)
      at Test.run (node:internal/test_runner/test:1390:12)
      at async Test.processPendingSubtests (node:internal/test_runner/test:911:7) {
    generatedMessage: false,
    code: 'ERR_ASSERTION',
    actual: 'undefined',
    expected: 'function',
    operator: 'strictEqual',
    diff: 'simple'
  }

test at tests/expression-v1.test.mjs:16:35
✖ BC1-truth-or-true-true: actual execution (0.135699ms)
  AssertionError [ERR_ASSERTION]: expression runtime is missing
  + actual - expected
  
  + 'undefined'
  - 'function'
  
      at TestContext.<anonymous> (file:///home/charl/Moriarty/.worktrees/sp02-expression-runtime/experiments/moriarty-language/tests/expression-v1.test.mjs:17:10)
      at Test.runInAsyncScope (node:async_hooks:227:14)
      at Test.run (node:internal/test_runner/test:1325:25)
      at Test.processPendingSubtests (node:internal/test_runner/test:911:18)
      at Test.postRun (node:internal/test_runner/test:1465:19)
      at Test.run (node:internal/test_runner/test:1390:12)
      at async Test.processPendingSubtests (node:internal/test_runner/test:911:7) {
    generatedMessage: false,
    code: 'ERR_ASSERTION',
    actual: 'undefined',
    expected: 'function',
    operator: 'strictEqual',
    diff: 'simple'
  }

test at tests/expression-v1.test.mjs:16:35
✖ BC1-skip-and-denominator: actual execution (0.153813ms)
  AssertionError [ERR_ASSERTION]: expression runtime is missing
  + actual - expected
  
  + 'undefined'
  - 'function'
  
      at TestContext.<anonymous> (file:///home/charl/Moriarty/.worktrees/sp02-expression-runtime/experiments/moriarty-language/tests/expression-v1.test.mjs:17:10)
      at Test.runInAsyncScope (node:async_hooks:227:14)
      at Test.run (node:internal/test_runner/test:1325:25)
      at Test.processPendingSubtests (node:internal/test_runner/test:911:18)
      at Test.postRun (node:internal/test_runner/test:1465:19)
      at Test.run (node:internal/test_runner/test:1390:12)
      at async Test.processPendingSubtests (node:internal/test_runner/test:911:7) {
    generatedMessage: false,
    code: 'ERR_ASSERTION',
    actual: 'undefined',
    expected: 'function',
    operator: 'strictEqual',
    diff: 'simple'
  }

test at tests/expression-v1.test.mjs:16:35
✖ BC1-skip-or-denominator: actual execution (3.477437ms)
  AssertionError [ERR_ASSERTION]: expression runtime is missing
  + actual - expected
  
  + 'undefined'
  - 'function'
  
      at TestContext.<anonymous> (file:///home/charl/Moriarty/.worktrees/sp02-expression-runtime/experiments/moriarty-language/tests/expression-v1.test.mjs:17:10)
      at Test.runInAsyncScope (node:async_hooks:227:14)
      at Test.run (node:internal/test_runner/test:1325:25)
      at Test.processPendingSubtests (node:internal/test_runner/test:911:18)
      at Test.postRun (node:internal/test_runner/test:1465:19)
      at Test.run (node:internal/test_runner/test:1390:12)
      at async Test.processPendingSubtests (node:internal/test_runner/test:911:7) {
    generatedMessage: false,
    code: 'ERR_ASSERTION',
    actual: 'undefined',
    expected: 'function',
    operator: 'strictEqual',
    diff: 'simple'
  }

test at tests/expression-v1.test.mjs:16:35
✖ BC1-selected-and-denominator: actual execution (0.13425ms)
  AssertionError [ERR_ASSERTION]: expression runtime is missing
  + actual - expected
  
  + 'undefined'
  - 'function'
  
      at TestContext.<anonymous> (file:///home/charl/Moriarty/.worktrees/sp02-expression-runtime/experiments/moriarty-language/tests/expression-v1.test.mjs:17:10)
      at Test.runInAsyncScope (node:async_hooks:227:14)
      at Test.run (node:internal/test_runner/test:1325:25)
      at Test.processPendingSubtests (node:internal/test_runner/test:911:18)
      at Test.postRun (node:internal/test_runner/test:1465:19)
      at Test.run (node:internal/test_runner/test:1390:12)
      at async Test.processPendingSubtests (node:internal/test_runner/test:911:7) {
    generatedMessage: false,
    code: 'ERR_ASSERTION',
    actual: 'undefined',
    expected: 'function',
    operator: 'strictEqual',
    diff: 'simple'
  }

test at tests/expression-v1.test.mjs:16:35
✖ BC1-selected-or-denominator: actual execution (0.069077ms)
  AssertionError [ERR_ASSERTION]: expression runtime is missing
  + actual - expected
  
  + 'undefined'
  - 'function'
  
      at TestContext.<anonymous> (file:///home/charl/Moriarty/.worktrees/sp02-expression-runtime/experiments/moriarty-language/tests/expression-v1.test.mjs:17:10)
      at Test.runInAsyncScope (node:async_hooks:227:14)
      at Test.run (node:internal/test_runner/test:1325:25)
      at Test.processPendingSubtests (node:internal/test_runner/test:911:18)
      at Test.postRun (node:internal/test_runner/test:1465:19)
      at Test.run (node:internal/test_runner/test:1390:12)
      at async Test.processPendingSubtests (node:internal/test_runner/test:911:7) {
    generatedMessage: false,
    code: 'ERR_ASSERTION',
    actual: 'undefined',
    expected: 'function',
    operator: 'strictEqual',
    diff: 'simple'
  }

test at tests/expression-v1.test.mjs:16:35
✖ BC1-left-and-denominator: actual execution (0.067975ms)
  AssertionError [ERR_ASSERTION]: expression runtime is missing
  + actual - expected
  
  + 'undefined'
  - 'function'
  
      at TestContext.<anonymous> (file:///home/charl/Moriarty/.worktrees/sp02-expression-runtime/experiments/moriarty-language/tests/expression-v1.test.mjs:17:10)
      at Test.runInAsyncScope (node:async_hooks:227:14)
      at Test.run (node:internal/test_runner/test:1325:25)
      at Test.processPendingSubtests (node:internal/test_runner/test:911:18)
      at Test.postRun (node:internal/test_runner/test:1465:19)
      at Test.run (node:internal/test_runner/test:1390:12)
      at async Test.processPendingSubtests (node:internal/test_runner/test:911:7) {
    generatedMessage: false,
    code: 'ERR_ASSERTION',
    actual: 'undefined',
    expected: 'function',
    operator: 'strictEqual',
    diff: 'simple'
  }

test at tests/expression-v1.test.mjs:16:35
✖ BC1-left-or-denominator: actual execution (0.053638ms)
  AssertionError [ERR_ASSERTION]: expression runtime is missing
  + actual - expected
  
  + 'undefined'
  - 'function'
  
      at TestContext.<anonymous> (file:///home/charl/Moriarty/.worktrees/sp02-expression-runtime/experiments/moriarty-language/tests/expression-v1.test.mjs:17:10)
      at Test.runInAsyncScope (node:async_hooks:227:14)
      at Test.run (node:internal/test_runner/test:1325:25)
      at Test.processPendingSubtests (node:internal/test_runner/test:911:18)
      at Test.postRun (node:internal/test_runner/test:1465:19)
      at Test.run (node:internal/test_runner/test:1390:12)
      at async Test.processPendingSubtests (node:internal/test_runner/test:911:7) {
    generatedMessage: false,
    code: 'ERR_ASSERTION',
    actual: 'undefined',
    expected: 'function',
    operator: 'strictEqual',
    diff: 'simple'
  }

test at tests/expression-v1.test.mjs:16:35
✖ BC1-dead-and-unknown-name: actual execution (0.055144ms)
  AssertionError [ERR_ASSERTION]: expression runtime is missing
  + actual - expected
  
  + 'undefined'
  - 'function'
  
      at TestContext.<anonymous> (file:///home/charl/Moriarty/.worktrees/sp02-expression-runtime/experiments/moriarty-language/tests/expression-v1.test.mjs:17:10)
      at Test.runInAsyncScope (node:async_hooks:227:14)
      at Test.run (node:internal/test_runner/test:1325:25)
      at Test.processPendingSubtests (node:internal/test_runner/test:911:18)
      at Test.postRun (node:internal/test_runner/test:1465:19)
      at Test.run (node:internal/test_runner/test:1390:12)
      at async Test.processPendingSubtests (node:internal/test_runner/test:911:7) {
    generatedMessage: false,
    code: 'ERR_ASSERTION',
    actual: 'undefined',
    expected: 'function',
    operator: 'strictEqual',
    diff: 'simple'
  }

test at tests/expression-v1.test.mjs:16:35
✖ BC1-dead-and-wrong-type: actual execution (0.112596ms)
  AssertionError [ERR_ASSERTION]: expression runtime is missing
  + actual - expected
  
  + 'undefined'
  - 'function'
  
      at TestContext.<anonymous> (file:///home/charl/Moriarty/.worktrees/sp02-expression-runtime/experiments/moriarty-language/tests/expression-v1.test.mjs:17:10)
      at Test.runInAsyncScope (node:async_hooks:227:14)
      at Test.run (node:internal/test_runner/test:1325:25)
      at Test.processPendingSubtests (node:internal/test_runner/test:911:18)
      at Test.postRun (node:internal/test_runner/test:1465:19)
      at Test.run (node:internal/test_runner/test:1390:12)
      at async Test.processPendingSubtests (node:internal/test_runner/test:911:7) {
    generatedMessage: false,
    code: 'ERR_ASSERTION',
    actual: 'undefined',
    expected: 'function',
    operator: 'strictEqual',
    diff: 'simple'
  }

test at tests/expression-v1.test.mjs:16:35
✖ BC1-dead-or-unknown-name: actual execution (0.055725ms)
  AssertionError [ERR_ASSERTION]: expression runtime is missing
  + actual - expected
  
  + 'undefined'
  - 'function'
  
      at TestContext.<anonymous> (file:///home/charl/Moriarty/.worktrees/sp02-expression-runtime/experiments/moriarty-language/tests/expression-v1.test.mjs:17:10)
      at Test.runInAsyncScope (node:async_hooks:227:14)
      at Test.run (node:internal/test_runner/test:1325:25)
      at Test.processPendingSubtests (node:internal/test_runner/test:911:18)
      at Test.postRun (node:internal/test_runner/test:1465:19)
      at Test.run (node:internal/test_runner/test:1390:12)
      at async Test.processPendingSubtests (node:internal/test_runner/test:911:7) {
    generatedMessage: false,
    code: 'ERR_ASSERTION',
    actual: 'undefined',
    expected: 'function',
    operator: 'strictEqual',
    diff: 'simple'
  }

test at tests/expression-v1.test.mjs:16:35
✖ BC1-dead-or-wrong-type: actual execution (0.049225ms)
  AssertionError [ERR_ASSERTION]: expression runtime is missing
  + actual - expected
  
  + 'undefined'
  - 'function'
  
      at TestContext.<anonymous> (file:///home/charl/Moriarty/.worktrees/sp02-expression-runtime/experiments/moriarty-language/tests/expression-v1.test.mjs:17:10)
      at Test.runInAsyncScope (node:async_hooks:227:14)
      at Test.run (node:internal/test_runner/test:1325:25)
      at Test.processPendingSubtests (node:internal/test_runner/test:911:18)
      at Test.postRun (node:internal/test_runner/test:1465:19)
      at Test.run (node:internal/test_runner/test:1390:12)
      at async Test.processPendingSubtests (node:internal/test_runner/test:911:7) {
    generatedMessage: false,
    code: 'ERR_ASSERTION',
    actual: 'undefined',
    expected: 'function',
    operator: 'strictEqual',
    diff: 'simple'
  }

test at tests/expression-v1.test.mjs:16:35
✖ BC1-dead-literal-domain: actual execution (0.045494ms)
  AssertionError [ERR_ASSERTION]: expression runtime is missing
  + actual - expected
  
  + 'undefined'
  - 'function'
  
      at TestContext.<anonymous> (file:///home/charl/Moriarty/.worktrees/sp02-expression-runtime/experiments/moriarty-language/tests/expression-v1.test.mjs:17:10)
      at Test.runInAsyncScope (node:async_hooks:227:14)
      at Test.run (node:internal/test_runner/test:1325:25)
      at Test.processPendingSubtests (node:internal/test_runner/test:911:18)
      at Test.postRun (node:internal/test_runner/test:1465:19)
      at Test.run (node:internal/test_runner/test:1390:12)
      at async Test.processPendingSubtests (node:internal/test_runner/test:911:7) {
    generatedMessage: false,
    code: 'ERR_ASSERTION',
    actual: 'undefined',
    expected: 'function',
    operator: 'strictEqual',
    diff: 'simple'
  }

test at tests/expression-v1.test.mjs:16:35
✖ BC1-dead-missing-snapshot: actual execution (0.041455ms)
  AssertionError [ERR_ASSERTION]: expression runtime is missing
  + actual - expected
  
  + 'undefined'
  - 'function'
  
      at TestContext.<anonymous> (file:///home/charl/Moriarty/.worktrees/sp02-expression-runtime/experiments/moriarty-language/tests/expression-v1.test.mjs:17:10)
      at Test.runInAsyncScope (node:async_hooks:227:14)
      at Test.run (node:internal/test_runner/test:1325:25)
      at Test.processPendingSubtests (node:internal/test_runner/test:911:18)
      at Test.postRun (node:internal/test_runner/test:1465:19)
      at Test.run (node:internal/test_runner/test:1390:12)
      at async Test.processPendingSubtests (node:internal/test_runner/test:911:7) {
    generatedMessage: false,
    code: 'ERR_ASSERTION',
    actual: 'undefined',
    expected: 'function',
    operator: 'strictEqual',
    diff: 'simple'
  }

test at tests/expression-v1.test.mjs:16:35
✖ BC1-dead-wrong-snapshot-shape: actual execution (0.058488ms)
  AssertionError [ERR_ASSERTION]: expression runtime is missing
  + actual - expected
  
  + 'undefined'
  - 'function'
  
      at TestContext.<anonymous> (file:///home/charl/Moriarty/.worktrees/sp02-expression-runtime/experiments/moriarty-language/tests/expression-v1.test.mjs:17:10)
      at Test.runInAsyncScope (node:async_hooks:227:14)
      at Test.run (node:internal/test_runner/test:1325:25)
      at Test.processPendingSubtests (node:internal/test_runner/test:911:18)
      at Test.postRun (node:internal/test_runner/test:1465:19)
      at Test.run (node:internal/test_runner/test:1390:12)
      at async Test.processPendingSubtests (node:internal/test_runner/test:911:7) {
    generatedMessage: false,
    code: 'ERR_ASSERTION',
    actual: 'undefined',
    expected: 'function',
    operator: 'strictEqual',
    diff: 'simple'
  }

test at tests/expression-v1.test.mjs:16:35
✖ BC1-dead-snapshot-domain: actual execution (0.04353ms)
  AssertionError [ERR_ASSERTION]: expression runtime is missing
  + actual - expected
  
  + 'undefined'
  - 'function'
  
      at TestContext.<anonymous> (file:///home/charl/Moriarty/.worktrees/sp02-expression-runtime/experiments/moriarty-language/tests/expression-v1.test.mjs:17:10)
      at Test.runInAsyncScope (node:async_hooks:227:14)
      at Test.run (node:internal/test_runner/test:1325:25)
      at Test.processPendingSubtests (node:internal/test_runner/test:911:18)
      at Test.postRun (node:internal/test_runner/test:1465:19)
      at Test.run (node:internal/test_runner/test:1390:12)
      at async Test.processPendingSubtests (node:internal/test_runner/test:911:7) {
    generatedMessage: false,
    code: 'ERR_ASSERTION',
    actual: 'undefined',
    expected: 'function',
    operator: 'strictEqual',
    diff: 'simple'
  }

test at tests/expression-v1.test.mjs:16:35
✖ BC1-work0-and: actual execution (0.060274ms)
  AssertionError [ERR_ASSERTION]: expression runtime is missing
  + actual - expected
  
  + 'undefined'
  - 'function'
  
      at TestContext.<anonymous> (file:///home/charl/Moriarty/.worktrees/sp02-expression-runtime/experiments/moriarty-language/tests/expression-v1.test.mjs:17:10)
      at Test.runInAsyncScope (node:async_hooks:227:14)
      at Test.run (node:internal/test_runner/test:1325:25)
      at Test.processPendingSubtests (node:internal/test_runner/test:911:18)
      at Test.postRun (node:internal/test_runner/test:1465:19)
      at Test.run (node:internal/test_runner/test:1390:12)
      at async Test.processPendingSubtests (node:internal/test_runner/test:911:7) {
    generatedMessage: false,
    code: 'ERR_ASSERTION',
    actual: 'undefined',
    expected: 'function',
    operator: 'strictEqual',
    diff: 'simple'
  }

test at tests/expression-v1.test.mjs:16:35
✖ BC1-work1-and: actual execution (0.050636ms)
  AssertionError [ERR_ASSERTION]: expression runtime is missing
  + actual - expected
  
  + 'undefined'
  - 'function'
  
      at TestContext.<anonymous> (file:///home/charl/Moriarty/.worktrees/sp02-expression-runtime/experiments/moriarty-language/tests/expression-v1.test.mjs:17:10)
      at Test.runInAsyncScope (node:async_hooks:227:14)
      at Test.run (node:internal/test_runner/test:1325:25)
      at Test.processPendingSubtests (node:internal/test_runner/test:911:18)
      at Test.postRun (node:internal/test_runner/test:1465:19)
      at Test.run (node:internal/test_runner/test:1390:12)
      at async Test.processPendingSubtests (node:internal/test_runner/test:911:7) {
    generatedMessage: false,
    code: 'ERR_ASSERTION',
    actual: 'undefined',
    expected: 'function',
    operator: 'strictEqual',
    diff: 'simple'
  }

test at tests/expression-v1.test.mjs:16:35
✖ BC1-work2-skip-and: actual execution (0.03904ms)
  AssertionError [ERR_ASSERTION]: expression runtime is missing
  + actual - expected
  
  + 'undefined'
  - 'function'
  
      at TestContext.<anonymous> (file:///home/charl/Moriarty/.worktrees/sp02-expression-runtime/experiments/moriarty-language/tests/expression-v1.test.mjs:17:10)
      at Test.runInAsyncScope (node:async_hooks:227:14)
      at Test.run (node:internal/test_runner/test:1325:25)
      at Test.processPendingSubtests (node:internal/test_runner/test:911:18)
      at Test.postRun (node:internal/test_runner/test:1465:19)
      at Test.run (node:internal/test_runner/test:1390:12)
      at async Test.processPendingSubtests (node:internal/test_runner/test:911:7) {
    generatedMessage: false,
    code: 'ERR_ASSERTION',
    actual: 'undefined',
    expected: 'function',
    operator: 'strictEqual',
    diff: 'simple'
  }

test at tests/expression-v1.test.mjs:16:35
✖ BC1-work2-select-and: actual execution (0.037222ms)
  AssertionError [ERR_ASSERTION]: expression runtime is missing
  + actual - expected
  
  + 'undefined'
  - 'function'
  
      at TestContext.<anonymous> (file:///home/charl/Moriarty/.worktrees/sp02-expression-runtime/experiments/moriarty-language/tests/expression-v1.test.mjs:17:10)
      at Test.runInAsyncScope (node:async_hooks:227:14)
      at Test.run (node:internal/test_runner/test:1325:25)
      at Test.processPendingSubtests (node:internal/test_runner/test:911:18)
      at Test.postRun (node:internal/test_runner/test:1465:19)
      at Test.run (node:internal/test_runner/test:1390:12)
      at async Test.processPendingSubtests (node:internal/test_runner/test:911:7) {
    generatedMessage: false,
    code: 'ERR_ASSERTION',
    actual: 'undefined',
    expected: 'function',
    operator: 'strictEqual',
    diff: 'simple'
  }

test at tests/expression-v1.test.mjs:16:35
✖ BC1-work0-or: actual execution (0.03706ms)
  AssertionError [ERR_ASSERTION]: expression runtime is missing
  + actual - expected
  
  + 'undefined'
  - 'function'
  
      at TestContext.<anonymous> (file:///home/charl/Moriarty/.worktrees/sp02-expression-runtime/experiments/moriarty-language/tests/expression-v1.test.mjs:17:10)
      at Test.runInAsyncScope (node:async_hooks:227:14)
      at Test.run (node:internal/test_runner/test:1325:25)
      at Test.processPendingSubtests (node:internal/test_runner/test:911:18)
      at Test.postRun (node:internal/test_runner/test:1465:19)
      at Test.run (node:internal/test_runner/test:1390:12)
      at async Test.processPendingSubtests (node:internal/test_runner/test:911:7) {
    generatedMessage: false,
    code: 'ERR_ASSERTION',
    actual: 'undefined',
    expected: 'function',
    operator: 'strictEqual',
    diff: 'simple'
  }

test at tests/expression-v1.test.mjs:16:35
✖ BC1-work1-or: actual execution (0.037116ms)
  AssertionError [ERR_ASSERTION]: expression runtime is missing
  + actual - expected
  
  + 'undefined'
  - 'function'
  
      at TestContext.<anonymous> (file:///home/charl/Moriarty/.worktrees/sp02-expression-runtime/experiments/moriarty-language/tests/expression-v1.test.mjs:17:10)
      at Test.runInAsyncScope (node:async_hooks:227:14)
      at Test.run (node:internal/test_runner/test:1325:25)
      at Test.processPendingSubtests (node:internal/test_runner/test:911:18)
      at Test.postRun (node:internal/test_runner/test:1465:19)
      at Test.run (node:internal/test_runner/test:1390:12)
      at async Test.processPendingSubtests (node:internal/test_runner/test:911:7) {
    generatedMessage: false,
    code: 'ERR_ASSERTION',
    actual: 'undefined',
    expected: 'function',
    operator: 'strictEqual',
    diff: 'simple'
  }

test at tests/expression-v1.test.mjs:16:35
✖ BC1-work2-skip-or: actual execution (0.036505ms)
  AssertionError [ERR_ASSERTION]: expression runtime is missing
  + actual - expected
  
  + 'undefined'
  - 'function'
  
      at TestContext.<anonymous> (file:///home/charl/Moriarty/.worktrees/sp02-expression-runtime/experiments/moriarty-language/tests/expression-v1.test.mjs:17:10)
      at Test.runInAsyncScope (node:async_hooks:227:14)
      at Test.run (node:internal/test_runner/test:1325:25)
      at Test.processPendingSubtests (node:internal/test_runner/test:911:18)
      at Test.postRun (node:internal/test_runner/test:1465:19)
      at Test.run (node:internal/test_runner/test:1390:12)
      at async Test.processPendingSubtests (node:internal/test_runner/test:911:7) {
    generatedMessage: false,
    code: 'ERR_ASSERTION',
    actual: 'undefined',
    expected: 'function',
    operator: 'strictEqual',
    diff: 'simple'
  }

test at tests/expression-v1.test.mjs:16:35
✖ BC1-work2-select-or: actual execution (0.036992ms)
  AssertionError [ERR_ASSERTION]: expression runtime is missing
  + actual - expected
  
  + 'undefined'
  - 'function'
  
      at TestContext.<anonymous> (file:///home/charl/Moriarty/.worktrees/sp02-expression-runtime/experiments/moriarty-language/tests/expression-v1.test.mjs:17:10)
      at Test.runInAsyncScope (node:async_hooks:227:14)
      at Test.run (node:internal/test_runner/test:1325:25)
      at Test.processPendingSubtests (node:internal/test_runner/test:911:18)
      at Test.postRun (node:internal/test_runner/test:1465:19)
      at Test.run (node:internal/test_runner/test:1390:12)
      at async Test.processPendingSubtests (node:internal/test_runner/test:911:7) {
    generatedMessage: false,
    code: 'ERR_ASSERTION',
    actual: 'undefined',
    expected: 'function',
    operator: 'strictEqual',
    diff: 'simple'
  }

test at tests/expression-v1.test.mjs:16:35
✖ BC1-nested-selected-error: actual execution (0.037525ms)
  AssertionError [ERR_ASSERTION]: expression runtime is missing
  + actual - expected
  
  + 'undefined'
  - 'function'
  
      at TestContext.<anonymous> (file:///home/charl/Moriarty/.worktrees/sp02-expression-runtime/experiments/moriarty-language/tests/expression-v1.test.mjs:17:10)
      at Test.runInAsyncScope (node:async_hooks:227:14)
      at Test.run (node:internal/test_runner/test:1325:25)
      at Test.processPendingSubtests (node:internal/test_runner/test:911:18)
      at Test.postRun (node:internal/test_runner/test:1465:19)
      at Test.run (node:internal/test_runner/test:1390:12)
      at async Test.processPendingSubtests (node:internal/test_runner/test:911:7) {
    generatedMessage: false,
    code: 'ERR_ASSERTION',
    actual: 'undefined',
    expected: 'function',
    operator: 'strictEqual',
    diff: 'simple'
  }

test at tests/expression-v1.test.mjs:16:35
✖ BC1-nested-work-exhaustion: actual execution (0.037055ms)
  AssertionError [ERR_ASSERTION]: expression runtime is missing
  + actual - expected
  
  + 'undefined'
  - 'function'
  
      at TestContext.<anonymous> (file:///home/charl/Moriarty/.worktrees/sp02-expression-runtime/experiments/moriarty-language/tests/expression-v1.test.mjs:17:10)
      at Test.runInAsyncScope (node:async_hooks:227:14)
      at Test.run (node:internal/test_runner/test:1325:25)
      at Test.processPendingSubtests (node:internal/test_runner/test:911:18)
      at Test.postRun (node:internal/test_runner/test:1465:19)
      at Test.run (node:internal/test_runner/test:1390:12)
      at async Test.processPendingSubtests (node:internal/test_runner/test:911:7) {
    generatedMessage: false,
    code: 'ERR_ASSERTION',
    actual: 'undefined',
    expected: 'function',
    operator: 'strictEqual',
    diff: 'simple'
  }

test at tests/expression-v1.test.mjs:16:35
✖ BC1-nested-skip: actual execution (0.062516ms)
  AssertionError [ERR_ASSERTION]: expression runtime is missing
  + actual - expected
  
  + 'undefined'
  - 'function'
  
      at TestContext.<anonymous> (file:///home/charl/Moriarty/.worktrees/sp02-expression-runtime/experiments/moriarty-language/tests/expression-v1.test.mjs:17:10)
      at Test.runInAsyncScope (node:async_hooks:227:14)
      at Test.run (node:internal/test_runner/test:1325:25)
      at Test.processPendingSubtests (node:internal/test_runner/test:911:18)
      at Test.postRun (node:internal/test_runner/test:1465:19)
      at Test.run (node:internal/test_runner/test:1390:12)
      at async Test.processPendingSubtests (node:internal/test_runner/test:911:7) {
    generatedMessage: false,
    code: 'ERR_ASSERTION',
    actual: 'undefined',
    expected: 'function',
    operator: 'strictEqual',
    diff: 'simple'
  }

test at tests/expression-v1.test.mjs:16:35
✖ BC1-corner-nested-left-selected: actual execution (0.043429ms)
  AssertionError [ERR_ASSERTION]: expression runtime is missing
  + actual - expected
  
  + 'undefined'
  - 'function'
  
      at TestContext.<anonymous> (file:///home/charl/Moriarty/.worktrees/sp02-expression-runtime/experiments/moriarty-language/tests/expression-v1.test.mjs:17:10)
      at Test.runInAsyncScope (node:async_hooks:227:14)
      at Test.run (node:internal/test_runner/test:1325:25)
      at Test.processPendingSubtests (node:internal/test_runner/test:911:18)
      at Test.postRun (node:internal/test_runner/test:1465:19)
      at Test.run (node:internal/test_runner/test:1390:12)
      at async Test.processPendingSubtests (node:internal/test_runner/test:911:7) {
    generatedMessage: false,
    code: 'ERR_ASSERTION',
    actual: 'undefined',
    expected: 'function',
    operator: 'strictEqual',
    diff: 'simple'
  }

test at tests/expression-v1.test.mjs:16:35
✖ BC1-corner-parent-equality: actual execution (0.043338ms)
  AssertionError [ERR_ASSERTION]: expression runtime is missing
  + actual - expected
  
  + 'undefined'
  - 'function'
  
      at TestContext.<anonymous> (file:///home/charl/Moriarty/.worktrees/sp02-expression-runtime/experiments/moriarty-language/tests/expression-v1.test.mjs:17:10)
      at Test.runInAsyncScope (node:async_hooks:227:14)
      at Test.run (node:internal/test_runner/test:1325:25)
      at Test.processPendingSubtests (node:internal/test_runner/test:911:18)
      at Test.postRun (node:internal/test_runner/test:1465:19)
      at Test.run (node:internal/test_runner/test:1390:12)
      at async Test.processPendingSubtests (node:internal/test_runner/test:911:7) {
    generatedMessage: false,
    code: 'ERR_ASSERTION',
    actual: 'undefined',
    expected: 'function',
    operator: 'strictEqual',
    diff: 'simple'
  }

test at tests/expression-v1.test.mjs:16:35
✖ BC1-action-dead-require-name: actual execution (0.044715ms)
  AssertionError [ERR_ASSERTION]: expression runtime is missing
  + actual - expected
  
  + 'undefined'
  - 'function'
  
      at TestContext.<anonymous> (file:///home/charl/Moriarty/.worktrees/sp02-expression-runtime/experiments/moriarty-language/tests/expression-v1.test.mjs:17:10)
      at Test.runInAsyncScope (node:async_hooks:227:14)
      at Test.run (node:internal/test_runner/test:1325:25)
      at Test.processPendingSubtests (node:internal/test_runner/test:911:18)
      at Test.postRun (node:internal/test_runner/test:1465:19)
      at Test.run (node:internal/test_runner/test:1390:12)
      at async Test.processPendingSubtests (node:internal/test_runner/test:911:7) {
    generatedMessage: false,
    code: 'ERR_ASSERTION',
    actual: 'undefined',
    expected: 'function',
    operator: 'strictEqual',
    diff: 'simple'
  }

test at tests/expression-v1.test.mjs:16:35
✖ BC1-action-dead-ensure-name: actual execution (0.047977ms)
  AssertionError [ERR_ASSERTION]: expression runtime is missing
  + actual - expected
  
  + 'undefined'
  - 'function'
  
      at TestContext.<anonymous> (file:///home/charl/Moriarty/.worktrees/sp02-expression-runtime/experiments/moriarty-language/tests/expression-v1.test.mjs:17:10)
      at Test.runInAsyncScope (node:async_hooks:227:14)
      at Test.run (node:internal/test_runner/test:1325:25)
      at Test.processPendingSubtests (node:internal/test_runner/test:911:18)
      at Test.postRun (node:internal/test_runner/test:1465:19)
      at Test.run (node:internal/test_runner/test:1390:12)
      at async Test.processPendingSubtests (node:internal/test_runner/test:911:7) {
    generatedMessage: false,
    code: 'ERR_ASSERTION',
    actual: 'undefined',
    expected: 'function',
    operator: 'strictEqual',
    diff: 'simple'
  }

test at tests/expression-v1.test.mjs:16:35
✖ BC1-action-later-static-before-guard: actual execution (0.0414ms)
  AssertionError [ERR_ASSERTION]: expression runtime is missing
  + actual - expected
  
  + 'undefined'
  - 'function'
  
      at TestContext.<anonymous> (file:///home/charl/Moriarty/.worktrees/sp02-expression-runtime/experiments/moriarty-language/tests/expression-v1.test.mjs:17:10)
      at Test.runInAsyncScope (node:async_hooks:227:14)
      at Test.run (node:internal/test_runner/test:1325:25)
      at Test.processPendingSubtests (node:internal/test_runner/test:911:18)
      at Test.postRun (node:internal/test_runner/test:1465:19)
      at Test.run (node:internal/test_runner/test:1390:12)
      at async Test.processPendingSubtests (node:internal/test_runner/test:911:7) {
    generatedMessage: false,
    code: 'ERR_ASSERTION',
    actual: 'undefined',
    expected: 'function',
    operator: 'strictEqual',
    diff: 'simple'
  }

test at tests/expression-v1.test.mjs:16:35
✖ BC1-action-require-skip-false: actual execution (0.068361ms)
  AssertionError [ERR_ASSERTION]: expression runtime is missing
  + actual - expected
  
  + 'undefined'
  - 'function'
  
      at TestContext.<anonymous> (file:///home/charl/Moriarty/.worktrees/sp02-expression-runtime/experiments/moriarty-language/tests/expression-v1.test.mjs:17:10)
      at Test.runInAsyncScope (node:async_hooks:227:14)
      at Test.run (node:internal/test_runner/test:1325:25)
      at Test.processPendingSubtests (node:internal/test_runner/test:911:18)
      at Test.postRun (node:internal/test_runner/test:1465:19)
      at Test.run (node:internal/test_runner/test:1390:12)
      at async Test.processPendingSubtests (node:internal/test_runner/test:911:7) {
    generatedMessage: false,
    code: 'ERR_ASSERTION',
    actual: 'undefined',
    expected: 'function',
    operator: 'strictEqual',
    diff: 'simple'
  }

test at tests/expression-v1.test.mjs:16:35
✖ BC1-action-ensure-skip-false: actual execution (0.048312ms)
  AssertionError [ERR_ASSERTION]: expression runtime is missing
  + actual - expected
  
  + 'undefined'
  - 'function'
  
      at TestContext.<anonymous> (file:///home/charl/Moriarty/.worktrees/sp02-expression-runtime/experiments/moriarty-language/tests/expression-v1.test.mjs:17:10)
      at Test.runInAsyncScope (node:async_hooks:227:14)
      at Test.run (node:internal/test_runner/test:1325:25)
      at Test.processPendingSubtests (node:internal/test_runner/test:911:18)
      at Test.postRun (node:internal/test_runner/test:1465:19)
      at Test.run (node:internal/test_runner/test:1390:12)
      at async Test.processPendingSubtests (node:internal/test_runner/test:911:7) {
    generatedMessage: false,
    code: 'ERR_ASSERTION',
    actual: 'undefined',
    expected: 'function',
    operator: 'strictEqual',
    diff: 'simple'
  }

test at tests/expression-v1.test.mjs:16:35
✖ BC1-action-require-ensure-success: actual execution (0.051647ms)
  AssertionError [ERR_ASSERTION]: expression runtime is missing
  + actual - expected
  
  + 'undefined'
  - 'function'
  
      at TestContext.<anonymous> (file:///home/charl/Moriarty/.worktrees/sp02-expression-runtime/experiments/moriarty-language/tests/expression-v1.test.mjs:17:10)
      at Test.runInAsyncScope (node:async_hooks:227:14)
      at Test.run (node:internal/test_runner/test:1325:25)
      at Test.processPendingSubtests (node:internal/test_runner/test:911:18)
      at Test.postRun (node:internal/test_runner/test:1465:19)
      at Test.run (node:internal/test_runner/test:1390:12)
      at async Test.processPendingSubtests (node:internal/test_runner/test:911:7) {
    generatedMessage: false,
    code: 'ERR_ASSERTION',
    actual: 'undefined',
    expected: 'function',
    operator: 'strictEqual',
    diff: 'simple'
  }

test at tests/expression-v1.test.mjs:16:35
✖ BC1-source-selected-denominator: actual execution (0.067303ms)
  AssertionError [ERR_ASSERTION]: expression runtime is missing
  + actual - expected
  
  + 'undefined'
  - 'function'
  
      at TestContext.<anonymous> (file:///home/charl/Moriarty/.worktrees/sp02-expression-runtime/experiments/moriarty-language/tests/expression-v1.test.mjs:17:10)
      at Test.runInAsyncScope (node:async_hooks:227:14)
      at Test.run (node:internal/test_runner/test:1325:25)
      at Test.processPendingSubtests (node:internal/test_runner/test:911:18)
      at Test.postRun (node:internal/test_runner/test:1465:19)
      at Test.run (node:internal/test_runner/test:1390:12)
      at async Test.processPendingSubtests (node:internal/test_runner/test:911:7) {
    generatedMessage: false,
    code: 'ERR_ASSERTION',
    actual: 'undefined',
    expected: 'function',
    operator: 'strictEqual',
    diff: 'simple'
  }

test at tests/expression-v1.test.mjs:16:35
✖ BC1-source-selected-work-exhaustion: actual execution (0.053133ms)
  AssertionError [ERR_ASSERTION]: expression runtime is missing
  + actual - expected
  
  + 'undefined'
  - 'function'
  
      at TestContext.<anonymous> (file:///home/charl/Moriarty/.worktrees/sp02-expression-runtime/experiments/moriarty-language/tests/expression-v1.test.mjs:17:10)
      at Test.runInAsyncScope (node:async_hooks:227:14)
      at Test.run (node:internal/test_runner/test:1325:25)
      at Test.processPendingSubtests (node:internal/test_runner/test:911:18)
      at Test.postRun (node:internal/test_runner/test:1465:19)
      at Test.run (node:internal/test_runner/test:1390:12)
      at async Test.processPendingSubtests (node:internal/test_runner/test:911:7) {
    generatedMessage: false,
    code: 'ERR_ASSERTION',
    actual: 'undefined',
    expected: 'function',
    operator: 'strictEqual',
    diff: 'simple'
  }

test at tests/expression-v1.test.mjs:16:35
✖ BC1-source-parent-guard-span: actual execution (0.071336ms)
  AssertionError [ERR_ASSERTION]: expression runtime is missing
  + actual - expected
  
  + 'undefined'
  - 'function'
  
      at TestContext.<anonymous> (file:///home/charl/Moriarty/.worktrees/sp02-expression-runtime/experiments/moriarty-language/tests/expression-v1.test.mjs:17:10)
      at Test.runInAsyncScope (node:async_hooks:227:14)
      at Test.run (node:internal/test_runner/test:1325:25)
      at Test.processPendingSubtests (node:internal/test_runner/test:911:18)
      at Test.postRun (node:internal/test_runner/test:1465:19)
      at Test.run (node:internal/test_runner/test:1390:12)
      at async Test.processPendingSubtests (node:internal/test_runner/test:911:7) {
    generatedMessage: false,
    code: 'ERR_ASSERTION',
    actual: 'undefined',
    expected: 'function',
    operator: 'strictEqual',
    diff: 'simple'
  }

test at tests/expression-v1.test.mjs:16:35
✖ BC1-dead-invalid-source-span: actual execution (0.050853ms)
  AssertionError [ERR_ASSERTION]: expression runtime is missing
  + actual - expected
  
  + 'undefined'
  - 'function'
  
      at TestContext.<anonymous> (file:///home/charl/Moriarty/.worktrees/sp02-expression-runtime/experiments/moriarty-language/tests/expression-v1.test.mjs:17:10)
      at Test.runInAsyncScope (node:async_hooks:227:14)
      at Test.run (node:internal/test_runner/test:1325:25)
      at Test.processPendingSubtests (node:internal/test_runner/test:911:18)
      at Test.postRun (node:internal/test_runner/test:1465:19)
      at Test.run (node:internal/test_runner/test:1390:12)
      at async Test.processPendingSubtests (node:internal/test_runner/test:911:7) {
    generatedMessage: false,
    code: 'ERR_ASSERTION',
    actual: 'undefined',
    expected: 'function',
    operator: 'strictEqual',
    diff: 'simple'
  }

test at tests/expression-v1.test.mjs:16:35
✖ BC1-source-unicode-work-span: actual execution (0.044279ms)
  AssertionError [ERR_ASSERTION]: expression runtime is missing
  + actual - expected
  
  + 'undefined'
  - 'function'
  
      at TestContext.<anonymous> (file:///home/charl/Moriarty/.worktrees/sp02-expression-runtime/experiments/moriarty-language/tests/expression-v1.test.mjs:17:10)
      at Test.runInAsyncScope (node:async_hooks:227:14)
      at Test.run (node:internal/test_runner/test:1325:25)
      at Test.processPendingSubtests (node:internal/test_runner/test:911:18)
      at Test.postRun (node:internal/test_runner/test:1465:19)
      at Test.run (node:internal/test_runner/test:1390:12)
      at async Test.processPendingSubtests (node:internal/test_runner/test:911:7) {
    generatedMessage: false,
    code: 'ERR_ASSERTION',
    actual: 'undefined',
    expected: 'function',
    operator: 'strictEqual',
    diff: 'simple'
  }

test at tests/expression-v1.test.mjs:16:35
✖ BC1-dead-core-bound: actual execution (0.075159ms)
  AssertionError [ERR_ASSERTION]: expression runtime is missing
  + actual - expected
  
  + 'undefined'
  - 'function'
  
      at TestContext.<anonymous> (file:///home/charl/Moriarty/.worktrees/sp02-expression-runtime/experiments/moriarty-language/tests/expression-v1.test.mjs:17:10)
      at Test.runInAsyncScope (node:async_hooks:227:14)
      at Test.run (node:internal/test_runner/test:1325:25)
      at Test.processPendingSubtests (node:internal/test_runner/test:911:18)
      at Test.postRun (node:internal/test_runner/test:1465:19)
      at Test.run (node:internal/test_runner/test:1390:12)
      at async Test.processPendingSubtests (node:internal/test_runner/test:911:7) {
    generatedMessage: false,
    code: 'ERR_ASSERTION',
    actual: 'undefined',
    expected: 'function',
    operator: 'strictEqual',
    diff: 'simple'
  }

test at tests/expression-v1.test.mjs:16:35
✖ BC1-direct-denominator: actual execution (0.050642ms)
  AssertionError [ERR_ASSERTION]: expression runtime is missing
  + actual - expected
  
  + 'undefined'
  - 'function'
  
      at TestContext.<anonymous> (file:///home/charl/Moriarty/.worktrees/sp02-expression-runtime/experiments/moriarty-language/tests/expression-v1.test.mjs:17:10)
      at Test.runInAsyncScope (node:async_hooks:227:14)
      at Test.run (node:internal/test_runner/test:1325:25)
      at Test.processPendingSubtests (node:internal/test_runner/test:911:18)
      at Test.postRun (node:internal/test_runner/test:1465:19)
      at Test.run (node:internal/test_runner/test:1390:12)
      at async Test.processPendingSubtests (node:internal/test_runner/test:911:7) {
    generatedMessage: false,
    code: 'ERR_ASSERTION',
    actual: 'undefined',
    expected: 'function',
    operator: 'strictEqual',
    diff: 'simple'
  }
