✔ JSON duplicate keys reject even when their final values agree (1.121141ms)
✔ noncanonical whitespace and key order reject (0.259474ms)
✔ JSON numbers, null and unpaired surrogates reject (0.463943ms)
✔ integer metadata rejects negative zero, leading zeros, plus and terminal line separators (2.672786ms)
✔ identifiers reject final carriage returns and Unicode line separators (0.834371ms)
✔ unknown type tags and undeclared well-shaped names have different phases (1.038787ms)
✖ schema definition traversal follows ASCII identifier order (6.369111ms)
✔ no supplied schema or financial write-class override is admitted in a request (1.360058ms)
✔ reject before touching a live object or accessor request (0.179216ms)
✔ a stale registered funded version cannot opt into expression semantics (0.289635ms)
✔ canonical minimal escapes are required (0.666969ms)
✔ later missing snapshot values precede earlier runtime guards (0.309818ms)
✔ snapshot shape errors precede bounds/domain errors within the same snapshot (0.282584ms)
✔ all static action errors precede missing snapshot admission (0.284027ms)
✔ supply checked nominal snapshots; no structural equality grants a write (0.977163ms)
✔ short-circuiting cannot hide an effectful nested statement (0.328221ms)
✔ Ensure suffix placement is checked before reduction (0.256122ms)
✔ self reference is not introduced before binding (0.230613ms)
✔ descriptor count is an actual runtime bound with rollback (30.507796ms)
✔ result mutation cannot affect subsequent evaluations (0.334749ms)
✔ source, Core and snapshots retain separate simultaneous byte bounds (2.791059ms)
✔ deep hostile JSON is a defined rejection without host stack overflow (0.170407ms)
✔ staged-x10-to11: actual execution (4.104074ms)
✔ staged-ensures12: actual execution (0.73984ms)
✔ duplicate-write: actual execution (0.434266ms)
✔ next-read: actual execution (0.314903ms)
✔ post-outside-ensure: actual execution (0.286946ms)
✔ two-runtime-failures: actual execution (0.798402ms)
✔ static-before-guard: actual execution (0.333835ms)
✔ work-exhaustion: actual execution (0.272036ms)
✔ quantity-mul: actual execution (0.519647ms)
✔ quantity-div: actual execution (0.478675ms)
✔ quantity-negative-scale: actual execution (0.380022ms)
✔ financial-write: actual execution (5.214415ms)
✔ finite-record-bound: actual execution (7.137518ms)
✔ unit-not-a-value: actual execution (0.225941ms)
✔ max-u64-matrix-encoding: actual execution (6.123015ms)
✔ byte-boundary-65536: actual execution (2.765181ms)
✔ byte-boundary-65537: actual execution (2.012968ms)
✔ undeclared-unit: actual execution (0.2596ms)
✔ recursive-operation-schema: actual execution (0.653723ms)
✔ all active combined derivations have executed counterparts (0.196693ms)
✔ the historical twentieth strict case has a new explicit short-circuit observation (0.646622ms)
ℹ tests 43
ℹ suites 0
ℹ pass 42
ℹ fail 1
ℹ cancelled 0
ℹ skipped 0
ℹ todo 0
ℹ duration_ms 153.344626

✖ failing tests:

test at tests/expression-v1-adversarial.test.mjs:15:1
✖ schema definition traversal follows ASCII identifier order (6.369111ms)
  AssertionError [ERR_ASSERTION]: Expected values to be strictly equal:
  + actual - expected
  
  + 'TYPE_LITERAL'
  - 'TYPE_NAME'
          ^
  
      at rejected (file:///home/charl/Moriarty/.worktrees/sp02-expression-runtime/experiments/moriarty-language/tests/expression-v1-adversarial.test.mjs:8:78)
      at TestContext.<anonymous> (file:///home/charl/Moriarty/.worktrees/sp02-expression-runtime/experiments/moriarty-language/tests/expression-v1-adversarial.test.mjs:15:178)
      at Test.runInAsyncScope (node:async_hooks:227:14)
      at Test.run (node:internal/test_runner/test:1325:25)
      at Test.processPendingSubtests (node:internal/test_runner/test:911:18)
      at Test.postRun (node:internal/test_runner/test:1465:19)
      at Test.run (node:internal/test_runner/test:1390:12)
      at async Test.processPendingSubtests (node:internal/test_runner/test:911:7) {
    generatedMessage: true,
    code: 'ERR_ASSERTION',
    actual: 'TYPE_LITERAL',
    expected: 'TYPE_NAME',
    operator: 'strictEqual',
    diff: 'simple'
  }
