✔ exact registered bytes independently reproduce the pinned bounds hash and accepted program (160.29146ms)
✔ public frontend rejects all modified and malformed bounds without leaked host exceptions (1615.942581ms)
✔ earlier source diagnostics retain stage priority over malformed registry bytes (57.523934ms)
✔ derive rechecks exact registry even when a forged full program matches altered bounds (689.775317ms)
✔ backend registry admission precedes authentication or commit, including absent binding bytes (275.888432ms)
✔ detached or disguised byte views fail closed; caller mutation cannot alter the trusted registry (183.354856ms)
✔ a source stage7 failure is retained ahead of a bounds stage8 mismatch (7.305091ms)
✔ oversized bounds and decorated typed-array length cannot bypass bounded admission (134.698555ms)
✔ oversized bounds are rejected before encoder or digest work on their contents (0.957024ms)
✔ missing local binding and invalid simulator byte containers reject at program admission (47.555193ms)
✔ closed runtime schema admission precedes authentication even with registered source and bounds (84.370726ms)
✔ Core source-map edits have SOURCE_MAP while non-Core manifest edits have PROGRAM_ENCODING (143.647797ms)
✔ JSON duplicate keys reject even when their final values agree (1.59726ms)
✔ noncanonical whitespace and key order reject (1.009886ms)
✔ JSON numbers, null and unpaired surrogates reject (0.3225ms)
✔ integer metadata rejects negative zero, leading zeros, plus and terminal line separators (7.348499ms)
✔ identifiers reject final carriage returns and Unicode line separators (7.493909ms)
✔ unknown type tags and undeclared well-shaped names have different phases (4.143965ms)
✔ schema definition traversal follows ASCII identifier order (0.95283ms)
✔ no supplied schema or financial write-class override is admitted in a request (1.109751ms)
✔ reject before touching a live object or accessor request (7.863684ms)
✔ a stale registered funded version cannot opt into expression semantics (1.063521ms)
✔ canonical minimal escapes are required (0.218802ms)
✔ later missing snapshot values precede earlier runtime guards (1.623227ms)
✔ snapshot shape errors precede bounds/domain errors within the same snapshot (0.422366ms)
✔ all static action errors precede missing snapshot admission (0.265908ms)
✔ supply checked nominal snapshots; no structural equality grants a write (5.357043ms)
✔ short-circuiting cannot hide an effectful nested statement (3.527445ms)
✔ Ensure suffix placement is checked before reduction (5.694977ms)
✔ self reference is not introduced before binding (0.375222ms)
✔ descriptor count is an actual runtime bound with rollback (126.314205ms)
✔ result mutation cannot affect subsequent evaluations (0.616782ms)
✔ source, Core and snapshots retain separate simultaneous byte bounds (6.07978ms)
✔ deep non-object request is INPUT_SCHEMA without host stack overflow (4.257099ms)
✔ statement256 is legal and257 rejects before any reduction (73.002254ms)
✔ record64 fields is legal and65 rejects schema admission (17.720512ms)
✔ Text literal1024 versus1025 and supplied Text1025 retain different failure phases (0.426648ms)
✔ collection capacity128 is legal;129 is not silently widened (6.14237ms)
✔ snapshot outer node counts toward value depth64 (10.898457ms)
✔ constructed depth64 succeeds and depth65 rejects after entered children (1.255442ms)
✔ schema JSON-tree node bound is independent of record field bounds (33.899122ms)
✔ Quantity normalized scale and exponent bounds reject before work (10.161838ms)
✔ selected arithmetic overflow is charged while skipped overflow is not entered (0.558054ms)
✔ empty collection access rejects at the projection after both children (0.226745ms)
✔ ASCII-valid prototype-like identifiers stay ordinary own properties (0.200141ms)
✔ work65536 is legal and a caller cannot raise or negate that allowance (0.871709ms)
✔ integer endpoints and Unicode Text bytes are checked without wrapping or character counting (0.496852ms)
✔ staged-x10-to11: actual execution (5.688423ms)
✔ staged-ensures12: actual execution (0.683084ms)
✔ duplicate-write: actual execution (0.404628ms)
✔ next-read: actual execution (0.319959ms)
✔ post-outside-ensure: actual execution (0.629423ms)
✔ two-runtime-failures: actual execution (2.211802ms)
✔ static-before-guard: actual execution (0.774168ms)
✔ work-exhaustion: actual execution (0.271126ms)
✔ quantity-mul: actual execution (0.414226ms)
✔ quantity-div: actual execution (0.320146ms)
✔ quantity-negative-scale: actual execution (0.258915ms)
✔ financial-write: actual execution (0.232614ms)
✔ finite-record-bound: actual execution (15.576561ms)
✔ unit-not-a-value: actual execution (0.300987ms)
✔ max-u64-matrix-encoding: actual execution (6.658198ms)
✔ byte-boundary-65536: actual execution (1.95118ms)
✔ byte-boundary-65537: actual execution (0.820072ms)
✔ undeclared-unit: actual execution (0.195005ms)
✔ recursive-operation-schema: actual execution (0.336985ms)
✔ all active combined derivations have executed counterparts (0.347706ms)
✔ the historical twentieth strict case has a new explicit short-circuit observation (1.38941ms)
✔ None with Option metadata depth 508 (17.845791ms)
✔ None with Option metadata depth 509 (7.075467ms)
✔ None with Option metadata depth 600 (2.688092ms)
✔ None with Option metadata depth 3000 (20.062176ms)
✔ largest Option chain fitting Core byte bound succeeds (47.303194ms)
✔ next Option chain exceeds Core bytes and rejects before work (45.04193ms)
✔ deep metadata still needs an evaluation work unit (8.983141ms)
✔ deep type shape error is INPUT_SCHEMA (10.961101ms)
✔ deep unresolved nominal type is TYPE_NAME (1.401518ms)
✔ deep Unit data type remains disallowed (1.156474ms)
✔ deep Collection capacity checks preserve inner type error order (34.113527ms)
✔ deep Collection metadata accepts valid finite capacities (19.454802ms)
✔ malformed canonical encoding remains rejected at deep metadata (2.57038ms)
✔ deep schema JSON is rejected by normative schema depth bound (7.572213ms)
✔ deep types compare structurally during ConstructSome typing (25.536493ms)
✔ deep mismatched types reject statically before work (20.181376ms)
✔ deep metadata types in unselected branches remain statically checked (49.15971ms)
✔ LitUInt-positive executes the specified value/type/work (10.773348ms)
✔ LitUInt-reject executes the specified phase and error (2.677334ms)
✔ LitSInt-positive executes the specified value/type/work (0.363607ms)
✔ LitSInt-reject executes the specified phase and error (0.250136ms)
✔ LitBool-positive executes the specified value/type/work (0.787451ms)
✔ LitBool-reject executes the specified phase and error (3.463092ms)
✔ LitText-positive executes the specified value/type/work (0.525078ms)
✔ LitText-reject executes the specified phase and error (1.670937ms)
✔ LitAmount-positive executes the specified value/type/work (0.426274ms)
✔ LitAmount-reject executes the specified phase and error (2.575499ms)
✔ LitQuantity-positive executes the specified value/type/work (0.417713ms)
✔ LitQuantity-reject executes the specified phase and error (0.140268ms)
✔ LitShares-positive executes the specified value/type/work (1.298652ms)
✔ LitShares-reject executes the specified phase and error (0.130741ms)
✔ LitRate-positive executes the specified value/type/work (0.117952ms)
✔ LitRate-reject executes the specified phase and error (1.633785ms)
✔ LitPrice-positive executes the specified value/type/work (0.668387ms)
✔ LitPrice-reject executes the specified phase and error (1.612468ms)
✔ ReadArg-positive executes the specified value/type/work (0.450349ms)
✔ ReadArg-reject executes the specified phase and error (0.23573ms)
✔ ReadObs-positive executes the specified value/type/work (1.515826ms)
✔ ReadObs-reject executes the specified phase and error (0.301519ms)
✔ ProjectField-positive executes the specified value/type/work (1.595664ms)
✔ ProjectField-reject executes the specified phase and error (1.439679ms)
✔ AccessField-positive executes the specified value/type/work (2.752399ms)
✔ AccessField-reject executes the specified phase and error (0.166528ms)
✔ ProjectIndex-positive executes the specified value/type/work (2.311549ms)
✔ ProjectIndex-reject executes the specified phase and error (0.225968ms)
✔ AccessIndex-positive executes the specified value/type/work (0.151942ms)
✔ AccessIndex-reject executes the specified phase and error (0.146257ms)
✔ ConstructRecord-positive executes the specified value/type/work (0.712289ms)
✔ ConstructRecord-reject executes the specified phase and error (0.262775ms)
✔ ConstructEnum-positive executes the specified value/type/work (3.342202ms)
✔ ConstructEnum-reject executes the specified phase and error (0.203429ms)
✔ ConstructSome-positive executes the specified value/type/work (0.301688ms)
✔ ConstructSome-reject executes the specified phase and error (0.262579ms)
✔ ConstructNone-positive executes the specified value/type/work (0.138245ms)
✔ ConstructNone-reject executes the specified phase and error (1.479186ms)
✔ ConstructCollection-positive executes the specified value/type/work (1.468158ms)
✔ ConstructCollection-reject executes the specified phase and error (0.165893ms)
✔ Add-positive executes the specified value/type/work (0.319952ms)
✔ Add-reject executes the specified phase and error (1.605365ms)
✔ Sub-positive executes the specified value/type/work (0.170094ms)
✔ Sub-reject executes the specified phase and error (0.190907ms)
✔ Mul-positive executes the specified value/type/work (0.131407ms)
✔ Mul-reject executes the specified phase and error (0.220651ms)
✔ FloorDiv-positive executes the specified value/type/work (0.112834ms)
✔ FloorDiv-reject executes the specified phase and error (0.109633ms)
✔ CeilDiv-positive executes the specified value/type/work (0.099501ms)
✔ CeilDiv-reject executes the specified phase and error (2.10651ms)
✔ Eq-positive executes the specified value/type/work (0.318ms)
✔ Eq-reject executes the specified phase and error (0.236679ms)
✔ Lt-positive executes the specified value/type/work (2.573776ms)
✔ Lt-reject executes the specified phase and error (1.813749ms)
✔ Lte-positive executes the specified value/type/work (0.166014ms)
✔ Lte-reject executes the specified phase and error (0.123536ms)
✔ Gt-positive executes the specified value/type/work (0.111201ms)
✔ Gt-reject executes the specified phase and error (0.104679ms)
✔ Gte-positive executes the specified value/type/work (0.563209ms)
✔ Gte-reject executes the specified phase and error (0.308624ms)
✔ Not-positive executes the specified value/type/work (0.284036ms)
✔ Not-reject executes the specified phase and error (0.175918ms)
✔ And-short-circuit-positive-v1 executes the specified value/type/work (0.175341ms)
✔ And-reject executes the specified phase and error (3.318865ms)
✔ Or-short-circuit-positive-v1 executes the specified value/type/work (0.285094ms)
✔ Or-reject executes the specified phase and error (0.188233ms)
✔ all forty positive/rejection pairs have an executable materialization (2.20514ms)
✔ ReadLocal-positive: preceding Let supplies immutable y=11 (1.692606ms)
✔ ReadLocal-reject: missing z after a valid earlier binder rejects statically (4.765422ms)
✔ ReadPre-positive: post read sees staged x11 only inside Ensure (0.759976ms)
✔ ReadPre-reject: next view remains statically forbidden (0.274176ms)
✔ Require-positive: true consumes two nodes and changes no frame (0.180476ms)
✔ Require-reject: false consumes two nodes then rejects (0.150995ms)
✔ Let-positive: binding is evaluated against pre then observed by Ensure (0.246211ms)
✔ Let-reject: argument collision prevents reduction (0.163036ms)
✔ NextWrite-positive: prefix Let2 then NextWrite2 stages x11 (4.855342ms)
✔ NextWrite-reject: complete action typing rejects Bool before prefix work (1.69835ms)
✔ Ensure-positive: prefix NextWrite2 then Ensure4 checks x11 (0.257283ms)
✔ Ensure-reject: work includes staging but no staged state escapes (0.887957ms)
✔ Emit-positive: append a descriptor, with no financial effects (2.4037ms)
✔ Emit-reject: unknown operation rejects before reduction (0.311007ms)
✔ schema rejection follows ASCII identifier order rather than locale collation (10.100648ms)
✔ returned type arrays cannot change the schema of a later evaluation (1.701184ms)
✔ the versioned expression API exists independently of funded preparation (0.792272ms)
✔ BC1-truth-and-false-false: actual execution (3.107849ms)
✔ BC1-truth-and-false-true: actual execution (0.792486ms)
✔ BC1-truth-and-true-false: actual execution (0.364266ms)
✔ BC1-truth-and-true-true: actual execution (0.897726ms)
✔ BC1-truth-or-false-false: actual execution (0.328276ms)
✔ BC1-truth-or-false-true: actual execution (0.31455ms)
✔ BC1-truth-or-true-false: actual execution (0.222594ms)
✔ BC1-truth-or-true-true: actual execution (0.237059ms)
✔ BC1-skip-and-denominator: actual execution (0.946475ms)
✔ BC1-skip-or-denominator: actual execution (0.26881ms)
✔ BC1-selected-and-denominator: actual execution (0.338891ms)
✔ BC1-selected-or-denominator: actual execution (0.363983ms)
✔ BC1-left-and-denominator: actual execution (0.35112ms)
✔ BC1-left-or-denominator: actual execution (0.284799ms)
✔ BC1-dead-and-unknown-name: actual execution (0.31576ms)
✔ BC1-dead-and-wrong-type: actual execution (0.179931ms)
✔ BC1-dead-or-unknown-name: actual execution (0.234592ms)
✔ BC1-dead-or-wrong-type: actual execution (1.492042ms)
✔ BC1-dead-literal-domain: actual execution (0.281689ms)
✔ BC1-dead-missing-snapshot: actual execution (0.313035ms)
✔ BC1-dead-wrong-snapshot-shape: actual execution (0.203444ms)
✔ BC1-dead-snapshot-domain: actual execution (0.169165ms)
✔ BC1-work0-and: actual execution (0.167565ms)
✔ BC1-work1-and: actual execution (1.98227ms)
✔ BC1-work2-skip-and: actual execution (0.141649ms)
✔ BC1-work2-select-and: actual execution (0.142574ms)
✔ BC1-work0-or: actual execution (0.114603ms)
✔ BC1-work1-or: actual execution (0.105737ms)
✔ BC1-work2-skip-or: actual execution (0.119378ms)
✔ BC1-work2-select-or: actual execution (1.149348ms)
✔ BC1-nested-selected-error: actual execution (0.986155ms)
✔ BC1-nested-work-exhaustion: actual execution (0.273898ms)
✔ BC1-nested-skip: actual execution (0.299777ms)
✔ BC1-corner-nested-left-selected: actual execution (0.360114ms)
✔ BC1-corner-parent-equality: actual execution (0.229662ms)
✔ BC1-action-dead-require-name: actual execution (0.412718ms)
✔ BC1-action-dead-ensure-name: actual execution (0.358308ms)
✔ BC1-action-later-static-before-guard: actual execution (0.25404ms)
✔ BC1-action-require-skip-false: actual execution (0.295528ms)
✔ BC1-action-ensure-skip-false: actual execution (1.440865ms)
✔ BC1-action-require-ensure-success: actual execution (0.375157ms)
✔ BC1-source-selected-denominator: actual execution (0.686201ms)
✔ BC1-source-selected-work-exhaustion: actual execution (0.211679ms)
✔ BC1-source-parent-guard-span: actual execution (0.55168ms)
✔ BC1-dead-invalid-source-span: actual execution (0.158802ms)
✔ BC1-source-unicode-work-span: actual execution (0.157474ms)
✔ BC1-dead-core-bound: actual execution (1.167157ms)
✔ BC1-direct-denominator: actual execution (0.161182ms)
✔ complete parser rejects comments, plain division, chained comparison, trailing input and unknown syntax (7.882617ms)
✔ canonical codec uses ASCII key order, preserves scalar text, and rejects alternative bytes (1.16889ms)
✔ UTF8 spans and erased parentheses retain independent literal span (7.654797ms)
✔ typing rejects forward values, duplicate state writes, wrong actors and nominal units (11.839165ms)
✔ both complete supplied programs produce deterministic full AST, typed annotations, Core and hashes (139.020218ms)
✔ precedence, left association, floor numerator preorder and per-statement IDs are exact (2.695876ms)
✔ unit algebra produces ordered Quantity vectors and cancels exactly without erasing nominal amounts (4.763687ms)
✔ policies reject missing, duplicate, wrong-unit, future and nonfinancial bindings (51.569304ms)
✔ explicit reserve rules are generic, hash-bound, and require the exact structural guard (73.426566ms)
✔ settlements, statuses and exact effect schemas reject malformed records (25.51485ms)
✔ every aggregate encoding and action shape limit is enforced jointly (95.827229ms)
✔ canonical codec rejects sparse, decorated and accessor containers (0.391228ms)
✔ profile-valid redundant parentheses exceed128 without consuming semantic depth (62.442408ms)
✔ public frontend returns one closed diagnostic at earliest stage with exact fields (5.216697ms)
✔ independent stage6 errors select smallest source span, including earlier policies (5.961025ms)
✔ validated canonical record decoding requires a schema validator (0.619536ms)
✔ semantic depth boundary16 accepts and17 rejects with PROGRAM_BOUNDS (13.68125ms)
✔ both example hashes and canonical full records retain audited materialization bytes (71.722435ms)
✔ internal nonadmitted configuration isolates typed versus manifest bounds; public APIs reject overrides (2.801845ms)
✔ malformed settlement literal kinds are stage4 declaration errors after complete syntax (1.742335ms)
✔ settlement wrong shape wins before semantic errors while valid shapes reach stage6 (0.863306ms)
✔ keyword misuse is syntax stage3, reserved tokens are lexical stage2, with numeric stage priority (0.716208ms)
✔ Const State Episode and guard literals preserve schema-versus-typing distinctions (3.239841ms)
✔ loan and swap policies may follow all actions with complete-table metadata resolution (288.401949ms)
✔ policies after actions retain stage6 invalid-target and invalid-rounding controls (73.336886ms)
✔ unexpected astral source characters have exact complete-scalar UTF8 lexical spans (4.097284ms)
✔ SP01 frontend premature episode status keeps NAME_RESOLUTION before later guard mismatch (10.424231ms)
✔ SP01 frontend premature notional status keeps NAME_RESOLUTION before later guard mismatch (1.633976ms)
✔ SP01 frontend policy effect ordinal overflow is UINT_RANGE at the target span (6.559557ms)
✔ SP01 frontend earlier guard TYPE_MISMATCH beats later overflowing policy ordinal (8.960708ms)
✔ SP01 frontend earlier uncovered Amount write beats later overflowing policy ordinal (0.720643ms)
✔ SP01 frontend earlier uncovered emit in another action or unit beats overflowing run ordinal (0.891456ms)
✔ SP01 frontend earlier invalid write target beats overflowing effect target in the same policy (0.365439ms)
✔ generic mapper compiles full loan and swap functions and matches all state/effect operands for four transitions (1543.373939ms)
✔ every supplied arithmetic hint is constrained; minOut, actor, state order and lifecycle changes reject (938.052133ms)
✔ unsupported text and short-circuit forms fail closed, while numeric-looking Text remains nominal (13.993398ms)
✔ dynamic compiled overflow is rejected before a later fitting division (397.784852ms)
✔ source map covers every Core expression and numeric unit metadata survives lowering (57.813329ms)
✔ test-only snapshot harness compiles ZKIR and records complete kernel result without mutating failed input state (827.359073ms)
✔ root README embeds the complete canonical successor grammar without drift (5.408041ms)
✔ loan accrual and settlement preserve all fields and obligation tombstones (193.88998ms)
✔ swap and close read state and capture effects in source order (122.702433ms)
✔ actionHash binds changed min_out even with identical resulting writes and effects (128.639847ms)
✔ missing backend and client boolean claims cannot produce accepted Complete (18.201244ms)
✔ checked arithmetic rejects overflow BEFORE division, subtraction underflow and zero divisor atomically (28.464968ms)
✔ short circuit execution counts visited expressions and permits Bool and Quantity locals (24.428021ms)
✔ typed input units, unknown members, nominal minOut and state tampering fail closed (240.661815ms)
✔ principal, provider, external prechecks, expiry, invariant, reserve and exhaustion reject (541.641082ms)
✔ exact plan construction is explicitly unsigned simulation, then exact matching rejects changes (170.88876ms)
✔ obligation identity, tombstones, exact amounts and transfer conservation are enforced (361.335349ms)
✔ quantum uses nominal subunits per ledger unit and rejects indivisible transfer or mismatched asset (33.465137ms)
✔ outcome gross caps include fees and never net refunds; net goals include every debit (69.460135ms)
✔ all four complete financial traces agree with retained independent legacy evaluator after documented renaming (194.206083ms)
✔ policy provenance cannot discard floor nodes, and committed action provenance resets (7.250014ms)
✔ rehashed malicious Core and source-map changes cannot substitute for source lowering (46.793277ms)
✔ all binding equalities reject independently even after recomputing affected digest wrappers (351.136184ms)
✔ backend authentication is mandatory, replay prechecks cannot be copied, and unavailable proof work cannot commit (96.281907ms)
✔ resource count body omits the entire counts member and includes every other value (56.07605ms)
✔ same-action creation and settlement preserve immutable event-time delta snapshots (12.304622ms)
✔ empty action has zero expression maxima and consumes one finite allowance (3.972291ms)
✔ original runtime hidden is rejected without normalization or executing user code (82.781948ms)
✔ original runtime symbol is rejected without normalization or executing user code (94.866409ms)
✔ original runtime prototype is rejected without normalization or executing user code (88.63495ms)
✔ original runtime getter is rejected without normalization or executing user code (77.586361ms)
✔ original runtime nested-getter is rejected without normalization or executing user code (78.316023ms)
✔ original runtime array-getter is rejected without normalization or executing user code (80.660285ms)
✔ original runtime array-prototype is rejected without normalization or executing user code (74.842055ms)
✔ original runtime proxy is rejected without normalization or executing user code (81.083777ms)
✔ loan settlement before accrual rejects at its exact source guard, adjacent ordered settlement succeeds (114.823474ms)
✔ ExactPlan rejects extra and reordered effects next to its exact accepting plan (154.945814ms)
✔ retained obligation capacity accepts 127 plus one and rejects 128 plus one, including settled identities (48.677174ms)
✔ runtime counts attain the admitted instruction/local/node bounds; the next source size rejects before execution (180.891906ms)
✔ registered RESULT_BOUNDS has an adjacent valid-input accepting boundary without custom registry limits (371.620359ms)
✔ valid false client checks are replaced, while the admitted backend tuple is deeply immutable (47.946283ms)
✔ SP01 decoder accepts canonical string, Buffer and Uint8Array as frozen inputs (20.694482ms)
✔ SP01 decoder ignores hostile shadow properties on genuine byte views (18.719046ms)
✔ SP01 decoder rejects proxies and non-byte impostors without caller code (0.571623ms)
✔ SP01 decoder rejects detached and oversized byte views by intrinsic size (0.209802ms)
✔ SP01 decoder snapshots precisely the byte view before downstream decoding (17.203411ms)
✔ SP01 decoder bounds primitive strings before any UTF8 encoding allocation (2.374535ms)
✔ SP01 decoder accepts 4096 hex signature characters and rejects 4098 (18.018646ms)
✔ SP01 decoder applies array length 128 and 129 to a schema-valid statement (21.166459ms)
✔ SP01 decoder admits exact 65536 input bytes and rejects the next byte (42.303574ms)
✔ SP01 decoder enforces depth, node, record-key and UTF8 text admission before schema (131.849555ms)
✔ SP01 decoder rejects noncanonical UTF8, JSON, schema and Unicode inputs (23.773409ms)
▶ exports
  ✔ REPAYMENT_VERSION and immutable REPAYMENT_BOUNDS (0.582634ms)
✔ exports (1.273993ms)
▶ example fixture file
  ✔ exact compact JSON without trailing newline and accepted by prepareRepayment (5.081852ms)
  ✔ trailing newline is not a valid source (0.307759ms)
✔ example fixture file (5.565716ms)
▶ positive funded repayment
  ✔ due100 principal 100 / accrued 0, Transfer 30 then Repay 30 (2.656479ms)
  ✔ TX02 AccrualFirst P100/A10 Transfer7/Repay7 leaves P100/A3/outstanding 103 (0.908434ms)
  ✔ PrincipalFirst P100/A10 N7 discharges 93/10 (1.127919ms)
  ✔ ProRata P100/A10 N7 is floor(7*100/110)=6 so 94/9 (1.316649ms)
  ✔ two allocations 10+20 of transfer 30 to distinct obligations succeed (0.36059ms)
  ✔ same allocation id reused across two Repay actions rejects (0.422997ms)
  ✔ 20+20 against a transfer of 30 rejects the over-allocation (0.473108ms)
  ✔ exact full repayment keeps Settled tombstone; reuse of post rejects; independent second discharge works (0.703453ms)
  ✔ nominal USD_micro settled via USD_TOKEN mantissa 2 scale 0: N30 -> cash 60 (0.251807ms)
  ✔ floor conversion 4 * 3 / 10^1 = 1 remainder 2 => settlement 1 (0.607073ms)
  ✔ ceil conversion 4 * 3 / 10^1 = 1 remainder 2 => settlement 2 (0.16814ms)
  ✔ none conversion rejects 4 * 3 / 10^1 because remainder is 2 (0.110009ms)
  ✔ exact division 10 * 3 / 10^1 remainder 0 yields settlement 3 for none, floor, and ceil (0.222651ms)
  ✔ floor conversion 1 * 1 / 10^1 = 0 is dust and rejects (0.320719ms)
  ✔ none conversion 1 * 1 / 10^1 is inexact and rejects (0.127669ms)
  ✔ ceil conversion 1 * 1 / 10^1 remainder 1 yields settlement 1 (0.107498ms)
  ✔ scale 18 exact: mantissa 10^18, N 1, settlement 1 (0.098139ms)
  ✔ third-party funded repayment does not require debtor == payer (0.302477ms)
  ✔ untouched unrelated records and histories are preserved (0.930666ms)
  ✔ refund transfer does not restore the earlier sender allowance; remaining+spent is conserved (0.427841ms)
  ✔ receiver balance is appended when absent (2.118582ms)
  ✔ transfer-only candidate moves cash and spends work without touching debt (0.890591ms)
  ✔ transfer id and allocation id may share a string because namespaces are separate (0.193294ms)
  ✔ work remaining equals action count is accepted; closureReserve stays put (0.17734ms)
✔ positive funded repayment (17.535818ms)
▶ input admission
  ✔ non-string hostile values are rejected without calling coercion traps (0.466562ms)
  ✔ empty string, non-object JSON, and invalid JSON reject with actionIndex null (0.209316ms)
  ✔ lone surrogates reject before shape execution (0.113507ms)
  ✔ UTF16 length above 65536 rejects (0.059684ms)
  ✔ UTF16 length 65536 of non-JSON still admits encoding then rejects parse (5.961345ms)
  ✔ UTF8 byte length above 65536 with UTF16 length under the bound rejects (0.292279ms)
  ✔ whitespace, duplicate keys, and nonminimal number forms fail the stringify roundtrip (0.2542ms)
  ✔ JSON numeric amounts that survive stringify still fail schema (0.102422ms)
  ✔ wrong schemaVersion rejects (0.087496ms)
  ✔ unknown root, nested, action, and profile labels reject schema and do not steer the predicate (0.469401ms)
  ✔ missing closed-shape fields reject with actionIndex null (1.149417ms)
  ✔ duplicate collection identities reject with actionIndex null (5.077119ms)
  ✔ non-canonical decimals, bad identifiers, and invariant mismatches reject (0.957188ms)
  ✔ empty actions and over-capacity collections reject with actionIndex null (5.346455ms)
✔ input admission (20.905913ms)
▶ work and capacity
  ✔ insufficient ordinary work rejects before commit; closureReserve cannot pay ordinary work (0.2681ms)
  ✔ post-collection usedTransferIds capacity 128 is enforced (0.246664ms)
  ✔ appending a new receiver balance beyond 128 rejects the transfer (0.318945ms)
  ✔ usedAllocationIds at capacity 128 rejects a new allocation (0.151915ms)
✔ work and capacity (1.205696ms)
▶ transfer and repay negatives
  ✔ zero amount and self-transfer reject at the transfer index (0.248113ms)
  ✔ insufficient cash, missing sender balance, missing allowance, and insufficient cap (0.202701ms)
  ✔ missing funding, future funding, and prior-step transfer cannot fund a Repay (0.186633ms)
  ✔ wrong sender, receiver, or settlement asset rejects the Repay after a successful Transfer (0.212666ms)
  ✔ transfer 1 cannot fund nominal 20 at 1:1 (0.085611ms)
  ✔ zero nominalAmount rejects the Repay (0.065117ms)
  ✔ nominal above outstanding, Settled target, and unknown obligation reject (0.158244ms)
  ✔ allocation id already in history rejects (0.06687ms)
  ✔ duplicate transfer id in this step rejects the later transfer (0.085961ms)
  ✔ late failure after a successful Transfer returns no post or effects and leaves the source unchanged (0.112838ms)
  ✔ rejected codes are stable nonempty strings for the same source (0.120755ms)
✔ transfer and repay negatives (1.822721ms)
▶ uint128 and intermediate overflow
  ✔ uint128Max is a legal amount; uint128Max+1 is not (0.158286ms)
  ✔ crediting a receiver already at uint128Max overflows the Transfer (0.112352ms)
  ✔ ProRata intermediate N*P must fit UInt128 before division (0.095144ms)
  ✔ conversion product nominal*mantissa overflow rejects the Repay after Transfer (0.092299ms)
  ✔ work spent at uint128Max-1 with one action succeeds and writes uint128Max (0.084473ms)
✔ uint128 and intermediate overflow (0.616289ms)
✔ independent full financial result: principal-partial (12.302847ms)
✔ independent full financial result: interest-first (1.310272ms)
✔ independent full financial result: principal-first (5.166173ms)
✔ independent full financial result: full-payment (1.498155ms)
✔ independent full financial result: cross-interest-boundary (0.779953ms)
✔ independent full financial result: overfunded-transfer (0.706891ms)
✔ Core is deterministic serializable and cannot be executed as source (4.603605ms)
✔ payment arguments change both debt and cash (0.586901ms)
✔ complete unrelated duties, terms, order and tombstones survive (0.713042ms)
✔ runtime nominal denomination is checked (0.599511ms)
✔ runtime settlement asset is checked (0.489428ms)
✔ retained conversion is honored (0.413326ms)
✔ atomic financial rejection: zero (1.188789ms)
✔ atomic financial rejection: overpayment (0.229394ms)
✔ atomic financial rejection: balance (0.198654ms)
✔ atomic financial rejection: allowance (0.186483ms)
✔ atomic financial rejection: work (0.849993ms)
✔ atomic financial rejection: transfer reuse (0.479857ms)
✔ atomic financial rejection: allocation reuse (0.368544ms)
✔ atomic financial rejection: insufficient funding (0.740114ms)
✔ Repay without Transfer cannot discharge debt (0.439979ms)
✔ closed source subset rejects state (1.9167ms)
✔ closed source subset rejects next (0.666958ms)
✔ closed source subset rejects const (0.654241ms)
✔ closed source subset rejects requires (0.20586ms)
✔ closed source subset rejects let (0.202271ms)
✔ closed source subset rejects ensures (0.658403ms)
✔ closed source subset rejects arithmetic (1.513397ms)
✔ closed source subset rejects projection (0.648265ms)
✔ closed source subset rejects unknown reference (0.259905ms)
✔ closed source subset rejects duplicate party (0.172025ms)
✔ closed source subset rejects duplicate unit (0.174019ms)
✔ closed source subset rejects duplicate param (0.252611ms)
✔ closed source subset rejects unsupported type (0.219543ms)
✔ closed source subset rejects wrong field type (0.878617ms)
✔ closed source subset rejects unknown field (1.882135ms)
✔ closed source subset rejects duplicate field (0.889855ms)
✔ closed source subset rejects parameter type confusion (2.543338ms)
✔ closed invocation rejects unknown argument (0.532687ms)
✔ closed invocation rejects missing argument (0.279982ms)
✔ closed invocation rejects wrong unit (0.244311ms)
✔ closed invocation rejects wrong type (0.387708ms)
✔ closed invocation rejects coercion (0.186275ms)
✔ closed invocation rejects overflow (0.436902ms)
✔ closed invocation rejects negative (0.172636ms)
✔ closed invocation rejects unknown invocation field (0.177466ms)
✔ closed invocation rejects unknown typed field (0.152597ms)
✔ closed invocation rejects unknown state field (0.202233ms)
✔ closed invocation rejects unknown action (0.152705ms)
✔ closed invocation rejects prototype key (0.17655ms)
✔ hostile objects are rejected without executing accessors (0.21003ms)
✔ CLI reads actual source and invocation and rejects with nonzero status (309.198937ms)
✔ explicit nominal and settlement literals remain distinct (0.473391ms)
✔ UInt, Bool, parties, assets and effect IDs have closed argument types (0.878735ms)
✔ all actions are statically checked and selected action is respected (1.719506ms)
✔ bounded source and invocation fail before parsing oversized content (2.622885ms)
✔ intermediate conversion overflow is retained even if division could shrink it (0.275774ms)
✔ compact type closers reserve their split tokens and preserve formatter closure at the limit (27.479247ms)
✔ compact type closers cannot hide tokens beyond the fixed limit (4.133444ms)
✔ public API rejects non-string input without coercion (6.750628ms)
✔ example interest-payment source parses, formats idempotently, and preserves AST ignoring spans (9.724003ms)
✔ independently derived custody agreement covers asset, const, let, emit and empty lists (8.800996ms)
✔ not binds looser than comparison and arithmetic is left-associative with tight multiply (0.489576ms)
✔ parenthesized comparison may nest, but unparenthesized chains reject (0.344865ms)
✔ nested generic types parse and empty type argument lists reject (0.159618ms)
✔ UTF-8 spans cover multi-byte string contents and comments may contain Unicode (0.214692ms)
✔ lone surrogates, escaped surrogates and invalid UTF-8 reject (119.511655ms)
✔ leading zeros, plain division, floats and unknown declarations reject (1.24323ms)
✔ statement after ensures, trailing input, missing agreement and old atomic profile reject (1.569749ms)
✔ non-ASCII identifier lookalikes reject while ASCII identifiers stay case-sensitive (1.352067ms)
✔ bounds from syntax-profile.json are enforced before oversized parse results (22.642704ms)
✔ formatter rejects canonical expansion past the source byte bound (13.346834ms)
✔ left-associative expression depth 64 succeeds and 65 fails (0.875615ms)
✔ 256 statements total across regular and ensures succeed and 257 fail (13.88369ms)
✔ token bound includes EOF so 8192 total tokens succeed and 8193 fail (13.711948ms)
✔ unterminated comments and strings reject, and comments count toward the source bound (10.062674ms)
✔ CLI check-syntax writes AST JSON and format writes idempotent source (293.809864ms)
✔ CLI rejects malformed arguments without writing files (524.777103ms)
ℹ tests 441
ℹ suites 7
ℹ pass 441
ℹ fail 0
ℹ cancelled 0
ℹ skipped 0
ℹ todo 0
ℹ duration_ms 5492.215466
