✔ exact registered bytes independently reproduce the pinned bounds hash and accepted program (98.795039ms)
✔ public frontend rejects all modified and malformed bounds without leaked host exceptions (1306.776333ms)
✔ earlier source diagnostics retain stage priority over malformed registry bytes (33.62397ms)
✔ derive rechecks exact registry even when a forged full program matches altered bounds (605.347944ms)
✔ backend registry admission precedes authentication or commit, including absent binding bytes (285.147435ms)
✔ detached or disguised byte views fail closed; caller mutation cannot alter the trusted registry (163.077285ms)
✔ a source stage7 failure is retained ahead of a bounds stage8 mismatch (4.411794ms)
✔ oversized bounds and decorated typed-array length cannot bypass bounded admission (128.220967ms)
✔ oversized bounds are rejected before encoder or digest work on their contents (0.565688ms)
✔ missing local binding and invalid simulator byte containers reject at program admission (46.189388ms)
✔ closed runtime schema admission precedes authentication even with registered source and bounds (77.296141ms)
✔ Core source-map edits have SOURCE_MAP while non-Core manifest edits have PROGRAM_ENCODING (125.183534ms)
✔ JSON duplicate keys reject even when their final values agree (2.185793ms)
✔ noncanonical whitespace and key order reject (3.422766ms)
✔ JSON numbers, null and unpaired surrogates reject (0.482734ms)
✔ integer metadata rejects negative zero, leading zeros, plus and terminal line separators (2.463263ms)
✔ identifiers reject final carriage returns and Unicode line separators (0.897552ms)
✔ unknown type tags and undeclared well-shaped names have different phases (1.072631ms)
✔ schema definition traversal follows ASCII identifier order (0.459945ms)
✔ no supplied schema or financial write-class override is admitted in a request (1.623723ms)
✔ reject before touching a live object or accessor request (0.31836ms)
✔ a stale registered funded version cannot opt into expression semantics (0.573903ms)
✔ canonical minimal escapes are required (0.272187ms)
✔ later missing snapshot values precede earlier runtime guards (0.790794ms)
✔ snapshot shape errors precede bounds/domain errors within the same snapshot (0.432743ms)
✔ all static action errors precede missing snapshot admission (0.279475ms)
✔ supply checked nominal snapshots; no structural equality grants a write (2.006998ms)
✔ short-circuiting cannot hide an effectful nested statement (0.286632ms)
✔ Ensure suffix placement is checked before reduction (1.502302ms)
✔ self reference is not introduced before binding (0.325981ms)
✔ descriptor count is an actual runtime bound with rollback (72.704287ms)
✔ result mutation cannot affect subsequent evaluations (0.381484ms)
✔ source, Core and snapshots retain separate simultaneous byte bounds (1.999583ms)
✔ deep hostile JSON is a defined rejection without host stack overflow (0.135887ms)
✔ statement256 is legal and257 rejects before any reduction (39.559742ms)
✔ record64 fields is legal and65 rejects schema admission (14.049534ms)
✔ Text literal1024 versus1025 and supplied Text1025 retain different failure phases (0.370853ms)
✔ collection capacity128 is legal;129 is not silently widened (3.97197ms)
✔ snapshot outer node counts toward value depth64 (4.709231ms)
✔ constructed depth64 succeeds and depth65 rejects after entered children (2.307678ms)
✔ schema JSON-tree node bound is independent of record field bounds (5.750281ms)
✔ Quantity normalized scale and exponent bounds reject before work (0.832823ms)
✔ selected arithmetic overflow is charged while skipped overflow is not entered (0.51862ms)
✔ empty collection access rejects at the projection after both children (0.249043ms)
✔ ASCII-valid prototype-like identifiers stay ordinary own properties (0.234698ms)
✔ work65536 is legal and a caller cannot raise or negate that allowance (0.305451ms)
✔ integer endpoints and Unicode Text bytes are checked without wrapping or character counting (0.444459ms)
✔ staged-x10-to11: actual execution (4.052686ms)
✔ staged-ensures12: actual execution (0.663111ms)
✔ duplicate-write: actual execution (1.883461ms)
✔ next-read: actual execution (1.004692ms)
✔ post-outside-ensure: actual execution (0.681237ms)
✔ two-runtime-failures: actual execution (1.505304ms)
✔ static-before-guard: actual execution (0.646577ms)
✔ work-exhaustion: actual execution (0.435464ms)
✔ quantity-mul: actual execution (0.756527ms)
✔ quantity-div: actual execution (0.515793ms)
✔ quantity-negative-scale: actual execution (2.084613ms)
✔ financial-write: actual execution (0.308054ms)
✔ finite-record-bound: actual execution (11.331882ms)
✔ unit-not-a-value: actual execution (0.419478ms)
✔ max-u64-matrix-encoding: actual execution (9.377871ms)
✔ byte-boundary-65536: actual execution (4.181715ms)
✔ byte-boundary-65537: actual execution (4.469795ms)
✔ undeclared-unit: actual execution (0.522405ms)
✔ recursive-operation-schema: actual execution (1.368288ms)
✔ all active combined derivations have executed counterparts (0.296471ms)
✔ the historical twentieth strict case has a new explicit short-circuit observation (0.850932ms)
✔ LitUInt-positive executes the specified value/type/work (5.741582ms)
✔ LitUInt-reject executes the specified phase and error (1.161209ms)
✔ LitSInt-positive executes the specified value/type/work (0.706511ms)
✔ LitSInt-reject executes the specified phase and error (0.413843ms)
✔ LitBool-positive executes the specified value/type/work (1.202739ms)
✔ LitBool-reject executes the specified phase and error (0.350305ms)
✔ LitText-positive executes the specified value/type/work (0.502274ms)
✔ LitText-reject executes the specified phase and error (0.300313ms)
✔ LitAmount-positive executes the specified value/type/work (1.320337ms)
✔ LitAmount-reject executes the specified phase and error (0.258242ms)
✔ LitQuantity-positive executes the specified value/type/work (0.429516ms)
✔ LitQuantity-reject executes the specified phase and error (0.141288ms)
✔ LitShares-positive executes the specified value/type/work (0.377028ms)
✔ LitShares-reject executes the specified phase and error (0.163742ms)
✔ LitRate-positive executes the specified value/type/work (0.156628ms)
✔ LitRate-reject executes the specified phase and error (0.371782ms)
✔ LitPrice-positive executes the specified value/type/work (0.330392ms)
✔ LitPrice-reject executes the specified phase and error (0.218964ms)
✔ ReadArg-positive executes the specified value/type/work (0.402711ms)
✔ ReadArg-reject executes the specified phase and error (0.166923ms)
✔ ReadObs-positive executes the specified value/type/work (1.190897ms)
✔ ReadObs-reject executes the specified phase and error (0.306164ms)
✔ ProjectField-positive executes the specified value/type/work (1.391075ms)
✔ ProjectField-reject executes the specified phase and error (0.171807ms)
✔ AccessField-positive executes the specified value/type/work (0.152494ms)
✔ AccessField-reject executes the specified phase and error (0.13447ms)
✔ ProjectIndex-positive executes the specified value/type/work (0.535089ms)
✔ ProjectIndex-reject executes the specified phase and error (0.219497ms)
✔ AccessIndex-positive executes the specified value/type/work (0.142676ms)
✔ AccessIndex-reject executes the specified phase and error (0.141486ms)
✔ ConstructRecord-positive executes the specified value/type/work (0.254559ms)
✔ ConstructRecord-reject executes the specified phase and error (0.54787ms)
✔ ConstructEnum-positive executes the specified value/type/work (0.222269ms)
✔ ConstructEnum-reject executes the specified phase and error (0.107862ms)
✔ ConstructSome-positive executes the specified value/type/work (0.473861ms)
✔ ConstructSome-reject executes the specified phase and error (0.267419ms)
✔ ConstructNone-positive executes the specified value/type/work (0.128168ms)
✔ ConstructNone-reject executes the specified phase and error (0.363368ms)
✔ ConstructCollection-positive executes the specified value/type/work (0.29356ms)
✔ ConstructCollection-reject executes the specified phase and error (0.132455ms)
✔ Add-positive executes the specified value/type/work (0.236116ms)
✔ Add-reject executes the specified phase and error (0.358877ms)
✔ Sub-positive executes the specified value/type/work (0.331027ms)
✔ Sub-reject executes the specified phase and error (0.138783ms)
✔ Mul-positive executes the specified value/type/work (0.111727ms)
✔ Mul-reject executes the specified phase and error (0.138452ms)
✔ FloorDiv-positive executes the specified value/type/work (0.103213ms)
✔ FloorDiv-reject executes the specified phase and error (0.38472ms)
✔ CeilDiv-positive executes the specified value/type/work (0.117807ms)
✔ CeilDiv-reject executes the specified phase and error (0.642481ms)
✔ Eq-positive executes the specified value/type/work (0.365944ms)
✔ Eq-reject executes the specified phase and error (0.217604ms)
✔ Lt-positive executes the specified value/type/work (0.184782ms)
✔ Lt-reject executes the specified phase and error (0.689144ms)
✔ Lte-positive executes the specified value/type/work (0.210225ms)
✔ Lte-reject executes the specified phase and error (0.170173ms)
✔ Gt-positive executes the specified value/type/work (0.365022ms)
✔ Gt-reject executes the specified phase and error (0.144108ms)
✔ Gte-positive executes the specified value/type/work (0.10055ms)
✔ Gte-reject executes the specified phase and error (0.126204ms)
✔ Not-positive executes the specified value/type/work (0.130688ms)
✔ Not-reject executes the specified phase and error (0.098098ms)
✔ And-short-circuit-positive-v1 executes the specified value/type/work (3.192852ms)
✔ And-reject executes the specified phase and error (0.190225ms)
✔ Or-short-circuit-positive-v1 executes the specified value/type/work (0.117506ms)
✔ Or-reject executes the specified phase and error (0.111462ms)
✔ all forty positive/rejection pairs have an executable materialization (0.175626ms)
✔ ReadLocal-positive: preceding Let supplies immutable y=11 (0.32421ms)
✔ ReadLocal-reject: missing z after a valid earlier binder rejects statically (0.211878ms)
✔ ReadPre-positive: post read sees staged x11 only inside Ensure (0.73597ms)
✔ ReadPre-reject: next view remains statically forbidden (0.770412ms)
✔ Require-positive: true consumes two nodes and changes no frame (0.182943ms)
✔ Require-reject: false consumes two nodes then rejects (0.137321ms)
✔ Let-positive: binding is evaluated against pre then observed by Ensure (0.576535ms)
✔ Let-reject: argument collision prevents reduction (3.661156ms)
✔ NextWrite-positive: prefix Let2 then NextWrite2 stages x11 (0.411453ms)
✔ NextWrite-reject: complete action typing rejects Bool before prefix work (0.501675ms)
✔ Ensure-positive: prefix NextWrite2 then Ensure4 checks x11 (0.306212ms)
✔ Ensure-reject: work includes staging but no staged state escapes (0.448624ms)
✔ Emit-positive: append a descriptor, with no financial effects (0.301585ms)
✔ Emit-reject: unknown operation rejects before reduction (0.2331ms)
✔ schema rejection follows ASCII identifier order rather than locale collation (5.847499ms)
✔ returned type arrays cannot change the schema of a later evaluation (1.830213ms)
✔ the versioned expression API exists independently of funded preparation (0.744267ms)
✔ BC1-truth-and-false-false: actual execution (3.194907ms)
✔ BC1-truth-and-false-true: actual execution (0.428915ms)
✔ BC1-truth-and-true-false: actual execution (1.449196ms)
✔ BC1-truth-and-true-true: actual execution (0.917723ms)
✔ BC1-truth-or-false-false: actual execution (0.500633ms)
✔ BC1-truth-or-false-true: actual execution (0.52093ms)
✔ BC1-truth-or-true-false: actual execution (0.505884ms)
✔ BC1-truth-or-true-true: actual execution (0.528845ms)
✔ BC1-skip-and-denominator: actual execution (1.568ms)
✔ BC1-skip-or-denominator: actual execution (0.279826ms)
✔ BC1-selected-and-denominator: actual execution (0.832855ms)
✔ BC1-selected-or-denominator: actual execution (1.385924ms)
✔ BC1-left-and-denominator: actual execution (1.946892ms)
✔ BC1-left-or-denominator: actual execution (0.54005ms)
✔ BC1-dead-and-unknown-name: actual execution (0.486743ms)
✔ BC1-dead-and-wrong-type: actual execution (1.081157ms)
✔ BC1-dead-or-unknown-name: actual execution (0.279138ms)
✔ BC1-dead-or-wrong-type: actual execution (0.179134ms)
✔ BC1-dead-literal-domain: actual execution (0.225091ms)
✔ BC1-dead-missing-snapshot: actual execution (0.484614ms)
✔ BC1-dead-wrong-snapshot-shape: actual execution (0.316403ms)
✔ BC1-dead-snapshot-domain: actual execution (0.240101ms)
✔ BC1-work0-and: actual execution (0.62609ms)
✔ BC1-work1-and: actual execution (0.197367ms)
✔ BC1-work2-skip-and: actual execution (0.193231ms)
✔ BC1-work2-select-and: actual execution (0.180514ms)
✔ BC1-work0-or: actual execution (0.877614ms)
✔ BC1-work1-or: actual execution (0.86468ms)
✔ BC1-work2-skip-or: actual execution (0.500524ms)
✔ BC1-work2-select-or: actual execution (0.33616ms)
✔ BC1-nested-selected-error: actual execution (0.614545ms)
✔ BC1-nested-work-exhaustion: actual execution (0.401075ms)
✔ BC1-nested-skip: actual execution (0.41909ms)
✔ BC1-corner-nested-left-selected: actual execution (0.785088ms)
✔ BC1-corner-parent-equality: actual execution (0.847945ms)
✔ BC1-action-dead-require-name: actual execution (0.314407ms)
✔ BC1-action-dead-ensure-name: actual execution (0.919764ms)
✔ BC1-action-later-static-before-guard: actual execution (0.16618ms)
✔ BC1-action-require-skip-false: actual execution (0.400887ms)
✔ BC1-action-ensure-skip-false: actual execution (0.190455ms)
✔ BC1-action-require-ensure-success: actual execution (0.212412ms)
✔ BC1-source-selected-denominator: actual execution (0.170396ms)
✔ BC1-source-selected-work-exhaustion: actual execution (0.134269ms)
✔ BC1-source-parent-guard-span: actual execution (0.709693ms)
✔ BC1-dead-invalid-source-span: actual execution (3.461667ms)
✔ BC1-source-unicode-work-span: actual execution (0.164045ms)
✔ BC1-dead-core-bound: actual execution (0.982798ms)
✔ BC1-direct-denominator: actual execution (0.146953ms)
✔ complete parser rejects comments, plain division, chained comparison, trailing input and unknown syntax (3.917463ms)
✔ canonical codec uses ASCII key order, preserves scalar text, and rejects alternative bytes (0.944483ms)
✔ UTF8 spans and erased parentheses retain independent literal span (10.677993ms)
✔ typing rejects forward values, duplicate state writes, wrong actors and nominal units (9.158508ms)
✔ both complete supplied programs produce deterministic full AST, typed annotations, Core and hashes (98.066506ms)
✔ precedence, left association, floor numerator preorder and per-statement IDs are exact (3.104808ms)
✔ unit algebra produces ordered Quantity vectors and cancels exactly without erasing nominal amounts (4.805064ms)
✔ policies reject missing, duplicate, wrong-unit, future and nonfinancial bindings (33.615201ms)
✔ explicit reserve rules are generic, hash-bound, and require the exact structural guard (65.354499ms)
✔ settlements, statuses and exact effect schemas reject malformed records (25.604202ms)
✔ every aggregate encoding and action shape limit is enforced jointly (113.971962ms)
✔ canonical codec rejects sparse, decorated and accessor containers (0.313009ms)
✔ profile-valid redundant parentheses exceed128 without consuming semantic depth (44.662994ms)
✔ public frontend returns one closed diagnostic at earliest stage with exact fields (3.12467ms)
✔ independent stage6 errors select smallest source span, including earlier policies (4.825843ms)
✔ validated canonical record decoding requires a schema validator (0.698322ms)
✔ semantic depth boundary16 accepts and17 rejects with PROGRAM_BOUNDS (18.440932ms)
✔ both example hashes and canonical full records retain audited materialization bytes (56.720467ms)
✔ internal nonadmitted configuration isolates typed versus manifest bounds; public APIs reject overrides (3.79948ms)
✔ malformed settlement literal kinds are stage4 declaration errors after complete syntax (2.447304ms)
✔ settlement wrong shape wins before semantic errors while valid shapes reach stage6 (0.895094ms)
✔ keyword misuse is syntax stage3, reserved tokens are lexical stage2, with numeric stage priority (0.714938ms)
✔ Const State Episode and guard literals preserve schema-versus-typing distinctions (3.218603ms)
✔ loan and swap policies may follow all actions with complete-table metadata resolution (285.572688ms)
✔ policies after actions retain stage6 invalid-target and invalid-rounding controls (47.267507ms)
✔ unexpected astral source characters have exact complete-scalar UTF8 lexical spans (0.676936ms)
✔ SP01 frontend premature episode status keeps NAME_RESOLUTION before later guard mismatch (2.490093ms)
✔ SP01 frontend premature notional status keeps NAME_RESOLUTION before later guard mismatch (2.329851ms)
✔ SP01 frontend policy effect ordinal overflow is UINT_RANGE at the target span (6.457885ms)
✔ SP01 frontend earlier guard TYPE_MISMATCH beats later overflowing policy ordinal (3.506154ms)
✔ SP01 frontend earlier uncovered Amount write beats later overflowing policy ordinal (0.988929ms)
✔ SP01 frontend earlier uncovered emit in another action or unit beats overflowing run ordinal (1.063503ms)
✔ SP01 frontend earlier invalid write target beats overflowing effect target in the same policy (0.433941ms)
✔ generic mapper compiles full loan and swap functions and matches all state/effect operands for four transitions (1257.395796ms)
✔ every supplied arithmetic hint is constrained; minOut, actor, state order and lifecycle changes reject (826.063297ms)
✔ unsupported text and short-circuit forms fail closed, while numeric-looking Text remains nominal (10.39897ms)
✔ dynamic compiled overflow is rejected before a later fitting division (357.374154ms)
✔ source map covers every Core expression and numeric unit metadata survives lowering (35.237234ms)
✔ test-only snapshot harness compiles ZKIR and records complete kernel result without mutating failed input state (781.66784ms)
✔ root README embeds the complete canonical successor grammar without drift (1.631563ms)
✔ loan accrual and settlement preserve all fields and obligation tombstones (141.622122ms)
✔ swap and close read state and capture effects in source order (127.267172ms)
✔ actionHash binds changed min_out even with identical resulting writes and effects (105.635098ms)
✔ missing backend and client boolean claims cannot produce accepted Complete (16.058319ms)
✔ checked arithmetic rejects overflow BEFORE division, subtraction underflow and zero divisor atomically (24.272236ms)
✔ short circuit execution counts visited expressions and permits Bool and Quantity locals (17.913034ms)
✔ typed input units, unknown members, nominal minOut and state tampering fail closed (206.451951ms)
✔ principal, provider, external prechecks, expiry, invariant, reserve and exhaustion reject (433.779275ms)
✔ exact plan construction is explicitly unsigned simulation, then exact matching rejects changes (168.828979ms)
✔ obligation identity, tombstones, exact amounts and transfer conservation are enforced (356.72826ms)
✔ quantum uses nominal subunits per ledger unit and rejects indivisible transfer or mismatched asset (20.109776ms)
✔ outcome gross caps include fees and never net refunds; net goals include every debit (65.557917ms)
✔ all four complete financial traces agree with retained independent legacy evaluator after documented renaming (172.737733ms)
✔ policy provenance cannot discard floor nodes, and committed action provenance resets (9.785763ms)
✔ rehashed malicious Core and source-map changes cannot substitute for source lowering (52.093191ms)
✔ all binding equalities reject independently even after recomputing affected digest wrappers (323.929632ms)
✔ backend authentication is mandatory, replay prechecks cannot be copied, and unavailable proof work cannot commit (89.453224ms)
✔ resource count body omits the entire counts member and includes every other value (50.811375ms)
✔ same-action creation and settlement preserve immutable event-time delta snapshots (14.144055ms)
✔ empty action has zero expression maxima and consumes one finite allowance (4.294542ms)
✔ original runtime hidden is rejected without normalization or executing user code (70.819447ms)
✔ original runtime symbol is rejected without normalization or executing user code (69.522614ms)
✔ original runtime prototype is rejected without normalization or executing user code (67.150548ms)
✔ original runtime getter is rejected without normalization or executing user code (72.096076ms)
✔ original runtime nested-getter is rejected without normalization or executing user code (66.795555ms)
✔ original runtime array-getter is rejected without normalization or executing user code (66.547679ms)
✔ original runtime array-prototype is rejected without normalization or executing user code (66.014049ms)
✔ original runtime proxy is rejected without normalization or executing user code (65.841459ms)
✔ loan settlement before accrual rejects at its exact source guard, adjacent ordered settlement succeeds (99.200097ms)
✔ ExactPlan rejects extra and reordered effects next to its exact accepting plan (137.399837ms)
✔ retained obligation capacity accepts 127 plus one and rejects 128 plus one, including settled identities (45.730857ms)
✔ runtime counts attain the admitted instruction/local/node bounds; the next source size rejects before execution (149.378233ms)
✔ registered RESULT_BOUNDS has an adjacent valid-input accepting boundary without custom registry limits (373.775864ms)
✔ valid false client checks are replaced, while the admitted backend tuple is deeply immutable (44.233535ms)
✔ SP01 decoder accepts canonical string, Buffer and Uint8Array as frozen inputs (18.308134ms)
✔ SP01 decoder ignores hostile shadow properties on genuine byte views (14.684234ms)
✔ SP01 decoder rejects proxies and non-byte impostors without caller code (0.651703ms)
✔ SP01 decoder rejects detached and oversized byte views by intrinsic size (0.227338ms)
✔ SP01 decoder snapshots precisely the byte view before downstream decoding (16.810193ms)
✔ SP01 decoder bounds primitive strings before any UTF8 encoding allocation (2.027041ms)
✔ SP01 decoder accepts 4096 hex signature characters and rejects 4098 (23.077641ms)
✔ SP01 decoder applies array length 128 and 129 to a schema-valid statement (17.669681ms)
✔ SP01 decoder admits exact 65536 input bytes and rejects the next byte (42.430852ms)
✔ SP01 decoder enforces depth, node, record-key and UTF8 text admission before schema (150.434072ms)
✔ SP01 decoder rejects noncanonical UTF8, JSON, schema and Unicode inputs (33.324603ms)
▶ exports
  ✔ REPAYMENT_VERSION and immutable REPAYMENT_BOUNDS (0.424171ms)
✔ exports (0.945883ms)
▶ example fixture file
  ✔ exact compact JSON without trailing newline and accepted by prepareRepayment (2.054005ms)
  ✔ trailing newline is not a valid source (0.157143ms)
✔ example fixture file (2.323492ms)
▶ positive funded repayment
  ✔ due100 principal 100 / accrued 0, Transfer 30 then Repay 30 (0.56518ms)
  ✔ TX02 AccrualFirst P100/A10 Transfer7/Repay7 leaves P100/A3/outstanding 103 (0.250826ms)
  ✔ PrincipalFirst P100/A10 N7 discharges 93/10 (0.217974ms)
  ✔ ProRata P100/A10 N7 is floor(7*100/110)=6 so 94/9 (0.218402ms)
  ✔ two allocations 10+20 of transfer 30 to distinct obligations succeed (0.243138ms)
  ✔ same allocation id reused across two Repay actions rejects (0.211615ms)
  ✔ 20+20 against a transfer of 30 rejects the over-allocation (0.223829ms)
  ✔ exact full repayment keeps Settled tombstone; reuse of post rejects; independent second discharge works (1.034239ms)
  ✔ nominal USD_micro settled via USD_TOKEN mantissa 2 scale 0: N30 -> cash 60 (0.235516ms)
  ✔ floor conversion 4 * 3 / 10^1 = 1 remainder 2 => settlement 1 (0.140059ms)
  ✔ ceil conversion 4 * 3 / 10^1 = 1 remainder 2 => settlement 2 (0.128923ms)
  ✔ none conversion rejects 4 * 3 / 10^1 because remainder is 2 (0.098568ms)
  ✔ exact division 10 * 3 / 10^1 remainder 0 yields settlement 3 for none, floor, and ceil (0.208019ms)
  ✔ floor conversion 1 * 1 / 10^1 = 0 is dust and rejects (0.107619ms)
  ✔ none conversion 1 * 1 / 10^1 is inexact and rejects (0.090305ms)
  ✔ ceil conversion 1 * 1 / 10^1 remainder 1 yields settlement 1 (0.097478ms)
  ✔ scale 18 exact: mantissa 10^18, N 1, settlement 1 (0.098568ms)
  ✔ third-party funded repayment does not require debtor == payer (0.353059ms)
  ✔ untouched unrelated records and histories are preserved (0.181142ms)
  ✔ refund transfer does not restore the earlier sender allowance; remaining+spent is conserved (0.149871ms)
  ✔ receiver balance is appended when absent (0.130095ms)
  ✔ transfer-only candidate moves cash and spends work without touching debt (1.221653ms)
  ✔ transfer id and allocation id may share a string because namespaces are separate (0.161417ms)
  ✔ work remaining equals action count is accepted; closureReserve stays put (0.099564ms)
✔ positive funded repayment (6.980952ms)
▶ input admission
  ✔ non-string hostile values are rejected without calling coercion traps (0.19374ms)
  ✔ empty string, non-object JSON, and invalid JSON reject with actionIndex null (0.133873ms)
  ✔ lone surrogates reject before shape execution (0.083269ms)
  ✔ UTF16 length above 65536 rejects (0.035248ms)
  ✔ UTF16 length 65536 of non-JSON still admits encoding then rejects parse (0.546489ms)
  ✔ UTF8 byte length above 65536 with UTF16 length under the bound rejects (0.158364ms)
  ✔ whitespace, duplicate keys, and nonminimal number forms fail the stringify roundtrip (0.18787ms)
  ✔ JSON numeric amounts that survive stringify still fail schema (0.302751ms)
  ✔ wrong schemaVersion rejects (0.102504ms)
  ✔ unknown root, nested, action, and profile labels reject schema and do not steer the predicate (0.643308ms)
  ✔ missing closed-shape fields reject with actionIndex null (2.73322ms)
  ✔ duplicate collection identities reject with actionIndex null (0.315579ms)
  ✔ non-canonical decimals, bad identifiers, and invariant mismatches reject (0.901776ms)
  ✔ empty actions and over-capacity collections reject with actionIndex null (2.454841ms)
✔ input admission (9.095339ms)
▶ work and capacity
  ✔ insufficient ordinary work rejects before commit; closureReserve cannot pay ordinary work (0.239794ms)
  ✔ post-collection usedTransferIds capacity 128 is enforced (0.755274ms)
  ✔ appending a new receiver balance beyond 128 rejects the transfer (1.353742ms)
  ✔ usedAllocationIds at capacity 128 rejects a new allocation (0.463145ms)
✔ work and capacity (3.058142ms)
▶ transfer and repay negatives
  ✔ zero amount and self-transfer reject at the transfer index (0.397797ms)
  ✔ insufficient cash, missing sender balance, missing allowance, and insufficient cap (0.289205ms)
  ✔ missing funding, future funding, and prior-step transfer cannot fund a Repay (0.388412ms)
  ✔ wrong sender, receiver, or settlement asset rejects the Repay after a successful Transfer (0.233612ms)
  ✔ transfer 1 cannot fund nominal 20 at 1:1 (0.078591ms)
  ✔ zero nominalAmount rejects the Repay (0.057033ms)
  ✔ nominal above outstanding, Settled target, and unknown obligation reject (0.316768ms)
  ✔ allocation id already in history rejects (0.078097ms)
  ✔ duplicate transfer id in this step rejects the later transfer (0.085522ms)
  ✔ late failure after a successful Transfer returns no post or effects and leaves the source unchanged (0.123208ms)
  ✔ rejected codes are stable nonempty strings for the same source (0.376779ms)
✔ transfer and repay negatives (2.751581ms)
▶ uint128 and intermediate overflow
  ✔ uint128Max is a legal amount; uint128Max+1 is not (0.204788ms)
  ✔ crediting a receiver already at uint128Max overflows the Transfer (0.071998ms)
  ✔ ProRata intermediate N*P must fit UInt128 before division (0.09915ms)
  ✔ conversion product nominal*mantissa overflow rejects the Repay after Transfer (0.08009ms)
  ✔ work spent at uint128Max-1 with one action succeeds and writes uint128Max (0.115739ms)
✔ uint128 and intermediate overflow (0.649772ms)
✔ independent full financial result: principal-partial (6.593611ms)
✔ independent full financial result: interest-first (2.138832ms)
✔ independent full financial result: principal-first (1.783215ms)
✔ independent full financial result: full-payment (1.407025ms)
✔ independent full financial result: cross-interest-boundary (0.882531ms)
✔ independent full financial result: overfunded-transfer (1.514843ms)
✔ Core is deterministic serializable and cannot be executed as source (1.069056ms)
✔ payment arguments change both debt and cash (0.959599ms)
✔ complete unrelated duties, terms, order and tombstones survive (0.96949ms)
✔ runtime nominal denomination is checked (0.820038ms)
✔ runtime settlement asset is checked (0.520555ms)
✔ retained conversion is honored (0.44175ms)
✔ atomic financial rejection: zero (0.976043ms)
✔ atomic financial rejection: overpayment (0.189985ms)
✔ atomic financial rejection: balance (0.228179ms)
✔ atomic financial rejection: allowance (0.179874ms)
✔ atomic financial rejection: work (0.199371ms)
✔ atomic financial rejection: transfer reuse (0.181038ms)
✔ atomic financial rejection: allocation reuse (0.144632ms)
✔ atomic financial rejection: insufficient funding (0.44236ms)
✔ Repay without Transfer cannot discharge debt (0.293586ms)
✔ closed source subset rejects state (0.528741ms)
✔ closed source subset rejects next (0.375559ms)
✔ closed source subset rejects const (0.215649ms)
✔ closed source subset rejects requires (0.188595ms)
✔ closed source subset rejects let (0.193171ms)
✔ closed source subset rejects ensures (0.233064ms)
✔ closed source subset rejects arithmetic (0.684584ms)
✔ closed source subset rejects projection (0.455096ms)
✔ closed source subset rejects unknown reference (0.802265ms)
✔ closed source subset rejects duplicate party (0.233541ms)
✔ closed source subset rejects duplicate unit (0.214293ms)
✔ closed source subset rejects duplicate param (0.168026ms)
✔ closed source subset rejects unsupported type (0.155626ms)
✔ closed source subset rejects wrong field type (0.158374ms)
✔ closed source subset rejects unknown field (2.308705ms)
✔ closed source subset rejects duplicate field (0.252544ms)
✔ closed source subset rejects parameter type confusion (0.152776ms)
✔ closed invocation rejects unknown argument (0.317672ms)
✔ closed invocation rejects missing argument (0.252007ms)
✔ closed invocation rejects wrong unit (0.230896ms)
✔ closed invocation rejects wrong type (0.523457ms)
✔ closed invocation rejects coercion (0.302284ms)
✔ closed invocation rejects overflow (0.845521ms)
✔ closed invocation rejects negative (0.507823ms)
✔ closed invocation rejects unknown invocation field (0.171778ms)
✔ closed invocation rejects unknown typed field (0.127122ms)
✔ closed invocation rejects unknown state field (0.150256ms)
✔ closed invocation rejects unknown action (0.104561ms)
✔ closed invocation rejects prototype key (0.116248ms)
✔ hostile objects are rejected without executing accessors (0.140441ms)
✔ CLI reads actual source and invocation and rejects with nonzero status (268.83877ms)
✔ explicit nominal and settlement literals remain distinct (0.369907ms)
✔ UInt, Bool, parties, assets and effect IDs have closed argument types (0.556474ms)
✔ all actions are statically checked and selected action is respected (3.86753ms)
✔ bounded source and invocation fail before parsing oversized content (0.318462ms)
✔ intermediate conversion overflow is retained even if division could shrink it (1.634159ms)
✔ compact type closers reserve their split tokens and preserve formatter closure at the limit (25.90414ms)
✔ compact type closers cannot hide tokens beyond the fixed limit (2.080123ms)
✔ public API rejects non-string input without coercion (1.820312ms)
✔ example interest-payment source parses, formats idempotently, and preserves AST ignoring spans (3.864671ms)
✔ independently derived custody agreement covers asset, const, let, emit and empty lists (1.143191ms)
✔ not binds looser than comparison and arithmetic is left-associative with tight multiply (0.650467ms)
✔ parenthesized comparison may nest, but unparenthesized chains reject (0.362764ms)
✔ nested generic types parse and empty type argument lists reject (0.19364ms)
✔ UTF-8 spans cover multi-byte string contents and comments may contain Unicode (0.697663ms)
✔ lone surrogates, escaped surrogates and invalid UTF-8 reject (81.029798ms)
✔ leading zeros, plain division, floats and unknown declarations reject (1.373217ms)
✔ statement after ensures, trailing input, missing agreement and old atomic profile reject (0.373178ms)
✔ non-ASCII identifier lookalikes reject while ASCII identifiers stay case-sensitive (0.809755ms)
✔ bounds from syntax-profile.json are enforced before oversized parse results (8.83552ms)
✔ formatter rejects canonical expansion past the source byte bound (9.611351ms)
✔ left-associative expression depth 64 succeeds and 65 fails (0.636434ms)
✔ 256 statements total across regular and ensures succeed and 257 fail (3.69852ms)
✔ token bound includes EOF so 8192 total tokens succeed and 8193 fail (4.470136ms)
✔ unterminated comments and strings reject, and comments count toward the source bound (0.251918ms)
✔ CLI check-syntax writes AST JSON and format writes idempotent source (263.370315ms)
✔ CLI rejects malformed arguments without writing files (471.491636ms)
ℹ tests 424
ℹ suites 7
ℹ pass 424
ℹ fail 0
ℹ cancelled 0
ℹ skipped 0
ℹ todo 0
ℹ duration_ms 4576.763261
