[2026-09-02 11:29:00] INFO: Fetched (200) <GET https://api.github.com/repos/marlowe-lang/.github/tags?per_page=100&page=1> (referer: https://www.google.com/)
[2026-09-02 11:29:00] INFO: Fetched (200) <GET https://api.github.com/repos/marlowe-lang/.github/releases?per_page=100&page=1> (referer: https://www.google.com/)
[2026-09-02 11:29:00] INFO: Fetched (200) <GET https://api.github.com/repos/marlowe-lang/.github> (referer: https://www.google.com/)
[2026-09-02 11:29:00] INFO: Fetched (200) <GET https://api.github.com/repos/marlowe-lang/.github/branches?per_page=100&page=1> (referer: https://www.google.com/)
[2026-09-02 11:29:00] INFO: Fetched (200) <GET https://api.github.com/repos/marlowe-lang/.github/pulls?per_page=100&state=open&sort=updated&direction=desc&page=1> (referer: https://www.google.com/)
[2026-09-02 11:29:00] INFO: Fetched (200) <GET https://api.github.com/repos/marlowe-lang/.github/contributors?per_page=100&page=1> (referer: https://www.google.com/)
[2026-09-02 11:29:00] INFO: Fetched (200) <GET https://api.github.com/repos/marlowe-lang/actus-core/branches?per_page=100&page=1> (referer: https://www.google.com/)
[2026-09-02 11:29:00] INFO: Fetched (200) <GET https://api.github.com/repos/marlowe-lang/actus-core> (referer: https://www.google.com/)
[2026-09-02 11:29:01] INFO: Fetched (200) <GET https://api.github.com/repos/marlowe-lang/actus-core/contributors?per_page=100&page=1> (referer: https://www.google.com/)
[2026-09-02 11:29:01] INFO: Fetched (200) <GET https://api.github.com/repos/marlowe-lang/actus-core/tags?per_page=100&page=1> (referer: https://www.google.com/)
[2026-09-02 11:29:01] INFO: Fetched (200) <GET https://api.github.com/repos/marlowe-lang/actus-core/releases?per_page=100&page=1> (referer: https://www.google.com/)
[2026-09-02 11:29:01] INFO: Fetched (200) <GET https://api.github.com/repos/marlowe-lang/actus-core/pulls?per_page=100&state=open&sort=updated&direction=desc&page=1> (referer: https://www.google.com/)
[2026-09-02 11:29:01] INFO: Fetched (200) <GET https://api.github.com/repos/marlowe-lang/admin/tags?per_page=100&page=1> (referer: https://www.google.com/)
[2026-09-02 11:29:01] INFO: Fetched (200) <GET https://api.github.com/repos/marlowe-lang/admin> (referer: https://www.google.com/)
[2026-09-02 11:29:01] INFO: Fetched (200) <GET https://api.github.com/repos/marlowe-lang/admin/branches?per_page=100&page=1> (referer: https://www.google.com/)
[2026-09-02 11:29:01] INFO: Fetched (200) <GET https://api.github.com/repos/marlowe-lang/admin/releases?per_page=100&page=1> (referer: https://www.google.com/)
[2026-09-02 11:29:01] INFO: Fetched (200) <GET https://api.github.com/repos/marlowe-lang/admin/contributors?per_page=100&page=1> (referer: https://www.google.com/)
[2026-09-02 11:29:02] INFO: Fetched (200) <GET https://api.github.com/repos/marlowe-lang/awesome-marlowe/branches?per_page=100&page=1> (referer: https://www.google.com/)
[2026-09-02 11:29:02] INFO: Fetched (200) <GET https://api.github.com/repos/marlowe-lang/awesome-marlowe> (referer: https://www.google.com/)
[2026-09-02 11:29:02] INFO: Fetched (200) <GET https://api.github.com/repos/marlowe-lang/admin/pulls?per_page=100&state=open&sort=updated&direction=desc&page=1> (referer: https://www.google.com/)
[2026-09-02 11:29:02] INFO: Fetched (200) <GET https://api.github.com/repos/marlowe-lang/awesome-marlowe/tags?per_page=100&page=1> (referer: https://www.google.com/)
[2026-09-02 11:29:02] INFO: Fetched (200) <GET https://api.github.com/repos/marlowe-lang/awesome-marlowe/pulls?per_page=100&state=open&sort=updated&direction=desc&page=1> (referer: https://www.google.com/)
[2026-09-02 11:29:02] INFO: Fetched (200) <GET https://api.github.com/repos/marlowe-lang/awesome-marlowe/releases?per_page=100&page=1> (referer: https://www.google.com/)
[2026-09-02 11:29:02] INFO: Fetched (200) <GET https://api.github.com/repos/marlowe-lang/awesome-marlowe/contributors?per_page=100&page=1> (referer: https://www.google.com/)
[2026-09-02 11:29:02] INFO: Fetched (200) <GET https://api.github.com/repos/marlowe-lang/marlowe> (referer: https://www.google.com/)
[2026-09-02 11:29:02] INFO: Fetched (200) <GET https://api.github.com/repos/marlowe-lang/marlowe/branches?per_page=100&page=1> (referer: https://www.google.com/)
[2026-09-02 11:29:02] INFO: Fetched (200) <GET https://api.github.com/repos/marlowe-lang/marlowe/tags?per_page=100&page=1> (referer: https://www.google.com/)
[2026-09-02 11:29:02] INFO: Fetched (200) <GET https://api.github.com/repos/marlowe-lang/marlowe/releases?per_page=100&page=1> (referer: https://www.google.com/)
[2026-09-02 11:29:03] INFO: Fetched (200) <GET https://api.github.com/repos/marlowe-lang/marlowe/contributors?per_page=100&page=1> (referer: https://www.google.com/)
[2026-09-02 11:29:03] INFO: Fetched (200) <GET https://api.github.com/repos/marlowe-lang/marlowe-actus-labs/branches?per_page=100&page=1> (referer: https://www.google.com/)
[2026-09-02 11:29:03] INFO: Fetched (200) <GET https://api.github.com/repos/marlowe-lang/marlowe-actus-labs> (referer: https://www.google.com/)
[2026-09-02 11:29:03] INFO: Fetched (200) <GET https://api.github.com/repos/marlowe-lang/marlowe/pulls?per_page=100&state=open&sort=updated&direction=desc&page=1> (referer: https://www.google.com/)
[2026-09-02 11:29:03] INFO: Fetched (200) <GET https://api.github.com/repos/marlowe-lang/marlowe-actus-labs/tags?per_page=100&page=1> (referer: https://www.google.com/)
[2026-09-02 11:29:03] INFO: Fetched (200) <GET https://api.github.com/repos/marlowe-lang/marlowe-actus-labs/releases?per_page=100&page=1> (referer: https://www.google.com/)
[2026-09-02 11:29:03] INFO: Fetched (200) <GET https://api.github.com/repos/marlowe-lang/marlowe-actus-labs/contributors?per_page=100&page=1> (referer: https://www.google.com/)
[2026-09-02 11:29:03] INFO: Fetched (200) <GET https://api.github.com/repos/marlowe-lang/marlowe-actus-labs/pulls?per_page=100&state=open&sort=updated&direction=desc&page=1> (referer: https://www.google.com/)
[2026-09-02 11:29:03] INFO: Fetched (200) <GET https://api.github.com/repos/marlowe-lang/marlowe-agda> (referer: https://www.google.com/)
[2026-09-02 11:29:04] INFO: Fetched (200) <GET https://api.github.com/repos/marlowe-lang/marlowe-agda/releases?per_page=100&page=1> (referer: https://www.google.com/)
[2026-09-02 11:29:04] INFO: Fetched (200) <GET https://api.github.com/repos/marlowe-lang/marlowe-agda/tags?per_page=100&page=1> (referer: https://www.google.com/)
[2026-09-02 11:29:04] INFO: Fetched (200) <GET https://api.github.com/repos/marlowe-lang/marlowe-agda/contributors?per_page=100&page=1> (referer: https://www.google.com/)
[2026-09-02 11:29:04] INFO: Fetched (200) <GET https://api.github.com/repos/marlowe-lang/marlowe-agda/branches?per_page=100&page=1> (referer: https://www.google.com/)
[2026-09-02 11:29:04] INFO: Fetched (200) <GET https://api.github.com/repos/marlowe-lang/marlowe-agda/pulls?per_page=100&state=open&sort=updated&direction=desc&page=1> (referer: https://www.google.com/)
[2026-09-02 11:29:04] INFO: Fetched (200) <GET https://api.github.com/repos/marlowe-lang/marlowe-cardano/tags?per_page=100&page=1> (referer: https://www.google.com/)
[2026-09-02 11:29:04] INFO: Fetched (200) <GET https://api.github.com/repos/marlowe-lang/marlowe-cardano> (referer: https://www.google.com/)
[2026-09-02 11:29:04] INFO: Fetched (200) <GET https://api.github.com/repos/marlowe-lang/marlowe-cardano/releases?per_page=100&page=1> (referer: https://www.google.com/)
[2026-09-02 11:29:05] INFO: Fetched (200) <GET https://api.github.com/repos/marlowe-lang/marlowe-cardano/contributors?per_page=100&page=1> (referer: https://www.google.com/)
[2026-09-02 11:29:05] INFO: Fetched (200) <GET https://api.github.com/repos/marlowe-lang/marlowe-cardano/branches?per_page=100&page=1> (referer: https://www.google.com/)
[2026-09-02 11:29:05] INFO: Fetched (200) <GET https://api.github.com/repos/marlowe-lang/marlowe-cardano-minimal> (referer: https://www.google.com/)
[2026-09-02 11:29:06] INFO: Fetched (200) <GET https://api.github.com/repos/marlowe-lang/marlowe-cardano/contributors?per_page=100&page=2> (referer: https://www.google.com/)
[2026-09-02 11:29:06] INFO: Fetched (200) <GET https://api.github.com/repos/marlowe-lang/marlowe-cardano/pulls?per_page=100&state=open&sort=updated&direction=desc&page=1> (referer: https://www.google.com/)
[2026-09-02 11:29:06] INFO: Fetched (200) <GET https://api.github.com/repos/marlowe-lang/marlowe-cardano-minimal/branches?per_page=100&page=1> (referer: https://www.google.com/)
[2026-09-02 11:29:06] INFO: Fetched (200) <GET https://api.github.com/repos/marlowe-lang/marlowe-cardano/branches?per_page=100&page=2> (referer: https://www.google.com/)
[2026-09-02 11:29:06] INFO: Fetched (200) <GET https://api.github.com/repos/marlowe-lang/marlowe-cardano-minimal/tags?per_page=100&page=1> (referer: https://www.google.com/)
[2026-09-02 11:29:06] INFO: Fetched (200) <GET https://api.github.com/repos/marlowe-lang/marlowe-cardano-minimal/releases?per_page=100&page=1> (referer: https://www.google.com/)
[2026-09-02 11:29:06] INFO: Fetched (200) <GET https://api.github.com/repos/marlowe-lang/marlowe-cardano-minimal/pulls?per_page=100&state=open&sort=updated&direction=desc&page=1> (referer: https://www.google.com/)
[2026-09-02 11:29:06] INFO: Fetched (200) <GET https://api.github.com/repos/marlowe-lang/marlowe-cardano-minimal/contributors?per_page=100&page=1> (referer: https://www.google.com/)
[2026-09-02 11:29:06] INFO: Fetched (200) <GET https://api.github.com/repos/marlowe-lang/marlowe-deploy> (referer: https://www.google.com/)
[2026-09-02 11:29:07] INFO: Fetched (200) <GET https://api.github.com/repos/marlowe-lang/marlowe-deploy/tags?per_page=100&page=1> (referer: https://www.google.com/)
[2026-09-02 11:29:07] INFO: Fetched (200) <GET https://api.github.com/repos/marlowe-lang/marlowe-deploy/branches?per_page=100&page=1> (referer: https://www.google.com/)
[2026-09-02 11:29:07] INFO: Fetched (200) <GET https://api.github.com/repos/marlowe-lang/marlowe-deploy/releases?per_page=100&page=1> (referer: https://www.google.com/)
[2026-09-02 11:29:07] INFO: Fetched (200) <GET https://api.github.com/repos/marlowe-lang/marlowe-deploy/pulls?per_page=100&state=open&sort=updated&direction=desc&page=1> (referer: https://www.google.com/)
[2026-09-02 11:29:07] INFO: Fetched (200) <GET https://api.github.com/repos/marlowe-lang/marlowe-deploy/contributors?per_page=100&page=1> (referer: https://www.google.com/)
[2026-09-02 11:29:07] INFO: Fetched (200) <GET https://api.github.com/repos/marlowe-lang/marlowe-doc/branches?per_page=100&page=1> (referer: https://www.google.com/)
[2026-09-02 11:29:07] INFO: Fetched (200) <GET https://api.github.com/repos/marlowe-lang/marlowe-doc> (referer: https://www.google.com/)
[2026-09-02 11:29:07] INFO: Fetched (200) <GET https://api.github.com/repos/marlowe-lang/marlowe-doc/releases?per_page=100&page=1> (referer: https://www.google.com/)
[2026-09-02 11:29:07] INFO: Fetched (200) <GET https://api.github.com/repos/marlowe-lang/marlowe-doc/tags?per_page=100&page=1> (referer: https://www.google.com/)
[2026-09-02 11:29:07] INFO: Fetched (200) <GET https://api.github.com/repos/marlowe-lang/marlowe-doc/pulls?per_page=100&state=open&sort=updated&direction=desc&page=1> (referer: https://www.google.com/)
[2026-09-02 11:29:07] INFO: Fetched (200) <GET https://api.github.com/repos/marlowe-lang/marlowe-doc/contributors?per_page=100&page=1> (referer: https://www.google.com/)
[2026-09-02 11:29:08] INFO: Fetched (200) <GET https://api.github.com/repos/marlowe-lang/marlowe-hydra-poc/tags?per_page=100&page=1> (referer: https://www.google.com/)
[2026-09-02 11:29:08] INFO: Fetched (200) <GET https://api.github.com/repos/marlowe-lang/marlowe-hydra-poc/branches?per_page=100&page=1> (referer: https://www.google.com/)
[2026-09-02 11:29:08] INFO: Fetched (200) <GET https://api.github.com/repos/marlowe-lang/marlowe-hydra-poc> (referer: https://www.google.com/)
[2026-09-02 11:29:08] INFO: Fetched (200) <GET https://api.github.com/repos/marlowe-lang/marlowe-hydra-poc/releases?per_page=100&page=1> (referer: https://www.google.com/)
[2026-09-02 11:29:08] INFO: Fetched (200) <GET https://api.github.com/repos/marlowe-lang/marlowe-hydra-poc/contributors?per_page=100&page=1> (referer: https://www.google.com/)
[2026-09-02 11:29:08] INFO: Fetched (200) <GET https://api.github.com/repos/marlowe-lang/marlowe-hydra-poc/pulls?per_page=100&state=open&sort=updated&direction=desc&page=1> (referer: https://www.google.com/)
[2026-09-02 11:29:08] INFO: Fetched (200) <GET https://api.github.com/repos/marlowe-lang/marlowe-lambda> (referer: https://www.google.com/)
[2026-09-02 11:29:08] INFO: Fetched (200) <GET https://api.github.com/repos/marlowe-lang/marlowe-lambda/branches?per_page=100&page=1> (referer: https://www.google.com/)
[2026-09-02 11:29:08] INFO: Fetched (200) <GET https://api.github.com/repos/marlowe-lang/marlowe-lambda/releases?per_page=100&page=1> (referer: https://www.google.com/)
[2026-09-02 11:29:08] INFO: Fetched (200) <GET https://api.github.com/repos/marlowe-lang/marlowe-lambda/tags?per_page=100&page=1> (referer: https://www.google.com/)
[2026-09-02 11:29:08] INFO: Fetched (200) <GET https://api.github.com/repos/marlowe-lang/marlowe-lambda/contributors?per_page=100&page=1> (referer: https://www.google.com/)
[2026-09-02 11:29:09] INFO: Fetched (200) <GET https://api.github.com/repos/marlowe-lang/marlowe-lambda/pulls?per_page=100&state=open&sort=updated&direction=desc&page=1> (referer: https://www.google.com/)
[2026-09-02 11:29:09] INFO: Fetched (200) <GET https://api.github.com/repos/marlowe-lang/marlowe-oracle-protocol/branches?per_page=100&page=1> (referer: https://www.google.com/)
[2026-09-02 11:29:09] INFO: Fetched (200) <GET https://api.github.com/repos/marlowe-lang/marlowe-oracle-protocol> (referer: https://www.google.com/)
[2026-09-02 11:29:09] INFO: Fetched (200) <GET https://api.github.com/repos/marlowe-lang/marlowe-oracle-protocol/tags?per_page=100&page=1> (referer: https://www.google.com/)
[2026-09-02 11:29:09] INFO: Fetched (200) <GET https://api.github.com/repos/marlowe-lang/marlowe-oracle-protocol/releases?per_page=100&page=1> (referer: https://www.google.com/)
[2026-09-02 11:29:09] INFO: Fetched (200) <GET https://api.github.com/repos/marlowe-lang/marlowe-oracle-protocol/contributors?per_page=100&page=1> (referer: https://www.google.com/)
[2026-09-02 11:29:09] INFO: Fetched (200) <GET https://api.github.com/repos/marlowe-lang/marlowe-oracle-protocol/pulls?per_page=100&state=open&sort=updated&direction=desc&page=1> (referer: https://www.google.com/)
[2026-09-02 11:29:09] INFO: Fetched (200) <GET https://api.github.com/repos/marlowe-lang/marlowe-order-book-swap> (referer: https://www.google.com/)
[2026-09-02 11:29:09] INFO: Fetched (200) <GET https://api.github.com/repos/marlowe-lang/marlowe-order-book-swap/branches?per_page=100&page=1> (referer: https://www.google.com/)
[2026-09-02 11:29:09] INFO: Fetched (200) <GET https://api.github.com/repos/marlowe-lang/marlowe-order-book-swap/tags?per_page=100&page=1> (referer: https://www.google.com/)
[2026-09-02 11:29:09] INFO: Fetched (200) <GET https://api.github.com/repos/marlowe-lang/marlowe-order-book-swap/releases?per_page=100&page=1> (referer: https://www.google.com/)
[2026-09-02 11:29:09] INFO: Fetched (200) <GET https://api.github.com/repos/marlowe-lang/marlowe-order-book-swap/pulls?per_page=100&state=open&sort=updated&direction=desc&page=1> (referer: https://www.google.com/)
[2026-09-02 11:29:10] INFO: Fetched (200) <GET https://api.github.com/repos/marlowe-lang/marlowe-payouts> (referer: https://www.google.com/)
[2026-09-02 11:29:10] INFO: Fetched (200) <GET https://api.github.com/repos/marlowe-lang/marlowe-order-book-swap/contributors?per_page=100&page=1> (referer: https://www.google.com/)
[2026-09-02 11:29:10] INFO: Fetched (200) <GET https://api.github.com/repos/marlowe-lang/marlowe-payouts/tags?per_page=100&page=1> (referer: https://www.google.com/)
[2026-09-02 11:29:10] INFO: Fetched (200) <GET https://api.github.com/repos/marlowe-lang/marlowe-payouts/branches?per_page=100&page=1> (referer: https://www.google.com/)
[2026-09-02 11:29:10] INFO: Fetched (200) <GET https://api.github.com/repos/marlowe-lang/marlowe-payouts/contributors?per_page=100&page=1> (referer: https://www.google.com/)
[2026-09-02 11:29:10] INFO: Fetched (200) <GET https://api.github.com/repos/marlowe-lang/marlowe-payouts/releases?per_page=100&page=1> (referer: https://www.google.com/)
[2026-09-02 11:29:10] INFO: Fetched (200) <GET https://api.github.com/repos/marlowe-lang/marlowe-payouts/pulls?per_page=100&state=open&sort=updated&direction=desc&page=1> (referer: https://www.google.com/)
[2026-09-02 11:29:10] INFO: Fetched (200) <GET https://api.github.com/repos/marlowe-lang/marlowe-playground/branches?per_page=100&page=1> (referer: https://www.google.com/)
[2026-09-02 11:29:10] INFO: Fetched (200) <GET https://api.github.com/repos/marlowe-lang/marlowe-playground/tags?per_page=100&page=1> (referer: https://www.google.com/)
[2026-09-02 11:29:10] INFO: Fetched (200) <GET https://api.github.com/repos/marlowe-lang/marlowe-playground> (referer: https://www.google.com/)
[2026-09-02 11:29:11] INFO: Fetched (200) <GET https://api.github.com/repos/marlowe-lang/marlowe-playground/releases?per_page=100&page=1> (referer: https://www.google.com/)
[2026-09-02 11:29:11] INFO: Fetched (200) <GET https://api.github.com/repos/marlowe-lang/marlowe-plutus> (referer: https://www.google.com/)
[2026-09-02 11:29:11] INFO: Fetched (200) <GET https://api.github.com/repos/marlowe-lang/marlowe-playground/pulls?per_page=100&state=open&sort=updated&direction=desc&page=1> (referer: https://www.google.com/)
[2026-09-02 11:29:11] INFO: Fetched (200) <GET https://api.github.com/repos/marlowe-lang/marlowe-plutus/branches?per_page=100&page=1> (referer: https://www.google.com/)
[2026-09-02 11:29:11] INFO: Fetched (200) <GET https://api.github.com/repos/marlowe-lang/marlowe-playground/contributors?per_page=100&page=1> (referer: https://www.google.com/)
[2026-09-02 11:29:11] INFO: Fetched (200) <GET https://api.github.com/repos/marlowe-lang/marlowe-plutus/tags?per_page=100&page=1> (referer: https://www.google.com/)
[2026-09-02 11:29:11] INFO: Fetched (200) <GET https://api.github.com/repos/marlowe-lang/marlowe-plutus/contributors?per_page=100&page=1> (referer: https://www.google.com/)
[2026-09-02 11:29:11] INFO: Fetched (200) <GET https://api.github.com/repos/marlowe-lang/marlowe-plutus/releases?per_page=100&page=1> (referer: https://www.google.com/)
[2026-09-02 11:29:11] INFO: Fetched (200) <GET https://api.github.com/repos/marlowe-lang/marlowe-plutus/pulls?per_page=100&state=open&sort=updated&direction=desc&page=1> (referer: https://www.google.com/)
[2026-09-02 11:29:12] INFO: Fetched (200) <GET https://api.github.com/repos/marlowe-lang/marlowe-playground/contributors?per_page=100&page=2> (referer: https://www.google.com/)
[2026-09-02 11:29:12] INFO: Fetched (200) <GET https://api.github.com/repos/marlowe-lang/marlowe-runner/branches?per_page=100&page=1> (referer: https://www.google.com/)
[2026-09-02 11:29:12] INFO: Fetched (200) <GET https://api.github.com/repos/marlowe-lang/marlowe-runner> (referer: https://www.google.com/)
[2026-09-02 11:29:12] INFO: Fetched (200) <GET https://api.github.com/repos/marlowe-lang/marlowe-runner/tags?per_page=100&page=1> (referer: https://www.google.com/)
[2026-09-02 11:29:12] INFO: Fetched (200) <GET https://api.github.com/repos/marlowe-lang/marlowe-runner/releases?per_page=100&page=1> (referer: https://www.google.com/)
[2026-09-02 11:29:12] INFO: Fetched (200) <GET https://api.github.com/repos/marlowe-lang/marlowe-runner/contributors?per_page=100&page=1> (referer: https://www.google.com/)
[2026-09-02 11:29:12] INFO: Fetched (200) <GET https://api.github.com/repos/marlowe-lang/marlowe-runner/pulls?per_page=100&state=open&sort=updated&direction=desc&page=1> (referer: https://www.google.com/)
[2026-09-02 11:29:12] INFO: Fetched (200) <GET https://api.github.com/repos/marlowe-lang/marlowe-runtime-ng> (referer: https://www.google.com/)
[2026-09-02 11:29:12] INFO: Fetched (200) <GET https://api.github.com/repos/marlowe-lang/marlowe-runtime-ng/branches?per_page=100&page=1> (referer: https://www.google.com/)
[2026-09-02 11:29:12] INFO: Fetched (200) <GET https://api.github.com/repos/marlowe-lang/marlowe-runtime-ng/tags?per_page=100&page=1> (referer: https://www.google.com/)
[2026-09-02 11:29:12] INFO: Fetched (200) <GET https://api.github.com/repos/marlowe-lang/marlowe-runtime-ng/releases?per_page=100&page=1> (referer: https://www.google.com/)
[2026-09-02 11:29:13] INFO: Fetched (200) <GET https://api.github.com/repos/marlowe-lang/marlowe-runtime-ng/contributors?per_page=100&page=1> (referer: https://www.google.com/)
[2026-09-02 11:29:13] INFO: Fetched (200) <GET https://api.github.com/repos/marlowe-lang/marlowe-runtime-ng/pulls?per_page=100&state=open&sort=updated&direction=desc&page=1> (referer: https://www.google.com/)
[2026-09-02 11:29:13] INFO: Fetched (200) <GET https://api.github.com/repos/marlowe-lang/marlowe-scan> (referer: https://www.google.com/)
[2026-09-02 11:29:13] INFO: Fetched (200) <GET https://api.github.com/repos/marlowe-lang/marlowe-scan/tags?per_page=100&page=1> (referer: https://www.google.com/)
[2026-09-02 11:29:13] INFO: Fetched (200) <GET https://api.github.com/repos/marlowe-lang/marlowe-scan/branches?per_page=100&page=1> (referer: https://www.google.com/)
[2026-09-02 11:29:13] INFO: Fetched (200) <GET https://api.github.com/repos/marlowe-lang/marlowe-scan/releases?per_page=100&page=1> (referer: https://www.google.com/)
[2026-09-02 11:29:13] INFO: Fetched (200) <GET https://api.github.com/repos/marlowe-lang/marlowe-scan/contributors?per_page=100&page=1> (referer: https://www.google.com/)
[2026-09-02 11:29:13] INFO: Fetched (200) <GET https://api.github.com/repos/marlowe-lang/marlowe-scan/pulls?per_page=100&state=open&sort=updated&direction=desc&page=1> (referer: https://www.google.com/)
[2026-09-02 11:29:13] INFO: Fetched (200) <GET https://api.github.com/repos/marlowe-lang/marlowe-starter-kit/branches?per_page=100&page=1> (referer: https://www.google.com/)
[2026-09-02 11:29:13] INFO: Fetched (200) <GET https://api.github.com/repos/marlowe-lang/marlowe-starter-kit> (referer: https://www.google.com/)
[2026-09-02 11:29:13] INFO: Fetched (200) <GET https://api.github.com/repos/marlowe-lang/marlowe-starter-kit/tags?per_page=100&page=1> (referer: https://www.google.com/)
[2026-09-02 11:29:13] INFO: Fetched (200) <GET https://api.github.com/repos/marlowe-lang/marlowe-starter-kit/pulls?per_page=100&state=open&sort=updated&direction=desc&page=1> (referer: https://www.google.com/)
[2026-09-02 11:29:14] INFO: Fetched (200) <GET https://api.github.com/repos/marlowe-lang/marlowe-starter-kit/contributors?per_page=100&page=1> (referer: https://www.google.com/)
[2026-09-02 11:29:14] INFO: Fetched (200) <GET https://api.github.com/repos/marlowe-lang/marlowe-token-plans> (referer: https://www.google.com/)
[2026-09-02 11:29:14] INFO: Fetched (200) <GET https://api.github.com/repos/marlowe-lang/marlowe-token-plans/branches?per_page=100&page=1> (referer: https://www.google.com/)
[2026-09-02 11:29:14] INFO: Fetched (200) <GET https://api.github.com/repos/marlowe-lang/marlowe-token-plans/tags?per_page=100&page=1> (referer: https://www.google.com/)
[2026-09-02 11:29:14] INFO: Fetched (200) <GET https://api.github.com/repos/marlowe-lang/marlowe-token-plans/releases?per_page=100&page=1> (referer: https://www.google.com/)
[2026-09-02 11:29:14] INFO: Fetched (200) <GET https://api.github.com/repos/marlowe-lang/marlowe-token-plans/contributors?per_page=100&page=1> (referer: https://www.google.com/)
[2026-09-02 11:29:14] INFO: Fetched (200) <GET https://api.github.com/repos/marlowe-lang/marlowe-starter-kit/releases?per_page=100&page=1> (referer: https://www.google.com/)
[2026-09-02 11:29:14] INFO: Fetched (200) <GET https://api.github.com/repos/marlowe-lang/marlowe-token-plans/pulls?per_page=100&state=open&sort=updated&direction=desc&page=1> (referer: https://www.google.com/)
[2026-09-02 11:29:14] INFO: Fetched (200) <GET https://api.github.com/repos/marlowe-lang/marlowe-ts-dapp-swap> (referer: https://www.google.com/)
[2026-09-02 11:29:15] INFO: Fetched (200) <GET https://api.github.com/repos/marlowe-lang/marlowe-ts-dapp-swap/branches?per_page=100&page=1> (referer: https://www.google.com/)
[2026-09-02 11:29:15] INFO: Fetched (200) <GET https://api.github.com/repos/marlowe-lang/marlowe-ts-dapp-swap/tags?per_page=100&page=1> (referer: https://www.google.com/)
[2026-09-02 11:29:15] INFO: Fetched (200) <GET https://api.github.com/repos/marlowe-lang/marlowe-ts-dapp-swap/releases?per_page=100&page=1> (referer: https://www.google.com/)
[2026-09-02 11:29:15] INFO: Fetched (200) <GET https://api.github.com/repos/marlowe-lang/marlowe-ts-dapp-swap/contributors?per_page=100&page=1> (referer: https://www.google.com/)
[2026-09-02 11:29:15] INFO: Fetched (200) <GET https://api.github.com/repos/marlowe-lang/marlowe-ts-dapp-swap/pulls?per_page=100&state=open&sort=updated&direction=desc&page=1> (referer: https://www.google.com/)
[2026-09-02 11:29:15] INFO: Fetched (200) <GET https://api.github.com/repos/marlowe-lang/marlowe-ts-sdk/branches?per_page=100&page=1> (referer: https://www.google.com/)
[2026-09-02 11:29:15] INFO: Fetched (200) <GET https://api.github.com/repos/marlowe-lang/marlowe-ts-sdk> (referer: https://www.google.com/)
[2026-09-02 11:29:15] INFO: Fetched (200) <GET https://api.github.com/repos/marlowe-lang/marlowe-ts-sdk/tags?per_page=100&page=1> (referer: https://www.google.com/)
[2026-09-02 11:29:15] INFO: Fetched (200) <GET https://api.github.com/repos/marlowe-lang/marlowe-ts-sdk/pulls?per_page=100&state=open&sort=updated&direction=desc&page=1> (referer: https://www.google.com/)
[2026-09-02 11:29:15] INFO: Fetched (200) <GET https://api.github.com/repos/marlowe-lang/marlowe-ts-sdk/contributors?per_page=100&page=1> (referer: https://www.google.com/)
[2026-09-02 11:29:15] INFO: Fetched (200) <GET https://api.github.com/repos/marlowe-lang/marlowe-ts-sdk/releases?per_page=100&page=1> (referer: https://www.google.com/)
[2026-09-02 11:29:16] INFO: Fetched (200) <GET https://api.github.com/repos/marlowe-lang/marlowe-website> (referer: https://www.google.com/)
[2026-09-02 11:29:16] INFO: Fetched (200) <GET https://api.github.com/repos/marlowe-lang/marlowe-website/branches?per_page=100&page=1> (referer: https://www.google.com/)
[2026-09-02 11:29:16] INFO: Fetched (200) <GET https://api.github.com/repos/marlowe-lang/marlowe-website/tags?per_page=100&page=1> (referer: https://www.google.com/)
[2026-09-02 11:29:16] INFO: Fetched (200) <GET https://api.github.com/repos/marlowe-lang/marlowe-website/releases?per_page=100&page=1> (referer: https://www.google.com/)
[2026-09-02 11:29:16] INFO: Fetched (200) <GET https://api.github.com/repos/marlowe-lang/marlowe-website/pulls?per_page=100&state=open&sort=updated&direction=desc&page=1> (referer: https://www.google.com/)
[2026-09-02 11:29:16] INFO: Fetched (200) <GET https://api.github.com/repos/marlowe-lang/marlowe-website/contributors?per_page=100&page=1> (referer: https://www.google.com/)
[2026-09-02 11:29:16] INFO: Fetched (200) <GET https://api.github.com/repos/marlowe-lang/MIPs/branches?per_page=100&page=1> (referer: https://www.google.com/)
[2026-09-02 11:29:16] INFO: Fetched (200) <GET https://api.github.com/repos/marlowe-lang/MIPs> (referer: https://www.google.com/)
[2026-09-02 11:29:16] INFO: Fetched (200) <GET https://api.github.com/repos/marlowe-lang/MIPs/tags?per_page=100&page=1> (referer: https://www.google.com/)
[2026-09-02 11:29:16] INFO: Fetched (200) <GET https://api.github.com/repos/marlowe-lang/MIPs/releases?per_page=100&page=1> (referer: https://www.google.com/)
[2026-09-02 11:29:17] INFO: Fetched (200) <GET https://api.github.com/repos/marlowe-lang/MIPs/contributors?per_page=100&page=1> (referer: https://www.google.com/)
[2026-09-02 11:29:17] INFO: Fetched (200) <GET https://api.github.com/repos/marlowe-lang/purescript-bridge-json-helpers/branches?per_page=100&page=1> (referer: https://www.google.com/)
[2026-09-02 11:29:17] INFO: Fetched (200) <GET https://api.github.com/repos/marlowe-lang/MIPs/pulls?per_page=100&state=open&sort=updated&direction=desc&page=1> (referer: https://www.google.com/)
[2026-09-02 11:29:17] INFO: Fetched (200) <GET https://api.github.com/repos/marlowe-lang/purescript-bridge-json-helpers> (referer: https://www.google.com/)
[2026-09-02 11:29:17] INFO: Fetched (200) <GET https://api.github.com/repos/marlowe-lang/purescript-bridge-json-helpers/tags?per_page=100&page=1> (referer: https://www.google.com/)
[2026-09-02 11:29:17] INFO: Fetched (200) <GET https://api.github.com/repos/marlowe-lang/purescript-bridge-json-helpers/releases?per_page=100&page=1> (referer: https://www.google.com/)
[2026-09-02 11:29:17] INFO: Fetched (200) <GET https://api.github.com/repos/marlowe-lang/purescript-bridge-json-helpers/contributors?per_page=100&page=1> (referer: https://www.google.com/)
[2026-09-02 11:29:17] INFO: Fetched (200) <GET https://api.github.com/repos/marlowe-lang/purescript-bridge-json-helpers/pulls?per_page=100&state=open&sort=updated&direction=desc&page=1> (referer: https://www.google.com/)
[2026-09-02 11:29:17] INFO: Fetched (200) <GET https://api.github.com/repos/marlowe-lang/purescript-cardano-multiplatform-lib> (referer: https://www.google.com/)
[2026-09-02 11:29:17] INFO: Fetched (200) <GET https://api.github.com/repos/marlowe-lang/purescript-cardano-multiplatform-lib/branches?per_page=100&page=1> (referer: https://www.google.com/)
[2026-09-02 11:29:17] INFO: Fetched (200) <GET https://api.github.com/repos/marlowe-lang/purescript-cardano-multiplatform-lib/tags?per_page=100&page=1> (referer: https://www.google.com/)
[2026-09-02 11:29:17] INFO: Fetched (200) <GET https://api.github.com/repos/marlowe-lang/purescript-cardano-multiplatform-lib/releases?per_page=100&page=1> (referer: https://www.google.com/)
[2026-09-02 11:29:17] INFO: Fetched (200) <GET https://api.github.com/repos/marlowe-lang/purescript-cardano-multiplatform-lib/contributors?per_page=100&page=1> (referer: https://www.google.com/)
[2026-09-02 11:29:17] INFO: Fetched (200) <GET https://api.github.com/repos/marlowe-lang/purescript-cardano-multiplatform-lib/pulls?per_page=100&state=open&sort=updated&direction=desc&page=1> (referer: https://www.google.com/)
[2026-09-02 11:29:18] INFO: Fetched (200) <GET https://api.github.com/repos/marlowe-lang/purescript-cardano-wallet-client/branches?per_page=100&page=1> (referer: https://www.google.com/)
[2026-09-02 11:29:18] INFO: Fetched (200) <GET https://api.github.com/repos/marlowe-lang/purescript-cardano-wallet-client/releases?per_page=100&page=1> (referer: https://www.google.com/)
[2026-09-02 11:29:18] INFO: Fetched (200) <GET https://api.github.com/repos/marlowe-lang/purescript-cardano-wallet-client> (referer: https://www.google.com/)
[2026-09-02 11:29:18] INFO: Fetched (200) <GET https://api.github.com/repos/marlowe-lang/purescript-cardano-wallet-client/tags?per_page=100&page=1> (referer: https://www.google.com/)
[2026-09-02 11:29:18] INFO: Fetched (200) <GET https://api.github.com/repos/marlowe-lang/purescript-cardano-wallet-client/contributors?per_page=100&page=1> (referer: https://www.google.com/)
[2026-09-02 11:29:18] INFO: Fetched (200) <GET https://api.github.com/repos/marlowe-lang/purescript-cardano-wallet-client/pulls?per_page=100&state=open&sort=updated&direction=desc&page=1> (referer: https://www.google.com/)
[2026-09-02 11:29:18] INFO: Fetched (200) <GET https://api.github.com/repos/marlowe-lang/purescript-datetime-iso/branches?per_page=100&page=1> (referer: https://www.google.com/)
[2026-09-02 11:29:18] INFO: Fetched (200) <GET https://api.github.com/repos/marlowe-lang/purescript-datetime-iso> (referer: https://www.google.com/)
[2026-09-02 11:29:18] INFO: Fetched (200) <GET https://api.github.com/repos/marlowe-lang/purescript-datetime-iso/tags?per_page=100&page=1> (referer: https://www.google.com/)
[2026-09-02 11:29:18] INFO: Fetched (200) <GET https://api.github.com/repos/marlowe-lang/purescript-datetime-iso/releases?per_page=100&page=1> (referer: https://www.google.com/)
[2026-09-02 11:29:18] INFO: Fetched (200) <GET https://api.github.com/repos/marlowe-lang/purescript-datetime-iso/contributors?per_page=100&page=1> (referer: https://www.google.com/)
[2026-09-02 11:29:19] INFO: Fetched (200) <GET https://api.github.com/repos/marlowe-lang/purescript-datetime-iso/pulls?per_page=100&state=open&sort=updated&direction=desc&page=1> (referer: https://www.google.com/)
[2026-09-02 11:29:19] INFO: Fetched (200) <GET https://api.github.com/repos/marlowe-lang/purescript-markdown> (referer: https://www.google.com/)
[2026-09-02 11:29:19] INFO: Fetched (200) <GET https://api.github.com/repos/marlowe-lang/purescript-markdown/branches?per_page=100&page=1> (referer: https://www.google.com/)
[2026-09-02 11:29:19] INFO: Fetched (200) <GET https://api.github.com/repos/marlowe-lang/purescript-markdown/tags?per_page=100&page=1> (referer: https://www.google.com/)
[2026-09-02 11:29:19] INFO: Fetched (200) <GET https://api.github.com/repos/marlowe-lang/purescript-markdown/releases?per_page=100&page=1> (referer: https://www.google.com/)
[2026-09-02 11:29:19] INFO: Fetched (200) <GET https://api.github.com/repos/marlowe-lang/purescript-markdown/pulls?per_page=100&state=open&sort=updated&direction=desc&page=1> (referer: https://www.google.com/)
[2026-09-02 11:29:19] INFO: Fetched (200) <GET https://api.github.com/repos/marlowe-lang/purescript-markdown/contributors?per_page=100&page=1> (referer: https://www.google.com/)
[2026-09-02 11:29:19] INFO: Fetched (200) <GET https://api.github.com/repos/marlowe-lang/purescript-marlowe/branches?per_page=100&page=1> (referer: https://www.google.com/)
[2026-09-02 11:29:19] INFO: Fetched (200) <GET https://api.github.com/repos/marlowe-lang/purescript-marlowe> (referer: https://www.google.com/)
[2026-09-02 11:29:19] INFO: Fetched (200) <GET https://api.github.com/repos/marlowe-lang/purescript-marlowe/tags?per_page=100&page=1> (referer: https://www.google.com/)
[2026-09-02 11:29:20] INFO: Fetched (200) <GET https://api.github.com/repos/marlowe-lang/purescript-marlowe/releases?per_page=100&page=1> (referer: https://www.google.com/)
[2026-09-02 11:29:20] INFO: Fetched (200) <GET https://api.github.com/repos/marlowe-lang/purescript-marlowe/contributors?per_page=100&page=1> (referer: https://www.google.com/)
[2026-09-02 11:29:20] INFO: Fetched (200) <GET https://api.github.com/repos/marlowe-lang/purescript-marlowe/pulls?per_page=100&state=open&sort=updated&direction=desc&page=1> (referer: https://www.google.com/)
[2026-09-02 11:29:20] INFO: Fetched (200) <GET https://api.github.com/repos/marlowe-lang/purescript-marlowe-runtime-client> (referer: https://www.google.com/)
[2026-09-02 11:29:20] INFO: Fetched (200) <GET https://api.github.com/repos/marlowe-lang/purescript-marlowe-runtime-client/branches?per_page=100&page=1> (referer: https://www.google.com/)
[2026-09-02 11:29:20] INFO: Fetched (200) <GET https://api.github.com/repos/marlowe-lang/purescript-marlowe-runtime-client/releases?per_page=100&page=1> (referer: https://www.google.com/)
[2026-09-02 11:29:20] INFO: Fetched (200) <GET https://api.github.com/repos/marlowe-lang/purescript-marlowe-runtime-client/tags?per_page=100&page=1> (referer: https://www.google.com/)
[2026-09-02 11:29:20] INFO: Fetched (200) <GET https://api.github.com/repos/marlowe-lang/purescript-marlowe-runtime-client/contributors?per_page=100&page=1> (referer: https://www.google.com/)
[2026-09-02 11:29:20] INFO: Fetched (200) <GET https://api.github.com/repos/marlowe-lang/purescript-marlowe-runtime-client/pulls?per_page=100&state=open&sort=updated&direction=desc&page=1> (referer: https://www.google.com/)
[2026-09-02 11:29:20] INFO: Fetched (200) <GET https://api.github.com/repos/marlowe-lang/purescript-web-common/branches?per_page=100&page=1> (referer: https://www.google.com/)
[2026-09-02 11:29:20] INFO: Fetched (200) <GET https://api.github.com/repos/marlowe-lang/purescript-web-common> (referer: https://www.google.com/)
[2026-09-02 11:29:20] INFO: Fetched (200) <GET https://api.github.com/repos/marlowe-lang/purescript-web-common/tags?per_page=100&page=1> (referer: https://www.google.com/)
[2026-09-02 11:29:21] INFO: Fetched (200) <GET https://api.github.com/repos/marlowe-lang/purescript-web-common/contributors?per_page=100&page=1> (referer: https://www.google.com/)
[2026-09-02 11:29:21] INFO: Fetched (200) <GET https://api.github.com/repos/marlowe-lang/purescript-web-common/pulls?per_page=100&state=open&sort=updated&direction=desc&page=1> (referer: https://www.google.com/)
[2026-09-02 11:29:21] INFO: Fetched (200) <GET https://api.github.com/repos/marlowe-lang/purescript-web-common/releases?per_page=100&page=1> (referer: https://www.google.com/)
[2026-09-02 11:29:21] INFO: Fetched (200) <GET https://api.github.com/repos/marlowe-lang/real-world-marlowe> (referer: https://www.google.com/)
[2026-09-02 11:29:21] INFO: Fetched (200) <GET https://api.github.com/repos/marlowe-lang/real-world-marlowe/tags?per_page=100&page=1> (referer: https://www.google.com/)
[2026-09-02 11:29:21] INFO: Fetched (200) <GET https://api.github.com/repos/marlowe-lang/real-world-marlowe/branches?per_page=100&page=1> (referer: https://www.google.com/)
[2026-09-02 11:29:21] INFO: Fetched (200) <GET https://api.github.com/repos/marlowe-lang/real-world-marlowe/contributors?per_page=100&page=1> (referer: https://www.google.com/)
[2026-09-02 11:29:21] INFO: Fetched (200) <GET https://api.github.com/repos/marlowe-lang/real-world-marlowe/releases?per_page=100&page=1> (referer: https://www.google.com/)
[2026-09-02 11:29:21] INFO: Fetched (200) <GET https://api.github.com/repos/marlowe-lang/real-world-marlowe/pulls?per_page=100&state=open&sort=updated&direction=desc&page=1> (referer: https://www.google.com/)
