[2026-09-02 11:29:45] INFO: Fetched (200) <GET https://api.github.com/repos/marlowe-lang/.github/issues?state=open&sort=updated&direction=desc&per_page=100> (referer: https://www.google.com/)
[2026-09-02 11:29:45] INFO: Fetched (200) <GET https://api.github.com/repos/marlowe-lang/actus-core/issues?state=open&sort=updated&direction=desc&per_page=100> (referer: https://www.google.com/)
[2026-09-02 11:29:45] INFO: Fetched (200) <GET https://api.github.com/repos/marlowe-lang/.github/commits?per_page=100> (referer: https://www.google.com/)
[2026-09-02 11:29:45] INFO: Fetched (200) <GET https://api.github.com/repos/marlowe-lang/actus-core/commits?per_page=100> (referer: https://www.google.com/)
[2026-09-02 11:29:46] INFO: Fetched (200) <GET https://api.github.com/repos/marlowe-lang/admin/commits?per_page=100> (referer: https://www.google.com/)
[2026-09-02 11:29:46] INFO: Fetched (200) <GET https://api.github.com/repos/marlowe-lang/awesome-marlowe/issues?state=open&sort=updated&direction=desc&per_page=100> (referer: https://www.google.com/)
[2026-09-02 11:29:46] INFO: Fetched (200) <GET https://api.github.com/repos/marlowe-lang/admin/issues?state=open&sort=updated&direction=desc&per_page=100> (referer: https://www.google.com/)
[2026-09-02 11:29:46] INFO: Fetched (200) <GET https://api.github.com/repos/marlowe-lang/awesome-marlowe/commits?per_page=100> (referer: https://www.google.com/)
[2026-09-02 11:29:46] INFO: Fetched (200) <GET https://api.github.com/repos/marlowe-lang/marlowe/issues?state=open&sort=updated&direction=desc&per_page=100> (referer: https://www.google.com/)
[2026-09-02 11:29:46] INFO: Fetched (200) <GET https://api.github.com/repos/marlowe-lang/marlowe-actus-labs/issues?state=open&sort=updated&direction=desc&per_page=100> (referer: https://www.google.com/)
[2026-09-02 11:29:46] INFO: Fetched (200) <GET https://api.github.com/repos/marlowe-lang/marlowe/commits?per_page=100> (referer: https://www.google.com/)
[2026-09-02 11:29:47] INFO: Fetched (200) <GET https://api.github.com/repos/marlowe-lang/marlowe-actus-labs/commits?per_page=100> (referer: https://www.google.com/)
[2026-09-02 11:29:47] INFO: Fetched (200) <GET https://api.github.com/repos/marlowe-lang/marlowe-agda/issues?state=open&sort=updated&direction=desc&per_page=100> (referer: https://www.google.com/)
[2026-09-02 11:29:47] INFO: Fetched (200) <GET https://api.github.com/repos/marlowe-lang/marlowe-agda/commits?per_page=100> (referer: https://www.google.com/)
[2026-09-02 11:29:47] INFO: Fetched (200) <GET https://api.github.com/repos/marlowe-lang/marlowe-cardano/issues?state=open&sort=updated&direction=desc&per_page=100> (referer: https://www.google.com/)
[2026-09-02 11:29:47] INFO: Fetched (200) <GET https://api.github.com/repos/marlowe-lang/marlowe-cardano/commits?per_page=100> (referer: https://www.google.com/)
[2026-09-02 11:29:48] INFO: Fetched (200) <GET https://api.github.com/repos/marlowe-lang/marlowe-cardano-minimal/commits?per_page=100> (referer: https://www.google.com/)
[2026-09-02 11:29:48] INFO: Fetched (200) <GET https://api.github.com/repos/marlowe-lang/marlowe-cardano-minimal/issues?state=open&sort=updated&direction=desc&per_page=100> (referer: https://www.google.com/)
[2026-09-02 11:29:48] INFO: Fetched (200) <GET https://api.github.com/repos/marlowe-lang/marlowe-deploy/issues?state=open&sort=updated&direction=desc&per_page=100> (referer: https://www.google.com/)
[2026-09-02 11:29:48] INFO: Fetched (200) <GET https://api.github.com/repos/marlowe-lang/marlowe-deploy/commits?per_page=100> (referer: https://www.google.com/)
[2026-09-02 11:29:48] INFO: Fetched (200) <GET https://api.github.com/repos/marlowe-lang/marlowe-doc/issues?state=open&sort=updated&direction=desc&per_page=100> (referer: https://www.google.com/)
[2026-09-02 11:29:48] INFO: Fetched (200) <GET https://api.github.com/repos/marlowe-lang/marlowe-hydra-poc/commits?per_page=100> (referer: https://www.google.com/)
[2026-09-02 11:29:49] INFO: Fetched (200) <GET https://api.github.com/repos/marlowe-lang/marlowe-hydra-poc/issues?state=open&sort=updated&direction=desc&per_page=100> (referer: https://www.google.com/)
[2026-09-02 11:29:49] INFO: Fetched (200) <GET https://api.github.com/repos/marlowe-lang/marlowe-doc/commits?per_page=100> (referer: https://www.google.com/)
[2026-09-02 11:29:49] INFO: Fetched (200) <GET https://api.github.com/repos/marlowe-lang/marlowe-lambda/issues?state=open&sort=updated&direction=desc&per_page=100> (referer: https://www.google.com/)
[2026-09-02 11:29:49] INFO: Fetched (200) <GET https://api.github.com/repos/marlowe-lang/marlowe-lambda/commits?per_page=100> (referer: https://www.google.com/)
[2026-09-02 11:29:49] INFO: Fetched (200) <GET https://api.github.com/repos/marlowe-lang/marlowe-oracle-protocol/issues?state=open&sort=updated&direction=desc&per_page=100> (referer: https://www.google.com/)
[2026-09-02 11:29:49] INFO: Fetched (200) <GET https://api.github.com/repos/marlowe-lang/marlowe-order-book-swap/issues?state=open&sort=updated&direction=desc&per_page=100> (referer: https://www.google.com/)
[2026-09-02 11:29:50] INFO: Fetched (200) <GET https://api.github.com/repos/marlowe-lang/marlowe-order-book-swap/commits?per_page=100> (referer: https://www.google.com/)
[2026-09-02 11:29:50] INFO: Fetched (200) <GET https://api.github.com/repos/marlowe-lang/marlowe-payouts/issues?state=open&sort=updated&direction=desc&per_page=100> (referer: https://www.google.com/)
[2026-09-02 11:29:50] INFO: Fetched (200) <GET https://api.github.com/repos/marlowe-lang/marlowe-payouts/commits?per_page=100> (referer: https://www.google.com/)
[2026-09-02 11:29:50] INFO: Fetched (200) <GET https://api.github.com/repos/marlowe-lang/marlowe-oracle-protocol/commits?per_page=100> (referer: https://www.google.com/)
[2026-09-02 11:29:50] INFO: Fetched (200) <GET https://api.github.com/repos/marlowe-lang/marlowe-playground/issues?state=open&sort=updated&direction=desc&per_page=100> (referer: https://www.google.com/)
[2026-09-02 11:29:51] INFO: Fetched (200) <GET https://api.github.com/repos/marlowe-lang/marlowe-playground/commits?per_page=100> (referer: https://www.google.com/)
[2026-09-02 11:29:51] INFO: Fetched (200) <GET https://api.github.com/repos/marlowe-lang/marlowe-plutus/issues?state=open&sort=updated&direction=desc&per_page=100> (referer: https://www.google.com/)
[2026-09-02 11:29:51] INFO: Fetched (200) <GET https://api.github.com/repos/marlowe-lang/marlowe-plutus/commits?per_page=100> (referer: https://www.google.com/)
[2026-09-02 11:29:51] INFO: Fetched (200) <GET https://api.github.com/repos/marlowe-lang/marlowe-runner/issues?state=open&sort=updated&direction=desc&per_page=100> (referer: https://www.google.com/)
[2026-09-02 11:29:51] INFO: Fetched (200) <GET https://api.github.com/repos/marlowe-lang/marlowe-runtime-ng/issues?state=open&sort=updated&direction=desc&per_page=100> (referer: https://www.google.com/)
[2026-09-02 11:29:51] INFO: Fetched (200) <GET https://api.github.com/repos/marlowe-lang/marlowe-runtime-ng/commits?per_page=100> (referer: https://www.google.com/)
[2026-09-02 11:29:51] INFO: Fetched (200) <GET https://api.github.com/repos/marlowe-lang/marlowe-runner/commits?per_page=100> (referer: https://www.google.com/)
[2026-09-02 11:29:52] INFO: Fetched (200) <GET https://api.github.com/repos/marlowe-lang/marlowe-scan/issues?state=open&sort=updated&direction=desc&per_page=100> (referer: https://www.google.com/)
[2026-09-02 11:29:52] INFO: Fetched (200) <GET https://api.github.com/repos/marlowe-lang/marlowe-scan/commits?per_page=100> (referer: https://www.google.com/)
[2026-09-02 11:29:52] INFO: Fetched (200) <GET https://api.github.com/repos/marlowe-lang/marlowe-starter-kit/issues?state=open&sort=updated&direction=desc&per_page=100> (referer: https://www.google.com/)
[2026-09-02 11:29:52] INFO: Fetched (200) <GET https://api.github.com/repos/marlowe-lang/marlowe-starter-kit/commits?per_page=100> (referer: https://www.google.com/)
[2026-09-02 11:29:52] INFO: Fetched (200) <GET https://api.github.com/repos/marlowe-lang/marlowe-token-plans/issues?state=open&sort=updated&direction=desc&per_page=100> (referer: https://www.google.com/)
[2026-09-02 11:29:52] INFO: Fetched (200) <GET https://api.github.com/repos/marlowe-lang/marlowe-ts-dapp-swap/issues?state=open&sort=updated&direction=desc&per_page=100> (referer: https://www.google.com/)
[2026-09-02 11:29:52] INFO: Fetched (200) <GET https://api.github.com/repos/marlowe-lang/marlowe-token-plans/commits?per_page=100> (referer: https://www.google.com/)
[2026-09-02 11:29:53] INFO: Fetched (200) <GET https://api.github.com/repos/marlowe-lang/marlowe-ts-dapp-swap/commits?per_page=100> (referer: https://www.google.com/)
[2026-09-02 11:29:53] INFO: Fetched (200) <GET https://api.github.com/repos/marlowe-lang/marlowe-website/commits?per_page=100> (referer: https://www.google.com/)
[2026-09-02 11:29:53] INFO: Fetched (200) <GET https://api.github.com/repos/marlowe-lang/marlowe-ts-sdk/issues?state=open&sort=updated&direction=desc&per_page=100> (referer: https://www.google.com/)
[2026-09-02 11:29:53] INFO: Fetched (200) <GET https://api.github.com/repos/marlowe-lang/marlowe-website/issues?state=open&sort=updated&direction=desc&per_page=100> (referer: https://www.google.com/)
[2026-09-02 11:29:53] INFO: Fetched (200) <GET https://api.github.com/repos/marlowe-lang/marlowe-ts-sdk/commits?per_page=100> (referer: https://www.google.com/)
[2026-09-02 11:29:53] INFO: Fetched (200) <GET https://api.github.com/repos/marlowe-lang/MIPs/issues?state=open&sort=updated&direction=desc&per_page=100> (referer: https://www.google.com/)
[2026-09-02 11:29:53] INFO: Fetched (200) <GET https://api.github.com/repos/marlowe-lang/MIPs/commits?per_page=100> (referer: https://www.google.com/)
[2026-09-02 11:29:54] INFO: Fetched (200) <GET https://api.github.com/repos/marlowe-lang/purescript-bridge-json-helpers/issues?state=open&sort=updated&direction=desc&per_page=100> (referer: https://www.google.com/)
[2026-09-02 11:29:54] INFO: Fetched (200) <GET https://api.github.com/repos/marlowe-lang/purescript-bridge-json-helpers/commits?per_page=100> (referer: https://www.google.com/)
[2026-09-02 11:29:54] INFO: Fetched (200) <GET https://api.github.com/repos/marlowe-lang/purescript-cardano-multiplatform-lib/commits?per_page=100> (referer: https://www.google.com/)
[2026-09-02 11:29:54] INFO: Fetched (200) <GET https://api.github.com/repos/marlowe-lang/purescript-cardano-multiplatform-lib/issues?state=open&sort=updated&direction=desc&per_page=100> (referer: https://www.google.com/)
[2026-09-02 11:29:54] INFO: Fetched (200) <GET https://api.github.com/repos/marlowe-lang/purescript-cardano-wallet-client/issues?state=open&sort=updated&direction=desc&per_page=100> (referer: https://www.google.com/)
[2026-09-02 11:29:54] INFO: Fetched (200) <GET https://api.github.com/repos/marlowe-lang/purescript-cardano-wallet-client/commits?per_page=100> (referer: https://www.google.com/)
[2026-09-02 11:29:54] INFO: Fetched (200) <GET https://api.github.com/repos/marlowe-lang/purescript-datetime-iso/issues?state=open&sort=updated&direction=desc&per_page=100> (referer: https://www.google.com/)
[2026-09-02 11:29:55] INFO: Fetched (200) <GET https://api.github.com/repos/marlowe-lang/purescript-markdown/issues?state=open&sort=updated&direction=desc&per_page=100> (referer: https://www.google.com/)
[2026-09-02 11:29:55] INFO: Fetched (200) <GET https://api.github.com/repos/marlowe-lang/purescript-datetime-iso/commits?per_page=100> (referer: https://www.google.com/)
[2026-09-02 11:29:55] INFO: Fetched (200) <GET https://api.github.com/repos/marlowe-lang/purescript-markdown/commits?per_page=100> (referer: https://www.google.com/)
[2026-09-02 11:29:55] INFO: Fetched (200) <GET https://api.github.com/repos/marlowe-lang/purescript-marlowe/issues?state=open&sort=updated&direction=desc&per_page=100> (referer: https://www.google.com/)
[2026-09-02 11:29:55] INFO: Fetched (200) <GET https://api.github.com/repos/marlowe-lang/purescript-marlowe-runtime-client/issues?state=open&sort=updated&direction=desc&per_page=100> (referer: https://www.google.com/)
[2026-09-02 11:29:55] INFO: Fetched (200) <GET https://api.github.com/repos/marlowe-lang/purescript-marlowe-runtime-client/commits?per_page=100> (referer: https://www.google.com/)
[2026-09-02 11:29:56] INFO: Fetched (200) <GET https://api.github.com/repos/marlowe-lang/purescript-marlowe/commits?per_page=100> (referer: https://www.google.com/)
[2026-09-02 11:29:56] INFO: Fetched (200) <GET https://api.github.com/repos/marlowe-lang/purescript-web-common/issues?state=open&sort=updated&direction=desc&per_page=100> (referer: https://www.google.com/)
[2026-09-02 11:29:56] INFO: Fetched (200) <GET https://api.github.com/repos/marlowe-lang/real-world-marlowe/issues?state=open&sort=updated&direction=desc&per_page=100> (referer: https://www.google.com/)
[2026-09-02 11:29:56] INFO: Fetched (200) <GET https://api.github.com/repos/marlowe-lang/purescript-web-common/commits?per_page=100> (referer: https://www.google.com/)
[2026-09-02 11:29:56] INFO: Fetched (200) <GET https://api.github.com/repos/marlowe-lang/real-world-marlowe/commits?per_page=100> (referer: https://www.google.com/)
