[2026-09-02 11:39:27] INFO: Fetched (200) <GET https://docs.marlowe-lang.org/search/> (referer: https://www.google.com/)
001/100 200 https://docs.marlowe-lang.org/search
[2026-09-02 11:39:29] INFO: Fetched (200) <GET https://docs.marlowe-lang.org/docs/contributing/> (referer: https://www.google.com/)
002/100 200 https://docs.marlowe-lang.org/docs/contributing
[2026-09-02 11:39:30] INFO: Fetched (200) <GET https://docs.marlowe-lang.org/docs/developer-tools/marlowe-cli/> (referer: https://www.google.com/)
003/100 200 https://docs.marlowe-lang.org/docs/developer-tools/marlowe-cli
[2026-09-02 11:39:32] INFO: Fetched (200) <GET https://docs.marlowe-lang.org/docs/developer-tools/overview/> (referer: https://www.google.com/)
004/100 200 https://docs.marlowe-lang.org/docs/developer-tools/overview
[2026-09-02 11:39:33] INFO: Fetched (200) <GET https://docs.marlowe-lang.org/docs/developer-tools/playground/> (referer: https://www.google.com/)
005/100 200 https://docs.marlowe-lang.org/docs/developer-tools/playground
[2026-09-02 11:39:36] INFO: Fetched (200) <GET https://docs.marlowe-lang.org/docs/developer-tools/resources/> (referer: https://www.google.com/)
006/100 200 https://docs.marlowe-lang.org/docs/developer-tools/resources
[2026-09-02 11:39:37] INFO: Fetched (200) <GET https://docs.marlowe-lang.org/docs/developer-tools/runtime/clients-of-runtime/> (referer: https://www.google.com/)
007/100 200 https://docs.marlowe-lang.org/docs/developer-tools/runtime/clients-of-runtime/
[2026-09-02 11:39:38] INFO: Fetched (200) <GET https://docs.marlowe-lang.org/docs/developer-tools/runtime/clients-of-runtime/finder/> (referer: https://www.google.com/)
008/100 200 https://docs.marlowe-lang.org/docs/developer-tools/runtime/clients-of-runtime/finder
[2026-09-02 11:39:39] INFO: Fetched (200) <GET https://docs.marlowe-lang.org/docs/developer-tools/runtime/clients-of-runtime/oracle/> (referer: https://www.google.com/)
009/100 200 https://docs.marlowe-lang.org/docs/developer-tools/runtime/clients-of-runtime/oracle
[2026-09-02 11:39:41] INFO: Fetched (200) <GET https://docs.marlowe-lang.org/docs/developer-tools/runtime/clients-of-runtime/pipe/> (referer: https://www.google.com/)
010/100 200 https://docs.marlowe-lang.org/docs/developer-tools/runtime/clients-of-runtime/pipe
[2026-09-02 11:39:43] INFO: Fetched (200) <GET https://docs.marlowe-lang.org/docs/developer-tools/runtime/clients-of-runtime/scaling/> (referer: https://www.google.com/)
011/100 200 https://docs.marlowe-lang.org/docs/developer-tools/runtime/clients-of-runtime/scaling
[2026-09-02 11:39:44] INFO: Fetched (200) <GET https://docs.marlowe-lang.org/docs/developer-tools/runtime/marlowe-runtime/> (referer: https://www.google.com/)
012/100 200 https://docs.marlowe-lang.org/docs/developer-tools/runtime/marlowe-runtime
[2026-09-02 11:39:45] INFO: Fetched (200) <GET https://docs.marlowe-lang.org/docs/developer-tools/runtime/marlowe-runtime-cli/> (referer: https://www.google.com/)
013/100 200 https://docs.marlowe-lang.org/docs/developer-tools/runtime/marlowe-runtime-cli/
[2026-09-02 11:39:46] INFO: Fetched (200) <GET https://docs.marlowe-lang.org/docs/developer-tools/runtime/marlowe-runtime-cli/advance/> (referer: https://www.google.com/)
014/100 200 https://docs.marlowe-lang.org/docs/developer-tools/runtime/marlowe-runtime-cli/advance
[2026-09-02 11:39:48] INFO: Fetched (200) <GET https://docs.marlowe-lang.org/docs/developer-tools/runtime/marlowe-runtime-cli/apply/> (referer: https://www.google.com/)
015/100 200 https://docs.marlowe-lang.org/docs/developer-tools/runtime/marlowe-runtime-cli/apply
[2026-09-02 11:39:49] INFO: Fetched (200) <GET https://docs.marlowe-lang.org/docs/developer-tools/runtime/marlowe-runtime-cli/choose/> (referer: https://www.google.com/)
016/100 200 https://docs.marlowe-lang.org/docs/developer-tools/runtime/marlowe-runtime-cli/choose
[2026-09-02 11:39:50] INFO: Fetched (200) <GET https://docs.marlowe-lang.org/docs/developer-tools/runtime/marlowe-runtime-cli/create/> (referer: https://www.google.com/)
017/100 200 https://docs.marlowe-lang.org/docs/developer-tools/runtime/marlowe-runtime-cli/create
[2026-09-02 11:39:52] INFO: Fetched (200) <GET https://docs.marlowe-lang.org/docs/developer-tools/runtime/marlowe-runtime-cli/deposit/> (referer: https://www.google.com/)
018/100 200 https://docs.marlowe-lang.org/docs/developer-tools/runtime/marlowe-runtime-cli/deposit
[2026-09-02 11:39:53] INFO: Fetched (200) <GET https://docs.marlowe-lang.org/docs/developer-tools/runtime/marlowe-runtime-cli/export/> (referer: https://www.google.com/)
019/100 200 https://docs.marlowe-lang.org/docs/developer-tools/runtime/marlowe-runtime-cli/export
[2026-09-02 11:39:54] INFO: Fetched (200) <GET https://docs.marlowe-lang.org/docs/developer-tools/runtime/marlowe-runtime-cli/load/> (referer: https://www.google.com/)
020/100 200 https://docs.marlowe-lang.org/docs/developer-tools/runtime/marlowe-runtime-cli/load
[2026-09-02 11:39:56] INFO: Fetched (200) <GET https://docs.marlowe-lang.org/docs/developer-tools/runtime/marlowe-runtime-cli/log/> (referer: https://www.google.com/)
021/100 200 https://docs.marlowe-lang.org/docs/developer-tools/runtime/marlowe-runtime-cli/log
[2026-09-02 11:39:57] INFO: Fetched (200) <GET https://docs.marlowe-lang.org/docs/developer-tools/runtime/marlowe-runtime-cli/notify/> (referer: https://www.google.com/)
022/100 200 https://docs.marlowe-lang.org/docs/developer-tools/runtime/marlowe-runtime-cli/notify
[2026-09-02 11:39:59] INFO: Fetched (200) <GET https://docs.marlowe-lang.org/docs/developer-tools/runtime/marlowe-runtime-cli/query/> (referer: https://www.google.com/)
023/100 200 https://docs.marlowe-lang.org/docs/developer-tools/runtime/marlowe-runtime-cli/query
[2026-09-02 11:40:00] INFO: Fetched (200) <GET https://docs.marlowe-lang.org/docs/developer-tools/runtime/marlowe-runtime-cli/submit/> (referer: https://www.google.com/)
024/100 200 https://docs.marlowe-lang.org/docs/developer-tools/runtime/marlowe-runtime-cli/submit
[2026-09-02 11:40:01] INFO: Fetched (200) <GET https://docs.marlowe-lang.org/docs/developer-tools/runtime/marlowe-runtime-cli/withdraw/> (referer: https://www.google.com/)
025/100 200 https://docs.marlowe-lang.org/docs/developer-tools/runtime/marlowe-runtime-cli/withdraw
[2026-09-02 11:40:02] INFO: Fetched (200) <GET https://docs.marlowe-lang.org/docs/developer-tools/runtime/runtime-protocol-reference/> (referer: https://www.google.com/)
026/100 200 https://docs.marlowe-lang.org/docs/developer-tools/runtime/runtime-protocol-reference/
[2026-09-02 11:40:04] INFO: Fetched (200) <GET https://docs.marlowe-lang.org/docs/developer-tools/runtime/runtime-protocol-reference/contractquery-subprotocol/> (referer: https://www.google.com/)
027/100 200 https://docs.marlowe-lang.org/docs/developer-tools/runtime/runtime-protocol-reference/contractquery-subprotocol
[2026-09-02 11:40:05] INFO: Fetched (200) <GET https://docs.marlowe-lang.org/docs/developer-tools/runtime/runtime-protocol-reference/marlowebulksync-subprotocol/> (referer: https://www.google.com/)
028/100 200 https://docs.marlowe-lang.org/docs/developer-tools/runtime/runtime-protocol-reference/marlowebulksync-subprotocol
[2026-09-02 11:40:06] INFO: Fetched (200) <GET https://docs.marlowe-lang.org/docs/developer-tools/runtime/runtime-protocol-reference/marloweheadersync-subprotocol/> (referer: https://www.google.com/)
029/100 200 https://docs.marlowe-lang.org/docs/developer-tools/runtime/runtime-protocol-reference/marloweheadersync-subprotocol
[2026-09-02 11:40:08] INFO: Fetched (200) <GET https://docs.marlowe-lang.org/docs/developer-tools/runtime/runtime-protocol-reference/marloweload-subprotocol/> (referer: https://www.google.com/)
030/100 200 https://docs.marlowe-lang.org/docs/developer-tools/runtime/runtime-protocol-reference/marloweload-subprotocol
[2026-09-02 11:40:09] INFO: Fetched (200) <GET https://docs.marlowe-lang.org/docs/developer-tools/runtime/runtime-protocol-reference/marlowequery-subprotocol/> (referer: https://www.google.com/)
031/100 200 https://docs.marlowe-lang.org/docs/developer-tools/runtime/runtime-protocol-reference/marlowequery-subprotocol
[2026-09-02 11:40:11] INFO: Fetched (200) <GET https://docs.marlowe-lang.org/docs/developer-tools/runtime/runtime-protocol-reference/marlowesync-subprotocol/> (referer: https://www.google.com/)
032/100 200 https://docs.marlowe-lang.org/docs/developer-tools/runtime/runtime-protocol-reference/marlowesync-subprotocol
[2026-09-02 11:40:12] INFO: Fetched (200) <GET https://docs.marlowe-lang.org/docs/developer-tools/runtime/runtime-protocol-reference/marlowetransfer-subprotocol/> (referer: https://www.google.com/)
033/100 200 https://docs.marlowe-lang.org/docs/developer-tools/runtime/runtime-protocol-reference/marlowetransfer-subprotocol
[2026-09-02 11:40:14] INFO: Fetched (200) <GET https://docs.marlowe-lang.org/docs/developer-tools/runtime/runtime-protocol-reference/query-protocol/> (referer: https://www.google.com/)
034/100 200 https://docs.marlowe-lang.org/docs/developer-tools/runtime/runtime-protocol-reference/query-protocol
[2026-09-02 11:40:15] INFO: Fetched (200) <GET https://docs.marlowe-lang.org/docs/developer-tools/runtime/runtime-protocol-reference/txjob-subprotocol/> (referer: https://www.google.com/)
035/100 200 https://docs.marlowe-lang.org/docs/developer-tools/runtime/runtime-protocol-reference/txjob-subprotocol
[2026-09-02 11:40:17] INFO: Fetched (200) <GET https://docs.marlowe-lang.org/docs/developer-tools/runtime/runtime-tutorial-actus-pam/> (referer: https://www.google.com/)
036/100 200 https://docs.marlowe-lang.org/docs/developer-tools/runtime/runtime-tutorial-actus-pam
[2026-09-02 11:40:18] INFO: Fetched (200) <GET https://docs.marlowe-lang.org/docs/developer-tools/runtime/services/marlowe-chain-indexer/> (referer: https://www.google.com/)
037/100 200 https://docs.marlowe-lang.org/docs/developer-tools/runtime/services/marlowe-chain-indexer
[2026-09-02 11:40:19] INFO: Fetched (200) <GET https://docs.marlowe-lang.org/docs/developer-tools/runtime/services/marlowe-chain-sync/> (referer: https://www.google.com/)
038/100 200 https://docs.marlowe-lang.org/docs/developer-tools/runtime/services/marlowe-chain-sync
[2026-09-02 11:40:20] INFO: Fetched (200) <GET https://docs.marlowe-lang.org/docs/developer-tools/runtime/services/marlowe-contract/> (referer: https://www.google.com/)
039/100 200 https://docs.marlowe-lang.org/docs/developer-tools/runtime/services/marlowe-contract
[2026-09-02 11:40:22] INFO: Fetched (200) <GET https://docs.marlowe-lang.org/docs/developer-tools/runtime/services/marlowe-indexer/> (referer: https://www.google.com/)
040/100 200 https://docs.marlowe-lang.org/docs/developer-tools/runtime/services/marlowe-indexer
[2026-09-02 11:40:23] INFO: Fetched (200) <GET https://docs.marlowe-lang.org/docs/developer-tools/runtime/services/marlowe-proxy/> (referer: https://www.google.com/)
041/100 200 https://docs.marlowe-lang.org/docs/developer-tools/runtime/services/marlowe-proxy
[2026-09-02 11:40:24] INFO: Fetched (200) <GET https://docs.marlowe-lang.org/docs/developer-tools/runtime/services/marlowe-sync/> (referer: https://www.google.com/)
042/100 200 https://docs.marlowe-lang.org/docs/developer-tools/runtime/services/marlowe-sync
[2026-09-02 11:40:25] INFO: Fetched (200) <GET https://docs.marlowe-lang.org/docs/developer-tools/runtime/services/marlowe-tx/> (referer: https://www.google.com/)
043/100 200 https://docs.marlowe-lang.org/docs/developer-tools/runtime/services/marlowe-tx
[2026-09-02 11:40:26] INFO: Fetched (200) <GET https://docs.marlowe-lang.org/docs/developer-tools/ts-sdk/payouts-dapp-prototype/> (referer: https://www.google.com/)
044/100 200 https://docs.marlowe-lang.org/docs/developer-tools/ts-sdk/payouts-dapp-prototype
[2026-09-02 11:40:28] INFO: Fetched (200) <GET https://docs.marlowe-lang.org/docs/developer-tools/ts-sdk/ts-sdk-intro/> (referer: https://www.google.com/)
045/100 200 https://docs.marlowe-lang.org/docs/developer-tools/ts-sdk/ts-sdk-intro
[2026-09-02 11:40:29] INFO: Fetched (200) <GET https://docs.marlowe-lang.org/docs/getting-started/building-deploying-smart-contract/> (referer: https://www.google.com/)
046/100 200 https://docs.marlowe-lang.org/docs/getting-started/building-deploying-smart-contract
[2026-09-02 11:40:31] INFO: Fetched (200) <GET https://docs.marlowe-lang.org/docs/getting-started/contract-gallery/> (referer: https://www.google.com/)
047/100 200 https://docs.marlowe-lang.org/docs/getting-started/contract-gallery
[2026-09-02 11:40:33] INFO: Fetched (200) <GET https://docs.marlowe-lang.org/docs/getting-started/learning-marlowe/> (referer: https://www.google.com/)
048/100 200 https://docs.marlowe-lang.org/docs/getting-started/learning-marlowe
[2026-09-02 11:40:34] INFO: Fetched (200) <GET https://docs.marlowe-lang.org/docs/getting-started/marlowe-scan/> (referer: https://www.google.com/)
049/100 200 https://docs.marlowe-lang.org/docs/getting-started/marlowe-scan
[2026-09-02 11:40:35] INFO: Fetched (200) <GET https://docs.marlowe-lang.org/docs/getting-started/marlowe-starter-kit/> (referer: https://www.google.com/)
050/100 200 https://docs.marlowe-lang.org/docs/getting-started/marlowe-starter-kit
[2026-09-02 11:40:37] INFO: Fetched (200) <GET https://docs.marlowe-lang.org/docs/getting-started/runner/> (referer: https://www.google.com/)
051/100 200 https://docs.marlowe-lang.org/docs/getting-started/runner
[2026-09-02 11:40:38] INFO: Fetched (200) <GET https://docs.marlowe-lang.org/docs/getting-started/sdk/> (referer: https://www.google.com/)
052/100 200 https://docs.marlowe-lang.org/docs/getting-started/sdk
[2026-09-02 11:40:39] INFO: Fetched (200) <GET https://docs.marlowe-lang.org/docs/introduction/> (referer: https://www.google.com/)
053/100 200 https://docs.marlowe-lang.org/docs/introduction
[2026-09-02 11:40:40] INFO: Fetched (200) <GET https://docs.marlowe-lang.org/docs/platform-and-architecture/architecture/> (referer: https://www.google.com/)
054/100 200 https://docs.marlowe-lang.org/docs/platform-and-architecture/architecture
[2026-09-02 11:40:42] INFO: Fetched (200) <GET https://docs.marlowe-lang.org/docs/platform-and-architecture/dsl/> (referer: https://www.google.com/)
055/100 200 https://docs.marlowe-lang.org/docs/platform-and-architecture/dsl
[2026-09-02 11:40:43] INFO: Fetched (200) <GET https://docs.marlowe-lang.org/docs/platform-and-architecture/large-contracts/> (referer: https://www.google.com/)
056/100 200 https://docs.marlowe-lang.org/docs/platform-and-architecture/large-contracts
[2026-09-02 11:40:44] INFO: Fetched (200) <GET https://docs.marlowe-lang.org/docs/platform-and-architecture/marlowe-language-guide/> (referer: https://www.google.com/)
057/100 200 https://docs.marlowe-lang.org/docs/platform-and-architecture/marlowe-language-guide
[2026-09-02 11:40:46] INFO: Fetched (200) <GET https://docs.marlowe-lang.org/docs/platform-and-architecture/object-format/> (referer: https://www.google.com/)
058/100 200 https://docs.marlowe-lang.org/docs/platform-and-architecture/object-format
[2026-09-02 11:40:47] INFO: Fetched (200) <GET https://docs.marlowe-lang.org/docs/platform-and-architecture/on-chain-limitations/> (referer: https://www.google.com/)
059/100 200 https://docs.marlowe-lang.org/docs/platform-and-architecture/on-chain-limitations
[2026-09-02 11:40:49] INFO: Fetched (200) <GET https://docs.marlowe-lang.org/docs/platform-and-architecture/platform/> (referer: https://www.google.com/)
060/100 200 https://docs.marlowe-lang.org/docs/platform-and-architecture/platform
[2026-09-02 11:40:50] INFO: Fetched (200) <GET https://docs.marlowe-lang.org/docs/platform-and-architecture/roles-in-marlowe/> (referer: https://www.google.com/)
061/100 200 https://docs.marlowe-lang.org/docs/platform-and-architecture/roles-in-marlowe
[2026-09-02 11:40:51] INFO: Fetched (200) <GET https://docs.marlowe-lang.org/docs/platform-and-architecture/versioning-policy/> (referer: https://www.google.com/)
062/100 200 https://docs.marlowe-lang.org/docs/platform-and-architecture/versioning-policy
[2026-09-02 11:40:53] INFO: Fetched (200) <GET https://docs.marlowe-lang.org/docs/support/contact/> (referer: https://www.google.com/)
063/100 200 https://docs.marlowe-lang.org/docs/support/contact
[2026-09-02 11:40:54] INFO: Fetched (200) <GET https://docs.marlowe-lang.org/docs/support/dev-discussions/> (referer: https://www.google.com/)
064/100 200 https://docs.marlowe-lang.org/docs/support/dev-discussions
[2026-09-02 11:40:55] INFO: Fetched (200) <GET https://docs.marlowe-lang.org/docs/user-journey/builder/> (referer: https://www.google.com/)
065/100 200 https://docs.marlowe-lang.org/docs/user-journey/builder
[2026-09-02 11:40:57] INFO: Fetched (200) <GET https://docs.marlowe-lang.org/docs/user-journey/contract-designer/> (referer: https://www.google.com/)
066/100 200 https://docs.marlowe-lang.org/docs/user-journey/contract-designer
[2026-09-02 11:40:58] INFO: Fetched (200) <GET https://docs.marlowe-lang.org/docs/user-journey/developer/> (referer: https://www.google.com/)
067/100 200 https://docs.marlowe-lang.org/docs/user-journey/developer
[2026-09-02 11:41:00] INFO: Fetched (200) <GET https://docs.marlowe-lang.org/docs/user-journey/marlowe-ecosystem/> (referer: https://www.google.com/)
068/100 200 https://docs.marlowe-lang.org/docs/user-journey/marlowe-ecosystem
[2026-09-02 11:41:01] INFO: Fetched (200) <GET https://docs.marlowe-lang.org/docs/user-journey/web3-user/> (referer: https://www.google.com/)
069/100 200 https://docs.marlowe-lang.org/docs/user-journey/web3-user
[2026-09-02 11:41:02] INFO: Fetched (200) <GET https://docs.marlowe-lang.org/tutorials/> (referer: https://www.google.com/)
070/100 200 https://docs.marlowe-lang.org/tutorials/
[2026-09-02 11:41:04] INFO: Fetched (200) <GET https://docs.marlowe-lang.org/tutorials/concepts/actus-marlowe/> (referer: https://www.google.com/)
071/100 200 https://docs.marlowe-lang.org/tutorials/concepts/actus-marlowe
[2026-09-02 11:41:05] INFO: Fetched (200) <GET https://docs.marlowe-lang.org/tutorials/concepts/embedded-marlowe/> (referer: https://www.google.com/)
072/100 200 https://docs.marlowe-lang.org/tutorials/concepts/embedded-marlowe
[2026-09-02 11:41:06] INFO: Fetched (200) <GET https://docs.marlowe-lang.org/tutorials/concepts/escrow-ex/> (referer: https://www.google.com/)
073/100 200 https://docs.marlowe-lang.org/tutorials/concepts/escrow-ex
[2026-09-02 11:41:08] INFO: Fetched (200) <GET https://docs.marlowe-lang.org/tutorials/concepts/escrow-step-by-step/> (referer: https://www.google.com/)
074/100 200 https://docs.marlowe-lang.org/tutorials/concepts/escrow-step-by-step
[2026-09-02 11:41:09] INFO: Fetched (200) <GET https://docs.marlowe-lang.org/tutorials/concepts/javascript-embedding/> (referer: https://www.google.com/)
075/100 200 https://docs.marlowe-lang.org/tutorials/concepts/javascript-embedding
[2026-09-02 11:41:11] INFO: Fetched (200) <GET https://docs.marlowe-lang.org/tutorials/concepts/marlowe-data/> (referer: https://www.google.com/)
076/100 200 https://docs.marlowe-lang.org/tutorials/concepts/marlowe-data
[2026-09-02 11:41:12] INFO: Fetched (200) <GET https://docs.marlowe-lang.org/tutorials/concepts/marlowe-model/> (referer: https://www.google.com/)
077/100 200 https://docs.marlowe-lang.org/tutorials/concepts/marlowe-model
[2026-09-02 11:41:14] INFO: Fetched (200) <GET https://docs.marlowe-lang.org/tutorials/concepts/marlowe-plutus/> (referer: https://www.google.com/)
078/100 200 https://docs.marlowe-lang.org/tutorials/concepts/marlowe-plutus
[2026-09-02 11:41:15] INFO: Fetched (200) <GET https://docs.marlowe-lang.org/tutorials/concepts/marlowe-semantics/> (referer: https://www.google.com/)
079/100 200 https://docs.marlowe-lang.org/tutorials/concepts/marlowe-semantics
[2026-09-02 11:41:17] INFO: Fetched (200) <GET https://docs.marlowe-lang.org/tutorials/concepts/marlowe-step-by-step/> (referer: https://www.google.com/)
080/100 200 https://docs.marlowe-lang.org/tutorials/concepts/marlowe-step-by-step
[2026-09-02 11:41:18] INFO: Fetched (200) <GET https://docs.marlowe-lang.org/tutorials/concepts/minutxo/> (referer: https://www.google.com/)
081/100 200 https://docs.marlowe-lang.org/tutorials/concepts/minutxo
[2026-09-02 11:41:19] INFO: Fetched (200) <GET https://docs.marlowe-lang.org/tutorials/concepts/overview/> (referer: https://www.google.com/)
082/100 200 https://docs.marlowe-lang.org/tutorials/concepts/overview
[2026-09-02 11:41:20] INFO: Fetched (200) <GET https://docs.marlowe-lang.org/tutorials/concepts/playground-overview/> (referer: https://www.google.com/)
083/100 200 https://docs.marlowe-lang.org/tutorials/concepts/playground-overview
[2026-09-02 11:41:22] INFO: Fetched (200) <GET https://docs.marlowe-lang.org/tutorials/concepts/potential-problems-with-contracts/> (referer: https://www.google.com/)
084/100 200 https://docs.marlowe-lang.org/tutorials/concepts/potential-problems-with-contracts
[2026-09-02 11:41:24] INFO: Fetched (200) <GET https://docs.marlowe-lang.org/tutorials/concepts/using-marlowe/> (referer: https://www.google.com/)
085/100 200 https://docs.marlowe-lang.org/tutorials/concepts/using-marlowe
[2026-09-02 11:41:25] INFO: Fetched (200) <GET https://docs.marlowe-lang.org/tutorials/guides/deployment-options/> (referer: https://www.google.com/)
086/100 200 https://docs.marlowe-lang.org/tutorials/guides/deployment-options
[2026-09-02 11:41:27] INFO: Fetched (200) <GET https://docs.marlowe-lang.org/tutorials/guides/escrow-rest/> (referer: https://www.google.com/)
087/100 200 https://docs.marlowe-lang.org/tutorials/guides/escrow-rest
[2026-09-02 11:41:29] INFO: Fetched (200) <GET https://docs.marlowe-lang.org/tutorials/guides/marlowe-cli/> (referer: https://www.google.com/)
088/100 200 https://docs.marlowe-lang.org/tutorials/guides/marlowe-cli
[2026-09-02 11:41:30] INFO: Fetched (200) <GET https://docs.marlowe-lang.org/tutorials/guides/overview/> (referer: https://www.google.com/)
089/100 200 https://docs.marlowe-lang.org/tutorials/guides/overview
[2026-09-02 11:41:31] INFO: Fetched (200) <GET https://docs.marlowe-lang.org/tutorials/guides/preliminaries/> (referer: https://www.google.com/)
090/100 200 https://docs.marlowe-lang.org/tutorials/guides/preliminaries
[2026-09-02 11:41:33] INFO: Fetched (200) <GET https://docs.marlowe-lang.org/tutorials/guides/runtime-cli/> (referer: https://www.google.com/)
091/100 200 https://docs.marlowe-lang.org/tutorials/guides/runtime-cli
[2026-09-02 11:41:35] INFO: Fetched (200) <GET https://docs.marlowe-lang.org/tutorials/guides/runtime-rest/> (referer: https://www.google.com/)
092/100 200 https://docs.marlowe-lang.org/tutorials/guides/runtime-rest
[2026-09-02 11:41:36] INFO: Fetched (200) <GET https://docs.marlowe-lang.org/tutorials/guides/static-analysis/> (referer: https://www.google.com/)
093/100 200 https://docs.marlowe-lang.org/tutorials/guides/static-analysis
[2026-09-02 11:41:38] INFO: Fetched (200) <GET https://docs.marlowe-lang.org/tutorials/guides/swap-rest/> (referer: https://www.google.com/)
094/100 200 https://docs.marlowe-lang.org/tutorials/guides/swap-rest
[2026-09-02 11:41:40] INFO: Fetched (200) <GET https://docs.marlowe-lang.org/tutorials/playbooks/deploying-marlowe-runtime/> (referer: https://www.google.com/)
095/100 200 https://docs.marlowe-lang.org/tutorials/playbooks/deploying-marlowe-runtime
[2026-09-02 11:41:41] INFO: Fetched (200) <GET https://docs.marlowe-lang.org/tutorials/playbooks/migrating/> (referer: https://www.google.com/)
096/100 200 https://docs.marlowe-lang.org/tutorials/playbooks/migrating
[2026-09-02 11:41:42] INFO: Fetched (200) <GET https://docs.marlowe-lang.org/tutorials/playbooks/monolithic-workflow/> (referer: https://www.google.com/)
097/100 200 https://docs.marlowe-lang.org/tutorials/playbooks/monolithic-workflow
[2026-09-02 11:41:44] INFO: Fetched (200) <GET https://docs.marlowe-lang.org/tutorials/playbooks/overview/> (referer: https://www.google.com/)
098/100 200 https://docs.marlowe-lang.org/tutorials/playbooks/overview
[2026-09-02 11:41:45] INFO: Fetched (200) <GET https://docs.marlowe-lang.org/tutorials/videos/> (referer: https://www.google.com/)
099/100 200 https://docs.marlowe-lang.org/tutorials/videos
[2026-09-02 11:41:46] INFO: Fetched (200) <GET https://docs.marlowe-lang.org/> (referer: https://www.google.com/)
100/100 200 https://docs.marlowe-lang.org/
{
  "sitemap_url_count": 100,
  "successful": 100,
  "failed": 0
}
