unpacking 'github:input-output-hk/haskell.nix/238583f51afcd39e2672349bcc6891f471474619?narHash=sha256-a2q%2BzyLjY1PeYeHU1128Wi3YOtKuROttvU3F%2BynuKd0%3D' into the Git cache...
unpacking 'github:nix-systems/default/da67096a3b9bf56a91d16901293e51ba5b49a27e?narHash=sha256-Vy1rq5AaRuLzOxct8nz4T6wlgyUR7zLU309k9mBC768%3D' into the Git cache...
evaluating 'devShells'...
evaluating 'packages'...
evaluating 'packages'...
evaluating 'devShells'...
evaluating 'packages.aarch64-linux'...
evaluating 'packages.x86_64-linux'...
evaluating 'packages.x86_64-darwin'...
evaluating 'packages.aarch64-darwin'...
evaluating 'devShells.aarch64-linux'...
evaluating 'devShells.x86_64-linux'...
evaluating 'devShells.x86_64-darwin'...
evaluating 'devShells.aarch64-darwin'...
evaluating 'devShells.x86_64-linux.default'...
unpacking 'github:input-output-hk/hackage.nix/c87a0fb516bcec9bb6c36aed6e63033fd18bdbd4?narHash=sha256-GEeohsaExTw9hHtNIUtQxHcgZ%2B/Fn2TRLsm5913S36A%3D' into the Git cache...
copying path '/nix/store/gnjhhn720klc1ih868753as6hgm66bjd-supported-languages' from 'https://cache.iog.io'...
copying path '/nix/store/54d0q99z1z0mc1x2x0ip52a8qh5k86ir-dummy-ghc-pkg-dump' from 'https://cache.iog.io'...
copying path '/nix/store/jprfhj3dzs048dc7nayni3bimswhz78z-pkg-config-wrapper-0.29.2' from 'https://cache.iog.io'...
building '/nix/store/6j9vyxnzcb5njs0mggwkisrarklvjy43-cabal.project.drv'...
building '/nix/store/vldxmyqqazamkx9ds4nnx6fm3mbdwgcl-01-index.tar.gz-at-2025-12-19T204409Z.drv'...
copying path '/nix/store/gyna0mfpkg56ilswnx1d0v504zcknzgd-dummy-ghc-9.8.4' from 'https://cache.iog.io'...
copying path '/nix/store/p67jfh3n4ks4ivg2g3imz7frs9pcv9k6-dummy-pkg-ghc-9.8.4' from 'https://cache.iog.io'...
building '/nix/store/fq41hjkq3lkjyyd59v6b9991gxw282j9-hackage-repo-hackage.haskell.org.drv'...
building '/nix/store/wh1shm3crga3iqwnhrpi4lbhadsp9kwv-cabal-bootstrap-index-tarball-hackage.haskell.org.drv'...
building '/nix/store/l32siw12imml1izif0k4wbgpmv9ikb22-dot-cabal.drv'...
building '/nix/store/bbfdxjilwjg4w9b6l8jbm9qqlk6c1i5g-marlowe-plan-to-nix-pkgs.drv'...
