{"case": 1, "id": "LitUInt-positive", "matchesExpected": true}
{"case": 2, "id": "LitUInt-reject", "matchesExpected": true}
{"case": 3, "id": "LitSInt-positive", "matchesExpected": true}
{"case": 4, "id": "LitSInt-reject", "matchesExpected": true}
{"case": 5, "id": "LitBool-positive", "matchesExpected": true}
{"case": 6, "id": "LitBool-reject", "matchesExpected": true}
{"case": 7, "id": "LitText-positive", "matchesExpected": true}
{"case": 8, "id": "LitText-reject", "matchesExpected": true}
{"case": 9, "id": "LitAmount-positive", "matchesExpected": true}
{"case": 10, "id": "LitAmount-reject", "matchesExpected": true}
{"case": 11, "id": "LitQuantity-positive", "matchesExpected": true}
{"case": 12, "id": "LitQuantity-reject", "matchesExpected": true}
{"case": 13, "id": "LitShares-positive", "matchesExpected": true}
{"case": 14, "id": "LitShares-reject", "matchesExpected": true}
{"case": 15, "id": "LitRate-positive", "matchesExpected": true}
{"case": 16, "id": "LitRate-reject", "matchesExpected": true}
{"case": 17, "id": "LitPrice-positive", "matchesExpected": true}
{"case": 18, "id": "LitPrice-reject", "matchesExpected": true}
{"case": 19, "id": "ReadArg-positive", "matchesExpected": true}
{"case": 20, "id": "ReadArg-reject", "matchesExpected": true}
{"case": 21, "id": "ReadObs-positive", "matchesExpected": true}
{"case": 22, "id": "ReadObs-reject", "matchesExpected": true}
{"case": 23, "id": "ProjectField-positive", "matchesExpected": true}
{"case": 24, "id": "ProjectField-reject", "matchesExpected": true}
{"case": 25, "id": "AccessField-positive", "matchesExpected": true}
{"case": 26, "id": "AccessField-reject", "matchesExpected": true}
{"case": 27, "id": "ProjectIndex-positive", "matchesExpected": true}
{"case": 28, "id": "ProjectIndex-reject", "matchesExpected": true}
{"case": 29, "id": "AccessIndex-positive", "matchesExpected": true}
{"case": 30, "id": "AccessIndex-reject", "matchesExpected": true}
{"case": 31, "id": "ConstructRecord-positive", "matchesExpected": true}
{"case": 32, "id": "ConstructRecord-reject", "matchesExpected": true}
{"case": 33, "id": "ConstructEnum-positive", "matchesExpected": true}
{"case": 34, "id": "ConstructEnum-reject", "matchesExpected": true}
{"case": 35, "id": "ConstructSome-positive", "matchesExpected": true}
{"case": 36, "id": "ConstructSome-reject", "matchesExpected": true}
{"case": 37, "id": "ConstructNone-positive", "matchesExpected": true}
{"case": 38, "id": "ConstructNone-reject", "matchesExpected": true}
{"case": 39, "id": "ConstructCollection-positive", "matchesExpected": true}
{"case": 40, "id": "ConstructCollection-reject", "matchesExpected": true}
{"case": 41, "id": "Add-positive", "matchesExpected": true}
{"case": 42, "id": "Add-reject", "matchesExpected": true}
{"case": 43, "id": "Sub-positive", "matchesExpected": true}
{"case": 44, "id": "Sub-reject", "matchesExpected": true}
{"case": 45, "id": "Mul-positive", "matchesExpected": true}
{"case": 46, "id": "Mul-reject", "matchesExpected": true}
{"case": 47, "id": "FloorDiv-positive", "matchesExpected": true}
{"case": 48, "id": "FloorDiv-reject", "matchesExpected": true}
{"case": 49, "id": "CeilDiv-positive", "matchesExpected": true}
{"case": 50, "id": "CeilDiv-reject", "matchesExpected": true}
{"case": 51, "id": "Eq-positive", "matchesExpected": true}
{"case": 52, "id": "Eq-reject", "matchesExpected": true}
{"case": 53, "id": "Lt-positive", "matchesExpected": true}
{"case": 54, "id": "Lt-reject", "matchesExpected": true}
{"case": 55, "id": "Lte-positive", "matchesExpected": true}
{"case": 56, "id": "Lte-reject", "matchesExpected": true}
{"case": 57, "id": "Gt-positive", "matchesExpected": true}
{"case": 58, "id": "Gt-reject", "matchesExpected": true}
{"case": 59, "id": "Gte-positive", "matchesExpected": true}
{"case": 60, "id": "Gte-reject", "matchesExpected": true}
{"case": 61, "id": "Not-positive", "matchesExpected": true}
{"case": 62, "id": "Not-reject", "matchesExpected": true}
{"case": 63, "id": "And-short-circuit-positive-v1", "matchesExpected": true}
{"case": 64, "id": "And-reject", "matchesExpected": true}
{"case": 65, "id": "Or-short-circuit-positive-v1", "matchesExpected": true}
{"case": 66, "id": "Or-reject", "matchesExpected": true}
{"case": 67, "id": "ReadLocal-positive", "matchesExpected": true}
{"case": 68, "id": "ReadLocal-reject", "matchesExpected": true}
{"case": 69, "id": "ReadPre-positive", "matchesExpected": true}
{"case": 70, "id": "ReadPre-reject", "matchesExpected": true}
{"case": 71, "id": "Require-positive", "matchesExpected": true}
{"case": 72, "id": "Require-reject", "matchesExpected": true}
{"case": 73, "id": "Let-positive", "matchesExpected": true}
{"case": 74, "id": "Let-reject", "matchesExpected": true}
{"case": 75, "id": "NextWrite-positive", "matchesExpected": true}
{"case": 76, "id": "NextWrite-reject", "matchesExpected": true}
{"case": 77, "id": "Ensure-positive", "matchesExpected": true}
{"case": 78, "id": "Ensure-reject", "matchesExpected": true}
{"case": 79, "id": "Emit-positive", "matchesExpected": true}
{"case": 80, "id": "Emit-reject", "matchesExpected": true}
{"case": 81, "id": "rollback-descriptor", "matchesExpected": true}
{"case": 82, "id": "malformed-decimal-\"\"", "matchesExpected": true}
{"case": 83, "id": "malformed-decimal-\"-\"", "matchesExpected": true}
{"case": 84, "id": "malformed-decimal-\"+\"", "matchesExpected": true}
{"case": 85, "id": "malformed-decimal-\"00\"", "matchesExpected": true}
{"case": 86, "id": "malformed-decimal-\"-0\"", "matchesExpected": true}
{"case": 87, "id": "malformed-name-\"\"", "matchesExpected": true}
{"case": 88, "id": "malformed-name-\"-\"", "matchesExpected": true}
{"case": 89, "id": "malformed-name-\"1bad\"", "matchesExpected": true}
{"case": 90, "id": "empty-text", "matchesExpected": true}
{"case": 91, "id": "dead-dynamic-right", "matchesExpected": true}
{"case": 92, "id": "selected-right-work", "matchesExpected": true}
{"case": 93, "id": "prefix-rollback-work", "matchesExpected": true}
{"case": 94, "id": "utf8-parent-span", "matchesExpected": true}
{"case": 95, "id": "schema-cycle", "matchesExpected": true}
{"case": 96, "id": "zero-work-root", "matchesExpected": true}
{"case": 97, "id": "static-before-zero-work", "matchesExpected": true}
{"case": 98, "id": "duplicate-write", "matchesExpected": true}
{"case": 99, "id": "financial-write-forbidden", "matchesExpected": true}
{"case": 100, "id": "ensure-suffix", "matchesExpected": true}
{"case": 101, "id": "dead-input-still-admitted", "matchesExpected": true}
{"case": 102, "id": "ast-depth-64", "matchesExpected": true}
{"case": 103, "id": "ast-depth-65", "matchesExpected": true}
{"case": 104, "id": "invalid-span-fallback", "matchesExpected": true}
{"case": 105, "id": "metadata-depth-1500", "matchesExpected": true}
{"case": 106, "id": "metadata-depth-5947", "matchesExpected": true}
{"case": 107, "id": "metadata-depth-5948", "matchesExpected": true}
{"case": 108, "id": "LitText-k-token-backspace", "matchesExpected": true}
{"status": "HarnessError", "code": "EXPRESSION_TRANSPORT"}
