{"case": 1, "id": "chain-originate", "matchesExpected": true}
{"case": 2, "id": "chain-accrue", "matchesExpected": true}
{"case": 3, "id": "chain-repay", "matchesExpected": true}
{"case": 4, "id": "chain-settle", "matchesExpected": true}
{"case": 5, "id": "duplicate-accrual", "matchesExpected": true}
{"case": 6, "id": "duplicate-accrual-retry", "matchesExpected": true}
{"case": 7, "id": "repeated-period", "matchesExpected": true}
{"case": 8, "id": "repeated-period-retry", "matchesExpected": true}
{"case": 9, "id": "early-period", "matchesExpected": true}
{"case": 10, "id": "early-period-retry", "matchesExpected": true}
{"case": 11, "id": "incurred-cap-after-repay", "matchesExpected": true}
{"case": 12, "id": "incurred-cap-after-repay-retry", "matchesExpected": true}
{"case": 13, "id": "insufficient-funding", "matchesExpected": true}
{"case": 14, "id": "insufficient-funding-retry", "matchesExpected": true}
{"case": 15, "id": "settled-source-guard", "matchesExpected": true}
{"case": 16, "id": "late-false-ensure", "matchesExpected": true}
{"case": 17, "id": "late-false-ensure-retry", "matchesExpected": true}
{"case": 18, "id": "malformed-unrelated-allowance", "matchesExpected": true}
{"case": 19, "id": "malformed-unrelated-allowance-retry", "matchesExpected": true}
{"case": 20, "id": "work-mismatch", "matchesExpected": true}
{"case": 21, "id": "work-mismatch-retry", "matchesExpected": true}
{"case": 22, "id": "alternate-floor-origin", "matchesExpected": true}
{"case": 23, "id": "alternate-floor-accrue", "matchesExpected": true}
{"case": 24, "id": "alternate-ceil-origin", "matchesExpected": true}
{"case": 25, "id": "alternate-ceil-accrue", "matchesExpected": true}
{"case": 26, "id": "alternate-zero-origin", "matchesExpected": true}
{"case": 27, "id": "alternate-zero-accrue", "matchesExpected": true}
{"case": 28, "id": "alternate-zero-repeat", "matchesExpected": true}
{"case": 29, "id": "alternate-cap118-origin", "matchesExpected": true}
{"case": 30, "id": "alternate-cap118-accrue", "matchesExpected": true}
{"case": 31, "id": "alternate-cap118-repay", "matchesExpected": true}
{"case": 32, "id": "alternate-cap118-second-accrue", "matchesExpected": true}
{"case": 33, "id": "round-floor", "matchesExpected": true}
{"case": 34, "id": "round-ceil", "matchesExpected": true}
{"case": 35, "id": "zero-interest", "matchesExpected": true}
{"case": 36, "id": "late-explicit", "matchesExpected": true}
{"case": 37, "id": "late-skip", "matchesExpected": true}
{"case": 38, "id": "cap-independent-alternate", "matchesExpected": true}
{"case": 39, "id": "funding-missing", "matchesExpected": true}
{"case": 40, "id": "funding-future", "matchesExpected": true}
{"case": 41, "id": "funding-prior-invocation", "matchesExpected": true}
{"case": 42, "id": "funding-direction", "matchesExpected": true}
{"case": 43, "id": "funding-amount-99", "matchesExpected": true}
{"case": 44, "id": "funding-amount-101", "matchesExpected": true}
{"case": 45, "id": "funding-reuse", "matchesExpected": true}
{"case": 46, "id": "funding-partial-reuse", "matchesExpected": true}
{"case": 47, "id": "origin-duplicate", "matchesExpected": true}
{"case": 48, "id": "origin-duplicate-obligation", "matchesExpected": true}
{"case": 49, "id": "origin-duplicate-origin-id", "matchesExpected": true}
{"case": 50, "id": "settled-accrue", "matchesExpected": true}
{"case": 51, "id": "settled-repay-kernel", "matchesExpected": true}
{"case": 52, "id": "product-overflow", "matchesExpected": true}
{"case": 53, "id": "boundary-before-cap", "matchesExpected": true}
{"case": 54, "id": "nominal-range", "matchesExpected": true}
{"case": 55, "id": "closed-admission-denominator", "matchesExpected": true}
{"case": 56, "id": "closed-admission-rounding", "matchesExpected": true}
{"case": 57, "id": "nominal-cap-input-range", "matchesExpected": true}
{"case": 58, "id": "duplicate-before-period", "matchesExpected": true}
{"case": 59, "id": "period-before-time-0", "matchesExpected": true}
{"case": 60, "id": "period-before-time-1", "matchesExpected": true}
{"case": 61, "id": "period-before-time-3", "matchesExpected": true}
{"case": 62, "id": "closed-admission-extra", "matchesExpected": true}
{"case": 63, "id": "closed-admission-newline", "matchesExpected": true}
{"case": 64, "id": "closed-admission-number", "matchesExpected": true}
{"case": 65, "id": "empty-before-suffix", "matchesExpected": true}
{"case": 66, "id": "kernel-before-ensure", "matchesExpected": true}
{"case": 67, "id": "units", "matchesExpected": true}
{"case": 68, "id": "units-post-kernel", "matchesExpected": true}
{"case": 69, "id": "unrelated-invalid-before-guard", "matchesExpected": true}
{"case": 70, "id": "post-scope", "matchesExpected": true}
{"case": 71, "id": "post-scope-dead-branch", "matchesExpected": true}
{"case": 72, "id": "pre-versus-post-missing", "matchesExpected": true}
{"case": 73, "id": "frozen-originate-work-99", "matchesExpected": true}
{"case": 74, "id": "frozen-originate-work-98", "matchesExpected": true}
{"case": 75, "id": "frozen-originate-work-37", "matchesExpected": true}
{"case": 76, "id": "frozen-originate-work-38", "matchesExpected": true}
{"case": 77, "id": "frozen-accrue-work-65", "matchesExpected": true}
{"case": 78, "id": "frozen-accrue-work-64", "matchesExpected": true}
{"case": 79, "id": "frozen-accrue-work-10", "matchesExpected": true}
{"case": 80, "id": "frozen-accrue-work-11", "matchesExpected": true}
{"case": 81, "id": "frozen-repay-work-88", "matchesExpected": true}
{"case": 82, "id": "frozen-repay-work-87", "matchesExpected": true}
{"case": 83, "id": "frozen-repay-work-36", "matchesExpected": true}
{"case": 84, "id": "frozen-repay-work-37", "matchesExpected": true}
{"case": 85, "id": "frozen-settle-work-86", "matchesExpected": true}
{"case": 86, "id": "frozen-settle-work-85", "matchesExpected": true}
{"case": 87, "id": "frozen-settle-work-34", "matchesExpected": true}
{"case": 88, "id": "frozen-settle-work-35", "matchesExpected": true}
{"case": 89, "id": "work-9", "matchesExpected": true}
{"case": 90, "id": "work-8", "matchesExpected": true}
{"case": 91, "id": "work-6", "matchesExpected": true}
{"case": 92, "id": "work-7", "matchesExpected": true}
{"case": 93, "id": "history-127-to128", "matchesExpected": true}
{"case": 94, "id": "history-129", "matchesExpected": true}
{"case": 95, "id": "amount-full-u128", "matchesExpected": true}
{"case": 96, "id": "amount-signed-limit", "matchesExpected": true}
{"case": 97, "id": "unrelated-history-capacity", "matchesExpected": true}
{"case": 98, "id": "result-bytes", "matchesExpected": true}
{"case": 99, "id": "result-bytes-exact-kernel", "matchesExpected": true}
{"case": 100, "id": "result-bytes-suffix-width", "matchesExpected": true}
