✖ source diagnostic lexical order: elaborate access_field(unknown(), "bad field") (4.219653ms)
✖ source diagnostic lexical order: elaborate access_field(i128(1+2), "bad field") (0.551811ms)
✖ source diagnostic lexical order: elaborate access_field(access_field(unknown(), "bad inner"), "bad outer") (0.55609ms)
✔ source diagnostic lexical order: elaborate access_field(1, "bad field") (0.592418ms)
✔ source diagnostic lexical order: elaborate access_field(missing, "bad field") (0.474711ms)
✔ source diagnostic lexical order: elaborate access_field(unknown()) (0.317914ms)
✔ source diagnostic lexical order: elaborate access_index(unknown(), i128(1+2)) (0.246432ms)
✔ source diagnostic lexical order: elaborate floor_div(unknown(), i128(1+2)) (0.214247ms)
✔ source diagnostic lexical order: elaborate amount(1+2, unknown()) (0.299083ms)
✔ source diagnostic lexical order: elaborate shares(1+2, unknown(), missing()) (0.292494ms)
✔ source diagnostic lexical order: elaborate rate(1+2, unknown()) (0.620215ms)
✔ source diagnostic lexical order: elaborate price(1+2, unknown(), missing(), bad()) (0.172325ms)
✖ source diagnostic lexical order: check access_field(unknown(), "bad field") (0.347977ms)
✖ source diagnostic lexical order: check access_field(i128(1+2), "bad field") (0.246874ms)
✖ source diagnostic lexical order: check access_field(access_field(unknown(), "bad inner"), "bad outer") (0.41731ms)
✔ source diagnostic lexical order: check access_field(1, "bad field") (0.268119ms)
✔ source diagnostic lexical order: check access_field(missing, "bad field") (0.178007ms)
✔ source diagnostic lexical order: check access_field(unknown()) (0.470704ms)
✔ source diagnostic lexical order: check access_index(unknown(), i128(1+2)) (0.404922ms)
✔ source diagnostic lexical order: check floor_div(unknown(), i128(1+2)) (0.401518ms)
✔ source diagnostic lexical order: check amount(1+2, unknown()) (0.218654ms)
✔ source diagnostic lexical order: check shares(1+2, unknown(), missing()) (0.132584ms)
✔ source diagnostic lexical order: check rate(1+2, unknown()) (0.132034ms)
✔ source diagnostic lexical order: check price(1+2, unknown(), missing(), bad()) (0.151528ms)
✖ source diagnostic lexical order: evaluate access_field(unknown(), "bad field") (0.527997ms)
✖ source diagnostic lexical order: evaluate access_field(i128(1+2), "bad field") (0.328446ms)
✖ source diagnostic lexical order: evaluate access_field(access_field(unknown(), "bad inner"), "bad outer") (0.239508ms)
✔ source diagnostic lexical order: evaluate access_field(1, "bad field") (0.173509ms)
✔ source diagnostic lexical order: evaluate access_field(missing, "bad field") (0.282427ms)
✔ source diagnostic lexical order: evaluate access_field(unknown()) (0.145601ms)
✔ source diagnostic lexical order: evaluate access_index(unknown(), i128(1+2)) (0.111289ms)
✔ source diagnostic lexical order: evaluate floor_div(unknown(), i128(1+2)) (0.150598ms)
✔ source diagnostic lexical order: evaluate amount(1+2, unknown()) (0.144119ms)
✔ source diagnostic lexical order: evaluate shares(1+2, unknown(), missing()) (0.141782ms)
✔ source diagnostic lexical order: evaluate rate(1+2, unknown()) (0.107431ms)
✔ source diagnostic lexical order: evaluate price(1+2, unknown(), missing(), bad()) (0.145455ms)
ℹ tests 36
ℹ suites 0
ℹ pass 27
ℹ fail 9
ℹ cancelled 0
ℹ skipped 0
ℹ todo 0
ℹ duration_ms 113.9527

✖ failing tests:

test at experiments/moriarty-language/tests/expression-source-v1.test.mjs:26:5
✖ source diagnostic lexical order: elaborate access_field(unknown(), "bad field") (4.219653ms)
  AssertionError [ERR_ASSERTION]: Expected values to be strictly deep-equal:
  + actual - expected
  
    {
  +   code: 'SOURCE_LITERAL_SHAPE',
  -   code: 'SOURCE_CALL',
      nodePath: [],
      span: {
  +     end: '142',
  -     end: '129',
        kind: 'source',
  +     start: '131'
  -     start: '120'
      },
      status: 'Rejected',
      workUsed: '0'
    }
  
      at TestContext.<anonymous> (file:///home/charl/Moriarty-expression-source-correction/experiments/moriarty-language/tests/expression-source-v1.test.mjs:32:14)
      at Test.runInAsyncScope (node:async_hooks:227:14)
      at Test.run (node:internal/test_runner/test:1325:25)
      at Test.start (node:internal/test_runner/test:1191:17)
      at startSubtestAfterBootstrap (node:internal/test_runner/harness:385:17) {
    generatedMessage: true,
    code: 'ERR_ASSERTION',
    actual: { status: 'Rejected', code: 'SOURCE_LITERAL_SHAPE', span: { kind: 'source', start: '131', end: '142' }, nodePath: [], workUsed: '0' },
    expected: { status: 'Rejected', code: 'SOURCE_CALL', span: { kind: 'source', start: '120', end: '129' }, nodePath: [], workUsed: '0' },
    operator: 'deepStrictEqual',
    diff: 'simple'
  }

test at experiments/moriarty-language/tests/expression-source-v1.test.mjs:26:5
✖ source diagnostic lexical order: elaborate access_field(i128(1+2), "bad field") (0.551811ms)
  AssertionError [ERR_ASSERTION]: Expected values to be strictly deep-equal:
  + actual - expected
  
    {
      code: 'SOURCE_LITERAL_SHAPE',
      nodePath: [],
      span: {
  +     end: '142',
  -     end: '128',
        kind: 'source',
  +     start: '131'
  -     start: '125'
      },
      status: 'Rejected',
      workUsed: '0'
    }
  
      at TestContext.<anonymous> (file:///home/charl/Moriarty-expression-source-correction/experiments/moriarty-language/tests/expression-source-v1.test.mjs:32:14)
      at Test.runInAsyncScope (node:async_hooks:227:14)
      at Test.run (node:internal/test_runner/test:1325:25)
      at Test.processPendingSubtests (node:internal/test_runner/test:911:18)
      at Test.postRun (node:internal/test_runner/test:1465:19)
      at Test.run (node:internal/test_runner/test:1390:12)
      at async startSubtestAfterBootstrap (node:internal/test_runner/harness:385:3) {
    generatedMessage: true,
    code: 'ERR_ASSERTION',
    actual: { status: 'Rejected', code: 'SOURCE_LITERAL_SHAPE', span: { kind: 'source', start: '131', end: '142' }, nodePath: [], workUsed: '0' },
    expected: { status: 'Rejected', code: 'SOURCE_LITERAL_SHAPE', span: { kind: 'source', start: '125', end: '128' }, nodePath: [], workUsed: '0' },
    operator: 'deepStrictEqual',
    diff: 'simple'
  }

test at experiments/moriarty-language/tests/expression-source-v1.test.mjs:26:5
✖ source diagnostic lexical order: elaborate access_field(access_field(unknown(), "bad inner"), "bad outer") (0.55609ms)
  AssertionError [ERR_ASSERTION]: Expected values to be strictly deep-equal:
  + actual - expected
  
    {
  +   code: 'SOURCE_LITERAL_SHAPE',
  -   code: 'SOURCE_CALL',
      nodePath: [],
      span: {
  +     end: '169',
  -     end: '142',
        kind: 'source',
  +     start: '158'
  -     start: '133'
      },
      status: 'Rejected',
      workUsed: '0'
    }
  
      at TestContext.<anonymous> (file:///home/charl/Moriarty-expression-source-correction/experiments/moriarty-language/tests/expression-source-v1.test.mjs:32:14)
      at Test.runInAsyncScope (node:async_hooks:227:14)
      at Test.run (node:internal/test_runner/test:1325:25)
      at Test.processPendingSubtests (node:internal/test_runner/test:911:18)
      at Test.postRun (node:internal/test_runner/test:1465:19)
      at Test.run (node:internal/test_runner/test:1390:12)
      at async Test.processPendingSubtests (node:internal/test_runner/test:911:7) {
    generatedMessage: true,
    code: 'ERR_ASSERTION',
    actual: { status: 'Rejected', code: 'SOURCE_LITERAL_SHAPE', span: { kind: 'source', start: '158', end: '169' }, nodePath: [], workUsed: '0' },
    expected: { status: 'Rejected', code: 'SOURCE_CALL', span: { kind: 'source', start: '133', end: '142' }, nodePath: [], workUsed: '0' },
    operator: 'deepStrictEqual',
    diff: 'simple'
  }

test at experiments/moriarty-language/tests/expression-source-v1.test.mjs:26:5
✖ source diagnostic lexical order: check access_field(unknown(), "bad field") (0.347977ms)
  AssertionError [ERR_ASSERTION]: Expected values to be strictly deep-equal:
  + actual - expected
  
    {
  +   code: 'SOURCE_LITERAL_SHAPE',
  -   code: 'SOURCE_CALL',
      nodePath: [],
      span: {
  +     end: '142',
  -     end: '129',
        kind: 'source',
  +     start: '131'
  -     start: '120'
      },
      status: 'Rejected',
      workUsed: '0'
    }
  
      at TestContext.<anonymous> (file:///home/charl/Moriarty-expression-source-correction/experiments/moriarty-language/tests/expression-source-v1.test.mjs:32:14)
      at Test.runInAsyncScope (node:async_hooks:227:14)
      at Test.run (node:internal/test_runner/test:1325:25)
      at Test.processPendingSubtests (node:internal/test_runner/test:911:18)
      at Test.postRun (node:internal/test_runner/test:1465:19)
      at Test.run (node:internal/test_runner/test:1390:12)
      at async Test.processPendingSubtests (node:internal/test_runner/test:911:7) {
    generatedMessage: true,
    code: 'ERR_ASSERTION',
    actual: { status: 'Rejected', code: 'SOURCE_LITERAL_SHAPE', span: { kind: 'source', start: '131', end: '142' }, nodePath: [], workUsed: '0' },
    expected: { status: 'Rejected', code: 'SOURCE_CALL', span: { kind: 'source', start: '120', end: '129' }, nodePath: [], workUsed: '0' },
    operator: 'deepStrictEqual',
    diff: 'simple'
  }

test at experiments/moriarty-language/tests/expression-source-v1.test.mjs:26:5
✖ source diagnostic lexical order: check access_field(i128(1+2), "bad field") (0.246874ms)
  AssertionError [ERR_ASSERTION]: Expected values to be strictly deep-equal:
  + actual - expected
  
    {
      code: 'SOURCE_LITERAL_SHAPE',
      nodePath: [],
      span: {
  +     end: '142',
  -     end: '128',
        kind: 'source',
  +     start: '131'
  -     start: '125'
      },
      status: 'Rejected',
      workUsed: '0'
    }
  
      at TestContext.<anonymous> (file:///home/charl/Moriarty-expression-source-correction/experiments/moriarty-language/tests/expression-source-v1.test.mjs:32:14)
      at Test.runInAsyncScope (node:async_hooks:227:14)
      at Test.run (node:internal/test_runner/test:1325:25)
      at Test.processPendingSubtests (node:internal/test_runner/test:911:18)
      at Test.postRun (node:internal/test_runner/test:1465:19)
      at Test.run (node:internal/test_runner/test:1390:12)
      at async Test.processPendingSubtests (node:internal/test_runner/test:911:7) {
    generatedMessage: true,
    code: 'ERR_ASSERTION',
    actual: { status: 'Rejected', code: 'SOURCE_LITERAL_SHAPE', span: { kind: 'source', start: '131', end: '142' }, nodePath: [], workUsed: '0' },
    expected: { status: 'Rejected', code: 'SOURCE_LITERAL_SHAPE', span: { kind: 'source', start: '125', end: '128' }, nodePath: [], workUsed: '0' },
    operator: 'deepStrictEqual',
    diff: 'simple'
  }

test at experiments/moriarty-language/tests/expression-source-v1.test.mjs:26:5
✖ source diagnostic lexical order: check access_field(access_field(unknown(), "bad inner"), "bad outer") (0.41731ms)
  AssertionError [ERR_ASSERTION]: Expected values to be strictly deep-equal:
  + actual - expected
  
    {
  +   code: 'SOURCE_LITERAL_SHAPE',
  -   code: 'SOURCE_CALL',
      nodePath: [],
      span: {
  +     end: '169',
  -     end: '142',
        kind: 'source',
  +     start: '158'
  -     start: '133'
      },
      status: 'Rejected',
      workUsed: '0'
    }
  
      at TestContext.<anonymous> (file:///home/charl/Moriarty-expression-source-correction/experiments/moriarty-language/tests/expression-source-v1.test.mjs:32:14)
      at Test.runInAsyncScope (node:async_hooks:227:14)
      at Test.run (node:internal/test_runner/test:1325:25)
      at Test.processPendingSubtests (node:internal/test_runner/test:911:18)
      at Test.postRun (node:internal/test_runner/test:1465:19)
      at Test.run (node:internal/test_runner/test:1390:12)
      at async Test.processPendingSubtests (node:internal/test_runner/test:911:7) {
    generatedMessage: true,
    code: 'ERR_ASSERTION',
    actual: { status: 'Rejected', code: 'SOURCE_LITERAL_SHAPE', span: { kind: 'source', start: '158', end: '169' }, nodePath: [], workUsed: '0' },
    expected: { status: 'Rejected', code: 'SOURCE_CALL', span: { kind: 'source', start: '133', end: '142' }, nodePath: [], workUsed: '0' },
    operator: 'deepStrictEqual',
    diff: 'simple'
  }

test at experiments/moriarty-language/tests/expression-source-v1.test.mjs:26:5
✖ source diagnostic lexical order: evaluate access_field(unknown(), "bad field") (0.527997ms)
  AssertionError [ERR_ASSERTION]: Expected values to be strictly deep-equal:
  + actual - expected
  
    {
  +   code: 'SOURCE_LITERAL_SHAPE',
  -   code: 'SOURCE_CALL',
      nodePath: [],
      span: {
  +     end: '142',
  -     end: '129',
        kind: 'source',
  +     start: '131'
  -     start: '120'
      },
      status: 'Rejected',
      workUsed: '0'
    }
  
      at TestContext.<anonymous> (file:///home/charl/Moriarty-expression-source-correction/experiments/moriarty-language/tests/expression-source-v1.test.mjs:32:14)
      at Test.runInAsyncScope (node:async_hooks:227:14)
      at Test.run (node:internal/test_runner/test:1325:25)
      at Test.processPendingSubtests (node:internal/test_runner/test:911:18)
      at Test.postRun (node:internal/test_runner/test:1465:19)
      at Test.run (node:internal/test_runner/test:1390:12)
      at async Test.processPendingSubtests (node:internal/test_runner/test:911:7) {
    generatedMessage: true,
    code: 'ERR_ASSERTION',
    actual: { status: 'Rejected', code: 'SOURCE_LITERAL_SHAPE', span: { kind: 'source', start: '131', end: '142' }, nodePath: [], workUsed: '0' },
    expected: { status: 'Rejected', code: 'SOURCE_CALL', span: { kind: 'source', start: '120', end: '129' }, nodePath: [], workUsed: '0' },
    operator: 'deepStrictEqual',
    diff: 'simple'
  }

test at experiments/moriarty-language/tests/expression-source-v1.test.mjs:26:5
✖ source diagnostic lexical order: evaluate access_field(i128(1+2), "bad field") (0.328446ms)
  AssertionError [ERR_ASSERTION]: Expected values to be strictly deep-equal:
  + actual - expected
  
    {
      code: 'SOURCE_LITERAL_SHAPE',
      nodePath: [],
      span: {
  +     end: '142',
  -     end: '128',
        kind: 'source',
  +     start: '131'
  -     start: '125'
      },
      status: 'Rejected',
      workUsed: '0'
    }
  
      at TestContext.<anonymous> (file:///home/charl/Moriarty-expression-source-correction/experiments/moriarty-language/tests/expression-source-v1.test.mjs:32:14)
      at Test.runInAsyncScope (node:async_hooks:227:14)
      at Test.run (node:internal/test_runner/test:1325:25)
      at Test.processPendingSubtests (node:internal/test_runner/test:911:18)
      at Test.postRun (node:internal/test_runner/test:1465:19)
      at Test.run (node:internal/test_runner/test:1390:12)
      at async Test.processPendingSubtests (node:internal/test_runner/test:911:7) {
    generatedMessage: true,
    code: 'ERR_ASSERTION',
    actual: { status: 'Rejected', code: 'SOURCE_LITERAL_SHAPE', span: { kind: 'source', start: '131', end: '142' }, nodePath: [], workUsed: '0' },
    expected: { status: 'Rejected', code: 'SOURCE_LITERAL_SHAPE', span: { kind: 'source', start: '125', end: '128' }, nodePath: [], workUsed: '0' },
    operator: 'deepStrictEqual',
    diff: 'simple'
  }

test at experiments/moriarty-language/tests/expression-source-v1.test.mjs:26:5
✖ source diagnostic lexical order: evaluate access_field(access_field(unknown(), "bad inner"), "bad outer") (0.239508ms)
  AssertionError [ERR_ASSERTION]: Expected values to be strictly deep-equal:
  + actual - expected
  
    {
  +   code: 'SOURCE_LITERAL_SHAPE',
  -   code: 'SOURCE_CALL',
      nodePath: [],
      span: {
  +     end: '169',
  -     end: '142',
        kind: 'source',
  +     start: '158'
  -     start: '133'
      },
      status: 'Rejected',
      workUsed: '0'
    }
  
      at TestContext.<anonymous> (file:///home/charl/Moriarty-expression-source-correction/experiments/moriarty-language/tests/expression-source-v1.test.mjs:32:14)
      at Test.runInAsyncScope (node:async_hooks:227:14)
      at Test.run (node:internal/test_runner/test:1325:25)
      at Test.processPendingSubtests (node:internal/test_runner/test:911:18)
      at Test.postRun (node:internal/test_runner/test:1465:19)
      at Test.run (node:internal/test_runner/test:1390:12)
      at async Test.processPendingSubtests (node:internal/test_runner/test:911:7) {
    generatedMessage: true,
    code: 'ERR_ASSERTION',
    actual: { status: 'Rejected', code: 'SOURCE_LITERAL_SHAPE', span: { kind: 'source', start: '158', end: '169' }, nodePath: [], workUsed: '0' },
    expected: { status: 'Rejected', code: 'SOURCE_CALL', span: { kind: 'source', start: '133', end: '142' }, nodePath: [], workUsed: '0' },
    operator: 'deepStrictEqual',
    diff: 'simple'
  }
