✔ fixed swap mint matches an actual SDK decoded available coin, without authority claims (5.183363ms)
✔ swap mint gate rejects missing receipt (0.658362ms)
✔ swap mint gate rejects wrong stage (0.334701ms)
✔ swap mint gate rejects wrong tx hash (0.347739ms)
✔ swap mint gate rejects missing id (0.358428ms)
✔ swap mint gate rejects unfinalized metadata (0.307642ms)
✔ swap mint gate rejects wrong protocol (0.254141ms)
✔ swap mint gate rejects missing mint (0.52519ms)
✔ swap mint gate rejects extra mint (0.444445ms)
✔ swap mint gate rejects native input (0.444881ms)
✔ swap mint gate rejects wrong action (0.282943ms)
✔ swap mint gate rejects wrong contract (0.273128ms)
✔ swap mint gate rejects wrong physical segment (0.230277ms)
✔ swap mint gate rejects wrong native section (0.216808ms)
✔ swap mint gate rejects wrong native index (0.222618ms)
✔ swap mint gate rejects wrong native owner (0.210656ms)
✔ swap mint gate rejects wrong native type (0.163082ms)
✔ swap mint gate rejects wrong native value (0.151582ms)
✔ swap mint gate rejects malformed native origin (0.169051ms)
✔ swap mint gate rejects same roles (0.192193ms)
✔ swap mint gate rejects same assets (0.259018ms)
✔ swap mint gate rejects disconnected shielded (0.380731ms)
✔ swap mint gate rejects incomplete unshielded (0.187326ms)
✔ swap mint gate rejects missing dust progress (0.360171ms)
✔ swap mint gate rejects pending dust (0.190042ms)
✔ swap mint gate rejects pending coin (0.187405ms)
✔ swap mint gate rejects missing available coin (0.164207ms)
✔ swap mint gate rejects duplicate available coin (0.179963ms)
✔ swap mint gate rejects rawhex wallet owner (0.38459ms)
✔ swap mint gate rejects wrong wallet owner (0.743811ms)
✔ swap mint gate rejects wrong wallet network (0.848838ms)
✔ swap mint gate rejects wrong wallet type (0.280705ms)
✔ swap mint gate rejects wrong wallet amount (0.241455ms)
✔ swap mint gate rejects string wallet amount (0.484572ms)
✔ swap mint gate rejects wrong wallet origin (1.23191ms)
✔ swap mint gate rejects wrong wallet index (0.341647ms)
✔ swap mint gate rejects flattened coin (0.724748ms)
✔ unrelated correctly shaped coins do not hide exact mint duplicates or fund the predicate (0.896788ms)
ℹ tests 38
ℹ suites 0
ℹ pass 38
ℹ fail 0
ℹ cancelled 0
ℹ skipped 0
ℹ todo 0
ℹ duration_ms 505.443013
