✔ loan complete inert artifacts produce inspected hashes, never a proven build claim (42.563559ms)
✔ swap chooses exact exported circuits (19.060897ms)
✔ absent admission rejects before compiler and allocation (7.648261ms)
✔ wrong case rejects before compiler and allocation (5.745594ms)
✔ wrong candidate rejects before compiler and allocation (6.585011ms)
✔ wrong resource rejects before compiler and allocation (3.075045ms)
✔ consumed allowance rejects before compiler and allocation (6.123839ms)
✔ nonfinite timeout rejects before compiler and allocation (3.432939ms)
✔ expired deadline rejects before compiler and allocation (3.187958ms)
✔ missing source pin rejects before compiler and allocation (5.428788ms)
✔ stale source pin rejects before compiler and allocation (6.044264ms)
✔ different output rejects before compiler and allocation (3.082115ms)
✔ existing output is preserved and rejects (2.153844ms)
✔ symlink ancestor rejects before compiler (1.335017ms)
✔ compiler failure preserves charged attempt, partial outputs and diagnostic receipt; no retry (10.096071ms)
✔ missing proving key rejects despite compiler success (8.665608ms)
✔ wrong metadata version rejects despite compiler success (6.994259ms)
✔ generated output symlink is rejected, never hashed through (9.691625ms)
✔ consumed on-disk attempt refuses reset counters on later invocation (12.423612ms)
✔ review digest and resource bytes must match immutable admission bindings (4.358151ms)
✔ source commitment ignores object insertion order, retaining the exact ordered source list (0.738184ms)
✔ attempt path equal to output rejects before consuming the allowance (2.905955ms)
✔ post-charge output creation failure retains a diagnostic outside output (8.188839ms)
✔ receipt write failure preserves the original compiler failure and outside diagnostic (3.290225ms)
✔ loan retained generated state and transcript effects match independent comparator (synthetic transport only) (220.547612ms)
✔ swap retained generated state and transcript effects match independent comparator (synthetic transport only) (207.83748ms)
✔ actual generated financial state and actual transcript payout mutations are rejected (224.990403ms)
✔ actual initialize bytes bind complete history input identities and corrected minted origin (73.696801ms)
✔ altered native bytes and the previous deployment fail closed (0.506844ms)
✔ actual initialized state matches exactly; authority, balances and extra operations reject (23.529717ms)
✔ existing private state verification only scopes and sequentially reads, returns no secrets or authority token (10.292453ms)
✔ missing or nonempty private state rejects without key read or writes (6.912696ms)
✔ missing or nonempty private state rejects without key read or writes (6.839677ms)
✔ missing or nonempty private state rejects without key read or writes (8.569564ms)
✔ missing or nonempty private state rejects without key read or writes (6.368431ms)
✔ missing or nonempty private state rejects without key read or writes (6.614057ms)
✔ private state accessor or hidden value is rejected without getter execution (17.56241ms)
✔ stored signing-key mismatch and read failure stop with closed errors (15.171275ms)
✔ wrong real signing identity or wrong state prevents any provider access (12.732387ms)
✔ minted continuation gate requires exactly one full available output and none pending (19.263705ms)
✔ actual wallet sync decoder keeps indexed Bech32m owner and the continuation gate matches its native identity (451.397397ms)
✔ closed initialized plan selects the original nonempty store without accessing its files (2.206284ms)
✔ initialized plan rejects alternate states, identities, modes, stores and limits (2.125223ms)
✔ initialized plan rejects overlapping snapshot/output and historical directories (5.233881ms)
✔ descriptor accessors and symbol fields are rejected without invoking getters (0.222474ms)
✔ public reader verifies both actual native transactions and both original results (111.20237ms)
✔ complete loan and swap comparison preserves gross spending and residual duties (18.327441ms)
✔ rejects missing financial field (3.891967ms)
✔ rejects extra financial field (2.721351ms)
✔ rejects remaining debt erased (12.152226ms)
✔ rejects string-valued decoded amount (6.598546ms)
✔ rejects prior result overwritten (3.6701ms)
✔ rejects effect recipient corrupted (5.619794ms)
✔ rejects extra result member (4.144628ms)
✔ rejects initialization flag wrong (1.472612ms)
✔ rejects capability changed (5.926712ms)
✔ rejects payout address changed (2.786529ms)
✔ rejects domain changed (3.743716ms)
✔ rejects color changed (2.632389ms)
✔ rejects network changed (2.246203ms)
✔ rejects program changed (2.136729ms)
✔ rejects native payout changed (1.792806ms)
✔ rejects native conversion amount changed (2.663594ms)
✔ rejects hidden native effect (1.562177ms)
✔ rejects missing native transcript (1.378972ms)
✔ rejects actual lender output short (1.865596ms)
✔ rejects third-party payer (4.447308ms)
✔ rejects gross debit replaced with net (1.505013ms)
✔ rejects native fee mismatch (3.000677ms)
✔ rejects unresolved fee treated resolved (1.605365ms)
✔ rejects contract address changed (1.214149ms)
✔ rejects duplicate tx id (0.854534ms)
✔ rejects block order reversed (1.419644ms)
✔ rejects unfinalized height (1.980809ms)
✔ rejects unsupported protocol (0.949865ms)
✔ rejects false native proof claim (1.532259ms)
✔ swap must observe contract reserves and mint-to-self claims (3.250665ms)
✔ rejects skipped stages and remains stopped after a failure (3.052769ms)
✔ rejects duplicate participants and never exposes role secrets (2.466662ms)
✔ requires explicit ledger protocol, distinct from package version (0.160207ms)
✔ rejects indexer identifier omissions, extras and duplicates (2.784932ms)
✔ rejects zero-valued hidden payout claims (2.051384ms)
✔ summary preserves every observed public field and native aggregate without mutable aliases (10.877771ms)
✔ unknown top-level public state cannot leak into a summary (1.470904ms)
✔ mint-to-self input counts once as contract funding and never as participant spending (4.017946ms)
✔ standalone runtime pin inspection rejects unchanged-version package or entry mutation without importing adapters (0.831779ms)
✔ full composition prepares address then binds colors once and records every stage before next call (14.483991ms)
✔ wrong network rejects before preparation and bounded-cleans supplied wallet (1.177136ms)
✔ wrong SDK network rejects before preparation and bounded-cleans supplied wallet (0.289402ms)
✔ wrong payer rejects before preparation and bounded-cleans supplied wallet (0.240984ms)
✔ public endpoint rejects before preparation and bounded-cleans supplied wallet (0.139862ms)
✔ missing protocol rejects before preparation and bounded-cleans supplied wallet (0.116972ms)
✔ unknown logical asset rejects before preparation and bounded-cleans supplied wallet (0.127431ms)
✔ provider construction failure preserves failure and cleans wallet/assets (1.028071ms)
✔ driver failure before its cleanup ownership guard falls back to wallet cleanup (1.411007ms)
✔ driver throw without cleanup receipt falls back to owned providers exactly once (0.676584ms)
✔ onStage failed retention stops before another transaction (0.690155ms)
✔ source adapters cannot silently switch into production mode (0.178762ms)
✔ local RPC uses one bounded nonredirecting request and validates its response identity (20.444353ms)
✔ local RPC aborts an unresponsive inert request by absolute deadline (31.469635ms)
✔ swap waits for exact wallet mint after durable initialize comparison and before actual driver swap (4.322386ms)
✔ missing initialized wallet mint stops actual driver before swap and close (0.874065ms)
✔ wallet sync that crosses the admission deadline prevents swap (0.753031ms)
✔ asset mutation after a recorded stage stops before the next SDK stage (1.387872ms)
✔ inert contained success is explicitly source-only and never financial acceptance (3.703808ms)
✔ RPC rejects mismatched IDs and oversized bodies without a retry (0.742641ms)
✔ protocol and reviewed callbacks remain captured after asynchronous preparation starts (1.153855ms)
✔ recovery composition restores before real driver, observes historical deploy once and submits only three calls (2.204445ms)
✔ recovery publicCheck failure stops before driver and cleans owned resources (0.665566ms)
✔ recovery checkWallet failure stops before driver and cleans owned resources (0.510427ms)
✔ recovery reconstruct failure stops before driver and cleans owned resources (0.787387ms)
✔ recovery inspectStore failure stops before driver and cleans owned resources (0.490708ms)
✔ recovery restore failure stops before driver and cleans owned resources (0.507827ms)
✔ recovery wallet synchronization rejection prevents constructor, store and driver (0.530406ms)
✔ recovery rejects actual allocation differing from closed plan before recovery work (0.381489ms)
✔ recovery rejects actual submissions differing from closed plan before recovery work (0.657251ms)
✔ recovery rejects actual dust differing from closed plan before recovery work (0.283702ms)
✔ recovery rejects actual gross cap differing from closed plan before recovery work (0.372026ms)
✔ recovery rejects actual deadline differing from closed plan before recovery work (0.278866ms)
✔ recovery rejects actual journal differing from closed plan before recovery work (0.272997ms)
✔ recovery rejects actual store directory differing from closed plan before recovery work (0.236654ms)
✔ recovery rejects actual store namespace differing from closed plan before recovery work (0.297145ms)
✔ recovery rejects actual role differing from closed plan before recovery work (6.936227ms)
✔ recovery rejects actual wallet differing from closed plan before recovery work (0.34004ms)
✔ recovery rejects actual network tag differing from closed plan before recovery work (0.281604ms)
✔ recovery rejects actual build differing from closed plan before recovery work (0.221283ms)
✔ recovery plan rejects changed deployment identity and unchecked identity shortcut (0.302484ms)
✔ production integration rejects recovery adapters before loading runtime or touching private state (0.245718ms)
✔ source recovery requires all recovery adapters (0.81561ms)
✔ nonempty recovery destination stops before provider creation and driver (2.887702ms)
✔ recovery rejects deployment identity getter before cloning or executing it (0.19869ms)
✔ initialized composition replays history once before store access and only submits accrue and settle (1.869223ms)
✔ initialized publicCheck failure stops calls and cleans owned resources (0.638566ms)
✔ initialized checkWallet failure stops calls and cleans owned resources (0.499406ms)
✔ initialized preserveStore failure stops calls and cleans owned resources (0.572797ms)
✔ initialized checkPrivate failure stops calls and cleans owned resources (0.687957ms)
✔ failed initialized historical deploy comparison prevents snapshot and providers (0.62017ms)
✔ failed initialized historical initialize comparison prevents snapshot and providers (0.448579ms)
✔ initialized actual store mismatch stops before setup (0.323599ms)
✔ initialized actual limits mismatch stops before setup (1.068176ms)
✔ initialized actual role mismatch stops before setup (0.48522ms)
✔ initialized actual build mismatch stops before setup (0.295464ms)
✔ production rejects continuation adapters; source fixture requires every gate (1.025902ms)
✔ initialized publicCheck requires its closed success result (3.443053ms)
✔ initialized preserveStore requires its closed success result (0.991535ms)
✔ initialized checkPrivate requires its closed success result (0.532454ms)
✔ integration failure emits only a closed code and excludes unknown SDK text (3.069687ms)
✔ actual production preflight failure survives durable launcher retention with its closed code (0.717484ms)
✔ closed local plan validates without opening secret paths (1.909361ms)
✔ rejects remote endpoints, Preview, embedded secrets, unknown fields and unbounded limits (2.024759ms)
✔ private input reader rejects permissive files and symlinks without leaking contents (0.815194ms)
✔ private input reader and CLI reject a FIFO without waiting for a writer (210.079894ms)
✔ event projection drops private fields and rejects unexpected event kinds (0.766199ms)
✔ actual pinned launch SDK files satisfy source inspection without wallet construction (11.25578ms)
✔ CLI requires an explicit run, plan path and exact digest without echoing arguments (103.842548ms)
✔ strict saved-state envelope rejects absent, null and incompatible restore data (0.47394ms)
✔ real pinned API exports compose without constructing a wallet or key (1401.849317ms)
✔ public submission capture persists actual historical native bytes before inert submission and retains failure evidence (35.420015ms)
✔ submission evidence storage failure prevents calling even an inert submitter (8.940947ms)
✔ complete reviewed public integration result preserves failed driver receipts, cleanup and finished comparison (0.803994ms)
✔ storage password preflight applies actual SDK policy before wallet work and emits only a closed error (1.729502ms)
✔ closed recovery launch keeps original wallet and roles and permits exactly three submissions (1.468623ms)
✔ launcher rejects malformed diagnostic fields and accessors before durable retention (0.789696ms)
✔ initialized launch admits exactly two calls against the fixed existing store without private access (0.583687ms)
✔ initialized launch rejects combined modes, replacement private state, identity and history changes (0.654031ms)
✔ public integration failure code is retained only as an allowlisted own data field on failure (0.395777ms)
✔ the observed 39-hour-old tip cannot reach wallet balancing (61.499328ms)
✔ fresh indexed block is checked against finalized node chain before each balance (1003.946923ms)
✔ future, mismatched, far-behind and invalid block observations fail closed (178.756807ms)
✔ readiness retries only reads until the indexed tip becomes fresh (1001.665059ms)
✔ hung and oversized indexer responses stop within the shared deadline (80.679127ms)
✔ local readiness rejects remote endpoints before fetching (0.331946ms)
✔ SDK second-query regression is rejected before returning a recipe for signing (0.686117ms)
✔ actual rejected native transaction cannot reach another submission (22.976367ms)
✔ epoch millisecond timestamps use SDK units without accepting second-scale values (36.094561ms)
✔ slow proof and future native DUST time stop submission; recent native time passes (0.472344ms)
✔ readiness retention crossing the deadline cannot start wallet balancing (0.647062ms)
✔ recovery exact-finality readiness waits for matching head while ordinary readiness permits nearby blocks (35.786596ms)
✔ actual public preflight rejects wrong genesis after retained native and build checks without private access (855.221889ms)
✔ preparation fixes the contract address before funding and submits the same transaction once (19.20497ms)
✔ prepared deployment rejects changed constructor or private state before submission (8.480351ms)
✔ submission failure is single-use and stores no successful deployment state (3.128269ms)
✔ preparation verifies native deployment identity and retains an immutable byte snapshot (4.43449ms)
✔ loan synthetic layout and inert constructor composition remain nonexecutable (211.957245ms)
✔ swap synthetic layout and inert constructor composition remain nonexecutable (14.783386ms)
✔ synthetic receipts cannot use executable loader adapters or flipped proven flags (3.148593ms)
✔ receipt binding rejects before module adapter (2.298238ms)
✔ stale sources rejects before module adapter (1.857981ms)
✔ wrong case rejects before module adapter (6.140861ms)
✔ skip-zk command rejects before module adapter (1.927406ms)
✔ missing key rejects before module adapter (2.519753ms)
✔ wrong metadata rejects before module adapter (3.166895ms)
✔ missing circuit rejects before module adapter (3.323349ms)
✔ unlisted asset rejects before module adapter (2.044356ms)
✔ mutated asset rejects before module adapter (4.347631ms)
✔ unsafe path rejects before module adapter (1.550816ms)
✔ symlink asset rejects before module adapter (2.714289ms)
✔ new package import rejects before module adapter (15.92355ms)
✔ lazy import rejects before module adapter (17.539481ms)
✔ source adapter exercises actual pinned protocol CompiledContract constructors without executable result (322.112969ms)
✔ module adapter mutation is caught by complete post-composition reinspection (12.937566ms)
✔ constructs the actual SDK provider interfaces with account-scoped storage and proven asset path (3.212021ms)
✔ real pinned SDK constructors accept production options without storage or network operations (544.939888ms)
✔ production balance/sign/finalize/submit retains per-asset gross without subtracting refunds (95.369814ms)
✔ rejects malformed counters before wallet balance or signing (0.409415ms)
✔ unknown recipes and diagnostic transaction maps stop before signing or finalizing (8.011281ms)
✔ DUST registration is excluded before signing regardless of signature presence or fee authorization (6.234535ms)
✔ wrong signatures reject before finalize; presence is insufficient (5.509719ms)
✔ changed fallible output and extra finalized intent stop submission and retain reservation (26.709342ms)
✔ submission only accepts issued unchanged transaction once (15.51457ms)
✔ deadline during finalization stops all later effects and reports uncontained operation (83.902527ms)
✔ inert ambiguous submit failure permanently stops provider and retains IDs (10.716286ms)
✔ extra unshielded balancing transaction rejects despite admitted assets (4.458283ms)
✔ unknown asset and exhausted submission cap reject before further wallet operations (12.071786ms)
✔ query deadline and explicit cleanup share the wallet stop latch (0.681914ms)
✔ actual wallet balance flags exclude shielded funding; pre-proof callers reject before balance (11.938985ms)
✔ balancing recipe with unadmitted gross rejects before sign (3.318734ms)
✔ durable allocation refuses absent/corrupt/reset state and mismatched limits (0.859657ms)
✔ successful reconstruction preserves charges; failed finalization persists a stop and charges (29.269519ms)
✔ shared file serializes allocation ownership and crash lock is never reset (11.574218ms)
✔ original snapshot rejects in-place changed recipient/value/action and added base intent before signing (15.441654ms)
✔ permitted appended payer funding/change preserves original outputs and durably reserves before finalize (21.373247ms)
✔ already constructed second provider reloads durable allowance before wallet effects (10.917817ms)
✔ execution binding captures wallet-derived payer and immutable endpoints but reads current SDK network (0.501524ms)
✔ allocation binding rejects changed payer, network and allocation identity before wallet effects (1.937865ms)
✔ native byte decoder exposes signed owners and complete gross inputs and outputs (36.6277ms)
✔ native byte decoder rejects noncanonical bytes and missing input signatures (16.930844ms)
✔ finality observer checks canonical block and queries state at the same block hash (8.716105ms)
✔ observer traverses native deployment bytes with inert RPC and rejects financial observation corruption (30.40612ms)
✔ contract effect projection retains mints, contract IO and precise public payouts (0.670199ms)
✔ historical DUST replay preserves unequal fee fields and exact indexed identifiers (61.490332ms)
✔ native decoder verifies signatures by exact input index and count (28.037671ms)
✔ actual guaranteed output origin matches the stopped indexer for a nonzero physical segment (16.825586ms)
✔ indexed initialization waits for later finality after one indexed watch (1015.39011ms)
✔ finality regression stops before state observation (1015.102102ms)
✔ caller deadline stops pending finality without observing state or watching again (106.253311ms)
✔ fallible output origin retains its nonzero physical segment namespace (5.655655ms)
✔ actual initialize owner crosses the Bech32m indexer boundary without changing native identity (14.024323ms)
✔ indexed owner rejects noncanonical, malformed and cross-network address encodings (88.221387ms)
✔ a canonical but unequal indexed owner fails full native output comparison (11.615356ms)
✔ recovery binds actual retained loan bytes, every identifier and original state without constructing a deployment (48.40172ms)
✔ complete native state comparison rejects authority, operation-set and balance changes (38.412526ms)
✔ recovery wallet gate requires strict sync, no pending or spent dust, and the full remaining cap (21.236706ms)
✔ metadata gate checks entire real Level namespace and rejects additional state without leaking values (285.904474ms)
✔ public recovery gate verifies native receipt, canonical finality and whole current state through read-only interfaces (49.905998ms)
✔ public recovery gate stops on nonfinality, changed current state, receipt mismatch or stale tip (40095.028224ms)
✔ closed known recovery plan returns an independent identity and reads only retained public inputs (10.864124ms)
✔ closed recovery plan rejects unknown field (0.208318ms)
✔ closed recovery plan rejects symbol field (0.102152ms)
✔ closed recovery plan rejects hidden field (0.136079ms)
✔ closed recovery plan rejects prototype (0.084181ms)
✔ closed recovery plan rejects getter (0.1039ms)
✔ closed recovery plan rejects swap (0.089234ms)
✔ closed recovery plan rejects four submissions (0.061799ms)
✔ closed recovery plan rejects source allocation (0.066259ms)
✔ closed recovery plan rejects reused allocation (0.064689ms)
✔ closed recovery plan rejects source digest (0.071657ms)
✔ closed recovery plan rejects address (0.055227ms)
✔ closed recovery plan rejects identifier order (0.075552ms)
✔ closed recovery plan rejects hash instead of identifier (0.057671ms)
✔ closed recovery plan rejects build (0.052238ms)
✔ closed recovery plan rejects network (0.046717ms)
✔ closed recovery plan rejects protocol (0.061982ms)
✔ closed recovery plan rejects relative path (0.04938ms)
✔ closed recovery plan rejects parent path (0.050471ms)
✔ closed recovery plan rejects wrong source store (0.050423ms)
✔ closed recovery plan rejects wrong roles (0.050012ms)
✔ closed recovery plan rejects wrong destination (0.060302ms)
✔ closed recovery plan rejects same inspection (0.072418ms)
✔ closed recovery plan rejects nested inspection (0.062016ms)
✔ closed recovery plan rejects parent inspection (0.058069ms)
✔ closed recovery plan rejects old password (0.077996ms)
✔ closed recovery plan rejects old output (0.055665ms)
✔ public input reads reject tampered bytes, source result and symlink paths (67.397698ms)
✔ unminted private restore results fail before any provider access (0.347588ms)
✔ recovery detects later finalized state transition after prefetched tip (30.213587ms)
✔ later finalized head with unchanged constructor state passes after final head recheck (31.442444ms)
✔ recovery rejects finalized head movement across current state query (1034.906392ms)
✔ earlier one-block indexed lag must catch up before latest-state observation (33.778206ms)
✔ indexed tip ahead of fresh finalized head is rejected (21.181445ms)
✔ indexed tip outside two-block bound or not canonical is rejected (34.854704ms)
✔ recovery reads latest state when the finalized head has no contract action (33.552305ms)
✔ latest state is rejected when indexed coverage is behind current finality (22.591848ms)
✔ latest state is rejected when indexer coverage changes during observation (1033.541801ms)
✔ one forward head advance between indexed sample and node read is sampled again before private recovery (1036.404882ms)
✔ persistent forward movement is rejected within the existing initial-tip bound (1023.590913ms)
✔ same-height conflicting coverage is fatal without sampling again (27.450149ms)
✔ sampling passes its bounded deadline into the reader and does not retry provider failure (21.090777ms)
✔ a finalized snapshot regressing after an observed advance is fatal (1024.882027ms)
✔ actual SDK decoded coin wrappers reject a retained spent input in available or pending coins (195.654729ms)
✔ wallet coin identity rejects flattened and malformed wrappers (9.065176ms)
✔ initialized public gate observes each historical transaction once and verifies complete initialized snapshot (76.164835ms)
✔ initialized public gate rejects changed initialize bytes (16.886134ms)
✔ initialized public gate rejects wrong initialize identifier (40.691482ms)
✔ initialized public gate rejects wrong initialize hash (43.797908ms)
✔ initialized public gate rejects wrong origin (48.044781ms)
✔ initialized public gate rejects failed initialize status (36.635523ms)
✔ initialized public gate rejects failed initialize segment (42.015092ms)
✔ initialized public gate rejects wrong initialize block identity (43.607342ms)
✔ initialized public gate rejects wrong protocol (27.347526ms)
✔ initialized public gate rejects stale prefetched time (27.585812ms)
✔ initialized public gate rejects not canonical deployment (31.469793ms)
✔ initialized public gate rejects not canonical initialize (40.579986ms)
✔ initialized public gate rejects wrong complete deploy state (48.338983ms)
✔ initialized public gate rejects wrong complete initialize state (50.075091ms)
✔ initialized public gate rejects wrong complete latest state (52.04094ms)
✔ initialized public gate samples forward movement without repeating history watches (1058.762133ms)
✔ initialized public gate stops on current snapshot provider error or same-height reorg (84.560853ms)
✔ initialized public gate times out rather than treating indexed inclusion as finality (187.551099ms)
✔ metadata-only copied namespace passes with original bytes preserved and closed public result (64.747318ms)
✔ unknown root entry rejects and retains copied evidence without changing original (9.315301ms)
✔ same path and nested paths reject before modification (1.204656ms)
✔ existing destination is never reused (1.835045ms)
✔ symlink source, ancestor and file reject (1.748967ms)
✔ nonprivate directory and file reject (1.549609ms)
✔ wrong account rejects and preserves copy (3.96169ms)
✔ oversized file rejects before copy (2.604944ms)
✔ unreadable Level copy is retained (6.722967ms)
✔ file count bound rejects before allocating inspection copy (3.156851ms)
✔ metadata evidence filename collision retains exclusive copy on failure (2.815203ms)
✔ private-state and signing-key entries reject (7.215638ms)
✔ metadata with unexpected shape rejects without disclosing contents (4.862429ms)
✔ empty private recovery destination returns true without creating files (1.535883ms)
✔ nonempty recovery destination rejects and preserves records (1.107395ms)
✔ empty destination rejects symlink and symlink ancestor (1.007603ms)
✔ empty destination rejects loose permissions and relative paths (0.811042ms)
✔ initialized store accepts actual SDK v2 namespace through separate inspection, preserving original and raw snapshot (374.202131ms)
✔ initialized inspection rejects missing, extra, plaintext, v1, mismatched-salt and malformed metadata without modifying source or snapshot (1033.642787ms)
✔ initialized copies reject reuse, overlaps, symlinks and loose permissions (125.079106ms)
✔ source and raw snapshot mutations during inspection are detected and retained (266.046866ms)
✔ loan exact custody arguments and hints pass every comparison before next call (3.861282ms)
✔ swap exact custody arguments and hints pass every comparison before next call (0.390424ms)
✔ returned comparator failure false stops before next SDK call (0.611226ms)
✔ returned comparator failure undefined stops before next SDK call (0.170653ms)
✔ returned comparator failure {"status":"Rejected"} stops before next SDK call (0.145059ms)
✔ returned comparator failure {"status":"FAIL"} stops before next SDK call (0.164106ms)
✔ thrown comparator error retains observed ID and cleans up (0.205483ms)
✔ preflight mismatch prevents deployment but cleans up owned provider (0.137529ms)
✔ preflight mismatch prevents deployment but cleans up owned provider (0.183801ms)
✔ preflight mismatch prevents deployment but cleans up owned provider (0.175658ms)
✔ preflight mismatch prevents deployment but cleans up owned provider (0.181921ms)
✔ preflight mismatch prevents deployment but cleans up owned provider (0.190472ms)
✔ preflight mismatch prevents deployment but cleans up owned provider (0.091847ms)
✔ network identity changed after deploy blocks the next SDK stage (0.289027ms)
✔ incomplete cleanup cannot yield driver PASS (0.493332ms)
✔ incomplete cleanup cannot yield driver PASS (0.194848ms)
✔ cleanup rejection preserves the primary failure and provider-known identifiers (0.27976ms)
✔ observation failure keeps SDK ID and never invokes comparator or next call (0.194863ms)
✔ recovered loan observes historical deployment once then submits exactly three calls (0.452745ms)
✔ malformed recovery identity fails before observations or SDK calls (0.147548ms)
✔ malformed recovery identity fails before observations or SDK calls (0.068145ms)
✔ malformed recovery identity fails before observations or SDK calls (0.078023ms)
✔ malformed recovery identity fails before observations or SDK calls (0.05811ms)
✔ malformed recovery identity fails before observations or SDK calls (0.057836ms)
✔ malformed recovery identity fails before observations or SDK calls (0.058458ms)
✔ malformed recovery identity fails before observations or SDK calls (0.053901ms)
✔ malformed recovery identity fails before observations or SDK calls (0.091633ms)
✔ malformed recovery identity fails before observations or SDK calls (0.114022ms)
✔ malformed recovery identity fails before observations or SDK calls (0.078077ms)
✔ malformed recovery identity fails before observations or SDK calls (0.062239ms)
✔ malformed recovery identity fails before observations or SDK calls (0.052664ms)
✔ malformed recovery identity fails before observations or SDK calls (0.052216ms)
✔ malformed recovery identity fails before observations or SDK calls (0.050871ms)
✔ recovery rejects accessors without invoking them (0.137101ms)
✔ swap recovery is rejected before deployment or observation (0.08992ms)
✔ historical recovery FAIL stops all calls and retains public identity (0.17411ms)
✔ historical recovery throw stops all calls and retains public identity (0.156215ms)
✔ historical recovery observe stops all calls and retains public identity (0.15289ms)
✔ recovery identity is captured before asynchronous binding checks (0.189899ms)
✔ recovered loan cannot pass with incomplete containment (0.158074ms)
✔ public failure retains a known observer code and closed phase without SDK details (0.239385ms)
✔ public failure never copies an unknown SDK message or object (0.19097ms)
✔ launcher durably retains actual driver failure: NOT_FINALIZED (0.849346ms)
✔ launcher durably retains actual driver failure: PRIVATE_SDK_FAILURE (0.33208ms)
✔ fixed initialized loan compares both histories once then calls only accrue and settle (0.312131ms)
✔ failed historical deploy comparison prevents continuation calls (0.163609ms)
✔ failed historical initialize comparison prevents continuation calls (0.131312ms)
✔ initialized driver rejects combined modes and altered fixed history before SDK calls (0.320843ms)
✔ fixed swap mint matches an actual SDK decoded available coin, without authority claims (6.653853ms)
✔ swap mint gate rejects missing receipt (1.510774ms)
✔ swap mint gate rejects wrong stage (0.49745ms)
✔ swap mint gate rejects wrong tx hash (0.95108ms)
✔ swap mint gate rejects missing id (1.56447ms)
✔ swap mint gate rejects unfinalized metadata (0.487168ms)
✔ swap mint gate rejects wrong protocol (0.26565ms)
✔ swap mint gate rejects missing mint (0.306789ms)
✔ swap mint gate rejects extra mint (0.346951ms)
✔ swap mint gate rejects native input (0.372692ms)
✔ swap mint gate rejects wrong action (0.220098ms)
✔ swap mint gate rejects wrong contract (0.201717ms)
✔ swap mint gate rejects wrong physical segment (0.197687ms)
✔ swap mint gate rejects wrong native section (0.190458ms)
✔ swap mint gate rejects wrong native index (0.183382ms)
✔ swap mint gate rejects wrong native owner (0.245418ms)
✔ swap mint gate rejects wrong native type (0.170888ms)
✔ swap mint gate rejects wrong native value (0.14694ms)
✔ swap mint gate rejects malformed native origin (0.205309ms)
✔ swap mint gate rejects same roles (0.154484ms)
✔ swap mint gate rejects same assets (0.170965ms)
✔ swap mint gate rejects disconnected shielded (0.15757ms)
✔ swap mint gate rejects incomplete unshielded (0.153177ms)
✔ swap mint gate rejects missing dust progress (0.139344ms)
✔ swap mint gate rejects pending dust (0.141531ms)
✔ swap mint gate rejects pending coin (0.15938ms)
✔ swap mint gate rejects missing available coin (0.188242ms)
✔ swap mint gate rejects duplicate available coin (0.169712ms)
✔ swap mint gate rejects rawhex wallet owner (0.25665ms)
✔ swap mint gate rejects wrong wallet owner (0.360615ms)
✔ swap mint gate rejects wrong wallet network (0.433704ms)
✔ swap mint gate rejects wrong wallet type (0.797772ms)
✔ swap mint gate rejects wrong wallet amount (0.369467ms)
✔ swap mint gate rejects string wallet amount (0.373844ms)
✔ swap mint gate rejects wrong wallet origin (0.455695ms)
✔ swap mint gate rejects wrong wallet index (0.234563ms)
✔ swap mint gate rejects flattened coin (0.226706ms)
✔ unrelated correctly shaped coins do not hide exact mint duplicates or fund the predicate (0.347163ms)
ℹ tests 416
ℹ suites 0
ℹ pass 416
ℹ fail 0
ℹ cancelled 0
ℹ skipped 0
ℹ todo 0
ℹ duration_ms 49823.251599
