TAP version 13
# Subtest: actual retained swap history descriptors preserve exact identities, fallible mint and spent bindings
ok 1 - actual retained swap history descriptors preserve exact identities, fallible mint and spent bindings
  ---
  duration_ms: 65.390689
  type: 'test'
  ...
# Subtest: actual initialized state accepts both native and SDK compact state producers via serialized bytes
not ok 2 - actual initialized state accepts both native and SDK compact state producers via serialized bytes
  ---
  duration_ms: 16.710922
  type: 'test'
  location: '/home/charl/Moriarty/.worktrees/sp05-deadline-review/experiments/moriarty-midnight-financial/ledger/continue-initialized-swap.test.mjs:11:1'
  failureType: 'testCodeFailure'
  error: 'CONTRACT_BALANCE_STATE'
  code: 'ERR_TEST_FAILURE'
  stack: |-
    check (file:///home/charl/Moriarty/.worktrees/sp05-deadline-review/experiments/moriarty-midnight-financial/ledger/contract-balances.mjs:20:39)
    extractNativeContractBalances (file:///home/charl/Moriarty/.worktrees/sp05-deadline-review/experiments/moriarty-midnight-financial/ledger/contract-balances.mjs:23:2)
    Module.assertInitializedSwapState (file:///home/charl/Moriarty/.worktrees/sp05-deadline-review/experiments/moriarty-midnight-financial/ledger/continue-initialized-swap.mjs:36:146)
    call (file:///home/charl/Moriarty/.worktrees/sp05-deadline-review/experiments/moriarty-midnight-financial/ledger/continue-initialized-swap.test.mjs:7:87)
    TestContext.<anonymous> (file:///home/charl/Moriarty/.worktrees/sp05-deadline-review/experiments/moriarty-midnight-financial/ledger/continue-initialized-swap.test.mjs:11:195)
    Test.runInAsyncScope (node:async_hooks:227:14)
    Test.run (node:internal/test_runner/test:1325:25)
    Test.processPendingSubtests (node:internal/test_runner/test:911:18)
    Test.postRun (node:internal/test_runner/test:1465:19)
    Test.run (node:internal/test_runner/test:1390:12)
  ...
# Subtest: altered native identities and swapped history reject
ok 3 - altered native identities and swapped history reject
  ---
  duration_ms: 0.72166
  type: 'test'
  ...
# Subtest: whole initialized state rejects balances, authority and old deploy state
ok 4 - whole initialized state rejects balances, authority and old deploy state
  ---
  duration_ms: 7.102131
  type: 'test'
  ...
# Subtest: private readback scopes swap and performs only sequential reads without secret or dispatch token
not ok 5 - private readback scopes swap and performs only sequential reads without secret or dispatch token
  ---
  duration_ms: 6.496378
  type: 'test'
  location: '/home/charl/Moriarty/.worktrees/sp05-deadline-review/experiments/moriarty-midnight-financial/ledger/continue-initialized-swap.test.mjs:15:1'
  failureType: 'testCodeFailure'
  error: 'CONTRACT_BALANCE_STATE'
  code: 'ERR_TEST_FAILURE'
  stack: |-
    check (file:///home/charl/Moriarty/.worktrees/sp05-deadline-review/experiments/moriarty-midnight-financial/ledger/contract-balances.mjs:20:39)
    extractNativeContractBalances (file:///home/charl/Moriarty/.worktrees/sp05-deadline-review/experiments/moriarty-midnight-financial/ledger/contract-balances.mjs:23:2)
    assertInitializedSwapState (file:///home/charl/Moriarty/.worktrees/sp05-deadline-review/experiments/moriarty-midnight-financial/ledger/continue-initialized-swap.mjs:36:146)
    Module.verifyInitializedSwapPrivate (file:///home/charl/Moriarty/.worktrees/sp05-deadline-review/experiments/moriarty-midnight-financial/ledger/continue-initialized-swap.mjs:41:2)
    call (file:///home/charl/Moriarty/.worktrees/sp05-deadline-review/experiments/moriarty-midnight-financial/ledger/continue-initialized-swap.test.mjs:7:87)
    TestContext.<anonymous> (file:///home/charl/Moriarty/.worktrees/sp05-deadline-review/experiments/moriarty-midnight-financial/ledger/continue-initialized-swap.test.mjs:15:148)
    Test.runInAsyncScope (node:async_hooks:227:14)
    Test.run (node:internal/test_runner/test:1325:25)
    Test.processPendingSubtests (node:internal/test_runner/test:911:18)
    Test.postRun (node:internal/test_runner/test:1465:19)
  ...
# Subtest: nonempty/missing private state prevents signing-key read
not ok 6 - nonempty/missing private state prevents signing-key read
  ---
  duration_ms: 6.053883
  type: 'test'
  location: '/home/charl/Moriarty/.worktrees/sp05-deadline-review/experiments/moriarty-midnight-financial/ledger/continue-initialized-swap.test.mjs:16:109'
  failureType: 'testCodeFailure'
  error: |-
    The input did not match the regular expression /SWAP_CONTINUATION_PRIVATE_STATE/. Input:
    
    'Error: CONTRACT_BALANCE_STATE'
    
  code: 'ERR_ASSERTION'
  name: 'AssertionError'
  expected:
  actual:
  error: 'CONTRACT_BALANCE_STATE'
  stack: |-
    check (file:///home/charl/Moriarty/.worktrees/sp05-deadline-review/experiments/moriarty-midnight-financial/ledger/contract-balances.mjs:20:39)
    extractNativeContractBalances (file:///home/charl/Moriarty/.worktrees/sp05-deadline-review/experiments/moriarty-midnight-financial/ledger/contract-balances.mjs:23:2)
    assertInitializedSwapState (file:///home/charl/Moriarty/.worktrees/sp05-deadline-review/experiments/moriarty-midnight-financial/ledger/continue-initialized-swap.mjs:36:146)
    Module.verifyInitializedSwapPrivate (file:///home/charl/Moriarty/.worktrees/sp05-deadline-review/experiments/moriarty-midnight-financial/ledger/continue-initialized-swap.mjs:41:2)
    call (file:///home/charl/Moriarty/.worktrees/sp05-deadline-review/experiments/moriarty-midnight-financial/ledger/continue-initialized-swap.test.mjs:7:87)
    TestContext.<anonymous> (file:///home/charl/Moriarty/.worktrees/sp05-deadline-review/experiments/moriarty-midnight-financial/ledger/continue-initialized-swap.test.mjs:16:287)
    Test.runInAsyncScope (node:async_hooks:227:14)
    Test.run (node:internal/test_runner/test:1325:25)
    Test.processPendingSubtests (node:internal/test_runner/test:911:18)
    Test.postRun (node:internal/test_runner/test:1465:19)
  operator: 'rejects'
  stack: |-
    async TestContext.<anonymous> (file:///home/charl/Moriarty/.worktrees/sp05-deadline-review/experiments/moriarty-midnight-financial/ledger/continue-initialized-swap.test.mjs:16:266)
    async Test.run (node:internal/test_runner/test:1332:7)
    async Test.processPendingSubtests (node:internal/test_runner/test:911:7)
  ...
# Subtest: nonempty/missing private state prevents signing-key read
not ok 7 - nonempty/missing private state prevents signing-key read
  ---
  duration_ms: 6.303959
  type: 'test'
  location: '/home/charl/Moriarty/.worktrees/sp05-deadline-review/experiments/moriarty-midnight-financial/ledger/continue-initialized-swap.test.mjs:16:109'
  failureType: 'testCodeFailure'
  error: |-
    The input did not match the regular expression /SWAP_CONTINUATION_PRIVATE_STATE/. Input:
    
    'Error: CONTRACT_BALANCE_STATE'
    
  code: 'ERR_ASSERTION'
  name: 'AssertionError'
  expected:
  actual:
  error: 'CONTRACT_BALANCE_STATE'
  stack: |-
    check (file:///home/charl/Moriarty/.worktrees/sp05-deadline-review/experiments/moriarty-midnight-financial/ledger/contract-balances.mjs:20:39)
    extractNativeContractBalances (file:///home/charl/Moriarty/.worktrees/sp05-deadline-review/experiments/moriarty-midnight-financial/ledger/contract-balances.mjs:23:2)
    assertInitializedSwapState (file:///home/charl/Moriarty/.worktrees/sp05-deadline-review/experiments/moriarty-midnight-financial/ledger/continue-initialized-swap.mjs:36:146)
    Module.verifyInitializedSwapPrivate (file:///home/charl/Moriarty/.worktrees/sp05-deadline-review/experiments/moriarty-midnight-financial/ledger/continue-initialized-swap.mjs:41:2)
    call (file:///home/charl/Moriarty/.worktrees/sp05-deadline-review/experiments/moriarty-midnight-financial/ledger/continue-initialized-swap.test.mjs:7:87)
    TestContext.<anonymous> (file:///home/charl/Moriarty/.worktrees/sp05-deadline-review/experiments/moriarty-midnight-financial/ledger/continue-initialized-swap.test.mjs:16:287)
    Test.runInAsyncScope (node:async_hooks:227:14)
    Test.run (node:internal/test_runner/test:1325:25)
    Test.processPendingSubtests (node:internal/test_runner/test:911:18)
    Test.postRun (node:internal/test_runner/test:1465:19)
  operator: 'rejects'
  stack: |-
    async TestContext.<anonymous> (file:///home/charl/Moriarty/.worktrees/sp05-deadline-review/experiments/moriarty-midnight-financial/ledger/continue-initialized-swap.test.mjs:16:266)
    async Test.run (node:internal/test_runner/test:1332:7)
    async Test.processPendingSubtests (node:internal/test_runner/test:911:7)
  ...
# Subtest: nonempty/missing private state prevents signing-key read
not ok 8 - nonempty/missing private state prevents signing-key read
  ---
  duration_ms: 5.263787
  type: 'test'
  location: '/home/charl/Moriarty/.worktrees/sp05-deadline-review/experiments/moriarty-midnight-financial/ledger/continue-initialized-swap.test.mjs:16:109'
  failureType: 'testCodeFailure'
  error: |-
    The input did not match the regular expression /SWAP_CONTINUATION_PRIVATE_STATE/. Input:
    
    'Error: CONTRACT_BALANCE_STATE'
    
  code: 'ERR_ASSERTION'
  name: 'AssertionError'
  expected:
  actual:
  error: 'CONTRACT_BALANCE_STATE'
  stack: |-
    check (file:///home/charl/Moriarty/.worktrees/sp05-deadline-review/experiments/moriarty-midnight-financial/ledger/contract-balances.mjs:20:39)
    extractNativeContractBalances (file:///home/charl/Moriarty/.worktrees/sp05-deadline-review/experiments/moriarty-midnight-financial/ledger/contract-balances.mjs:23:2)
    assertInitializedSwapState (file:///home/charl/Moriarty/.worktrees/sp05-deadline-review/experiments/moriarty-midnight-financial/ledger/continue-initialized-swap.mjs:36:146)
    Module.verifyInitializedSwapPrivate (file:///home/charl/Moriarty/.worktrees/sp05-deadline-review/experiments/moriarty-midnight-financial/ledger/continue-initialized-swap.mjs:41:2)
    call (file:///home/charl/Moriarty/.worktrees/sp05-deadline-review/experiments/moriarty-midnight-financial/ledger/continue-initialized-swap.test.mjs:7:87)
    TestContext.<anonymous> (file:///home/charl/Moriarty/.worktrees/sp05-deadline-review/experiments/moriarty-midnight-financial/ledger/continue-initialized-swap.test.mjs:16:287)
    Test.runInAsyncScope (node:async_hooks:227:14)
    Test.run (node:internal/test_runner/test:1325:25)
    Test.processPendingSubtests (node:internal/test_runner/test:911:18)
    Test.postRun (node:internal/test_runner/test:1465:19)
  operator: 'rejects'
  stack: |-
    async TestContext.<anonymous> (file:///home/charl/Moriarty/.worktrees/sp05-deadline-review/experiments/moriarty-midnight-financial/ledger/continue-initialized-swap.test.mjs:16:266)
    async Test.run (node:internal/test_runner/test:1332:7)
    async Test.processPendingSubtests (node:internal/test_runner/test:911:7)
  ...
# Subtest: nonempty/missing private state prevents signing-key read
not ok 9 - nonempty/missing private state prevents signing-key read
  ---
  duration_ms: 5.167536
  type: 'test'
  location: '/home/charl/Moriarty/.worktrees/sp05-deadline-review/experiments/moriarty-midnight-financial/ledger/continue-initialized-swap.test.mjs:16:109'
  failureType: 'testCodeFailure'
  error: |-
    The input did not match the regular expression /SWAP_CONTINUATION_PRIVATE_STATE/. Input:
    
    'Error: CONTRACT_BALANCE_STATE'
    
  code: 'ERR_ASSERTION'
  name: 'AssertionError'
  expected:
  actual:
  error: 'CONTRACT_BALANCE_STATE'
  stack: |-
    check (file:///home/charl/Moriarty/.worktrees/sp05-deadline-review/experiments/moriarty-midnight-financial/ledger/contract-balances.mjs:20:39)
    extractNativeContractBalances (file:///home/charl/Moriarty/.worktrees/sp05-deadline-review/experiments/moriarty-midnight-financial/ledger/contract-balances.mjs:23:2)
    assertInitializedSwapState (file:///home/charl/Moriarty/.worktrees/sp05-deadline-review/experiments/moriarty-midnight-financial/ledger/continue-initialized-swap.mjs:36:146)
    Module.verifyInitializedSwapPrivate (file:///home/charl/Moriarty/.worktrees/sp05-deadline-review/experiments/moriarty-midnight-financial/ledger/continue-initialized-swap.mjs:41:2)
    call (file:///home/charl/Moriarty/.worktrees/sp05-deadline-review/experiments/moriarty-midnight-financial/ledger/continue-initialized-swap.test.mjs:7:87)
    TestContext.<anonymous> (file:///home/charl/Moriarty/.worktrees/sp05-deadline-review/experiments/moriarty-midnight-financial/ledger/continue-initialized-swap.test.mjs:16:287)
    Test.runInAsyncScope (node:async_hooks:227:14)
    Test.run (node:internal/test_runner/test:1325:25)
    Test.processPendingSubtests (node:internal/test_runner/test:911:18)
    Test.postRun (node:internal/test_runner/test:1465:19)
  operator: 'rejects'
  stack: |-
    async TestContext.<anonymous> (file:///home/charl/Moriarty/.worktrees/sp05-deadline-review/experiments/moriarty-midnight-financial/ledger/continue-initialized-swap.test.mjs:16:266)
    async Test.run (node:internal/test_runner/test:1332:7)
    async Test.processPendingSubtests (node:internal/test_runner/test:911:7)
  ...
# Subtest: nonempty/missing private state prevents signing-key read
not ok 10 - nonempty/missing private state prevents signing-key read
  ---
  duration_ms: 5.208619
  type: 'test'
  location: '/home/charl/Moriarty/.worktrees/sp05-deadline-review/experiments/moriarty-midnight-financial/ledger/continue-initialized-swap.test.mjs:16:109'
  failureType: 'testCodeFailure'
  error: |-
    The input did not match the regular expression /SWAP_CONTINUATION_PRIVATE_STATE/. Input:
    
    'Error: CONTRACT_BALANCE_STATE'
    
  code: 'ERR_ASSERTION'
  name: 'AssertionError'
  expected:
  actual:
  error: 'CONTRACT_BALANCE_STATE'
  stack: |-
    check (file:///home/charl/Moriarty/.worktrees/sp05-deadline-review/experiments/moriarty-midnight-financial/ledger/contract-balances.mjs:20:39)
    extractNativeContractBalances (file:///home/charl/Moriarty/.worktrees/sp05-deadline-review/experiments/moriarty-midnight-financial/ledger/contract-balances.mjs:23:2)
    assertInitializedSwapState (file:///home/charl/Moriarty/.worktrees/sp05-deadline-review/experiments/moriarty-midnight-financial/ledger/continue-initialized-swap.mjs:36:146)
    Module.verifyInitializedSwapPrivate (file:///home/charl/Moriarty/.worktrees/sp05-deadline-review/experiments/moriarty-midnight-financial/ledger/continue-initialized-swap.mjs:41:2)
    call (file:///home/charl/Moriarty/.worktrees/sp05-deadline-review/experiments/moriarty-midnight-financial/ledger/continue-initialized-swap.test.mjs:7:87)
    TestContext.<anonymous> (file:///home/charl/Moriarty/.worktrees/sp05-deadline-review/experiments/moriarty-midnight-financial/ledger/continue-initialized-swap.test.mjs:16:287)
    Test.runInAsyncScope (node:async_hooks:227:14)
    Test.run (node:internal/test_runner/test:1325:25)
    Test.processPendingSubtests (node:internal/test_runner/test:911:18)
    Test.postRun (node:internal/test_runner/test:1465:19)
  operator: 'rejects'
  stack: |-
    async TestContext.<anonymous> (file:///home/charl/Moriarty/.worktrees/sp05-deadline-review/experiments/moriarty-midnight-financial/ledger/continue-initialized-swap.test.mjs:16:266)
    async Test.run (node:internal/test_runner/test:1332:7)
    async Test.processPendingSubtests (node:internal/test_runner/test:911:7)
  ...
# Subtest: nonempty/missing private state prevents signing-key read
not ok 11 - nonempty/missing private state prevents signing-key read
  ---
  duration_ms: 4.832638
  type: 'test'
  location: '/home/charl/Moriarty/.worktrees/sp05-deadline-review/experiments/moriarty-midnight-financial/ledger/continue-initialized-swap.test.mjs:16:109'
  failureType: 'testCodeFailure'
  error: |-
    The input did not match the regular expression /SWAP_CONTINUATION_PRIVATE_STATE/. Input:
    
    'Error: CONTRACT_BALANCE_STATE'
    
  code: 'ERR_ASSERTION'
  name: 'AssertionError'
  expected:
  actual:
  error: 'CONTRACT_BALANCE_STATE'
  stack: |-
    check (file:///home/charl/Moriarty/.worktrees/sp05-deadline-review/experiments/moriarty-midnight-financial/ledger/contract-balances.mjs:20:39)
    extractNativeContractBalances (file:///home/charl/Moriarty/.worktrees/sp05-deadline-review/experiments/moriarty-midnight-financial/ledger/contract-balances.mjs:23:2)
    assertInitializedSwapState (file:///home/charl/Moriarty/.worktrees/sp05-deadline-review/experiments/moriarty-midnight-financial/ledger/continue-initialized-swap.mjs:36:146)
    Module.verifyInitializedSwapPrivate (file:///home/charl/Moriarty/.worktrees/sp05-deadline-review/experiments/moriarty-midnight-financial/ledger/continue-initialized-swap.mjs:41:2)
    call (file:///home/charl/Moriarty/.worktrees/sp05-deadline-review/experiments/moriarty-midnight-financial/ledger/continue-initialized-swap.test.mjs:7:87)
    TestContext.<anonymous> (file:///home/charl/Moriarty/.worktrees/sp05-deadline-review/experiments/moriarty-midnight-financial/ledger/continue-initialized-swap.test.mjs:16:287)
    Test.runInAsyncScope (node:async_hooks:227:14)
    Test.run (node:internal/test_runner/test:1325:25)
    Test.processPendingSubtests (node:internal/test_runner/test:911:18)
    Test.postRun (node:internal/test_runner/test:1465:19)
  operator: 'rejects'
  stack: |-
    async TestContext.<anonymous> (file:///home/charl/Moriarty/.worktrees/sp05-deadline-review/experiments/moriarty-midnight-financial/ledger/continue-initialized-swap.test.mjs:16:266)
    async Test.run (node:internal/test_runner/test:1332:7)
    async Test.processPendingSubtests (node:internal/test_runner/test:911:7)
  ...
# Subtest: private getter, read errors and key mismatch reject without private error disclosure
not ok 12 - private getter, read errors and key mismatch reject without private error disclosure
  ---
  duration_ms: 4.863925
  type: 'test'
  location: '/home/charl/Moriarty/.worktrees/sp05-deadline-review/experiments/moriarty-midnight-financial/ledger/continue-initialized-swap.test.mjs:17:1'
  failureType: 'testCodeFailure'
  error: |-
    The input did not match the regular expression /SWAP_CONTINUATION_PRIVATE_STATE/. Input:
    
    'Error: CONTRACT_BALANCE_STATE'
    
  code: 'ERR_ASSERTION'
  name: 'AssertionError'
  expected:
  actual:
  error: 'CONTRACT_BALANCE_STATE'
  stack: |-
    check (file:///home/charl/Moriarty/.worktrees/sp05-deadline-review/experiments/moriarty-midnight-financial/ledger/contract-balances.mjs:20:39)
    extractNativeContractBalances (file:///home/charl/Moriarty/.worktrees/sp05-deadline-review/experiments/moriarty-midnight-financial/ledger/contract-balances.mjs:23:2)
    assertInitializedSwapState (file:///home/charl/Moriarty/.worktrees/sp05-deadline-review/experiments/moriarty-midnight-financial/ledger/continue-initialized-swap.mjs:36:146)
    Module.verifyInitializedSwapPrivate (file:///home/charl/Moriarty/.worktrees/sp05-deadline-review/experiments/moriarty-midnight-financial/ledger/continue-initialized-swap.mjs:41:2)
    call (file:///home/charl/Moriarty/.worktrees/sp05-deadline-review/experiments/moriarty-midnight-financial/ledger/continue-initialized-swap.test.mjs:7:87)
    TestContext.<anonymous> (file:///home/charl/Moriarty/.worktrees/sp05-deadline-review/experiments/moriarty-midnight-financial/ledger/continue-initialized-swap.test.mjs:17:250)
    Test.runInAsyncScope (node:async_hooks:227:14)
    Test.run (node:internal/test_runner/test:1325:25)
    Test.processPendingSubtests (node:internal/test_runner/test:911:18)
    Test.postRun (node:internal/test_runner/test:1465:19)
  operator: 'rejects'
  stack: |-
    async TestContext.<anonymous> (file:///home/charl/Moriarty/.worktrees/sp05-deadline-review/experiments/moriarty-midnight-financial/ledger/continue-initialized-swap.test.mjs:17:229)
    async Test.run (node:internal/test_runner/test:1332:7)
    async Test.processPendingSubtests (node:internal/test_runner/test:911:7)
  ...
# Subtest: wrong signing identity and changed state stop before provider access
not ok 13 - wrong signing identity and changed state stop before provider access
  ---
  duration_ms: 5.549813
  type: 'test'
  location: '/home/charl/Moriarty/.worktrees/sp05-deadline-review/experiments/moriarty-midnight-financial/ledger/continue-initialized-swap.test.mjs:18:1'
  failureType: 'testCodeFailure'
  error: |-
    The input did not match the regular expression /SWAP_CONTINUATION_SIGNING/. Input:
    
    'Error: CONTRACT_BALANCE_STATE'
    
  code: 'ERR_ASSERTION'
  name: 'AssertionError'
  expected:
  actual:
  error: 'CONTRACT_BALANCE_STATE'
  stack: |-
    check (file:///home/charl/Moriarty/.worktrees/sp05-deadline-review/experiments/moriarty-midnight-financial/ledger/contract-balances.mjs:20:39)
    extractNativeContractBalances (file:///home/charl/Moriarty/.worktrees/sp05-deadline-review/experiments/moriarty-midnight-financial/ledger/contract-balances.mjs:23:2)
    assertInitializedSwapState (file:///home/charl/Moriarty/.worktrees/sp05-deadline-review/experiments/moriarty-midnight-financial/ledger/continue-initialized-swap.mjs:36:146)
    Module.verifyInitializedSwapPrivate (file:///home/charl/Moriarty/.worktrees/sp05-deadline-review/experiments/moriarty-midnight-financial/ledger/continue-initialized-swap.mjs:41:2)
    call (file:///home/charl/Moriarty/.worktrees/sp05-deadline-review/experiments/moriarty-midnight-financial/ledger/continue-initialized-swap.test.mjs:7:87)
    TestContext.<anonymous> (file:///home/charl/Moriarty/.worktrees/sp05-deadline-review/experiments/moriarty-midnight-financial/ledger/continue-initialized-swap.test.mjs:18:157)
    Test.runInAsyncScope (node:async_hooks:227:14)
    Test.run (node:internal/test_runner/test:1325:25)
    Test.processPendingSubtests (node:internal/test_runner/test:911:18)
    Test.postRun (node:internal/test_runner/test:1465:19)
  operator: 'rejects'
  stack: |-
    async TestContext.<anonymous> (file:///home/charl/Moriarty/.worktrees/sp05-deadline-review/experiments/moriarty-midnight-financial/ledger/continue-initialized-swap.test.mjs:18:136)
    async Test.run (node:internal/test_runner/test:1332:7)
    async Test.processPendingSubtests (node:internal/test_runner/test:911:7)
  ...
1..13
# tests 13
# suites 0
# pass 3
# fail 10
# cancelled 0
# skipped 0
# todo 0
# duration_ms 252.343036
