---
source: crates/mori-checker/src/tests.rs
description: "Code:\n\nprofile \"moriarty-beta/1\";\nagreement Invoice {\n  const total = shipping + 1;\n}\n"
---
mori::check::unknown_name

  × I cannot find a declaration named `shipping`.
   ╭─[test.mori:3:17]
 2 │ agreement Invoice {
 3 │   const total = shipping + 1;
   ·                 ────┬───
   ·                     ╰── not declared above
 4 │ }
   ╰────
  help: Declare `shipping` above this line. A declaration can only use the
        names declared above it.
