
> test:executor
> node --test --test-reporter=tap ledger/prover-lifetime.test.mjs ledger/executor-caller.test.mjs ledger/fault-matrix.test.mjs ledger/invocation-handoff.test.mjs

TAP version 13
# Subtest: raw close classification gives signals precedence and preserves unknown
ok 1 - raw close classification gives signals precedence and preserves unknown
  ---
  duration_ms: 1.842705
  type: 'test'
  ...
# Subtest: actual argv protocol is handed to exactly one detached piped child without mutation
ok 2 - actual argv protocol is handed to exactly one detached piped child without mutation
  ---
  duration_ms: 1.47033
  type: 'test'
  ...
# Subtest: explicit child environment is passed verbatim without parent-environment merging
ok 3 - explicit child environment is passed verbatim without parent-environment merging
  ---
  duration_ms: 0.386021
  type: 'test'
  ...
# Subtest: child zero and success-looking stdout never replace missing durable evidence
ok 4 - child zero and success-looking stdout never replace missing durable evidence
  ---
  duration_ms: 0.485668
  type: 'test'
  ...
# Subtest: durable completion without independently observed containment remains unknown
ok 5 - durable completion without independently observed containment remains unknown
  ---
  duration_ms: 0.333862
  type: 'test'
  ...
# Subtest: schema-invalid or exit-inconsistent durable results cannot establish containment
ok 6 - schema-invalid or exit-inconsistent durable results cannot establish containment
  ---
  duration_ms: 0.609672
  type: 'test'
  ...
# Subtest: retained nonzero and signal exits remain failed even when durable result reading fails
ok 7 - retained nonzero and signal exits remain failed even when durable result reading fails
  ---
  duration_ms: 0.380396
  type: 'test'
  ...
# Subtest: unknown close observation is never promoted by a valid-looking durable result
ok 8 - unknown close observation is never promoted by a valid-looking durable result
  ---
  duration_ms: 0.2372
  type: 'test'
  ...
# Subtest: combined diagnostics stop at exactly 1048576 bytes without changing disposition
ok 9 - combined diagnostics stop at exactly 1048576 bytes without changing disposition
  ---
  duration_ms: 3.102432
  type: 'test'
  ...
# Subtest: outer timeout retains its close signal but classifies the caller kill as unknown
ok 10 - outer timeout retains its close signal but classifies the caller kill as unknown
  ---
  duration_ms: 30.817584
  type: 'test'
  ...
# Subtest: a child that never closes after a failed deadline kill settles at the abandonment bound
ok 11 - a child that never closes after a failed deadline kill settles at the abandonment bound
  ---
  duration_ms: 20.675192
  type: 'test'
  ...
# Subtest: a failed kill request does not hide a later retained natural main failure
ok 12 - a failed kill request does not hide a later retained natural main failure
  ---
  duration_ms: 11.229511
  type: 'test'
  ...
# Subtest: child error rejects with the original spawn error
ok 13 - child error rejects with the original spawn error
  ---
  duration_ms: 0.366119
  type: 'test'
  ...
# Subtest: malformed close payload rejects instead of escaping the promise
ok 14 - malformed close payload rejects instead of escaping the promise
  ---
  duration_ms: 0.216532
  type: 'test'
  ...
# Subtest: closed invalid options refuse before monotonic sampling or spawn
ok 15 - closed invalid options refuse before monotonic sampling or spawn
  ---
  duration_ms: 0.458251
  type: 'test'
  ...
# Subtest: argv accessors and hidden array fields reject without invoking attacker code
ok 16 - argv accessors and hidden array fields reject without invoking attacker code
  ---
  duration_ms: 0.244586
  type: 'test'
  ...
# Subtest: prover control bytes are durably written before spawn and bounds use the one outer start
ok 17 - prover control bytes are durably written before spawn and bounds use the one outer start
  ---
  duration_ms: 0.849229
  type: 'test'
  ...
# Subtest: post-start durable-result loss cannot recompute or widen the established prover bounds
ok 18 - post-start durable-result loss cannot recompute or widen the established prover bounds
  ---
  duration_ms: 0.319278
  type: 'test'
  ...
# Subtest: required control persistence failure prevents every child spawn
ok 19 - required control persistence failure prevents every child spawn
  ---
  duration_ms: 0.164095
  type: 'test'
  ...
# Subtest: legacy optional-control flag cannot permit spawn without a writer
ok 20 - legacy optional-control flag cannot permit spawn without a writer
  ---
  duration_ms: 0.127209
  type: 'test'
  ...
# Subtest: legacy optional-control flag cannot swallow a failed control write or spawn
ok 21 - legacy optional-control flag cannot swallow a failed control write or spawn
  ---
  duration_ms: 0.148096
  type: 'test'
  ...
# Subtest: entry at the inclusive latest-start boundary refuses after control persistence and before spawn
ok 22 - entry at the inclusive latest-start boundary refuses after control persistence and before spawn
  ---
  duration_ms: 0.153544
  type: 'test'
  ...
# Subtest: configured handoff passes exactly its two-entry environment and appends before answering
ok 23 - configured handoff passes exactly its two-entry environment and appends before answering
  ---
  duration_ms: 22.844175
  type: 'test'
  ...
# Subtest: immediate child connection survives a slow invocation append and the executor returns
ok 24 - immediate child connection survives a slow invocation append and the executor returns
  ---
  duration_ms: 63.778924
  type: 'test'
  ...
# Subtest: handoff server close has a bounded fallback when close never calls back
ok 25 - handoff server close has a bounded fallback when close never calls back
  ---
  duration_ms: 261.323144
  type: 'test'
  ...
# Subtest: failed invocation append yields existing evidence-write failure and attaches no handshake listener
ok 26 - failed invocation append yields existing evidence-write failure and attaches no handshake listener
  ---
  duration_ms: 0.667916
  type: 'test'
  ...
# Subtest: explicit environment conflicts with handoff before monotonic sampling or spawn
ok 27 - explicit environment conflicts with handoff before monotonic sampling or spawn
  ---
  duration_ms: 0.158603
  type: 'test'
  ...
# Subtest: row: complete zero terminal evidence and containment succeeds
ok 28 - row: complete zero terminal evidence and containment succeeds
  ---
  duration_ms: 1.625493
  type: 'test'
  ...
# Subtest: row: malformed startup is unknown
ok 29 - row: malformed startup is unknown
  ---
  duration_ms: 0.155186
  type: 'test'
  ...
# Subtest: row: unpersisted startup reports the specific write failure
ok 30 - row: unpersisted startup reports the specific write failure
  ---
  duration_ms: 0.129198
  type: 'test'
  ...
# Subtest: row: invocation identity mismatch precedes an apparent main failure
ok 31 - row: invocation identity mismatch precedes an apparent main failure
  ---
  duration_ms: 0.151354
  type: 'test'
  ...
# Subtest: row: preexisting evidence is unknown and not reused
ok 32 - row: preexisting evidence is unknown and not reused
  ---
  duration_ms: 0.171417
  type: 'test'
  ...
# Subtest: row: retained nonzero main exit is failed
ok 33 - row: retained nonzero main exit is failed
  ---
  duration_ms: 0.139515
  type: 'test'
  ...
# Subtest: row: retained main signal is failed
ok 34 - row: retained main signal is failed
  ---
  duration_ms: 0.133915
  type: 'test'
  ...
# Subtest: row: unavailable main exit is unknown before evidence gates
ok 35 - row: unavailable main exit is unknown before evidence gates
  ---
  duration_ms: 0.151926
  type: 'test'
  ...
# Subtest: row: absent raw main-exit observation is unknown even when every other fact says success
ok 36 - row: absent raw main-exit observation is unknown even when every other fact says success
  ---
  duration_ms: 0.132347
  type: 'test'
  ...
# Subtest: row: only a retained exact zero exit reaches success
ok 37 - row: only a retained exact zero exit reaches success
  ---
  duration_ms: 5.517434
  type: 'test'
  ...
# Subtest: row: absent raw observation keeps refusal, startup and evidence precedence
ok 38 - row: absent raw observation keeps refusal, startup and evidence precedence
  ---
  duration_ms: 0.304326
  type: 'test'
  ...
# Subtest: row: known main failure stays failed despite every later cleanup limitation
ok 39 - row: known main failure stays failed despite every later cleanup limitation
  ---
  duration_ms: 0.09374
  type: 'test'
  ...
# Subtest: row: terminal evidence write or fsync failure is unknown
ok 40 - row: terminal evidence write or fsync failure is unknown
  ---
  duration_ms: 0.311201
  type: 'test'
  ...
# Subtest: row: stop nonzero is unknown
ok 41 - row: stop nonzero is unknown
  ---
  duration_ms: 0.073632
  type: 'test'
  ...
# Subtest: row: stop exception or timeout is unknown
ok 42 - row: stop exception or timeout is unknown
  ---
  duration_ms: 0.055061
  type: 'test'
  ...
# Subtest: row: successful stop with missing receipt is unknown
ok 43 - row: successful stop with missing receipt is unknown
  ---
  duration_ms: 0.059935
  type: 'test'
  ...
# Subtest: row: deadline crossing is unknown
ok 44 - row: deadline crossing is unknown
  ---
  duration_ms: 0.092073
  type: 'test'
  ...
# Subtest: row: parent loss is unknown
ok 45 - row: parent loss is unknown
  ---
  duration_ms: 0.152885
  type: 'test'
  ...
# Subtest: row: incomplete containment is unknown
ok 46 - row: incomplete containment is unknown
  ---
  duration_ms: 0.106838
  type: 'test'
  ...
# Subtest: row: timer cancellation nonzero is unknown
ok 47 - row: timer cancellation nonzero is unknown
  ---
  duration_ms: 0.06146
  type: 'test'
  ...
# Subtest: row: missing timer cancellation receipt is unknown
ok 48 - row: missing timer cancellation receipt is unknown
  ---
  duration_ms: 0.051212
  type: 'test'
  ...
# Subtest: row: final result write or fsync failure is unknown
ok 49 - row: final result write or fsync failure is unknown
  ---
  duration_ms: 0.048182
  type: 'test'
  ...
# Subtest: row: pre-start refusal preserves the validator code
ok 50 - row: pre-start refusal preserves the validator code
  ---
  duration_ms: 0.054619
  type: 'test'
  ...
# Subtest: precedence follows the closed table from top to bottom
ok 51 - precedence follows the closed table from top to bottom
  ---
  duration_ms: 0.088874
  type: 'test'
  ...
# Subtest: malformed or open inputs are rejected instead of defaulted
ok 52 - malformed or open inputs are rejected instead of defaulted
  ---
  duration_ms: 0.485108
  type: 'test'
  ...
# Subtest: safety cleanup is outside the pure classifier and cannot manufacture success evidence
ok 53 - safety cleanup is outside the pure classifier and cannot manufacture success evidence
  ---
  duration_ms: 0.394943
  type: 'test'
  ...
# Subtest: literal handoff protocol constants and fixed event field order
ok 54 - literal handoff protocol constants and fixed event field order
  ---
  duration_ms: 1.203436
  type: 'test'
  ...
# Subtest: real nonce generation returns distinct 256-bit Buffers
ok 55 - real nonce generation returns distinct 256-bit Buffers
  ---
  duration_ms: 0.552619
  type: 'test'
  ...
# Subtest: raw nonce hex and its SHA-256 digest are distinct lowercase hex
ok 56 - raw nonce hex and its SHA-256 digest are distinct lowercase hex
  ---
  duration_ms: 0.527821
  type: 'test'
  ...
# Subtest: constant-time comparison handles fixed and mismatched lengths and rejects types
ok 57 - constant-time comparison handles fixed and mismatched lengths and rejects types
  ---
  duration_ms: 0.186532
  type: 'test'
  ...
# Subtest: closed handoff environment contains only the two authority-neutral transport values
ok 58 - closed handoff environment contains only the two authority-neutral transport values
  ---
  duration_ms: 0.378273
  type: 'test'
  ...
# Subtest: real runtime directory is forced to mode 0700 under a permissive umask
ok 59 - real runtime directory is forced to mode 0700 under a permissive umask
  ---
  duration_ms: 6.743424
  type: 'test'
  ...
# Subtest: real invocation socket is mode 0600 and exchanges bytes over AF_UNIX
ok 60 - real invocation socket is mode 0600 and exchanges bytes over AF_UNIX
  ---
  duration_ms: 5.163092
  type: 'test'
  ...
# Subtest: real proc stat parser reports this process parent and positive start ticks
ok 61 - real proc stat parser reports this process parent and positive start ticks
  ---
  duration_ms: 0.838195
  type: 'test'
  ...
# Subtest: bounded ancestry accepts descendants and rejects PID reuse, siblings, excess depth and vanished PIDs
ok 62 - bounded ancestry accepts descendants and rejects PID reuse, siblings, excess depth and vanished PIDs
  ---
  duration_ms: 0.409571
  type: 'test'
  ...
# Subtest: peer UID and boot ID comparisons validate types and compare exactly
ok 63 - peer UID and boot ID comparisons validate types and compare exactly
  ---
  duration_ms: 0.299414
  type: 'test'
  ...
# Subtest: missing Node SO_PEERCRED boundary fails loudly
ok 64 - missing Node SO_PEERCRED boundary fails loudly
  ---
  duration_ms: 0.202135
  type: 'test'
  ...
# Subtest: EOF classifiers return exact frozen outcomes without overwriting retained failure
ok 65 - EOF classifiers return exact frozen outcomes without overwriting retained failure
  ---
  duration_ms: 0.186423
  type: 'test'
  ...
# Subtest: invocation payload is closed, frozen, canonical and sensitive to every field
ok 66 - invocation payload is closed, frozen, canonical and sensitive to every field
  ---
  duration_ms: 3.035259
  type: 'test'
  ...
# Subtest: boot mismatch child check rejects a different real UUID and accepts the payload UUID
ok 67 - boot mismatch child check rejects a different real UUID and accepts the payload UUID
  ---
  duration_ms: 0.167961
  type: 'test'
  ...
# Subtest: denial force-closes a server socket that does not close after its final write
ok 68 - denial force-closes a server socket that does not close after its final write
  ---
  duration_ms: 253.165976
  type: 'test'
  ...
# Subtest: handoff happy path returns real peer observations and exact response
ok 69 - handoff happy path returns real peer observations and exact response
  ---
  duration_ms: 1.666899
  type: 'test'
  ...
# Subtest: handoff denies forged nonce in order
ok 70 - handoff denies forged nonce in order
  ---
  duration_ms: 1.072208
  type: 'test'
  ...
# Subtest: handoff denies wrong authority in order
ok 71 - handoff denies wrong authority in order
  ---
  duration_ms: 1.148592
  type: 'test'
  ...
# Subtest: handoff denies wrong reservation in order
ok 72 - handoff denies wrong reservation in order
  ---
  duration_ms: 1.125412
  type: 'test'
  ...
# Subtest: handoff denies stale store event in order
ok 73 - handoff denies stale store event in order
  ---
  duration_ms: 1.091163
  type: 'test'
  ...
# Subtest: different launcher PID ancestry denial precedes state confirmation and response
ok 74 - different launcher PID ancestry denial precedes state confirmation and response
  ---
  duration_ms: 1.789341
  type: 'test'
  ...
# Subtest: peer UID mismatch stops before PID ancestry and state checks
ok 75 - peer UID mismatch stops before PID ancestry and state checks
  ---
  duration_ms: 1.103529
  type: 'test'
  ...
# Subtest: boot mismatch records and returns its distinct denial before state confirmation
ok 76 - boot mismatch records and returns its distinct denial before state confirmation
  ---
  duration_ms: 0.966541
  type: 'test'
  ...
# Subtest: successful handshake is one-shot and a replay never answers before its denial record completes
ok 77 - successful handshake is one-shot and a replay never answers before its denial record completes
  ---
  duration_ms: 26.972664
  type: 'test'
  ...
# Subtest: EOF before setup refuses startup
ok 78 - EOF before setup refuses startup
  ---
  duration_ms: 0.887516
  type: 'test'
  ...
# Subtest: setup timeout without a connection resolves denial
ok 79 - setup timeout without a connection resolves denial
  ---
  duration_ms: 15.953445
  type: 'test'
  ...
# Subtest: malformed handshake JSON and missing fields deny without state work
ok 80 - malformed handshake JSON and missing fields deny without state work
  ---
  duration_ms: 1.838793
  type: 'test'
  ...
# Subtest: parent disappearance after startup classifies real channel EOF for retained and unknown outcomes
ok 81 - parent disappearance after startup classifies real channel EOF for retained and unknown outcomes
  ---
  duration_ms: 1.472622
  type: 'test'
  ...
# Subtest: server options are closed and require explicit peer credential retrieval
ok 82 - server options are closed and require explicit peer credential retrieval
  ---
  duration_ms: 0.6193
  type: 'test'
  ...
# Subtest: literal prover lifetime constants and BigInt bounds remain anchored to outer start
ok 83 - literal prover lifetime constants and BigInt bounds remain anchored to outer start
  ---
  duration_ms: 1.454979
  type: 'test'
  ...
# Subtest: wrapper entry accepts only times strictly before the absolute latest start
ok 84 - wrapper entry accepts only times strictly before the absolute latest start
  ---
  duration_ms: 0.190278
  type: 'test'
  ...
# Subtest: wrapper deadline is the earlier of entry plus 1500 seconds and the control deadline
ok 85 - wrapper deadline is the earlier of entry plus 1500 seconds and the control deadline
  ---
  duration_ms: 0.231298
  type: 'test'
  ...
# Subtest: control record encoding is the exact six-line ASCII format and round trips canonically
ok 86 - control record encoding is the exact six-line ASCII format and round trips canonically
  ---
  duration_ms: 4.752803
  type: 'test'
  ...
# Subtest: control record encoder rejects every malformed field and unknown fields
ok 87 - control record encoder rejects every malformed field and unknown fields
  ---
  duration_ms: 0.632312
  type: 'test'
  ...
# Subtest: control record decoder rejects size, CR, framing, schema and malformed fields distinctly
ok 88 - control record decoder rejects size, CR, framing, schema and malformed fields distinctly
  ---
  duration_ms: 0.72732
  type: 'test'
  ...
# Subtest: clock identity compares boot ID and normalized namespace inode without I/O
ok 89 - clock identity compares boot ID and normalized namespace inode without I/O
  ---
  duration_ms: 0.399337
  type: 'test'
  ...
1..89
# tests 89
# suites 0
# pass 89
# fail 0
# cancelled 0
# skipped 0
# todo 0
# duration_ms 568.609482
