{
  "scope": "Read-only Preview RPC/indexer availability and finalized-head observation only. No wallet access, transaction, deployment, proof, financial integration or acceptance evidence",
  "requests": [
    {
      "name": "system_chain",
      "endpoint": "https://rpc.preview.midnight.network",
      "at": "2026-09-08T01:49:51.049129+00:00",
      "httpStatus": 200,
      "body": {
        "jsonrpc": "2.0",
        "id": 1,
        "result": "Midnight Preview"
      },
      "ok": true
    },
    {
      "name": "system_version",
      "endpoint": "https://rpc.preview.midnight.network",
      "at": "2026-09-08T01:49:51.674426+00:00",
      "httpStatus": 200,
      "body": {
        "jsonrpc": "2.0",
        "id": 2,
        "result": "1.0.1-5edf8ddd"
      },
      "ok": true
    },
    {
      "name": "chain_getFinalizedHead",
      "endpoint": "https://rpc.preview.midnight.network",
      "at": "2026-09-08T01:49:52.282429+00:00",
      "httpStatus": 200,
      "body": {
        "jsonrpc": "2.0",
        "id": 3,
        "result": "0x339d0619806edce71cb567cd87caa33f5e2197cee4469251819a5cbe055d6537"
      },
      "ok": true
    },
    {
      "name": "indexer-typename",
      "endpoint": "https://indexer.preview.midnight.network/api/v4/graphql",
      "at": "2026-09-08T01:49:52.884270+00:00",
      "httpStatus": 200,
      "body": {
        "data": {
          "__typename": "Query"
        }
      },
      "ok": true
    }
  ],
  "status": "pass"
}
