normal_cli {"returncode": 0, "reservations": [["finished"]], "ownership": "released", "events": ["defect_failure", "defect_failure", "result_review", "action_start", "loan_invocation", "loan_process_success", "action_end"]}
forged_exact_authenticated_empty_evidence {"returncode": 0, "reservations": [["finished"]], "ownership": "released", "events": ["defect_failure", "defect_failure", "result_review", "action_start", "loan_invocation", "loan_process_success", "action_end"]}
forged_early_refused_uncontained {"returncode": 4, "reservations": [["failed"]], "ownership": "released", "events": ["defect_failure", "defect_failure", "result_review", "action_start", "loan_invocation", "refused_before_start", "action_end"]}
ownership_release_refused_after_success {"returncode": 0, "reservations": [["finished"]], "ownership": "runtime-held", "events": ["defect_failure", "defect_failure", "result_review", "action_start", "loan_invocation", "loan_process_success", "action_end"]}
accounting_zero_wrong_token_units {"returncode": 0, "reservations": [["finished"]], "ownership": "released", "events": ["defect_failure", "defect_failure", "result_review", "action_start", "loan_invocation", "loan_process_success", "action_end"]}
accounting_wrong_observer_source {"returncode": 0, "reservations": [["finished"]], "ownership": "released", "events": ["defect_failure", "defect_failure", "result_review", "action_start", "loan_invocation", "loan_process_success", "action_end"]}
accounting_pending_use_substituted_receipt {"returncode": 0, "reservations": [["finished"]], "ownership": "released", "events": ["defect_failure", "defect_failure", "result_review", "action_start", "loan_invocation", "loan_process_success", "action_end"]}
persistence_runtime-plan-comparison.json_write_error {"exitCode": 0, "status": "PROCESS_SUCCESS", "failureCode": null, "elapsed": 0.11704017099691555, "hitCount": 1, "workersAlive": []}
persistence_runtime-plan-comparison.json_file_error {"exitCode": 0, "status": "PROCESS_SUCCESS", "failureCode": null, "elapsed": 0.11680197600799147, "hitCount": 1, "workersAlive": []}
persistence_runtime-plan-comparison.json_dir_error {"exitCode": 0, "status": "PROCESS_SUCCESS", "failureCode": null, "elapsed": 0.11475298900040798, "hitCount": 1, "workersAlive": []}
persistence_runtime-plan-comparison.json_dir_stall {"exitCode": 0, "status": "PROCESS_SUCCESS", "failureCode": null, "elapsed": 0.33621906099142507, "hitCount": 1, "workersAlive": []}
persistence_timer-armed.json_write_error {"exitCode": 0, "status": "PROCESS_SUCCESS", "failureCode": null, "elapsed": 0.12070785000105388, "hitCount": 1, "workersAlive": []}
persistence_timer-armed.json_file_error {"exitCode": 0, "status": "PROCESS_SUCCESS", "failureCode": null, "elapsed": 0.10302957700332627, "hitCount": 1, "workersAlive": []}
persistence_timer-armed.json_dir_error {"exitCode": 0, "status": "PROCESS_SUCCESS", "failureCode": null, "elapsed": 0.09660299100505654, "hitCount": 1, "workersAlive": []}
persistence_timer-armed.json_dir_stall {"exitCode": 0, "status": "PROCESS_SUCCESS", "failureCode": null, "elapsed": 0.29931085600401275, "hitCount": 1, "workersAlive": []}
persistence_terminal-observation.json_write_error {"exitCode": 3, "status": "PROCESS_UNKNOWN", "failureCode": "EVIDENCE_WRITE_FAILED", "elapsed": 0.1172808109986363, "hitCount": 1, "workersAlive": []}
persistence_terminal-observation.json_file_error {"exitCode": 3, "status": "PROCESS_UNKNOWN", "failureCode": "EVIDENCE_WRITE_FAILED", "elapsed": 0.08699473200249486, "hitCount": 1, "workersAlive": []}
persistence_terminal-observation.json_dir_error {"exitCode": 3, "status": "PROCESS_UNKNOWN", "failureCode": "EVIDENCE_WRITE_FAILED", "elapsed": 0.08787190400471445, "hitCount": 1, "workersAlive": []}
persistence_terminal-observation.json_dir_stall {"exitCode": 3, "status": "PROCESS_UNKNOWN", "failureCode": "EVIDENCE_WRITE_FAILED", "elapsed": 0.3042193470027996, "hitCount": 1, "workersAlive": []}
persistence_explicit-stop.json_write_error {"exitCode": 3, "status": "PROCESS_UNKNOWN", "failureCode": "STOP_RECEIPT_FAILED", "elapsed": 0.1000130350003019, "hitCount": 1, "workersAlive": []}
persistence_explicit-stop.json_file_error {"exitCode": 3, "status": "PROCESS_UNKNOWN", "failureCode": "STOP_RECEIPT_FAILED", "elapsed": 0.1359390340076061, "hitCount": 1, "workersAlive": []}
persistence_explicit-stop.json_dir_error {"exitCode": 3, "status": "PROCESS_UNKNOWN", "failureCode": "STOP_RECEIPT_FAILED", "elapsed": 0.12041570400469936, "hitCount": 1, "workersAlive": []}
persistence_explicit-stop.json_dir_stall {"exitCode": 3, "status": "PROCESS_UNKNOWN", "failureCode": "STOP_RECEIPT_FAILED", "elapsed": 0.3028018670011079, "hitCount": 1, "workersAlive": []}
persistence_containment-normal-cleanup.json_write_error {"exitCode": 3, "status": "PROCESS_UNKNOWN", "failureCode": "CONTAINMENT_UNRESOLVED", "elapsed": 0.09086891601327807, "hitCount": 1, "workersAlive": []}
persistence_containment-normal-cleanup.json_file_error {"exitCode": 3, "status": "PROCESS_UNKNOWN", "failureCode": "CONTAINMENT_UNRESOLVED", "elapsed": 0.08776497600774746, "hitCount": 1, "workersAlive": []}
persistence_containment-normal-cleanup.json_dir_error {"exitCode": 3, "status": "PROCESS_UNKNOWN", "failureCode": "CONTAINMENT_UNRESOLVED", "elapsed": 0.0971805349981878, "hitCount": 1, "workersAlive": []}
persistence_containment-normal-cleanup.json_dir_stall {"exitCode": 3, "status": "PROCESS_UNKNOWN", "failureCode": "CONTAINMENT_UNRESOLVED", "elapsed": 0.28700418199878186, "hitCount": 1, "workersAlive": []}
persistence_loan-process-result.json_write_error {"exitCode": 3, "status": "PROCESS_SUCCESS", "failureCode": null, "elapsed": 0.13444693600467872, "hitCount": 1, "workersAlive": []}
persistence_loan-process-result.json_file_error {"exitCode": 3, "status": "PROCESS_SUCCESS", "failureCode": null, "elapsed": 0.09619572501105722, "hitCount": 1, "workersAlive": []}
persistence_loan-process-result.json_dir_error {"exitCode": 3, "status": "PROCESS_SUCCESS", "failureCode": null, "elapsed": 0.09253074698790442, "hitCount": 1, "workersAlive": []}
persistence_loan-process-result.json_dir_stall {"exitCode": 3, "status": "PROCESS_SUCCESS", "failureCode": null, "elapsed": 0.28876421799941454, "hitCount": 1, "workersAlive": []}
observation_ages_past120_during_setup {"exitCode": 0, "status": "PROCESS_SUCCESS", "virtualAgeAtStartSeconds": 130}
Traceback (most recent call last):
  File "/tmp/moriarty-production-r2-audit-probes.py", line 112, in <module>
    startup=dict(harness.fake_services.STARTUP)
                 ^^^^^^^^^^^^^^^^^^^^^^^^^^^^^
AttributeError: module 'fake_services' has no attribute 'STARTUP'
