✔ loan accrual and settlement preserve all fields and obligation tombstones (115.97069ms)
✔ swap and close read state and capture effects in source order (89.966019ms)
✔ actionHash binds changed min_out even with identical resulting writes and effects (75.366353ms)
✔ missing backend and client boolean claims cannot produce accepted Complete (13.829307ms)
✔ checked arithmetic rejects overflow BEFORE division, subtraction underflow and zero divisor atomically (18.113624ms)
✔ short circuit execution counts visited expressions and permits Bool and Quantity locals (15.378885ms)
✔ typed input units, unknown members, nominal minOut and state tampering fail closed (152.207228ms)
✔ principal, provider, external prechecks, expiry, invariant, reserve and exhaustion reject (357.966766ms)
✔ exact plan construction is explicitly unsigned simulation, then exact matching rejects changes (126.726166ms)
✔ obligation identity, tombstones, exact amounts and transfer conservation are enforced (281.320269ms)
✔ quantum uses nominal subunits per ledger unit and rejects indivisible transfer or mismatched asset (18.568014ms)
✔ outcome gross caps include fees and never net refunds; net goals include every debit (52.827071ms)
✔ all four complete financial traces agree with retained independent legacy evaluator after documented renaming (159.401435ms)
✔ policy provenance cannot discard floor nodes, and committed action provenance resets (9.127948ms)
✔ rehashed malicious Core and source-map changes cannot substitute for source lowering (54.710821ms)
✔ all binding equalities reject independently even after recomputing affected digest wrappers (297.497172ms)
✔ backend authentication is mandatory, replay prechecks cannot be copied, and unavailable proof work cannot commit (72.78333ms)
✔ resource count body omits the entire counts member and includes every other value (42.048274ms)
✔ same-action creation and settlement preserve immutable event-time delta snapshots (15.072736ms)
✔ empty action has zero expression maxima and consumes one finite allowance (3.627084ms)
✔ original runtime hidden is rejected without normalization or executing user code (62.730789ms)
✔ original runtime symbol is rejected without normalization or executing user code (60.104167ms)
✔ original runtime prototype is rejected without normalization or executing user code (66.172984ms)
✔ original runtime getter is rejected without normalization or executing user code (60.758051ms)
✔ original runtime nested-getter is rejected without normalization or executing user code (59.463316ms)
✔ original runtime array-getter is rejected without normalization or executing user code (60.850505ms)
✔ original runtime array-prototype is rejected without normalization or executing user code (59.471911ms)
✔ original runtime proxy is rejected without normalization or executing user code (61.092512ms)
✔ loan settlement before accrual rejects at its exact source guard, adjacent ordered settlement succeeds (95.33587ms)
✔ ExactPlan rejects extra and reordered effects next to its exact accepting plan (124.617666ms)
✔ retained obligation capacity accepts 127 plus one and rejects 128 plus one, including settled identities (45.185377ms)
✔ runtime counts attain the admitted instruction/local/node bounds; the next source size rejects before execution (142.002946ms)
✔ registered RESULT_BOUNDS has an adjacent valid-input accepting boundary without custom registry limits (370.497176ms)
✔ valid false client checks are replaced, while the admitted backend tuple is deeply immutable (50.682715ms)
ℹ tests 34
ℹ suites 0
ℹ pass 34
ℹ fail 0
ℹ cancelled 0
ℹ skipped 0
ℹ todo 0
ℹ duration_ms 3416.492237
