✔ loan accrual and settlement preserve all fields and obligation tombstones (111.153431ms)
✔ swap and close read state and capture effects in source order (112.333742ms)
✔ actionHash binds changed min_out even with identical resulting writes and effects (93.187108ms)
✔ missing backend and client boolean claims cannot produce accepted Complete (21.283571ms)
✔ checked arithmetic rejects overflow BEFORE division, subtraction underflow and zero divisor atomically (19.581039ms)
✔ short circuit execution counts visited expressions and permits Bool and Quantity locals (15.293706ms)
✔ typed input units, unknown members, nominal minOut and state tampering fail closed (171.726332ms)
✔ principal, provider, external prechecks, expiry, invariant, reserve and exhaustion reject (369.906073ms)
✔ exact plan construction is explicitly unsigned simulation, then exact matching rejects changes (143.301447ms)
✔ obligation identity, tombstones, exact amounts and transfer conservation are enforced (295.5661ms)
✔ quantum uses nominal subunits per ledger unit and rejects indivisible transfer or mismatched asset (18.976211ms)
✔ outcome gross caps include fees and never net refunds; net goals include every debit (50.175056ms)
✔ all four complete financial traces agree with retained independent legacy evaluator after documented renaming (157.358449ms)
✔ policy provenance cannot discard floor nodes, and committed action provenance resets (7.342003ms)
✔ rehashed malicious Core and source-map changes cannot substitute for source lowering (59.14284ms)
✔ all binding equalities reject independently even after recomputing affected digest wrappers (304.070435ms)
✔ backend authentication is mandatory, replay prechecks cannot be copied, and unavailable proof work cannot commit (78.730389ms)
✔ resource count body omits the entire counts member and includes every other value (44.900841ms)
✔ same-action creation and settlement preserve immutable event-time delta snapshots (12.150252ms)
✔ empty action has zero expression maxima and consumes one finite allowance (4.083019ms)
✔ original runtime hidden is rejected without normalization or executing user code (65.366953ms)
✔ original runtime symbol is rejected without normalization or executing user code (62.356776ms)
✔ original runtime prototype is rejected without normalization or executing user code (68.779058ms)
✔ original runtime getter is rejected without normalization or executing user code (63.49376ms)
✔ original runtime nested-getter is rejected without normalization or executing user code (62.637511ms)
✔ original runtime array-getter is rejected without normalization or executing user code (65.271112ms)
✔ original runtime array-prototype is rejected without normalization or executing user code (63.852808ms)
✔ original runtime proxy is rejected without normalization or executing user code (70.879562ms)
✔ loan settlement before accrual rejects at its exact source guard, adjacent ordered settlement succeeds (116.877875ms)
✔ ExactPlan rejects extra and reordered effects next to its exact accepting plan (142.230179ms)
✔ retained obligation capacity accepts 127 plus one and rejects 128 plus one, including settled identities (45.754663ms)
✔ runtime counts attain the admitted instruction/local/node bounds; the next source size rejects before execution (152.461435ms)
✔ registered RESULT_BOUNDS has an adjacent valid-input accepting boundary without custom registry limits (349.659436ms)
✔ valid false client checks are replaced, while the admitted backend tuple is deeply immutable (57.146109ms)
✔ SP01 decoder accepts canonical string, Buffer and Uint8Array as frozen inputs (21.742183ms)
✔ SP01 decoder ignores hostile shadow properties on genuine byte views (19.208914ms)
✔ SP01 decoder rejects proxies and non-byte impostors without caller code (0.684699ms)
✔ SP01 decoder rejects detached and oversized byte views by intrinsic size (0.248451ms)
✔ SP01 decoder snapshots precisely the byte view before downstream decoding (18.802418ms)
✔ SP01 decoder bounds primitive strings before any UTF8 encoding allocation (2.909217ms)
✔ SP01 decoder accepts 4096 hex signature characters and rejects 4098 (31.777425ms)
✔ SP01 decoder applies array length 128 and 129 to a schema-valid statement (18.38204ms)
✔ SP01 decoder admits exact 65536 input bytes and rejects the next byte (44.535515ms)
✔ SP01 decoder enforces depth, node, record-key and UTF8 text admission before schema (130.465421ms)
✔ SP01 decoder rejects noncanonical UTF8, JSON, schema and Unicode inputs (23.069901ms)
ℹ tests 45
ℹ suites 0
ℹ pass 45
ℹ fail 0
ℹ cancelled 0
ℹ skipped 0
ℹ todo 0
ℹ duration_ms 3910.41328
