✔ exact registered bytes independently reproduce the pinned bounds hash and accepted program (56.427076ms)
✔ public frontend rejects all modified and malformed bounds without leaked host exceptions (1019.089967ms)
✔ earlier source diagnostics retain stage priority over malformed registry bytes (37.816406ms)
✔ derive rechecks exact registry even when a forged full program matches altered bounds (539.986331ms)
✔ backend registry admission precedes authentication or commit, including absent binding bytes (251.766569ms)
✔ detached or disguised byte views fail closed; caller mutation cannot alter the trusted registry (164.910464ms)
✔ a source stage7 failure is retained ahead of a bounds stage8 mismatch (4.802204ms)
✔ oversized bounds and decorated typed-array length cannot bypass bounded admission (138.543907ms)
✔ oversized bounds are rejected before encoder or digest work on their contents (0.478865ms)
✔ missing local binding and invalid simulator byte containers reject at program admission (49.758838ms)
✔ closed runtime schema admission precedes authentication even with registered source and bounds (88.194348ms)
✔ Core source-map edits have SOURCE_MAP while non-Core manifest edits have PROGRAM_ENCODING (144.900818ms)
✔ complete parser rejects comments, plain division, chained comparison, trailing input and unknown syntax (4.315306ms)
✔ canonical codec uses ASCII key order, preserves scalar text, and rejects alternative bytes (1.152247ms)
✔ UTF8 spans and erased parentheses retain independent literal span (7.241077ms)
✔ typing rejects forward values, duplicate state writes, wrong actors and nominal units (4.896266ms)
✔ both complete supplied programs produce deterministic full AST, typed annotations, Core and hashes (77.348018ms)
✔ precedence, left association, floor numerator preorder and per-statement IDs are exact (2.751772ms)
✔ unit algebra produces ordered Quantity vectors and cancels exactly without erasing nominal amounts (4.178082ms)
✔ policies reject missing, duplicate, wrong-unit, future and nonfinancial bindings (34.536752ms)
✔ explicit reserve rules are generic, hash-bound, and require the exact structural guard (82.591751ms)
✔ settlements, statuses and exact effect schemas reject malformed records (19.946044ms)
✔ every aggregate encoding and action shape limit is enforced jointly (79.436233ms)
✔ canonical codec rejects sparse, decorated and accessor containers (0.290053ms)
✔ profile-valid redundant parentheses exceed128 without consuming semantic depth (27.237256ms)
✔ public frontend returns one closed diagnostic at earliest stage with exact fields (3.806388ms)
✔ independent stage6 errors select smallest source span, including earlier policies (3.539851ms)
✔ validated canonical record decoding requires a schema validator (0.411676ms)
✔ semantic depth boundary16 accepts and17 rejects with PROGRAM_BOUNDS (11.967054ms)
✔ both example hashes and canonical full records retain audited materialization bytes (42.574394ms)
✔ internal nonadmitted configuration isolates typed versus manifest bounds; public APIs reject overrides (4.659814ms)
✔ malformed settlement literal kinds are stage4 declaration errors after complete syntax (1.765728ms)
✔ settlement wrong shape wins before semantic errors while valid shapes reach stage6 (1.247754ms)
✔ keyword misuse is syntax stage3, reserved tokens are lexical stage2, with numeric stage priority (0.872666ms)
✔ Const State Episode and guard literals preserve schema-versus-typing distinctions (5.482824ms)
✔ loan and swap policies may follow all actions with complete-table metadata resolution (215.255314ms)
✔ policies after actions retain stage6 invalid-target and invalid-rounding controls (30.584135ms)
✔ unexpected astral source characters have exact complete-scalar UTF8 lexical spans (0.836691ms)
✔ generic mapper compiles full loan and swap functions and matches all state/effect operands for four transitions (999.176908ms)
✔ every supplied arithmetic hint is constrained; minOut, actor, state order and lifecycle changes reject (720.22023ms)
✔ unsupported text and short-circuit forms fail closed, while numeric-looking Text remains nominal (10.690023ms)
✔ dynamic compiled overflow is rejected before a later fitting division (284.853797ms)
✔ source map covers every Core expression and numeric unit metadata survives lowering (32.515328ms)
✔ test-only snapshot harness compiles ZKIR and records complete kernel result without mutating failed input state (779.488818ms)
✔ loan accrual and settlement preserve all fields and obligation tombstones (116.856229ms)
✔ swap and close read state and capture effects in source order (102.918468ms)
✔ actionHash binds changed min_out even with identical resulting writes and effects (85.759888ms)
✔ missing backend and client boolean claims cannot produce accepted Complete (16.148963ms)
✔ checked arithmetic rejects overflow BEFORE division, subtraction underflow and zero divisor atomically (18.792069ms)
✔ short circuit execution counts visited expressions and permits Bool and Quantity locals (13.980475ms)
✔ typed input units, unknown members, nominal minOut and state tampering fail closed (169.756178ms)
✔ principal, provider, external prechecks, expiry, invariant, reserve and exhaustion reject (392.548823ms)
✔ exact plan construction is explicitly unsigned simulation, then exact matching rejects changes (132.048691ms)
✔ obligation identity, tombstones, exact amounts and transfer conservation are enforced (281.679221ms)
✔ quantum uses nominal subunits per ledger unit and rejects indivisible transfer or mismatched asset (20.601812ms)
✔ outcome gross caps include fees and never net refunds; net goals include every debit (50.418194ms)
✔ all four complete financial traces agree with retained independent legacy evaluator after documented renaming (144.517338ms)
✔ policy provenance cannot discard floor nodes, and committed action provenance resets (10.584624ms)
✔ rehashed malicious Core and source-map changes cannot substitute for source lowering (40.487273ms)
✔ all binding equalities reject independently even after recomputing affected digest wrappers (302.008624ms)
✔ backend authentication is mandatory, replay prechecks cannot be copied, and unavailable proof work cannot commit (82.296445ms)
✔ resource count body omits the entire counts member and includes every other value (45.343835ms)
✔ same-action creation and settlement preserve immutable event-time delta snapshots (13.516078ms)
✔ empty action has zero expression maxima and consumes one finite allowance (3.417392ms)
✔ original runtime hidden is rejected without normalization or executing user code (73.856263ms)
✔ original runtime symbol is rejected without normalization or executing user code (67.40615ms)
✔ original runtime prototype is rejected without normalization or executing user code (71.971892ms)
✔ original runtime getter is rejected without normalization or executing user code (70.803572ms)
✔ original runtime nested-getter is rejected without normalization or executing user code (65.824305ms)
✔ original runtime array-getter is rejected without normalization or executing user code (71.095494ms)
✔ original runtime array-prototype is rejected without normalization or executing user code (68.301416ms)
✔ original runtime proxy is rejected without normalization or executing user code (69.469493ms)
✔ loan settlement before accrual rejects at its exact source guard, adjacent ordered settlement succeeds (102.777976ms)
✔ ExactPlan rejects extra and reordered effects next to its exact accepting plan (123.464842ms)
✔ retained obligation capacity accepts 127 plus one and rejects 128 plus one, including settled identities (45.347035ms)
✔ runtime counts attain the admitted instruction/local/node bounds; the next source size rejects before execution (178.945206ms)
✔ registered RESULT_BOUNDS has an adjacent valid-input accepting boundary without custom registry limits (372.503302ms)
✔ valid false client checks are replaced, while the admitted backend tuple is deeply immutable (46.348746ms)
✔ SP01 decoder accepts canonical string, Buffer and Uint8Array as frozen inputs (17.281784ms)
✔ SP01 decoder ignores hostile shadow properties on genuine byte views (17.845342ms)
✔ SP01 decoder rejects proxies and non-byte impostors without caller code (0.632814ms)
✔ SP01 decoder rejects detached and oversized byte views by intrinsic size (0.329213ms)
✔ SP01 decoder snapshots precisely the byte view before downstream decoding (14.7071ms)
✔ SP01 decoder bounds primitive strings before any UTF8 encoding allocation (2.238069ms)
✔ SP01 decoder accepts 4096 hex signature characters and rejects 4098 (21.513705ms)
✔ SP01 decoder applies array length 128 and 129 to a schema-valid statement (16.583172ms)
✔ SP01 decoder admits exact 65536 input bytes and rejects the next byte (44.815951ms)
✔ SP01 decoder enforces depth, node, record-key and UTF8 text admission before schema (132.154549ms)
✔ SP01 decoder rejects noncanonical UTF8, JSON, schema and Unicode inputs (28.554562ms)
ℹ tests 89
ℹ suites 0
ℹ pass 89
ℹ fail 0
ℹ cancelled 0
ℹ skipped 0
ℹ todo 0
ℹ duration_ms 10221.428337
