{
  "status": "AuthoringChecked",
  "sourceHash": "d3b0f1cf99d1a098f381306383894301af33c2a2e128f5daef9c455f16165395",
  "diagnostics": [],
  "agreement": "CrossStakeBridge",
  "identities": [
    {
      "kind": "domain",
      "name": "HomeRail",
      "claims": {
        "id": "HomeRail",
        "chain": "home-rail",
        "network": "stake-preview"
      },
      "authenticated": false,
      "span": {
        "start": 750,
        "end": 847
      }
    },
    {
      "kind": "domain",
      "name": "ForeignClaim",
      "claims": {
        "id": "ForeignClaim",
        "chain": "claim-net",
        "network": "wrap-preview"
      },
      "authenticated": false,
      "span": {
        "start": 850,
        "end": 954
      }
    },
    {
      "kind": "account",
      "name": "Staker",
      "claims": {
        "domain": {
          "declaration": "HomeRail",
          "kind": "domain",
          "id": "HomeRail"
        },
        "id": "StakerPrincipal"
      },
      "authenticated": false,
      "span": {
        "start": 957,
        "end": 1028
      }
    },
    {
      "kind": "account",
      "name": "Custodian",
      "claims": {
        "domain": {
          "declaration": "HomeRail",
          "kind": "domain",
          "id": "HomeRail"
        },
        "id": "VaultCustodian"
      },
      "authenticated": false,
      "span": {
        "start": 1031,
        "end": 1104
      }
    },
    {
      "kind": "account",
      "name": "RewardDesk",
      "claims": {
        "domain": {
          "declaration": "HomeRail",
          "kind": "domain",
          "id": "HomeRail"
        },
        "id": "RewardTreasury"
      },
      "authenticated": false,
      "span": {
        "start": 1107,
        "end": 1181
      }
    },
    {
      "kind": "account",
      "name": "Holder",
      "claims": {
        "domain": {
          "declaration": "ForeignClaim",
          "kind": "domain",
          "id": "ForeignClaim"
        },
        "id": "ClaimHolder"
      },
      "authenticated": false,
      "span": {
        "start": 1184,
        "end": 1255
      }
    },
    {
      "kind": "account",
      "name": "ForeignDesk",
      "claims": {
        "domain": {
          "declaration": "ForeignClaim",
          "kind": "domain",
          "id": "ForeignClaim"
        },
        "id": "ForeignCustodian"
      },
      "authenticated": false,
      "span": {
        "start": 1258,
        "end": 1339
      }
    },
    {
      "kind": "account",
      "name": "ForeignRewards",
      "claims": {
        "domain": {
          "declaration": "ForeignClaim",
          "kind": "domain",
          "id": "ForeignClaim"
        },
        "id": "ForeignRewardDesk"
      },
      "authenticated": false,
      "span": {
        "start": 1342,
        "end": 1427
      }
    },
    {
      "kind": "asset",
      "name": "RailUSD",
      "claims": {
        "domain": {
          "declaration": "HomeRail",
          "kind": "domain",
          "id": "HomeRail"
        },
        "id": "RailUSDCanonical",
        "scale": "2",
        "representation": "canonical",
        "symbol": "USD"
      },
      "authenticated": false,
      "span": {
        "start": 1430,
        "end": 1567
      }
    },
    {
      "kind": "asset",
      "name": "ClaimUSD",
      "claims": {
        "domain": {
          "declaration": "ForeignClaim",
          "kind": "domain",
          "id": "ForeignClaim"
        },
        "id": "ClaimUSDNominal",
        "scale": "6",
        "representation": "bridge-claim",
        "symbol": "USD"
      },
      "authenticated": false,
      "span": {
        "start": 1570,
        "end": 1714
      }
    }
  ],
  "actions": [
    {
      "name": "escrow_home",
      "intent": "LockRail",
      "span": {
        "start": 17518,
        "end": 17551
      },
      "nameSpan": {
        "start": 17525,
        "end": 17536
      },
      "support": "SpecifiedOnly",
      "coverage": {
        "financialRelations": "Open",
        "localPreparation": "Unsupported"
      },
      "bounds": {
        "scalarAndQuantityMax": "340282366920938463463374607431768211455"
      },
      "requiredPremises": [],
      "unverifiedBindings": []
    },
    {
      "name": "claim_foreign",
      "intent": "TakeClaim",
      "span": {
        "start": 17554,
        "end": 17590
      },
      "nameSpan": {
        "start": 17561,
        "end": 17574
      },
      "support": "SpecifiedOnly",
      "coverage": {
        "financialRelations": "Open",
        "localPreparation": "Unsupported"
      },
      "bounds": {
        "scalarAndQuantityMax": "340282366920938463463374607431768211455"
      },
      "requiredPremises": [],
      "unverifiedBindings": []
    },
    {
      "name": "recover_home",
      "intent": "RecoverRail",
      "span": {
        "start": 17593,
        "end": 17630
      },
      "nameSpan": {
        "start": 17600,
        "end": 17612
      },
      "support": "SpecifiedOnly",
      "coverage": {
        "financialRelations": "Open",
        "localPreparation": "Unsupported"
      },
      "bounds": {
        "scalarAndQuantityMax": "340282366920938463463374607431768211455"
      },
      "requiredPremises": [],
      "unverifiedBindings": []
    },
    {
      "name": "deposit_home",
      "intent": "StakeHome",
      "span": {
        "start": 17633,
        "end": 17668
      },
      "nameSpan": {
        "start": 17640,
        "end": 17652
      },
      "support": "SpecifiedOnly",
      "coverage": {
        "financialRelations": "Open",
        "localPreparation": "Unsupported"
      },
      "bounds": {
        "scalarAndQuantityMax": "340282366920938463463374607431768211455"
      },
      "requiredPremises": [],
      "unverifiedBindings": []
    },
    {
      "name": "reward_home",
      "intent": "RewardHome",
      "span": {
        "start": 17671,
        "end": 17706
      },
      "nameSpan": {
        "start": 17678,
        "end": 17689
      },
      "support": "SpecifiedOnly",
      "coverage": {
        "financialRelations": "Open",
        "localPreparation": "Unsupported"
      },
      "bounds": {
        "scalarAndQuantityMax": "340282366920938463463374607431768211455"
      },
      "requiredPremises": [],
      "unverifiedBindings": []
    },
    {
      "name": "slash_home",
      "intent": "SlashHome",
      "span": {
        "start": 17709,
        "end": 17742
      },
      "nameSpan": {
        "start": 17716,
        "end": 17726
      },
      "support": "SpecifiedOnly",
      "coverage": {
        "financialRelations": "Open",
        "localPreparation": "Unsupported"
      },
      "bounds": {
        "scalarAndQuantityMax": "340282366920938463463374607431768211455"
      },
      "requiredPremises": [],
      "unverifiedBindings": []
    },
    {
      "name": "unbond_home",
      "intent": "UnbondHome",
      "span": {
        "start": 17745,
        "end": 17780
      },
      "nameSpan": {
        "start": 17752,
        "end": 17763
      },
      "support": "SpecifiedOnly",
      "coverage": {
        "financialRelations": "Open",
        "localPreparation": "Unsupported"
      },
      "bounds": {
        "scalarAndQuantityMax": "340282366920938463463374607431768211455"
      },
      "requiredPremises": [],
      "unverifiedBindings": []
    },
    {
      "name": "withdraw_home",
      "intent": "WithdrawHome",
      "span": {
        "start": 17783,
        "end": 17822
      },
      "nameSpan": {
        "start": 17790,
        "end": 17803
      },
      "support": "SpecifiedOnly",
      "coverage": {
        "financialRelations": "Open",
        "localPreparation": "Unsupported"
      },
      "bounds": {
        "scalarAndQuantityMax": "340282366920938463463374607431768211455"
      },
      "requiredPremises": [],
      "unverifiedBindings": []
    },
    {
      "name": "deposit_foreign",
      "intent": "StakeForeign",
      "span": {
        "start": 17825,
        "end": 17866
      },
      "nameSpan": {
        "start": 17832,
        "end": 17847
      },
      "support": "SpecifiedOnly",
      "coverage": {
        "financialRelations": "Open",
        "localPreparation": "Unsupported"
      },
      "bounds": {
        "scalarAndQuantityMax": "340282366920938463463374607431768211455"
      },
      "requiredPremises": [],
      "unverifiedBindings": []
    },
    {
      "name": "reward_foreign",
      "intent": "RewardForeign",
      "span": {
        "start": 17869,
        "end": 17910
      },
      "nameSpan": {
        "start": 17876,
        "end": 17890
      },
      "support": "SpecifiedOnly",
      "coverage": {
        "financialRelations": "Open",
        "localPreparation": "Unsupported"
      },
      "bounds": {
        "scalarAndQuantityMax": "340282366920938463463374607431768211455"
      },
      "requiredPremises": [],
      "unverifiedBindings": []
    },
    {
      "name": "slash_foreign",
      "intent": "SlashForeign",
      "span": {
        "start": 17913,
        "end": 17952
      },
      "nameSpan": {
        "start": 17920,
        "end": 17933
      },
      "support": "SpecifiedOnly",
      "coverage": {
        "financialRelations": "Open",
        "localPreparation": "Unsupported"
      },
      "bounds": {
        "scalarAndQuantityMax": "340282366920938463463374607431768211455"
      },
      "requiredPremises": [],
      "unverifiedBindings": []
    },
    {
      "name": "unbond_foreign",
      "intent": "UnbondForeign",
      "span": {
        "start": 17955,
        "end": 17996
      },
      "nameSpan": {
        "start": 17962,
        "end": 17976
      },
      "support": "SpecifiedOnly",
      "coverage": {
        "financialRelations": "Open",
        "localPreparation": "Unsupported"
      },
      "bounds": {
        "scalarAndQuantityMax": "340282366920938463463374607431768211455"
      },
      "requiredPremises": [],
      "unverifiedBindings": []
    },
    {
      "name": "withdraw_foreign",
      "intent": "WithdrawForeign",
      "span": {
        "start": 17999,
        "end": 18044
      },
      "nameSpan": {
        "start": 18006,
        "end": 18022
      },
      "support": "SpecifiedOnly",
      "coverage": {
        "financialRelations": "Open",
        "localPreparation": "Unsupported"
      },
      "bounds": {
        "scalarAndQuantityMax": "340282366920938463463374607431768211455"
      },
      "requiredPremises": [],
      "unverifiedBindings": []
    }
  ],
  "intents": [
    {
      "name": "LockRail",
      "terms": {
        "domain": {
          "tag": "entity",
          "kind": "domain",
          "declaration": "HomeRail",
          "claims": {
            "id": "HomeRail",
            "chain": "home-rail",
            "network": "stake-preview"
          },
          "authenticated": false
        },
        "asset": {
          "tag": "entity",
          "kind": "asset",
          "declaration": "RailUSD",
          "claims": {
            "domain": {
              "declaration": "HomeRail",
              "kind": "domain",
              "id": "HomeRail"
            },
            "id": "RailUSDCanonical",
            "scale": "2",
            "representation": "canonical",
            "symbol": "USD"
          },
          "authenticated": false
        },
        "signer": {
          "tag": "entity",
          "kind": "account",
          "declaration": "Staker",
          "claims": {
            "domain": {
              "declaration": "HomeRail",
              "kind": "domain",
              "id": "HomeRail"
            },
            "id": "StakerPrincipal"
          },
          "authenticated": false
        },
        "policy": {
          "tag": "entity",
          "kind": "policy",
          "declaration": "DutyTerms",
          "claims": {
            "id": "BridgeStakeTerms",
            "epoch": "1",
            "source_hash": "terms-bridge-stake-1",
            "duty_preservation": "required-but-unchecked"
          },
          "authenticated": false
        },
        "authority": {
          "tag": "entity",
          "kind": "grant",
          "declaration": "EscrowAuthority",
          "claims": {
            "issuer": {
              "declaration": "Custodian",
              "kind": "account",
              "id": "VaultCustodian"
            },
            "scope": "escrow-250-RailUSD",
            "expiry": "48",
            "revocation_epoch": "2",
            "work_limit": "1",
            "evidence": "grant text is not a signature"
          },
          "authenticated": false
        },
        "valid": {
          "tag": "call",
          "name": "rounds",
          "args": {
            "domain": {
              "tag": "entity",
              "kind": "domain",
              "declaration": "HomeRail",
              "claims": {
                "id": "HomeRail",
                "chain": "home-rail",
                "network": "stake-preview"
              },
              "authenticated": false
            },
            "from": {
              "tag": "scalar",
              "value": "12"
            },
            "to": {
              "tag": "scalar",
              "value": "48"
            }
          }
        },
        "gross_cap": {
          "tag": "qty",
          "asset": "RailUSD",
          "atoms": "25000"
        },
        "fee_cap": {
          "tag": "qty",
          "asset": "RailUSD",
          "atoms": "0"
        },
        "net_floor": {
          "tag": "qty",
          "asset": "RailUSD",
          "atoms": "25000"
        },
        "reads": {
          "tag": "array",
          "items": [
            {
              "tag": "string",
              "value": "escrow-lock"
            }
          ]
        },
        "writes": {
          "tag": "array",
          "items": [
            {
              "tag": "string",
              "value": "no-local-effect"
            }
          ]
        },
        "relation": {
          "tag": "string",
          "value": "fee_cap is 250.00 RailUSD minus atoms(25000); that gap is zero atoms"
        },
        "failure": {
          "tag": "string",
          "value": "timeout alone is not proof of foreign nonreceipt"
        },
        "continuation": {
          "tag": "string",
          "value": "claim_foreign and deposit_foreign are not this action"
        },
        "status": {
          "tag": "string",
          "value": "pending"
        },
        "retained_duties": {
          "tag": "string",
          "value": "home lock text is not an empty S0 duty list"
        },
        "recovery": {
          "tag": "string",
          "value": "recover_home is a separate action"
        },
        "operation": {
          "tag": "call",
          "name": "bridge.escrow",
          "args": {
            "owner": {
              "tag": "entity",
              "kind": "account",
              "declaration": "Staker",
              "claims": {
                "domain": {
                  "declaration": "HomeRail",
                  "kind": "domain",
                  "id": "HomeRail"
                },
                "id": "StakerPrincipal"
              },
              "authenticated": false
            },
            "amount": {
              "tag": "qty",
              "asset": "RailUSD",
              "atoms": "25000"
            },
            "destination": {
              "tag": "entity",
              "kind": "domain",
              "declaration": "ForeignClaim",
              "claims": {
                "id": "ForeignClaim",
                "chain": "claim-net",
                "network": "wrap-preview"
              },
              "authenticated": false
            },
            "claim_id": {
              "tag": "string",
              "value": "claim-rail-250"
            }
          }
        }
      }
    },
    {
      "name": "TakeClaim",
      "terms": {
        "domain": {
          "tag": "entity",
          "kind": "domain",
          "declaration": "ForeignClaim",
          "claims": {
            "id": "ForeignClaim",
            "chain": "claim-net",
            "network": "wrap-preview"
          },
          "authenticated": false
        },
        "asset": {
          "tag": "entity",
          "kind": "asset",
          "declaration": "ClaimUSD",
          "claims": {
            "domain": {
              "declaration": "ForeignClaim",
              "kind": "domain",
              "id": "ForeignClaim"
            },
            "id": "ClaimUSDNominal",
            "scale": "6",
            "representation": "bridge-claim",
            "symbol": "USD"
          },
          "authenticated": false
        },
        "signer": {
          "tag": "entity",
          "kind": "account",
          "declaration": "Holder",
          "claims": {
            "domain": {
              "declaration": "ForeignClaim",
              "kind": "domain",
              "id": "ForeignClaim"
            },
            "id": "ClaimHolder"
          },
          "authenticated": false
        },
        "policy": {
          "tag": "entity",
          "kind": "policy",
          "declaration": "DutyTerms",
          "claims": {
            "id": "BridgeStakeTerms",
            "epoch": "1",
            "source_hash": "terms-bridge-stake-1",
            "duty_preservation": "required-but-unchecked"
          },
          "authenticated": false
        },
        "authority": {
          "tag": "string",
          "value": "no admitted foreign grant"
        },
        "valid": {
          "tag": "call",
          "name": "rounds",
          "args": {
            "domain": {
              "tag": "entity",
              "kind": "domain",
              "declaration": "ForeignClaim",
              "claims": {
                "id": "ForeignClaim",
                "chain": "claim-net",
                "network": "wrap-preview"
              },
              "authenticated": false
            },
            "from": {
              "tag": "scalar",
              "value": "12"
            },
            "to": {
              "tag": "scalar",
              "value": "48"
            }
          }
        },
        "gross_cap": {
          "tag": "qty",
          "asset": "ClaimUSD",
          "atoms": "250000000"
        },
        "fee_cap": {
          "tag": "qty",
          "asset": "ClaimUSD",
          "atoms": "0"
        },
        "net_floor": {
          "tag": "qty",
          "asset": "ClaimUSD",
          "atoms": "250000000"
        },
        "reads": {
          "tag": "array",
          "items": [
            {
              "tag": "string",
              "value": "foreign-claim"
            }
          ]
        },
        "writes": {
          "tag": "array",
          "items": [
            {
              "tag": "string",
              "value": "no-local-effect"
            }
          ]
        },
        "relation": {
          "tag": "string",
          "value": "fee_cap is the zero gap between 250.000000 ClaimUSD and 250000000 atoms"
        },
        "failure": {
          "tag": "string",
          "value": "evidence freshness is outside structural checking"
        },
        "continuation": {
          "tag": "string",
          "value": "a claim does not deposit ForeignShares"
        },
        "observation": {
          "tag": "string",
          "value": "ClaimFix is declared and is not an argument of bridge.claim"
        },
        "status": {
          "tag": "string",
          "value": "pending-evidence"
        },
        "retained_duties": {
          "tag": "string",
          "value": "claim duty text does not retain a balance effect"
        },
        "operation": {
          "tag": "call",
          "name": "bridge.claim",
          "args": {
            "owner": {
              "tag": "entity",
              "kind": "account",
              "declaration": "Holder",
              "claims": {
                "domain": {
                  "declaration": "ForeignClaim",
                  "kind": "domain",
                  "id": "ForeignClaim"
                },
                "id": "ClaimHolder"
              },
              "authenticated": false
            },
            "amount": {
              "tag": "qty",
              "asset": "ClaimUSD",
              "atoms": "250000000"
            },
            "source": {
              "tag": "entity",
              "kind": "domain",
              "declaration": "HomeRail",
              "claims": {
                "id": "HomeRail",
                "chain": "home-rail",
                "network": "stake-preview"
              },
              "authenticated": false
            },
            "claim_id": {
              "tag": "string",
              "value": "claim-rail-250"
            }
          }
        }
      }
    },
    {
      "name": "RecoverRail",
      "terms": {
        "domain": {
          "tag": "entity",
          "kind": "domain",
          "declaration": "HomeRail",
          "claims": {
            "id": "HomeRail",
            "chain": "home-rail",
            "network": "stake-preview"
          },
          "authenticated": false
        },
        "asset": {
          "tag": "entity",
          "kind": "asset",
          "declaration": "RailUSD",
          "claims": {
            "domain": {
              "declaration": "HomeRail",
              "kind": "domain",
              "id": "HomeRail"
            },
            "id": "RailUSDCanonical",
            "scale": "2",
            "representation": "canonical",
            "symbol": "USD"
          },
          "authenticated": false
        },
        "signer": {
          "tag": "entity",
          "kind": "account",
          "declaration": "Staker",
          "claims": {
            "domain": {
              "declaration": "HomeRail",
              "kind": "domain",
              "id": "HomeRail"
            },
            "id": "StakerPrincipal"
          },
          "authenticated": false
        },
        "policy": {
          "tag": "entity",
          "kind": "policy",
          "declaration": "DutyTerms",
          "claims": {
            "id": "BridgeStakeTerms",
            "epoch": "1",
            "source_hash": "terms-bridge-stake-1",
            "duty_preservation": "required-but-unchecked"
          },
          "authenticated": false
        },
        "authority": {
          "tag": "entity",
          "kind": "grant",
          "declaration": "EscrowAuthority",
          "claims": {
            "issuer": {
              "declaration": "Custodian",
              "kind": "account",
              "id": "VaultCustodian"
            },
            "scope": "escrow-250-RailUSD",
            "expiry": "48",
            "revocation_epoch": "2",
            "work_limit": "1",
            "evidence": "grant text is not a signature"
          },
          "authenticated": false
        },
        "valid": {
          "tag": "call",
          "name": "rounds",
          "args": {
            "domain": {
              "tag": "entity",
              "kind": "domain",
              "declaration": "HomeRail",
              "claims": {
                "id": "HomeRail",
                "chain": "home-rail",
                "network": "stake-preview"
              },
              "authenticated": false
            },
            "from": {
              "tag": "scalar",
              "value": "12"
            },
            "to": {
              "tag": "scalar",
              "value": "48"
            }
          }
        },
        "earliest_round": {
          "tag": "scalar",
          "value": "48"
        },
        "gross_cap": {
          "tag": "qty",
          "asset": "RailUSD",
          "atoms": "25000"
        },
        "fee_cap": {
          "tag": "qty",
          "asset": "RailUSD",
          "atoms": "0"
        },
        "net_floor": {
          "tag": "qty",
          "asset": "RailUSD",
          "atoms": "25000"
        },
        "reads": {
          "tag": "array",
          "items": [
            {
              "tag": "string",
              "value": "escrow-lock"
            }
          ]
        },
        "writes": {
          "tag": "array",
          "items": [
            {
              "tag": "string",
              "value": "no-local-effect"
            }
          ]
        },
        "relation": {
          "tag": "string",
          "value": "recover names the same 25000 RailUSD atoms and does not burn ClaimUSD"
        },
        "failure": {
          "tag": "string",
          "value": "timeout alone is not proof of foreign nonreceipt"
        },
        "continuation": {
          "tag": "string",
          "value": "foreign pending claim text is not cleared here"
        },
        "status": {
          "tag": "string",
          "value": "pending"
        },
        "retained_duties": {
          "tag": "string",
          "value": "recover does not delete the claim duty string"
        },
        "operation": {
          "tag": "call",
          "name": "bridge.recover",
          "args": {
            "owner": {
              "tag": "entity",
              "kind": "account",
              "declaration": "Staker",
              "claims": {
                "domain": {
                  "declaration": "HomeRail",
                  "kind": "domain",
                  "id": "HomeRail"
                },
                "id": "StakerPrincipal"
              },
              "authenticated": false
            },
            "amount": {
              "tag": "qty",
              "asset": "RailUSD",
              "atoms": "25000"
            },
            "claim_id": {
              "tag": "string",
              "value": "claim-rail-250"
            }
          }
        }
      }
    },
    {
      "name": "StakeHome",
      "terms": {
        "domain": {
          "tag": "entity",
          "kind": "domain",
          "declaration": "HomeRail",
          "claims": {
            "id": "HomeRail",
            "chain": "home-rail",
            "network": "stake-preview"
          },
          "authenticated": false
        },
        "asset": {
          "tag": "entity",
          "kind": "asset",
          "declaration": "RailUSD",
          "claims": {
            "domain": {
              "declaration": "HomeRail",
              "kind": "domain",
              "id": "HomeRail"
            },
            "id": "RailUSDCanonical",
            "scale": "2",
            "representation": "canonical",
            "symbol": "USD"
          },
          "authenticated": false
        },
        "signer": {
          "tag": "entity",
          "kind": "account",
          "declaration": "Staker",
          "claims": {
            "domain": {
              "declaration": "HomeRail",
              "kind": "domain",
              "id": "HomeRail"
            },
            "id": "StakerPrincipal"
          },
          "authenticated": false
        },
        "policy": {
          "tag": "entity",
          "kind": "policy",
          "declaration": "DutyTerms",
          "claims": {
            "id": "BridgeStakeTerms",
            "epoch": "1",
            "source_hash": "terms-bridge-stake-1",
            "duty_preservation": "required-but-unchecked"
          },
          "authenticated": false
        },
        "valid": {
          "tag": "call",
          "name": "rounds",
          "args": {
            "domain": {
              "tag": "entity",
              "kind": "domain",
              "declaration": "HomeRail",
              "claims": {
                "id": "HomeRail",
                "chain": "home-rail",
                "network": "stake-preview"
              },
              "authenticated": false
            },
            "from": {
              "tag": "scalar",
              "value": "12"
            },
            "to": {
              "tag": "scalar",
              "value": "48"
            }
          }
        },
        "gross_cap": {
          "tag": "qty",
          "asset": "RailUSD",
          "atoms": "25000"
        },
        "fee_cap": {
          "tag": "qty",
          "asset": "RailUSD",
          "atoms": "0"
        },
        "net_floor": {
          "tag": "qty",
          "asset": "RailUSD",
          "atoms": "25000"
        },
        "reads": {
          "tag": "array",
          "items": [
            {
              "tag": "string",
              "value": "home-unbond"
            }
          ]
        },
        "writes": {
          "tag": "array",
          "items": [
            {
              "tag": "string",
              "value": "no-local-effect"
            }
          ]
        },
        "relation": {
          "tag": "string",
          "value": "deposit of 25000 RailUSD atoms does not run escrow_home"
        },
        "rounding": {
          "tag": "string",
          "value": "share mint floor is stated and not computed"
        },
        "continuation": {
          "tag": "string",
          "value": "full_share_atoms 25000 is a scalar name, not a mint result"
        },
        "status": {
          "tag": "string",
          "value": "specified-only"
        },
        "retained_duties": {
          "tag": "string",
          "value": "deposit creates no checked share balance"
        },
        "operation": {
          "tag": "call",
          "name": "staking.deposit",
          "args": {
            "owner": {
              "tag": "entity",
              "kind": "account",
              "declaration": "Staker",
              "claims": {
                "domain": {
                  "declaration": "HomeRail",
                  "kind": "domain",
                  "id": "HomeRail"
                },
                "id": "StakerPrincipal"
              },
              "authenticated": false
            },
            "shares": {
              "tag": "entity",
              "kind": "share_class",
              "declaration": "HomeShares",
              "claims": {
                "domain": {
                  "declaration": "HomeRail",
                  "kind": "domain",
                  "id": "HomeRail"
                },
                "id": "HomeVaultShare",
                "backing": {
                  "declaration": "RailUSD",
                  "kind": "asset",
                  "id": "RailUSDCanonical"
                }
              },
              "authenticated": false
            },
            "backing": {
              "tag": "qty",
              "asset": "RailUSD",
              "atoms": "25000"
            }
          }
        }
      }
    },
    {
      "name": "RewardHome",
      "terms": {
        "domain": {
          "tag": "entity",
          "kind": "domain",
          "declaration": "HomeRail",
          "claims": {
            "id": "HomeRail",
            "chain": "home-rail",
            "network": "stake-preview"
          },
          "authenticated": false
        },
        "asset": {
          "tag": "entity",
          "kind": "asset",
          "declaration": "RailUSD",
          "claims": {
            "domain": {
              "declaration": "HomeRail",
              "kind": "domain",
              "id": "HomeRail"
            },
            "id": "RailUSDCanonical",
            "scale": "2",
            "representation": "canonical",
            "symbol": "USD"
          },
          "authenticated": false
        },
        "policy": {
          "tag": "entity",
          "kind": "policy",
          "declaration": "DutyTerms",
          "claims": {
            "id": "BridgeStakeTerms",
            "epoch": "1",
            "source_hash": "terms-bridge-stake-1",
            "duty_preservation": "required-but-unchecked"
          },
          "authenticated": false
        },
        "gross_cap": {
          "tag": "qty",
          "asset": "RailUSD",
          "atoms": "575"
        },
        "fee_cap": {
          "tag": "qty",
          "asset": "RailUSD",
          "atoms": "0"
        },
        "net_floor": {
          "tag": "qty",
          "asset": "RailUSD",
          "atoms": "450"
        },
        "reads": {
          "tag": "array",
          "items": [
            {
              "tag": "string",
              "value": "home-unbond"
            }
          ]
        },
        "writes": {
          "tag": "array",
          "items": [
            {
              "tag": "string",
              "value": "no-local-effect"
            }
          ]
        },
        "relation": {
          "tag": "string",
          "value": "fee_cap is the zero gap of 4.50 plus 1.25 against 5.75 RailUSD"
        },
        "rounding": {
          "tag": "string",
          "value": "reward is not a share-price update"
        },
        "continuation": {
          "tag": "string",
          "value": "reward is not netted with slash_home"
        },
        "status": {
          "tag": "string",
          "value": "specified-only"
        },
        "retained_duties": {
          "tag": "string",
          "value": "reward text is not a posted balance"
        },
        "operation": {
          "tag": "call",
          "name": "staking.reward",
          "args": {
            "shares": {
              "tag": "entity",
              "kind": "share_class",
              "declaration": "HomeShares",
              "claims": {
                "domain": {
                  "declaration": "HomeRail",
                  "kind": "domain",
                  "id": "HomeRail"
                },
                "id": "HomeVaultShare",
                "backing": {
                  "declaration": "RailUSD",
                  "kind": "asset",
                  "id": "RailUSDCanonical"
                }
              },
              "authenticated": false
            },
            "amount": {
              "tag": "qty",
              "asset": "RailUSD",
              "atoms": "575"
            }
          }
        }
      }
    },
    {
      "name": "SlashHome",
      "terms": {
        "domain": {
          "tag": "entity",
          "kind": "domain",
          "declaration": "HomeRail",
          "claims": {
            "id": "HomeRail",
            "chain": "home-rail",
            "network": "stake-preview"
          },
          "authenticated": false
        },
        "asset": {
          "tag": "entity",
          "kind": "asset",
          "declaration": "RailUSD",
          "claims": {
            "domain": {
              "declaration": "HomeRail",
              "kind": "domain",
              "id": "HomeRail"
            },
            "id": "RailUSDCanonical",
            "scale": "2",
            "representation": "canonical",
            "symbol": "USD"
          },
          "authenticated": false
        },
        "policy": {
          "tag": "entity",
          "kind": "policy",
          "declaration": "DutyTerms",
          "claims": {
            "id": "BridgeStakeTerms",
            "epoch": "1",
            "source_hash": "terms-bridge-stake-1",
            "duty_preservation": "required-but-unchecked"
          },
          "authenticated": false
        },
        "gross_cap": {
          "tag": "qty",
          "asset": "RailUSD",
          "atoms": "125"
        },
        "net_floor": {
          "tag": "qty",
          "asset": "RailUSD",
          "atoms": "125"
        },
        "reads": {
          "tag": "array",
          "items": [
            {
              "tag": "string",
              "value": "home-unbond"
            }
          ]
        },
        "writes": {
          "tag": "array",
          "items": [
            {
              "tag": "string",
              "value": "no-local-effect"
            }
          ]
        },
        "relation": {
          "tag": "string",
          "value": "slash 1.25 RailUSD is 125 atoms on the whole class"
        },
        "loss": {
          "tag": "string",
          "value": "slash is not netted against reward; unbond duty stays pending"
        },
        "continuation": {
          "tag": "string",
          "value": "no rule allocates 125 atoms to the 10000 share-atom slice"
        },
        "status": {
          "tag": "string",
          "value": "pending"
        },
        "retained_duties": {
          "tag": "string",
          "value": "pending withdrawal text remains after this slash"
        },
        "operation": {
          "tag": "call",
          "name": "staking.slash",
          "args": {
            "shares": {
              "tag": "entity",
              "kind": "share_class",
              "declaration": "HomeShares",
              "claims": {
                "domain": {
                  "declaration": "HomeRail",
                  "kind": "domain",
                  "id": "HomeRail"
                },
                "id": "HomeVaultShare",
                "backing": {
                  "declaration": "RailUSD",
                  "kind": "asset",
                  "id": "RailUSDCanonical"
                }
              },
              "authenticated": false
            },
            "amount": {
              "tag": "qty",
              "asset": "RailUSD",
              "atoms": "125"
            }
          }
        }
      }
    },
    {
      "name": "UnbondHome",
      "terms": {
        "domain": {
          "tag": "entity",
          "kind": "domain",
          "declaration": "HomeRail",
          "claims": {
            "id": "HomeRail",
            "chain": "home-rail",
            "network": "stake-preview"
          },
          "authenticated": false
        },
        "asset": {
          "tag": "entity",
          "kind": "asset",
          "declaration": "RailUSD",
          "claims": {
            "domain": {
              "declaration": "HomeRail",
              "kind": "domain",
              "id": "HomeRail"
            },
            "id": "RailUSDCanonical",
            "scale": "2",
            "representation": "canonical",
            "symbol": "USD"
          },
          "authenticated": false
        },
        "signer": {
          "tag": "entity",
          "kind": "account",
          "declaration": "Staker",
          "claims": {
            "domain": {
              "declaration": "HomeRail",
              "kind": "domain",
              "id": "HomeRail"
            },
            "id": "StakerPrincipal"
          },
          "authenticated": false
        },
        "policy": {
          "tag": "entity",
          "kind": "policy",
          "declaration": "DutyTerms",
          "claims": {
            "id": "BridgeStakeTerms",
            "epoch": "1",
            "source_hash": "terms-bridge-stake-1",
            "duty_preservation": "required-but-unchecked"
          },
          "authenticated": false
        },
        "reads": {
          "tag": "array",
          "items": [
            {
              "tag": "string",
              "value": "home-unbond"
            }
          ]
        },
        "writes": {
          "tag": "array",
          "items": [
            {
              "tag": "string",
              "value": "no-local-effect"
            }
          ]
        },
        "relation": {
          "tag": "string",
          "value": "10000 share atoms are 2/5 of 25000 by share_ratio_gap"
        },
        "continuation": {
          "tag": "string",
          "value": "unbond does not pay the 100.00 RailUSD slice"
        },
        "failure": {
          "tag": "string",
          "value": "share atoms are not checked against backing atoms"
        },
        "status": {
          "tag": "string",
          "value": "pending-withdrawal"
        },
        "retained_duties": {
          "tag": "string",
          "value": "unbond duty stays pending until withdraw_home"
        },
        "operation": {
          "tag": "call",
          "name": "staking.unbond",
          "args": {
            "owner": {
              "tag": "entity",
              "kind": "account",
              "declaration": "Staker",
              "claims": {
                "domain": {
                  "declaration": "HomeRail",
                  "kind": "domain",
                  "id": "HomeRail"
                },
                "id": "StakerPrincipal"
              },
              "authenticated": false
            },
            "shares": {
              "tag": "entity",
              "kind": "share_class",
              "declaration": "HomeShares",
              "claims": {
                "domain": {
                  "declaration": "HomeRail",
                  "kind": "domain",
                  "id": "HomeRail"
                },
                "id": "HomeVaultShare",
                "backing": {
                  "declaration": "RailUSD",
                  "kind": "asset",
                  "id": "RailUSDCanonical"
                }
              },
              "authenticated": false
            },
            "share_atoms": {
              "tag": "scalar",
              "value": "10000"
            }
          }
        }
      }
    },
    {
      "name": "WithdrawHome",
      "terms": {
        "domain": {
          "tag": "entity",
          "kind": "domain",
          "declaration": "HomeRail",
          "claims": {
            "id": "HomeRail",
            "chain": "home-rail",
            "network": "stake-preview"
          },
          "authenticated": false
        },
        "asset": {
          "tag": "entity",
          "kind": "asset",
          "declaration": "RailUSD",
          "claims": {
            "domain": {
              "declaration": "HomeRail",
              "kind": "domain",
              "id": "HomeRail"
            },
            "id": "RailUSDCanonical",
            "scale": "2",
            "representation": "canonical",
            "symbol": "USD"
          },
          "authenticated": false
        },
        "signer": {
          "tag": "entity",
          "kind": "account",
          "declaration": "Staker",
          "claims": {
            "domain": {
              "declaration": "HomeRail",
              "kind": "domain",
              "id": "HomeRail"
            },
            "id": "StakerPrincipal"
          },
          "authenticated": false
        },
        "policy": {
          "tag": "entity",
          "kind": "policy",
          "declaration": "DutyTerms",
          "claims": {
            "id": "BridgeStakeTerms",
            "epoch": "1",
            "source_hash": "terms-bridge-stake-1",
            "duty_preservation": "required-but-unchecked"
          },
          "authenticated": false
        },
        "gross_cap": {
          "tag": "qty",
          "asset": "RailUSD",
          "atoms": "10000"
        },
        "fee_cap": {
          "tag": "qty",
          "asset": "RailUSD",
          "atoms": "400"
        },
        "net_floor": {
          "tag": "qty",
          "asset": "RailUSD",
          "atoms": "9600"
        },
        "reads": {
          "tag": "array",
          "items": [
            {
              "tag": "string",
              "value": "home-unbond"
            }
          ]
        },
        "writes": {
          "tag": "array",
          "items": [
            {
              "tag": "string",
              "value": "no-local-effect"
            }
          ]
        },
        "relation": {
          "tag": "string",
          "value": "fee_cap is 100.00 minus 96.00 RailUSD, which is 400 atoms and not a transfer fee"
        },
        "rounding": {
          "tag": "string",
          "value": "the 96.00 floor is not applied to a balance"
        },
        "continuation": {
          "tag": "string",
          "value": "withdraw does not settle the unbond duty"
        },
        "status": {
          "tag": "string",
          "value": "pending-withdrawal"
        },
        "retained_duties": {
          "tag": "string",
          "value": "minimum_backing is an open financial relation"
        },
        "operation": {
          "tag": "call",
          "name": "staking.withdraw",
          "args": {
            "owner": {
              "tag": "entity",
              "kind": "account",
              "declaration": "Staker",
              "claims": {
                "domain": {
                  "declaration": "HomeRail",
                  "kind": "domain",
                  "id": "HomeRail"
                },
                "id": "StakerPrincipal"
              },
              "authenticated": false
            },
            "shares": {
              "tag": "entity",
              "kind": "share_class",
              "declaration": "HomeShares",
              "claims": {
                "domain": {
                  "declaration": "HomeRail",
                  "kind": "domain",
                  "id": "HomeRail"
                },
                "id": "HomeVaultShare",
                "backing": {
                  "declaration": "RailUSD",
                  "kind": "asset",
                  "id": "RailUSDCanonical"
                }
              },
              "authenticated": false
            },
            "share_atoms": {
              "tag": "scalar",
              "value": "10000"
            },
            "minimum_backing": {
              "tag": "qty",
              "asset": "RailUSD",
              "atoms": "9600"
            }
          }
        }
      }
    },
    {
      "name": "StakeForeign",
      "terms": {
        "domain": {
          "tag": "entity",
          "kind": "domain",
          "declaration": "ForeignClaim",
          "claims": {
            "id": "ForeignClaim",
            "chain": "claim-net",
            "network": "wrap-preview"
          },
          "authenticated": false
        },
        "asset": {
          "tag": "entity",
          "kind": "asset",
          "declaration": "ClaimUSD",
          "claims": {
            "domain": {
              "declaration": "ForeignClaim",
              "kind": "domain",
              "id": "ForeignClaim"
            },
            "id": "ClaimUSDNominal",
            "scale": "6",
            "representation": "bridge-claim",
            "symbol": "USD"
          },
          "authenticated": false
        },
        "signer": {
          "tag": "entity",
          "kind": "account",
          "declaration": "Holder",
          "claims": {
            "domain": {
              "declaration": "ForeignClaim",
              "kind": "domain",
              "id": "ForeignClaim"
            },
            "id": "ClaimHolder"
          },
          "authenticated": false
        },
        "policy": {
          "tag": "entity",
          "kind": "policy",
          "declaration": "DutyTerms",
          "claims": {
            "id": "BridgeStakeTerms",
            "epoch": "1",
            "source_hash": "terms-bridge-stake-1",
            "duty_preservation": "required-but-unchecked"
          },
          "authenticated": false
        },
        "authority": {
          "tag": "string",
          "value": "no admitted foreign grant"
        },
        "valid": {
          "tag": "call",
          "name": "rounds",
          "args": {
            "domain": {
              "tag": "entity",
              "kind": "domain",
              "declaration": "ForeignClaim",
              "claims": {
                "id": "ForeignClaim",
                "chain": "claim-net",
                "network": "wrap-preview"
              },
              "authenticated": false
            },
            "from": {
              "tag": "scalar",
              "value": "12"
            },
            "to": {
              "tag": "scalar",
              "value": "48"
            }
          }
        },
        "gross_cap": {
          "tag": "qty",
          "asset": "ClaimUSD",
          "atoms": "250000000"
        },
        "fee_cap": {
          "tag": "qty",
          "asset": "ClaimUSD",
          "atoms": "0"
        },
        "net_floor": {
          "tag": "qty",
          "asset": "ClaimUSD",
          "atoms": "250000000"
        },
        "reads": {
          "tag": "array",
          "items": [
            {
              "tag": "string",
              "value": "foreign-unbond"
            }
          ]
        },
        "writes": {
          "tag": "array",
          "items": [
            {
              "tag": "string",
              "value": "no-local-effect"
            }
          ]
        },
        "relation": {
          "tag": "string",
          "value": "foreign deposit backs ClaimUSDNominal and does not spend RailUSD"
        },
        "rounding": {
          "tag": "string",
          "value": "25000 share atoms are not 25000 claim atoms"
        },
        "continuation": {
          "tag": "string",
          "value": "deposit_foreign is not the successor of claim_foreign"
        },
        "status": {
          "tag": "string",
          "value": "specified-only"
        },
        "retained_duties": {
          "tag": "string",
          "value": "no share ledger is updated"
        },
        "operation": {
          "tag": "call",
          "name": "staking.deposit",
          "args": {
            "owner": {
              "tag": "entity",
              "kind": "account",
              "declaration": "Holder",
              "claims": {
                "domain": {
                  "declaration": "ForeignClaim",
                  "kind": "domain",
                  "id": "ForeignClaim"
                },
                "id": "ClaimHolder"
              },
              "authenticated": false
            },
            "shares": {
              "tag": "entity",
              "kind": "share_class",
              "declaration": "ForeignShares",
              "claims": {
                "domain": {
                  "declaration": "ForeignClaim",
                  "kind": "domain",
                  "id": "ForeignClaim"
                },
                "id": "ClaimVaultShare",
                "backing": {
                  "declaration": "ClaimUSD",
                  "kind": "asset",
                  "id": "ClaimUSDNominal"
                }
              },
              "authenticated": false
            },
            "backing": {
              "tag": "qty",
              "asset": "ClaimUSD",
              "atoms": "250000000"
            }
          }
        }
      }
    },
    {
      "name": "RewardForeign",
      "terms": {
        "domain": {
          "tag": "entity",
          "kind": "domain",
          "declaration": "ForeignClaim",
          "claims": {
            "id": "ForeignClaim",
            "chain": "claim-net",
            "network": "wrap-preview"
          },
          "authenticated": false
        },
        "asset": {
          "tag": "entity",
          "kind": "asset",
          "declaration": "ClaimUSD",
          "claims": {
            "domain": {
              "declaration": "ForeignClaim",
              "kind": "domain",
              "id": "ForeignClaim"
            },
            "id": "ClaimUSDNominal",
            "scale": "6",
            "representation": "bridge-claim",
            "symbol": "USD"
          },
          "authenticated": false
        },
        "policy": {
          "tag": "entity",
          "kind": "policy",
          "declaration": "DutyTerms",
          "claims": {
            "id": "BridgeStakeTerms",
            "epoch": "1",
            "source_hash": "terms-bridge-stake-1",
            "duty_preservation": "required-but-unchecked"
          },
          "authenticated": false
        },
        "gross_cap": {
          "tag": "qty",
          "asset": "ClaimUSD",
          "atoms": "5750000"
        },
        "fee_cap": {
          "tag": "qty",
          "asset": "ClaimUSD",
          "atoms": "0"
        },
        "net_floor": {
          "tag": "qty",
          "asset": "ClaimUSD",
          "atoms": "4500000"
        },
        "reads": {
          "tag": "array",
          "items": [
            {
              "tag": "string",
              "value": "foreign-unbond"
            }
          ]
        },
        "writes": {
          "tag": "array",
          "items": [
            {
              "tag": "string",
              "value": "no-local-effect"
            }
          ]
        },
        "relation": {
          "tag": "string",
          "value": "fee_cap is the zero gap of 4.500000 plus 1.250000 against 5.750000 ClaimUSD"
        },
        "rounding": {
          "tag": "string",
          "value": "foreign reward atoms are 5750000, not the home 575"
        },
        "continuation": {
          "tag": "string",
          "value": "same display digits are a different nominal asset"
        },
        "status": {
          "tag": "string",
          "value": "specified-only"
        },
        "retained_duties": {
          "tag": "string",
          "value": "foreign reward text is not home reward text"
        },
        "operation": {
          "tag": "call",
          "name": "staking.reward",
          "args": {
            "shares": {
              "tag": "entity",
              "kind": "share_class",
              "declaration": "ForeignShares",
              "claims": {
                "domain": {
                  "declaration": "ForeignClaim",
                  "kind": "domain",
                  "id": "ForeignClaim"
                },
                "id": "ClaimVaultShare",
                "backing": {
                  "declaration": "ClaimUSD",
                  "kind": "asset",
                  "id": "ClaimUSDNominal"
                }
              },
              "authenticated": false
            },
            "amount": {
              "tag": "qty",
              "asset": "ClaimUSD",
              "atoms": "5750000"
            }
          }
        }
      }
    },
    {
      "name": "SlashForeign",
      "terms": {
        "domain": {
          "tag": "entity",
          "kind": "domain",
          "declaration": "ForeignClaim",
          "claims": {
            "id": "ForeignClaim",
            "chain": "claim-net",
            "network": "wrap-preview"
          },
          "authenticated": false
        },
        "asset": {
          "tag": "entity",
          "kind": "asset",
          "declaration": "ClaimUSD",
          "claims": {
            "domain": {
              "declaration": "ForeignClaim",
              "kind": "domain",
              "id": "ForeignClaim"
            },
            "id": "ClaimUSDNominal",
            "scale": "6",
            "representation": "bridge-claim",
            "symbol": "USD"
          },
          "authenticated": false
        },
        "policy": {
          "tag": "entity",
          "kind": "policy",
          "declaration": "DutyTerms",
          "claims": {
            "id": "BridgeStakeTerms",
            "epoch": "1",
            "source_hash": "terms-bridge-stake-1",
            "duty_preservation": "required-but-unchecked"
          },
          "authenticated": false
        },
        "gross_cap": {
          "tag": "qty",
          "asset": "ClaimUSD",
          "atoms": "1250000"
        },
        "net_floor": {
          "tag": "qty",
          "asset": "ClaimUSD",
          "atoms": "1250000"
        },
        "reads": {
          "tag": "array",
          "items": [
            {
              "tag": "string",
              "value": "foreign-unbond"
            }
          ]
        },
        "writes": {
          "tag": "array",
          "items": [
            {
              "tag": "string",
              "value": "no-local-effect"
            }
          ]
        },
        "relation": {
          "tag": "string",
          "value": "foreign slash is 1250000 ClaimUSD atoms, not 125 RailUSD atoms"
        },
        "loss": {
          "tag": "string",
          "value": "foreign slash is not applied to the home vault"
        },
        "continuation": {
          "tag": "string",
          "value": "no cross-domain loss allocation exists"
        },
        "status": {
          "tag": "string",
          "value": "pending"
        },
        "retained_duties": {
          "tag": "string",
          "value": "foreign pending withdrawal stays explicit"
        },
        "operation": {
          "tag": "call",
          "name": "staking.slash",
          "args": {
            "shares": {
              "tag": "entity",
              "kind": "share_class",
              "declaration": "ForeignShares",
              "claims": {
                "domain": {
                  "declaration": "ForeignClaim",
                  "kind": "domain",
                  "id": "ForeignClaim"
                },
                "id": "ClaimVaultShare",
                "backing": {
                  "declaration": "ClaimUSD",
                  "kind": "asset",
                  "id": "ClaimUSDNominal"
                }
              },
              "authenticated": false
            },
            "amount": {
              "tag": "qty",
              "asset": "ClaimUSD",
              "atoms": "1250000"
            }
          }
        }
      }
    },
    {
      "name": "UnbondForeign",
      "terms": {
        "domain": {
          "tag": "entity",
          "kind": "domain",
          "declaration": "ForeignClaim",
          "claims": {
            "id": "ForeignClaim",
            "chain": "claim-net",
            "network": "wrap-preview"
          },
          "authenticated": false
        },
        "asset": {
          "tag": "entity",
          "kind": "asset",
          "declaration": "ClaimUSD",
          "claims": {
            "domain": {
              "declaration": "ForeignClaim",
              "kind": "domain",
              "id": "ForeignClaim"
            },
            "id": "ClaimUSDNominal",
            "scale": "6",
            "representation": "bridge-claim",
            "symbol": "USD"
          },
          "authenticated": false
        },
        "signer": {
          "tag": "entity",
          "kind": "account",
          "declaration": "Holder",
          "claims": {
            "domain": {
              "declaration": "ForeignClaim",
              "kind": "domain",
              "id": "ForeignClaim"
            },
            "id": "ClaimHolder"
          },
          "authenticated": false
        },
        "policy": {
          "tag": "entity",
          "kind": "policy",
          "declaration": "DutyTerms",
          "claims": {
            "id": "BridgeStakeTerms",
            "epoch": "1",
            "source_hash": "terms-bridge-stake-1",
            "duty_preservation": "required-but-unchecked"
          },
          "authenticated": false
        },
        "reads": {
          "tag": "array",
          "items": [
            {
              "tag": "string",
              "value": "foreign-unbond"
            }
          ]
        },
        "writes": {
          "tag": "array",
          "items": [
            {
              "tag": "string",
              "value": "no-local-effect"
            }
          ]
        },
        "relation": {
          "tag": "string",
          "value": "the 10000 share-atom figure is reused and is not a backing quantity"
        },
        "continuation": {
          "tag": "string",
          "value": "unbond does not pay 100.000000 ClaimUSD"
        },
        "failure": {
          "tag": "string",
          "value": "share_atoms are a scalar with no asset parameter"
        },
        "status": {
          "tag": "string",
          "value": "pending-withdrawal"
        },
        "retained_duties": {
          "tag": "string",
          "value": "foreign unbond duty is not the home unbond duty"
        },
        "operation": {
          "tag": "call",
          "name": "staking.unbond",
          "args": {
            "owner": {
              "tag": "entity",
              "kind": "account",
              "declaration": "Holder",
              "claims": {
                "domain": {
                  "declaration": "ForeignClaim",
                  "kind": "domain",
                  "id": "ForeignClaim"
                },
                "id": "ClaimHolder"
              },
              "authenticated": false
            },
            "shares": {
              "tag": "entity",
              "kind": "share_class",
              "declaration": "ForeignShares",
              "claims": {
                "domain": {
                  "declaration": "ForeignClaim",
                  "kind": "domain",
                  "id": "ForeignClaim"
                },
                "id": "ClaimVaultShare",
                "backing": {
                  "declaration": "ClaimUSD",
                  "kind": "asset",
                  "id": "ClaimUSDNominal"
                }
              },
              "authenticated": false
            },
            "share_atoms": {
              "tag": "scalar",
              "value": "10000"
            }
          }
        }
      }
    },
    {
      "name": "WithdrawForeign",
      "terms": {
        "domain": {
          "tag": "entity",
          "kind": "domain",
          "declaration": "ForeignClaim",
          "claims": {
            "id": "ForeignClaim",
            "chain": "claim-net",
            "network": "wrap-preview"
          },
          "authenticated": false
        },
        "asset": {
          "tag": "entity",
          "kind": "asset",
          "declaration": "ClaimUSD",
          "claims": {
            "domain": {
              "declaration": "ForeignClaim",
              "kind": "domain",
              "id": "ForeignClaim"
            },
            "id": "ClaimUSDNominal",
            "scale": "6",
            "representation": "bridge-claim",
            "symbol": "USD"
          },
          "authenticated": false
        },
        "signer": {
          "tag": "entity",
          "kind": "account",
          "declaration": "Holder",
          "claims": {
            "domain": {
              "declaration": "ForeignClaim",
              "kind": "domain",
              "id": "ForeignClaim"
            },
            "id": "ClaimHolder"
          },
          "authenticated": false
        },
        "policy": {
          "tag": "entity",
          "kind": "policy",
          "declaration": "DutyTerms",
          "claims": {
            "id": "BridgeStakeTerms",
            "epoch": "1",
            "source_hash": "terms-bridge-stake-1",
            "duty_preservation": "required-but-unchecked"
          },
          "authenticated": false
        },
        "gross_cap": {
          "tag": "qty",
          "asset": "ClaimUSD",
          "atoms": "100000000"
        },
        "fee_cap": {
          "tag": "qty",
          "asset": "ClaimUSD",
          "atoms": "4000000"
        },
        "net_floor": {
          "tag": "qty",
          "asset": "ClaimUSD",
          "atoms": "96000000"
        },
        "reads": {
          "tag": "array",
          "items": [
            {
              "tag": "string",
              "value": "foreign-claim"
            },
            {
              "tag": "string",
              "value": "foreign-unbond"
            }
          ]
        },
        "writes": {
          "tag": "array",
          "items": [
            {
              "tag": "string",
              "value": "no-local-effect"
            }
          ]
        },
        "relation": {
          "tag": "string",
          "value": "fee_cap is 4.000000 ClaimUSD, 4000000 atoms, the gap under the 100.000000 slice"
        },
        "rounding": {
          "tag": "string",
          "value": "96.000000 ClaimUSD is an author floor, not a payout"
        },
        "continuation": {
          "tag": "string",
          "value": "this withdraw does not redeem escrowed RailUSD"
        },
        "status": {
          "tag": "string",
          "value": "pending-withdrawal"
        },
        "retained_duties": {
          "tag": "string",
          "value": "bridge claim evidence is still open"
        },
        "operation": {
          "tag": "call",
          "name": "staking.withdraw",
          "args": {
            "owner": {
              "tag": "entity",
              "kind": "account",
              "declaration": "Holder",
              "claims": {
                "domain": {
                  "declaration": "ForeignClaim",
                  "kind": "domain",
                  "id": "ForeignClaim"
                },
                "id": "ClaimHolder"
              },
              "authenticated": false
            },
            "shares": {
              "tag": "entity",
              "kind": "share_class",
              "declaration": "ForeignShares",
              "claims": {
                "domain": {
                  "declaration": "ForeignClaim",
                  "kind": "domain",
                  "id": "ForeignClaim"
                },
                "id": "ClaimVaultShare",
                "backing": {
                  "declaration": "ClaimUSD",
                  "kind": "asset",
                  "id": "ClaimUSDNominal"
                }
              },
              "authenticated": false
            },
            "share_atoms": {
              "tag": "scalar",
              "value": "10000"
            },
            "minimum_backing": {
              "tag": "qty",
              "asset": "ClaimUSD",
              "atoms": "96000000"
            }
          }
        }
      }
    }
  ],
  "coverage": {
    "syntax": "checked when diagnostics empty",
    "names": "checked",
    "quantities": "nominal exact arithmetic",
    "financialRelations": "Open",
    "localS0Actions": [],
    "authentication": "open",
    "ledgerCommit": "open"
  },
  "bounds": {
    "scalarAndQuantityMax": "340282366920938463463374607431768211455"
  },
  "requiredPremises": [],
  "unverifiedBindings": []
}
