{
  "status": "AuthoringChecked",
  "sourceHash": "58324510cab48d8c7ecf587130746db22415a646135e45049eefa102302c9fa5",
  "diagnostics": [],
  "agreement": "CrossStakeBridge",
  "identities": [
    {
      "kind": "domain",
      "name": "HomeRail",
      "claims": {
        "id": "HomeRail",
        "chain": "home-rail",
        "network": "stake-preview"
      },
      "authenticated": false,
      "span": {
        "start": 1045,
        "end": 1142
      }
    },
    {
      "kind": "domain",
      "name": "ForeignClaim",
      "claims": {
        "id": "ForeignClaim",
        "chain": "claim-net",
        "network": "wrap-preview"
      },
      "authenticated": false,
      "span": {
        "start": 1145,
        "end": 1249
      }
    },
    {
      "kind": "account",
      "name": "Staker",
      "claims": {
        "domain": {
          "declaration": "HomeRail",
          "kind": "domain",
          "id": "HomeRail"
        },
        "id": "StakerPrincipal"
      },
      "authenticated": false,
      "span": {
        "start": 1252,
        "end": 1323
      }
    },
    {
      "kind": "account",
      "name": "Custodian",
      "claims": {
        "domain": {
          "declaration": "HomeRail",
          "kind": "domain",
          "id": "HomeRail"
        },
        "id": "VaultCustodian"
      },
      "authenticated": false,
      "span": {
        "start": 1326,
        "end": 1399
      }
    },
    {
      "kind": "account",
      "name": "RewardDesk",
      "claims": {
        "domain": {
          "declaration": "HomeRail",
          "kind": "domain",
          "id": "HomeRail"
        },
        "id": "RewardTreasury"
      },
      "authenticated": false,
      "span": {
        "start": 1402,
        "end": 1476
      }
    },
    {
      "kind": "account",
      "name": "Holder",
      "claims": {
        "domain": {
          "declaration": "ForeignClaim",
          "kind": "domain",
          "id": "ForeignClaim"
        },
        "id": "ClaimHolder"
      },
      "authenticated": false,
      "span": {
        "start": 1479,
        "end": 1550
      }
    },
    {
      "kind": "account",
      "name": "ForeignDesk",
      "claims": {
        "domain": {
          "declaration": "ForeignClaim",
          "kind": "domain",
          "id": "ForeignClaim"
        },
        "id": "ForeignCustodian"
      },
      "authenticated": false,
      "span": {
        "start": 1553,
        "end": 1634
      }
    },
    {
      "kind": "account",
      "name": "ForeignRewards",
      "claims": {
        "domain": {
          "declaration": "ForeignClaim",
          "kind": "domain",
          "id": "ForeignClaim"
        },
        "id": "ForeignRewardDesk"
      },
      "authenticated": false,
      "span": {
        "start": 1637,
        "end": 1722
      }
    },
    {
      "kind": "asset",
      "name": "RailUSD",
      "claims": {
        "domain": {
          "declaration": "HomeRail",
          "kind": "domain",
          "id": "HomeRail"
        },
        "id": "RailUSDCanonical",
        "scale": "2",
        "representation": "canonical",
        "symbol": "USD"
      },
      "authenticated": false,
      "span": {
        "start": 1725,
        "end": 1862
      }
    },
    {
      "kind": "asset",
      "name": "ClaimUSD",
      "claims": {
        "domain": {
          "declaration": "ForeignClaim",
          "kind": "domain",
          "id": "ForeignClaim"
        },
        "id": "ClaimUSDNominal",
        "scale": "6",
        "representation": "bridge-claim",
        "symbol": "USD"
      },
      "authenticated": false,
      "span": {
        "start": 1865,
        "end": 2009
      }
    }
  ],
  "actions": [
    {
      "name": "escrow_home",
      "intent": "LockRail",
      "span": {
        "start": 17889,
        "end": 17922
      },
      "nameSpan": {
        "start": 17896,
        "end": 17907
      },
      "support": "SpecifiedOnly",
      "coverage": {
        "financialRelations": "Open",
        "localPreparation": "Unsupported"
      },
      "bounds": {
        "scalarAndQuantityMax": "340282366920938463463374607431768211455"
      },
      "requiredPremises": [],
      "unverifiedBindings": []
    },
    {
      "name": "claim_foreign",
      "intent": "TakeClaim",
      "span": {
        "start": 17925,
        "end": 17961
      },
      "nameSpan": {
        "start": 17932,
        "end": 17945
      },
      "support": "SpecifiedOnly",
      "coverage": {
        "financialRelations": "Open",
        "localPreparation": "Unsupported"
      },
      "bounds": {
        "scalarAndQuantityMax": "340282366920938463463374607431768211455"
      },
      "requiredPremises": [],
      "unverifiedBindings": []
    },
    {
      "name": "recover_home",
      "intent": "RecoverRail",
      "span": {
        "start": 17964,
        "end": 18001
      },
      "nameSpan": {
        "start": 17971,
        "end": 17983
      },
      "support": "SpecifiedOnly",
      "coverage": {
        "financialRelations": "Open",
        "localPreparation": "Unsupported"
      },
      "bounds": {
        "scalarAndQuantityMax": "340282366920938463463374607431768211455"
      },
      "requiredPremises": [],
      "unverifiedBindings": []
    },
    {
      "name": "deposit_home",
      "intent": "StakeHome",
      "span": {
        "start": 18004,
        "end": 18039
      },
      "nameSpan": {
        "start": 18011,
        "end": 18023
      },
      "support": "SpecifiedOnly",
      "coverage": {
        "financialRelations": "Open",
        "localPreparation": "Unsupported"
      },
      "bounds": {
        "scalarAndQuantityMax": "340282366920938463463374607431768211455"
      },
      "requiredPremises": [],
      "unverifiedBindings": []
    },
    {
      "name": "reward_home",
      "intent": "RewardHome",
      "span": {
        "start": 18042,
        "end": 18077
      },
      "nameSpan": {
        "start": 18049,
        "end": 18060
      },
      "support": "SpecifiedOnly",
      "coverage": {
        "financialRelations": "Open",
        "localPreparation": "Unsupported"
      },
      "bounds": {
        "scalarAndQuantityMax": "340282366920938463463374607431768211455"
      },
      "requiredPremises": [],
      "unverifiedBindings": []
    },
    {
      "name": "slash_home",
      "intent": "SlashHome",
      "span": {
        "start": 18080,
        "end": 18113
      },
      "nameSpan": {
        "start": 18087,
        "end": 18097
      },
      "support": "SpecifiedOnly",
      "coverage": {
        "financialRelations": "Open",
        "localPreparation": "Unsupported"
      },
      "bounds": {
        "scalarAndQuantityMax": "340282366920938463463374607431768211455"
      },
      "requiredPremises": [],
      "unverifiedBindings": []
    },
    {
      "name": "unbond_home",
      "intent": "UnbondHome",
      "span": {
        "start": 18116,
        "end": 18151
      },
      "nameSpan": {
        "start": 18123,
        "end": 18134
      },
      "support": "SpecifiedOnly",
      "coverage": {
        "financialRelations": "Open",
        "localPreparation": "Unsupported"
      },
      "bounds": {
        "scalarAndQuantityMax": "340282366920938463463374607431768211455"
      },
      "requiredPremises": [],
      "unverifiedBindings": []
    },
    {
      "name": "withdraw_home",
      "intent": "WithdrawHome",
      "span": {
        "start": 18154,
        "end": 18193
      },
      "nameSpan": {
        "start": 18161,
        "end": 18174
      },
      "support": "SpecifiedOnly",
      "coverage": {
        "financialRelations": "Open",
        "localPreparation": "Unsupported"
      },
      "bounds": {
        "scalarAndQuantityMax": "340282366920938463463374607431768211455"
      },
      "requiredPremises": [],
      "unverifiedBindings": []
    },
    {
      "name": "deposit_foreign",
      "intent": "StakeForeign",
      "span": {
        "start": 18196,
        "end": 18237
      },
      "nameSpan": {
        "start": 18203,
        "end": 18218
      },
      "support": "SpecifiedOnly",
      "coverage": {
        "financialRelations": "Open",
        "localPreparation": "Unsupported"
      },
      "bounds": {
        "scalarAndQuantityMax": "340282366920938463463374607431768211455"
      },
      "requiredPremises": [],
      "unverifiedBindings": []
    },
    {
      "name": "reward_foreign",
      "intent": "RewardForeign",
      "span": {
        "start": 18240,
        "end": 18281
      },
      "nameSpan": {
        "start": 18247,
        "end": 18261
      },
      "support": "SpecifiedOnly",
      "coverage": {
        "financialRelations": "Open",
        "localPreparation": "Unsupported"
      },
      "bounds": {
        "scalarAndQuantityMax": "340282366920938463463374607431768211455"
      },
      "requiredPremises": [],
      "unverifiedBindings": []
    },
    {
      "name": "slash_foreign",
      "intent": "SlashForeign",
      "span": {
        "start": 18284,
        "end": 18323
      },
      "nameSpan": {
        "start": 18291,
        "end": 18304
      },
      "support": "SpecifiedOnly",
      "coverage": {
        "financialRelations": "Open",
        "localPreparation": "Unsupported"
      },
      "bounds": {
        "scalarAndQuantityMax": "340282366920938463463374607431768211455"
      },
      "requiredPremises": [],
      "unverifiedBindings": []
    },
    {
      "name": "unbond_foreign",
      "intent": "UnbondForeign",
      "span": {
        "start": 18326,
        "end": 18367
      },
      "nameSpan": {
        "start": 18333,
        "end": 18347
      },
      "support": "SpecifiedOnly",
      "coverage": {
        "financialRelations": "Open",
        "localPreparation": "Unsupported"
      },
      "bounds": {
        "scalarAndQuantityMax": "340282366920938463463374607431768211455"
      },
      "requiredPremises": [],
      "unverifiedBindings": []
    },
    {
      "name": "withdraw_foreign",
      "intent": "WithdrawForeign",
      "span": {
        "start": 18370,
        "end": 18415
      },
      "nameSpan": {
        "start": 18377,
        "end": 18393
      },
      "support": "SpecifiedOnly",
      "coverage": {
        "financialRelations": "Open",
        "localPreparation": "Unsupported"
      },
      "bounds": {
        "scalarAndQuantityMax": "340282366920938463463374607431768211455"
      },
      "requiredPremises": [],
      "unverifiedBindings": []
    }
  ],
  "intents": [
    {
      "name": "LockRail",
      "terms": {
        "domain": {
          "tag": "entity",
          "kind": "domain",
          "declaration": "HomeRail",
          "claims": {
            "id": "HomeRail",
            "chain": "home-rail",
            "network": "stake-preview"
          },
          "authenticated": false
        },
        "asset": {
          "tag": "entity",
          "kind": "asset",
          "declaration": "RailUSD",
          "claims": {
            "domain": {
              "declaration": "HomeRail",
              "kind": "domain",
              "id": "HomeRail"
            },
            "id": "RailUSDCanonical",
            "scale": "2",
            "representation": "canonical",
            "symbol": "USD"
          },
          "authenticated": false
        },
        "signer": {
          "tag": "entity",
          "kind": "account",
          "declaration": "Staker",
          "claims": {
            "domain": {
              "declaration": "HomeRail",
              "kind": "domain",
              "id": "HomeRail"
            },
            "id": "StakerPrincipal"
          },
          "authenticated": false
        },
        "policy": {
          "tag": "entity",
          "kind": "policy",
          "declaration": "DutyTerms",
          "claims": {
            "id": "BridgeStakeTerms",
            "epoch": "1",
            "source_hash": "terms-bridge-stake-1",
            "duty_preservation": "required-but-unchecked"
          },
          "authenticated": false
        },
        "authority": {
          "tag": "entity",
          "kind": "grant",
          "declaration": "EscrowAuthority",
          "claims": {
            "issuer": {
              "declaration": "Custodian",
              "kind": "account",
              "id": "VaultCustodian"
            },
            "scope": "escrow-250-RailUSD",
            "expiry": "48",
            "revocation_epoch": "2",
            "work_limit": "1",
            "evidence": "grant text is not a signature"
          },
          "authenticated": false
        },
        "valid": {
          "tag": "call",
          "name": "rounds",
          "args": {
            "domain": {
              "tag": "entity",
              "kind": "domain",
              "declaration": "HomeRail",
              "claims": {
                "id": "HomeRail",
                "chain": "home-rail",
                "network": "stake-preview"
              },
              "authenticated": false
            },
            "from": {
              "tag": "scalar",
              "value": "12"
            },
            "to": {
              "tag": "scalar",
              "value": "48"
            }
          }
        },
        "gross_cap": {
          "tag": "qty",
          "asset": "RailUSD",
          "atoms": "25000"
        },
        "fee_cap": {
          "tag": "qty",
          "asset": "RailUSD",
          "atoms": "0"
        },
        "net_floor": {
          "tag": "qty",
          "asset": "RailUSD",
          "atoms": "25000"
        },
        "reads": {
          "tag": "array",
          "items": [
            {
              "tag": "string",
              "value": "escrow-lock"
            }
          ]
        },
        "writes": {
          "tag": "array",
          "items": [
            {
              "tag": "string",
              "value": "no-local-effect"
            }
          ]
        },
        "relation": {
          "tag": "string",
          "value": "fee_cap is 250.00 RailUSD minus atoms(25000); that gap is zero atoms"
        },
        "failure": {
          "tag": "string",
          "value": "timeout alone is not proof of foreign nonreceipt"
        },
        "continuation": {
          "tag": "string",
          "value": "claim_foreign and deposit_foreign are not this action"
        },
        "status": {
          "tag": "string",
          "value": "pending"
        },
        "retained_duties": {
          "tag": "string",
          "value": "home lock text is not an empty S0 duty list"
        },
        "recovery": {
          "tag": "string",
          "value": "recover_home is a separate action"
        },
        "operation": {
          "tag": "call",
          "name": "bridge.escrow",
          "args": {
            "owner": {
              "tag": "entity",
              "kind": "account",
              "declaration": "Staker",
              "claims": {
                "domain": {
                  "declaration": "HomeRail",
                  "kind": "domain",
                  "id": "HomeRail"
                },
                "id": "StakerPrincipal"
              },
              "authenticated": false
            },
            "amount": {
              "tag": "qty",
              "asset": "RailUSD",
              "atoms": "25000"
            },
            "destination": {
              "tag": "entity",
              "kind": "domain",
              "declaration": "ForeignClaim",
              "claims": {
                "id": "ForeignClaim",
                "chain": "claim-net",
                "network": "wrap-preview"
              },
              "authenticated": false
            },
            "claim_id": {
              "tag": "string",
              "value": "claim-rail-250"
            }
          }
        }
      }
    },
    {
      "name": "TakeClaim",
      "terms": {
        "domain": {
          "tag": "entity",
          "kind": "domain",
          "declaration": "ForeignClaim",
          "claims": {
            "id": "ForeignClaim",
            "chain": "claim-net",
            "network": "wrap-preview"
          },
          "authenticated": false
        },
        "asset": {
          "tag": "entity",
          "kind": "asset",
          "declaration": "ClaimUSD",
          "claims": {
            "domain": {
              "declaration": "ForeignClaim",
              "kind": "domain",
              "id": "ForeignClaim"
            },
            "id": "ClaimUSDNominal",
            "scale": "6",
            "representation": "bridge-claim",
            "symbol": "USD"
          },
          "authenticated": false
        },
        "signer": {
          "tag": "entity",
          "kind": "account",
          "declaration": "Holder",
          "claims": {
            "domain": {
              "declaration": "ForeignClaim",
              "kind": "domain",
              "id": "ForeignClaim"
            },
            "id": "ClaimHolder"
          },
          "authenticated": false
        },
        "policy": {
          "tag": "entity",
          "kind": "policy",
          "declaration": "DutyTerms",
          "claims": {
            "id": "BridgeStakeTerms",
            "epoch": "1",
            "source_hash": "terms-bridge-stake-1",
            "duty_preservation": "required-but-unchecked"
          },
          "authenticated": false
        },
        "authority": {
          "tag": "string",
          "value": "no admitted foreign grant"
        },
        "valid": {
          "tag": "call",
          "name": "rounds",
          "args": {
            "domain": {
              "tag": "entity",
              "kind": "domain",
              "declaration": "ForeignClaim",
              "claims": {
                "id": "ForeignClaim",
                "chain": "claim-net",
                "network": "wrap-preview"
              },
              "authenticated": false
            },
            "from": {
              "tag": "scalar",
              "value": "12"
            },
            "to": {
              "tag": "scalar",
              "value": "48"
            }
          }
        },
        "gross_cap": {
          "tag": "qty",
          "asset": "ClaimUSD",
          "atoms": "250000000"
        },
        "fee_cap": {
          "tag": "qty",
          "asset": "ClaimUSD",
          "atoms": "0"
        },
        "net_floor": {
          "tag": "qty",
          "asset": "ClaimUSD",
          "atoms": "250000000"
        },
        "reads": {
          "tag": "array",
          "items": [
            {
              "tag": "string",
              "value": "foreign-claim"
            }
          ]
        },
        "writes": {
          "tag": "array",
          "items": [
            {
              "tag": "string",
              "value": "no-local-effect"
            }
          ]
        },
        "relation": {
          "tag": "string",
          "value": "fee_cap is the zero gap between 250.000000 ClaimUSD and 250000000 atoms"
        },
        "failure": {
          "tag": "string",
          "value": "evidence freshness is outside structural checking"
        },
        "continuation": {
          "tag": "string",
          "value": "a claim does not deposit ForeignShares"
        },
        "observation": {
          "tag": "string",
          "value": "ClaimFix is declared and is not an argument of bridge.claim"
        },
        "status": {
          "tag": "string",
          "value": "pending-evidence"
        },
        "retained_duties": {
          "tag": "string",
          "value": "claim duty text does not retain a balance effect"
        },
        "operation": {
          "tag": "call",
          "name": "bridge.claim",
          "args": {
            "owner": {
              "tag": "entity",
              "kind": "account",
              "declaration": "Holder",
              "claims": {
                "domain": {
                  "declaration": "ForeignClaim",
                  "kind": "domain",
                  "id": "ForeignClaim"
                },
                "id": "ClaimHolder"
              },
              "authenticated": false
            },
            "amount": {
              "tag": "qty",
              "asset": "ClaimUSD",
              "atoms": "250000000"
            },
            "source": {
              "tag": "entity",
              "kind": "domain",
              "declaration": "HomeRail",
              "claims": {
                "id": "HomeRail",
                "chain": "home-rail",
                "network": "stake-preview"
              },
              "authenticated": false
            },
            "claim_id": {
              "tag": "string",
              "value": "claim-rail-250"
            }
          }
        }
      }
    },
    {
      "name": "RecoverRail",
      "terms": {
        "domain": {
          "tag": "entity",
          "kind": "domain",
          "declaration": "HomeRail",
          "claims": {
            "id": "HomeRail",
            "chain": "home-rail",
            "network": "stake-preview"
          },
          "authenticated": false
        },
        "asset": {
          "tag": "entity",
          "kind": "asset",
          "declaration": "RailUSD",
          "claims": {
            "domain": {
              "declaration": "HomeRail",
              "kind": "domain",
              "id": "HomeRail"
            },
            "id": "RailUSDCanonical",
            "scale": "2",
            "representation": "canonical",
            "symbol": "USD"
          },
          "authenticated": false
        },
        "signer": {
          "tag": "entity",
          "kind": "account",
          "declaration": "Staker",
          "claims": {
            "domain": {
              "declaration": "HomeRail",
              "kind": "domain",
              "id": "HomeRail"
            },
            "id": "StakerPrincipal"
          },
          "authenticated": false
        },
        "policy": {
          "tag": "entity",
          "kind": "policy",
          "declaration": "DutyTerms",
          "claims": {
            "id": "BridgeStakeTerms",
            "epoch": "1",
            "source_hash": "terms-bridge-stake-1",
            "duty_preservation": "required-but-unchecked"
          },
          "authenticated": false
        },
        "authority": {
          "tag": "entity",
          "kind": "grant",
          "declaration": "EscrowAuthority",
          "claims": {
            "issuer": {
              "declaration": "Custodian",
              "kind": "account",
              "id": "VaultCustodian"
            },
            "scope": "escrow-250-RailUSD",
            "expiry": "48",
            "revocation_epoch": "2",
            "work_limit": "1",
            "evidence": "grant text is not a signature"
          },
          "authenticated": false
        },
        "valid": {
          "tag": "call",
          "name": "rounds",
          "args": {
            "domain": {
              "tag": "entity",
              "kind": "domain",
              "declaration": "HomeRail",
              "claims": {
                "id": "HomeRail",
                "chain": "home-rail",
                "network": "stake-preview"
              },
              "authenticated": false
            },
            "from": {
              "tag": "scalar",
              "value": "12"
            },
            "to": {
              "tag": "scalar",
              "value": "48"
            }
          }
        },
        "earliest_round": {
          "tag": "scalar",
          "value": "48"
        },
        "gross_cap": {
          "tag": "qty",
          "asset": "RailUSD",
          "atoms": "25000"
        },
        "fee_cap": {
          "tag": "qty",
          "asset": "RailUSD",
          "atoms": "0"
        },
        "net_floor": {
          "tag": "qty",
          "asset": "RailUSD",
          "atoms": "25000"
        },
        "reads": {
          "tag": "array",
          "items": [
            {
              "tag": "string",
              "value": "escrow-lock"
            }
          ]
        },
        "writes": {
          "tag": "array",
          "items": [
            {
              "tag": "string",
              "value": "no-local-effect"
            }
          ]
        },
        "relation": {
          "tag": "string",
          "value": "recover names the same 25000 RailUSD atoms and does not burn ClaimUSD"
        },
        "failure": {
          "tag": "string",
          "value": "timeout alone is not proof of foreign nonreceipt"
        },
        "continuation": {
          "tag": "string",
          "value": "foreign pending claim text is not cleared here"
        },
        "status": {
          "tag": "string",
          "value": "pending"
        },
        "retained_duties": {
          "tag": "string",
          "value": "recover does not delete the claim duty string"
        },
        "operation": {
          "tag": "call",
          "name": "bridge.recover",
          "args": {
            "owner": {
              "tag": "entity",
              "kind": "account",
              "declaration": "Staker",
              "claims": {
                "domain": {
                  "declaration": "HomeRail",
                  "kind": "domain",
                  "id": "HomeRail"
                },
                "id": "StakerPrincipal"
              },
              "authenticated": false
            },
            "amount": {
              "tag": "qty",
              "asset": "RailUSD",
              "atoms": "25000"
            },
            "claim_id": {
              "tag": "string",
              "value": "claim-rail-250"
            }
          }
        }
      }
    },
    {
      "name": "StakeHome",
      "terms": {
        "domain": {
          "tag": "entity",
          "kind": "domain",
          "declaration": "HomeRail",
          "claims": {
            "id": "HomeRail",
            "chain": "home-rail",
            "network": "stake-preview"
          },
          "authenticated": false
        },
        "asset": {
          "tag": "entity",
          "kind": "asset",
          "declaration": "RailUSD",
          "claims": {
            "domain": {
              "declaration": "HomeRail",
              "kind": "domain",
              "id": "HomeRail"
            },
            "id": "RailUSDCanonical",
            "scale": "2",
            "representation": "canonical",
            "symbol": "USD"
          },
          "authenticated": false
        },
        "signer": {
          "tag": "entity",
          "kind": "account",
          "declaration": "Staker",
          "claims": {
            "domain": {
              "declaration": "HomeRail",
              "kind": "domain",
              "id": "HomeRail"
            },
            "id": "StakerPrincipal"
          },
          "authenticated": false
        },
        "policy": {
          "tag": "entity",
          "kind": "policy",
          "declaration": "DutyTerms",
          "claims": {
            "id": "BridgeStakeTerms",
            "epoch": "1",
            "source_hash": "terms-bridge-stake-1",
            "duty_preservation": "required-but-unchecked"
          },
          "authenticated": false
        },
        "valid": {
          "tag": "call",
          "name": "rounds",
          "args": {
            "domain": {
              "tag": "entity",
              "kind": "domain",
              "declaration": "HomeRail",
              "claims": {
                "id": "HomeRail",
                "chain": "home-rail",
                "network": "stake-preview"
              },
              "authenticated": false
            },
            "from": {
              "tag": "scalar",
              "value": "12"
            },
            "to": {
              "tag": "scalar",
              "value": "48"
            }
          }
        },
        "gross_cap": {
          "tag": "qty",
          "asset": "RailUSD",
          "atoms": "25000"
        },
        "fee_cap": {
          "tag": "qty",
          "asset": "RailUSD",
          "atoms": "0"
        },
        "net_floor": {
          "tag": "qty",
          "asset": "RailUSD",
          "atoms": "25000"
        },
        "reads": {
          "tag": "array",
          "items": [
            {
              "tag": "string",
              "value": "home-unbond"
            }
          ]
        },
        "writes": {
          "tag": "array",
          "items": [
            {
              "tag": "string",
              "value": "no-local-effect"
            }
          ]
        },
        "relation": {
          "tag": "string",
          "value": "deposit of 25000 RailUSD atoms does not run escrow_home"
        },
        "rounding": {
          "tag": "string",
          "value": "share mint floor is stated and not computed"
        },
        "continuation": {
          "tag": "string",
          "value": "full_share_atoms 25000 is a scalar name, not a mint result"
        },
        "status": {
          "tag": "string",
          "value": "specified-only"
        },
        "retained_duties": {
          "tag": "string",
          "value": "deposit creates no checked share balance"
        },
        "operation": {
          "tag": "call",
          "name": "staking.deposit",
          "args": {
            "owner": {
              "tag": "entity",
              "kind": "account",
              "declaration": "Staker",
              "claims": {
                "domain": {
                  "declaration": "HomeRail",
                  "kind": "domain",
                  "id": "HomeRail"
                },
                "id": "StakerPrincipal"
              },
              "authenticated": false
            },
            "shares": {
              "tag": "entity",
              "kind": "share_class",
              "declaration": "HomeShares",
              "claims": {
                "domain": {
                  "declaration": "HomeRail",
                  "kind": "domain",
                  "id": "HomeRail"
                },
                "id": "HomeVaultShare",
                "backing": {
                  "declaration": "RailUSD",
                  "kind": "asset",
                  "id": "RailUSDCanonical"
                }
              },
              "authenticated": false
            },
            "backing": {
              "tag": "qty",
              "asset": "RailUSD",
              "atoms": "25000"
            }
          }
        }
      }
    },
    {
      "name": "RewardHome",
      "terms": {
        "domain": {
          "tag": "entity",
          "kind": "domain",
          "declaration": "HomeRail",
          "claims": {
            "id": "HomeRail",
            "chain": "home-rail",
            "network": "stake-preview"
          },
          "authenticated": false
        },
        "asset": {
          "tag": "entity",
          "kind": "asset",
          "declaration": "RailUSD",
          "claims": {
            "domain": {
              "declaration": "HomeRail",
              "kind": "domain",
              "id": "HomeRail"
            },
            "id": "RailUSDCanonical",
            "scale": "2",
            "representation": "canonical",
            "symbol": "USD"
          },
          "authenticated": false
        },
        "policy": {
          "tag": "entity",
          "kind": "policy",
          "declaration": "DutyTerms",
          "claims": {
            "id": "BridgeStakeTerms",
            "epoch": "1",
            "source_hash": "terms-bridge-stake-1",
            "duty_preservation": "required-but-unchecked"
          },
          "authenticated": false
        },
        "gross_cap": {
          "tag": "qty",
          "asset": "RailUSD",
          "atoms": "575"
        },
        "fee_cap": {
          "tag": "qty",
          "asset": "RailUSD",
          "atoms": "0"
        },
        "net_floor": {
          "tag": "qty",
          "asset": "RailUSD",
          "atoms": "450"
        },
        "reads": {
          "tag": "array",
          "items": [
            {
              "tag": "string",
              "value": "home-unbond"
            }
          ]
        },
        "writes": {
          "tag": "array",
          "items": [
            {
              "tag": "string",
              "value": "no-local-effect"
            }
          ]
        },
        "relation": {
          "tag": "string",
          "value": "amount stays 4.50; fee_cap 0 proves 4.50 plus 1.25 equals 5.75; gross_cap is not enforced"
        },
        "rounding": {
          "tag": "string",
          "value": "reward is not a share-price update"
        },
        "continuation": {
          "tag": "string",
          "value": "reward is not netted with slash_home"
        },
        "status": {
          "tag": "string",
          "value": "specified-only"
        },
        "retained_duties": {
          "tag": "string",
          "value": "reward text is not a posted balance"
        },
        "operation": {
          "tag": "call",
          "name": "staking.reward",
          "args": {
            "shares": {
              "tag": "entity",
              "kind": "share_class",
              "declaration": "HomeShares",
              "claims": {
                "domain": {
                  "declaration": "HomeRail",
                  "kind": "domain",
                  "id": "HomeRail"
                },
                "id": "HomeVaultShare",
                "backing": {
                  "declaration": "RailUSD",
                  "kind": "asset",
                  "id": "RailUSDCanonical"
                }
              },
              "authenticated": false
            },
            "amount": {
              "tag": "qty",
              "asset": "RailUSD",
              "atoms": "450"
            }
          }
        }
      }
    },
    {
      "name": "SlashHome",
      "terms": {
        "domain": {
          "tag": "entity",
          "kind": "domain",
          "declaration": "HomeRail",
          "claims": {
            "id": "HomeRail",
            "chain": "home-rail",
            "network": "stake-preview"
          },
          "authenticated": false
        },
        "asset": {
          "tag": "entity",
          "kind": "asset",
          "declaration": "RailUSD",
          "claims": {
            "domain": {
              "declaration": "HomeRail",
              "kind": "domain",
              "id": "HomeRail"
            },
            "id": "RailUSDCanonical",
            "scale": "2",
            "representation": "canonical",
            "symbol": "USD"
          },
          "authenticated": false
        },
        "policy": {
          "tag": "entity",
          "kind": "policy",
          "declaration": "DutyTerms",
          "claims": {
            "id": "BridgeStakeTerms",
            "epoch": "1",
            "source_hash": "terms-bridge-stake-1",
            "duty_preservation": "required-but-unchecked"
          },
          "authenticated": false
        },
        "gross_cap": {
          "tag": "qty",
          "asset": "RailUSD",
          "atoms": "125"
        },
        "net_floor": {
          "tag": "qty",
          "asset": "RailUSD",
          "atoms": "125"
        },
        "reads": {
          "tag": "array",
          "items": [
            {
              "tag": "string",
              "value": "home-unbond"
            }
          ]
        },
        "writes": {
          "tag": "array",
          "items": [
            {
              "tag": "string",
              "value": "no-local-effect"
            }
          ]
        },
        "relation": {
          "tag": "string",
          "value": "slash 1.25 RailUSD is 125 atoms on the whole class"
        },
        "loss": {
          "tag": "string",
          "value": "slash is not netted against reward; unbond duty stays pending"
        },
        "continuation": {
          "tag": "string",
          "value": "no rule allocates 125 atoms to the 10000 share-atom slice"
        },
        "status": {
          "tag": "string",
          "value": "pending"
        },
        "retained_duties": {
          "tag": "string",
          "value": "pending withdrawal text remains after this slash"
        },
        "operation": {
          "tag": "call",
          "name": "staking.slash",
          "args": {
            "shares": {
              "tag": "entity",
              "kind": "share_class",
              "declaration": "HomeShares",
              "claims": {
                "domain": {
                  "declaration": "HomeRail",
                  "kind": "domain",
                  "id": "HomeRail"
                },
                "id": "HomeVaultShare",
                "backing": {
                  "declaration": "RailUSD",
                  "kind": "asset",
                  "id": "RailUSDCanonical"
                }
              },
              "authenticated": false
            },
            "amount": {
              "tag": "qty",
              "asset": "RailUSD",
              "atoms": "125"
            }
          }
        }
      }
    },
    {
      "name": "UnbondHome",
      "terms": {
        "domain": {
          "tag": "entity",
          "kind": "domain",
          "declaration": "HomeRail",
          "claims": {
            "id": "HomeRail",
            "chain": "home-rail",
            "network": "stake-preview"
          },
          "authenticated": false
        },
        "asset": {
          "tag": "entity",
          "kind": "asset",
          "declaration": "RailUSD",
          "claims": {
            "domain": {
              "declaration": "HomeRail",
              "kind": "domain",
              "id": "HomeRail"
            },
            "id": "RailUSDCanonical",
            "scale": "2",
            "representation": "canonical",
            "symbol": "USD"
          },
          "authenticated": false
        },
        "signer": {
          "tag": "entity",
          "kind": "account",
          "declaration": "Staker",
          "claims": {
            "domain": {
              "declaration": "HomeRail",
              "kind": "domain",
              "id": "HomeRail"
            },
            "id": "StakerPrincipal"
          },
          "authenticated": false
        },
        "policy": {
          "tag": "entity",
          "kind": "policy",
          "declaration": "DutyTerms",
          "claims": {
            "id": "BridgeStakeTerms",
            "epoch": "1",
            "source_hash": "terms-bridge-stake-1",
            "duty_preservation": "required-but-unchecked"
          },
          "authenticated": false
        },
        "reads": {
          "tag": "array",
          "items": [
            {
              "tag": "string",
              "value": "home-unbond"
            }
          ]
        },
        "writes": {
          "tag": "array",
          "items": [
            {
              "tag": "string",
              "value": "no-local-effect"
            }
          ]
        },
        "relation": {
          "tag": "string",
          "value": "earliest_round is share_ratio_gap; 10000*5 and 25000*2 meet at zero"
        },
        "earliest_round": {
          "tag": "scalar",
          "value": "0"
        },
        "continuation": {
          "tag": "string",
          "value": "unbond does not pay the 100.00 RailUSD slice"
        },
        "failure": {
          "tag": "string",
          "value": "share atoms are not checked against backing atoms"
        },
        "status": {
          "tag": "string",
          "value": "pending-withdrawal"
        },
        "retained_duties": {
          "tag": "string",
          "value": "unbond duty stays pending until withdraw_home"
        },
        "operation": {
          "tag": "call",
          "name": "staking.unbond",
          "args": {
            "owner": {
              "tag": "entity",
              "kind": "account",
              "declaration": "Staker",
              "claims": {
                "domain": {
                  "declaration": "HomeRail",
                  "kind": "domain",
                  "id": "HomeRail"
                },
                "id": "StakerPrincipal"
              },
              "authenticated": false
            },
            "shares": {
              "tag": "entity",
              "kind": "share_class",
              "declaration": "HomeShares",
              "claims": {
                "domain": {
                  "declaration": "HomeRail",
                  "kind": "domain",
                  "id": "HomeRail"
                },
                "id": "HomeVaultShare",
                "backing": {
                  "declaration": "RailUSD",
                  "kind": "asset",
                  "id": "RailUSDCanonical"
                }
              },
              "authenticated": false
            },
            "share_atoms": {
              "tag": "scalar",
              "value": "10000"
            }
          }
        }
      }
    },
    {
      "name": "WithdrawHome",
      "terms": {
        "domain": {
          "tag": "entity",
          "kind": "domain",
          "declaration": "HomeRail",
          "claims": {
            "id": "HomeRail",
            "chain": "home-rail",
            "network": "stake-preview"
          },
          "authenticated": false
        },
        "asset": {
          "tag": "entity",
          "kind": "asset",
          "declaration": "RailUSD",
          "claims": {
            "domain": {
              "declaration": "HomeRail",
              "kind": "domain",
              "id": "HomeRail"
            },
            "id": "RailUSDCanonical",
            "scale": "2",
            "representation": "canonical",
            "symbol": "USD"
          },
          "authenticated": false
        },
        "signer": {
          "tag": "entity",
          "kind": "account",
          "declaration": "Staker",
          "claims": {
            "domain": {
              "declaration": "HomeRail",
              "kind": "domain",
              "id": "HomeRail"
            },
            "id": "StakerPrincipal"
          },
          "authenticated": false
        },
        "policy": {
          "tag": "entity",
          "kind": "policy",
          "declaration": "DutyTerms",
          "claims": {
            "id": "BridgeStakeTerms",
            "epoch": "1",
            "source_hash": "terms-bridge-stake-1",
            "duty_preservation": "required-but-unchecked"
          },
          "authenticated": false
        },
        "gross_cap": {
          "tag": "qty",
          "asset": "RailUSD",
          "atoms": "10000"
        },
        "fee_cap": {
          "tag": "qty",
          "asset": "RailUSD",
          "atoms": "400"
        },
        "net_floor": {
          "tag": "qty",
          "asset": "RailUSD",
          "atoms": "9600"
        },
        "reads": {
          "tag": "array",
          "items": [
            {
              "tag": "string",
              "value": "home-unbond"
            }
          ]
        },
        "writes": {
          "tag": "array",
          "items": [
            {
              "tag": "string",
              "value": "no-local-effect"
            }
          ]
        },
        "relation": {
          "tag": "string",
          "value": "fee_cap is 100.00 minus 96.00 RailUSD, which is 400 atoms and not a transfer fee"
        },
        "rounding": {
          "tag": "string",
          "value": "the 96.00 floor is not applied to a balance"
        },
        "continuation": {
          "tag": "string",
          "value": "withdraw does not settle the unbond duty"
        },
        "status": {
          "tag": "string",
          "value": "pending-withdrawal"
        },
        "retained_duties": {
          "tag": "string",
          "value": "minimum_backing is an open financial relation"
        },
        "operation": {
          "tag": "call",
          "name": "staking.withdraw",
          "args": {
            "owner": {
              "tag": "entity",
              "kind": "account",
              "declaration": "Staker",
              "claims": {
                "domain": {
                  "declaration": "HomeRail",
                  "kind": "domain",
                  "id": "HomeRail"
                },
                "id": "StakerPrincipal"
              },
              "authenticated": false
            },
            "shares": {
              "tag": "entity",
              "kind": "share_class",
              "declaration": "HomeShares",
              "claims": {
                "domain": {
                  "declaration": "HomeRail",
                  "kind": "domain",
                  "id": "HomeRail"
                },
                "id": "HomeVaultShare",
                "backing": {
                  "declaration": "RailUSD",
                  "kind": "asset",
                  "id": "RailUSDCanonical"
                }
              },
              "authenticated": false
            },
            "share_atoms": {
              "tag": "scalar",
              "value": "10000"
            },
            "minimum_backing": {
              "tag": "qty",
              "asset": "RailUSD",
              "atoms": "9600"
            }
          }
        }
      }
    },
    {
      "name": "StakeForeign",
      "terms": {
        "domain": {
          "tag": "entity",
          "kind": "domain",
          "declaration": "ForeignClaim",
          "claims": {
            "id": "ForeignClaim",
            "chain": "claim-net",
            "network": "wrap-preview"
          },
          "authenticated": false
        },
        "asset": {
          "tag": "entity",
          "kind": "asset",
          "declaration": "ClaimUSD",
          "claims": {
            "domain": {
              "declaration": "ForeignClaim",
              "kind": "domain",
              "id": "ForeignClaim"
            },
            "id": "ClaimUSDNominal",
            "scale": "6",
            "representation": "bridge-claim",
            "symbol": "USD"
          },
          "authenticated": false
        },
        "signer": {
          "tag": "entity",
          "kind": "account",
          "declaration": "Holder",
          "claims": {
            "domain": {
              "declaration": "ForeignClaim",
              "kind": "domain",
              "id": "ForeignClaim"
            },
            "id": "ClaimHolder"
          },
          "authenticated": false
        },
        "policy": {
          "tag": "entity",
          "kind": "policy",
          "declaration": "DutyTerms",
          "claims": {
            "id": "BridgeStakeTerms",
            "epoch": "1",
            "source_hash": "terms-bridge-stake-1",
            "duty_preservation": "required-but-unchecked"
          },
          "authenticated": false
        },
        "authority": {
          "tag": "string",
          "value": "no admitted foreign grant"
        },
        "valid": {
          "tag": "call",
          "name": "rounds",
          "args": {
            "domain": {
              "tag": "entity",
              "kind": "domain",
              "declaration": "ForeignClaim",
              "claims": {
                "id": "ForeignClaim",
                "chain": "claim-net",
                "network": "wrap-preview"
              },
              "authenticated": false
            },
            "from": {
              "tag": "scalar",
              "value": "12"
            },
            "to": {
              "tag": "scalar",
              "value": "48"
            }
          }
        },
        "gross_cap": {
          "tag": "qty",
          "asset": "ClaimUSD",
          "atoms": "250000000"
        },
        "fee_cap": {
          "tag": "qty",
          "asset": "ClaimUSD",
          "atoms": "0"
        },
        "net_floor": {
          "tag": "qty",
          "asset": "ClaimUSD",
          "atoms": "250000000"
        },
        "reads": {
          "tag": "array",
          "items": [
            {
              "tag": "string",
              "value": "foreign-unbond"
            }
          ]
        },
        "writes": {
          "tag": "array",
          "items": [
            {
              "tag": "string",
              "value": "no-local-effect"
            }
          ]
        },
        "relation": {
          "tag": "string",
          "value": "foreign deposit backs ClaimUSDNominal and does not spend RailUSD"
        },
        "rounding": {
          "tag": "string",
          "value": "25000 share atoms are not 25000 claim atoms"
        },
        "continuation": {
          "tag": "string",
          "value": "deposit_foreign is not the successor of claim_foreign"
        },
        "status": {
          "tag": "string",
          "value": "specified-only"
        },
        "retained_duties": {
          "tag": "string",
          "value": "no share ledger is updated"
        },
        "operation": {
          "tag": "call",
          "name": "staking.deposit",
          "args": {
            "owner": {
              "tag": "entity",
              "kind": "account",
              "declaration": "Holder",
              "claims": {
                "domain": {
                  "declaration": "ForeignClaim",
                  "kind": "domain",
                  "id": "ForeignClaim"
                },
                "id": "ClaimHolder"
              },
              "authenticated": false
            },
            "shares": {
              "tag": "entity",
              "kind": "share_class",
              "declaration": "ForeignShares",
              "claims": {
                "domain": {
                  "declaration": "ForeignClaim",
                  "kind": "domain",
                  "id": "ForeignClaim"
                },
                "id": "ClaimVaultShare",
                "backing": {
                  "declaration": "ClaimUSD",
                  "kind": "asset",
                  "id": "ClaimUSDNominal"
                }
              },
              "authenticated": false
            },
            "backing": {
              "tag": "qty",
              "asset": "ClaimUSD",
              "atoms": "250000000"
            }
          }
        }
      }
    },
    {
      "name": "RewardForeign",
      "terms": {
        "domain": {
          "tag": "entity",
          "kind": "domain",
          "declaration": "ForeignClaim",
          "claims": {
            "id": "ForeignClaim",
            "chain": "claim-net",
            "network": "wrap-preview"
          },
          "authenticated": false
        },
        "asset": {
          "tag": "entity",
          "kind": "asset",
          "declaration": "ClaimUSD",
          "claims": {
            "domain": {
              "declaration": "ForeignClaim",
              "kind": "domain",
              "id": "ForeignClaim"
            },
            "id": "ClaimUSDNominal",
            "scale": "6",
            "representation": "bridge-claim",
            "symbol": "USD"
          },
          "authenticated": false
        },
        "policy": {
          "tag": "entity",
          "kind": "policy",
          "declaration": "DutyTerms",
          "claims": {
            "id": "BridgeStakeTerms",
            "epoch": "1",
            "source_hash": "terms-bridge-stake-1",
            "duty_preservation": "required-but-unchecked"
          },
          "authenticated": false
        },
        "gross_cap": {
          "tag": "qty",
          "asset": "ClaimUSD",
          "atoms": "5750000"
        },
        "fee_cap": {
          "tag": "qty",
          "asset": "ClaimUSD",
          "atoms": "0"
        },
        "net_floor": {
          "tag": "qty",
          "asset": "ClaimUSD",
          "atoms": "4500000"
        },
        "reads": {
          "tag": "array",
          "items": [
            {
              "tag": "string",
              "value": "foreign-unbond"
            }
          ]
        },
        "writes": {
          "tag": "array",
          "items": [
            {
              "tag": "string",
              "value": "no-local-effect"
            }
          ]
        },
        "relation": {
          "tag": "string",
          "value": "amount stays 4.500000; fee_cap 0 proves that sum is 5.750000; gross_cap is not enforced"
        },
        "rounding": {
          "tag": "string",
          "value": "foreign reward atoms are 4500000, not the home 450"
        },
        "continuation": {
          "tag": "string",
          "value": "same display digits are a different nominal asset"
        },
        "status": {
          "tag": "string",
          "value": "specified-only"
        },
        "retained_duties": {
          "tag": "string",
          "value": "foreign reward text is not home reward text"
        },
        "operation": {
          "tag": "call",
          "name": "staking.reward",
          "args": {
            "shares": {
              "tag": "entity",
              "kind": "share_class",
              "declaration": "ForeignShares",
              "claims": {
                "domain": {
                  "declaration": "ForeignClaim",
                  "kind": "domain",
                  "id": "ForeignClaim"
                },
                "id": "ClaimVaultShare",
                "backing": {
                  "declaration": "ClaimUSD",
                  "kind": "asset",
                  "id": "ClaimUSDNominal"
                }
              },
              "authenticated": false
            },
            "amount": {
              "tag": "qty",
              "asset": "ClaimUSD",
              "atoms": "4500000"
            }
          }
        }
      }
    },
    {
      "name": "SlashForeign",
      "terms": {
        "domain": {
          "tag": "entity",
          "kind": "domain",
          "declaration": "ForeignClaim",
          "claims": {
            "id": "ForeignClaim",
            "chain": "claim-net",
            "network": "wrap-preview"
          },
          "authenticated": false
        },
        "asset": {
          "tag": "entity",
          "kind": "asset",
          "declaration": "ClaimUSD",
          "claims": {
            "domain": {
              "declaration": "ForeignClaim",
              "kind": "domain",
              "id": "ForeignClaim"
            },
            "id": "ClaimUSDNominal",
            "scale": "6",
            "representation": "bridge-claim",
            "symbol": "USD"
          },
          "authenticated": false
        },
        "policy": {
          "tag": "entity",
          "kind": "policy",
          "declaration": "DutyTerms",
          "claims": {
            "id": "BridgeStakeTerms",
            "epoch": "1",
            "source_hash": "terms-bridge-stake-1",
            "duty_preservation": "required-but-unchecked"
          },
          "authenticated": false
        },
        "gross_cap": {
          "tag": "qty",
          "asset": "ClaimUSD",
          "atoms": "1250000"
        },
        "net_floor": {
          "tag": "qty",
          "asset": "ClaimUSD",
          "atoms": "1250000"
        },
        "reads": {
          "tag": "array",
          "items": [
            {
              "tag": "string",
              "value": "foreign-unbond"
            }
          ]
        },
        "writes": {
          "tag": "array",
          "items": [
            {
              "tag": "string",
              "value": "no-local-effect"
            }
          ]
        },
        "relation": {
          "tag": "string",
          "value": "foreign slash is 1250000 ClaimUSD atoms, not 125 RailUSD atoms"
        },
        "loss": {
          "tag": "string",
          "value": "foreign slash is not applied to the home vault"
        },
        "continuation": {
          "tag": "string",
          "value": "no cross-domain loss allocation exists"
        },
        "status": {
          "tag": "string",
          "value": "pending"
        },
        "retained_duties": {
          "tag": "string",
          "value": "foreign pending withdrawal stays explicit"
        },
        "operation": {
          "tag": "call",
          "name": "staking.slash",
          "args": {
            "shares": {
              "tag": "entity",
              "kind": "share_class",
              "declaration": "ForeignShares",
              "claims": {
                "domain": {
                  "declaration": "ForeignClaim",
                  "kind": "domain",
                  "id": "ForeignClaim"
                },
                "id": "ClaimVaultShare",
                "backing": {
                  "declaration": "ClaimUSD",
                  "kind": "asset",
                  "id": "ClaimUSDNominal"
                }
              },
              "authenticated": false
            },
            "amount": {
              "tag": "qty",
              "asset": "ClaimUSD",
              "atoms": "1250000"
            }
          }
        }
      }
    },
    {
      "name": "UnbondForeign",
      "terms": {
        "domain": {
          "tag": "entity",
          "kind": "domain",
          "declaration": "ForeignClaim",
          "claims": {
            "id": "ForeignClaim",
            "chain": "claim-net",
            "network": "wrap-preview"
          },
          "authenticated": false
        },
        "asset": {
          "tag": "entity",
          "kind": "asset",
          "declaration": "ClaimUSD",
          "claims": {
            "domain": {
              "declaration": "ForeignClaim",
              "kind": "domain",
              "id": "ForeignClaim"
            },
            "id": "ClaimUSDNominal",
            "scale": "6",
            "representation": "bridge-claim",
            "symbol": "USD"
          },
          "authenticated": false
        },
        "signer": {
          "tag": "entity",
          "kind": "account",
          "declaration": "Holder",
          "claims": {
            "domain": {
              "declaration": "ForeignClaim",
              "kind": "domain",
              "id": "ForeignClaim"
            },
            "id": "ClaimHolder"
          },
          "authenticated": false
        },
        "policy": {
          "tag": "entity",
          "kind": "policy",
          "declaration": "DutyTerms",
          "claims": {
            "id": "BridgeStakeTerms",
            "epoch": "1",
            "source_hash": "terms-bridge-stake-1",
            "duty_preservation": "required-but-unchecked"
          },
          "authenticated": false
        },
        "reads": {
          "tag": "array",
          "items": [
            {
              "tag": "string",
              "value": "foreign-unbond"
            }
          ]
        },
        "writes": {
          "tag": "array",
          "items": [
            {
              "tag": "string",
              "value": "no-local-effect"
            }
          ]
        },
        "relation": {
          "tag": "string",
          "value": "the 10000 share-atom figure is reused and is not a backing quantity"
        },
        "continuation": {
          "tag": "string",
          "value": "unbond does not pay 100.000000 ClaimUSD"
        },
        "failure": {
          "tag": "string",
          "value": "share_atoms are a scalar with no asset parameter"
        },
        "status": {
          "tag": "string",
          "value": "pending-withdrawal"
        },
        "retained_duties": {
          "tag": "string",
          "value": "foreign unbond duty is not the home unbond duty"
        },
        "operation": {
          "tag": "call",
          "name": "staking.unbond",
          "args": {
            "owner": {
              "tag": "entity",
              "kind": "account",
              "declaration": "Holder",
              "claims": {
                "domain": {
                  "declaration": "ForeignClaim",
                  "kind": "domain",
                  "id": "ForeignClaim"
                },
                "id": "ClaimHolder"
              },
              "authenticated": false
            },
            "shares": {
              "tag": "entity",
              "kind": "share_class",
              "declaration": "ForeignShares",
              "claims": {
                "domain": {
                  "declaration": "ForeignClaim",
                  "kind": "domain",
                  "id": "ForeignClaim"
                },
                "id": "ClaimVaultShare",
                "backing": {
                  "declaration": "ClaimUSD",
                  "kind": "asset",
                  "id": "ClaimUSDNominal"
                }
              },
              "authenticated": false
            },
            "share_atoms": {
              "tag": "scalar",
              "value": "10000"
            }
          }
        }
      }
    },
    {
      "name": "WithdrawForeign",
      "terms": {
        "domain": {
          "tag": "entity",
          "kind": "domain",
          "declaration": "ForeignClaim",
          "claims": {
            "id": "ForeignClaim",
            "chain": "claim-net",
            "network": "wrap-preview"
          },
          "authenticated": false
        },
        "asset": {
          "tag": "entity",
          "kind": "asset",
          "declaration": "ClaimUSD",
          "claims": {
            "domain": {
              "declaration": "ForeignClaim",
              "kind": "domain",
              "id": "ForeignClaim"
            },
            "id": "ClaimUSDNominal",
            "scale": "6",
            "representation": "bridge-claim",
            "symbol": "USD"
          },
          "authenticated": false
        },
        "signer": {
          "tag": "entity",
          "kind": "account",
          "declaration": "Holder",
          "claims": {
            "domain": {
              "declaration": "ForeignClaim",
              "kind": "domain",
              "id": "ForeignClaim"
            },
            "id": "ClaimHolder"
          },
          "authenticated": false
        },
        "policy": {
          "tag": "entity",
          "kind": "policy",
          "declaration": "DutyTerms",
          "claims": {
            "id": "BridgeStakeTerms",
            "epoch": "1",
            "source_hash": "terms-bridge-stake-1",
            "duty_preservation": "required-but-unchecked"
          },
          "authenticated": false
        },
        "gross_cap": {
          "tag": "qty",
          "asset": "ClaimUSD",
          "atoms": "100000000"
        },
        "fee_cap": {
          "tag": "qty",
          "asset": "ClaimUSD",
          "atoms": "4000000"
        },
        "net_floor": {
          "tag": "qty",
          "asset": "ClaimUSD",
          "atoms": "96000000"
        },
        "reads": {
          "tag": "array",
          "items": [
            {
              "tag": "string",
              "value": "foreign-claim"
            },
            {
              "tag": "string",
              "value": "foreign-unbond"
            }
          ]
        },
        "writes": {
          "tag": "array",
          "items": [
            {
              "tag": "string",
              "value": "no-local-effect"
            }
          ]
        },
        "relation": {
          "tag": "string",
          "value": "fee_cap is 4.000000 ClaimUSD, 4000000 atoms, the gap under the 100.000000 slice"
        },
        "rounding": {
          "tag": "string",
          "value": "96.000000 ClaimUSD is an author floor, not a payout"
        },
        "continuation": {
          "tag": "string",
          "value": "this withdraw does not redeem escrowed RailUSD"
        },
        "status": {
          "tag": "string",
          "value": "pending-withdrawal"
        },
        "retained_duties": {
          "tag": "string",
          "value": "bridge claim evidence is still open"
        },
        "operation": {
          "tag": "call",
          "name": "staking.withdraw",
          "args": {
            "owner": {
              "tag": "entity",
              "kind": "account",
              "declaration": "Holder",
              "claims": {
                "domain": {
                  "declaration": "ForeignClaim",
                  "kind": "domain",
                  "id": "ForeignClaim"
                },
                "id": "ClaimHolder"
              },
              "authenticated": false
            },
            "shares": {
              "tag": "entity",
              "kind": "share_class",
              "declaration": "ForeignShares",
              "claims": {
                "domain": {
                  "declaration": "ForeignClaim",
                  "kind": "domain",
                  "id": "ForeignClaim"
                },
                "id": "ClaimVaultShare",
                "backing": {
                  "declaration": "ClaimUSD",
                  "kind": "asset",
                  "id": "ClaimUSDNominal"
                }
              },
              "authenticated": false
            },
            "share_atoms": {
              "tag": "scalar",
              "value": "10000"
            },
            "minimum_backing": {
              "tag": "qty",
              "asset": "ClaimUSD",
              "atoms": "96000000"
            }
          }
        }
      }
    }
  ],
  "coverage": {
    "syntax": "checked when diagnostics empty",
    "names": "checked",
    "quantities": "nominal exact arithmetic",
    "financialRelations": "Open",
    "localS0Actions": [],
    "authentication": "open",
    "ledgerCommit": "open"
  },
  "bounds": {
    "scalarAndQuantityMax": "340282366920938463463374607431768211455"
  },
  "requiredPremises": [],
  "unverifiedBindings": []
}
