{
  "status": "AuthoringRejected",
  "sourceHash": "29a328c839026f886e48144b697e61c16146d3b5bf39ae0d3cbe2f9d052d2774",
  "diagnostics": [
    {
      "code": "BETA_DUPLICATE_ID",
      "message": "Duplicate economic identity; aliases are unsupported",
      "span": {
        "start": 375,
        "end": 393
      }
    }
  ],
  "agreement": "AliasRejected",
  "agreementSpan": {
    "start": 116,
    "end": 129
  },
  "declarations": [],
  "actions": [],
  "references": [],
  "fieldUses": [],
  "operationSchemas": {
    "atoms": {
      "asset": "asset",
      "value": "scalar"
    },
    "min": {
      "a": "numeric",
      "b": "numeric"
    },
    "max": {
      "a": "numeric",
      "b": "numeric"
    },
    "rounds": {
      "domain": "domain",
      "from": "scalar",
      "to": "scalar"
    },
    "transfer": {
      "from": "account",
      "to": "account",
      "fee_to": "account",
      "value": "qty",
      "fee": "qty"
    },
    "repay": {
      "obligation": "obligation",
      "payer": "account",
      "amount": "qty"
    },
    "amm.swap_exact_input": {
      "pool": "pool",
      "owner": "account",
      "input": "qty",
      "output_asset": "asset",
      "net_floor": "qty",
      "fee_cap": "qty"
    },
    "amm.redeem": {
      "pool": "pool",
      "owner": "account",
      "share_atoms": "scalar"
    },
    "amm.mint": {
      "pool": "pool",
      "owner": "account",
      "amounts": "qty[]",
      "minimum_share_atoms": "scalar"
    },
    "lending.originate": {
      "obligation": "obligation",
      "debtor": "account",
      "creditor": "account",
      "principal": "qty",
      "collateral": "qty"
    },
    "lending.liquidate": {
      "obligation": "obligation"
    },
    "lending.roll_forward": {
      "obligation": "obligation",
      "to_round": "scalar"
    },
    "stablecoin.mint": {
      "instrument": "instrument",
      "owner": "account",
      "supply": "qty",
      "backing": "qty"
    },
    "stablecoin.redeem": {
      "instrument": "instrument",
      "owner": "account",
      "burn": "qty",
      "minimum_backing": "qty"
    },
    "stablecoin.emergency_settle": {
      "instrument": "instrument",
      "owner": "account",
      "claim": "qty"
    },
    "option.fix": {
      "instrument": "instrument",
      "observation": "observation"
    },
    "option.exercise": {
      "instrument": "instrument",
      "holder": "account"
    },
    "option.settle": {
      "instrument": "instrument",
      "holder": "account",
      "payoff": "qty"
    },
    "oracle.select": {
      "observation": "observation"
    },
    "governance.queue": {
      "policy": "policy",
      "next_epoch": "scalar"
    },
    "governance.execute": {
      "policy": "policy"
    },
    "governance.veto": {
      "policy": "policy"
    },
    "bridge.escrow": {
      "owner": "account",
      "amount": "qty",
      "destination": "domain",
      "claim_id": "string"
    },
    "bridge.claim": {
      "owner": "account",
      "amount": "qty",
      "source": "domain",
      "claim_id": "string"
    },
    "bridge.recover": {
      "owner": "account",
      "amount": "qty",
      "claim_id": "string"
    },
    "staking.deposit": {
      "owner": "account",
      "shares": "share_class",
      "backing": "qty"
    },
    "staking.reward": {
      "shares": "share_class",
      "amount": "qty"
    },
    "staking.slash": {
      "shares": "share_class",
      "amount": "qty"
    },
    "staking.unbond": {
      "owner": "account",
      "shares": "share_class",
      "share_atoms": "scalar"
    },
    "staking.withdraw": {
      "owner": "account",
      "shares": "share_class",
      "share_atoms": "scalar",
      "minimum_backing": "qty"
    }
  },
  "evidence": "AuthoringOnly",
  "openGates": [
    "authentication",
    "nativeProof",
    "financialCorrespondence",
    "atomicLedgerAcceptance"
  ]
}
