[Warning] Compiler: Variable 'QUAL' defined but not used. Prefix variable name
with underscore if this is intentional.
	Source(/home/charl/Moriarty/.worktrees/mil2-primary-research-20260929/deliverables/mil4-k-surge-2026-09-29/sol-contract.k)
	Location(96,43,96,47)
	96 |	      POL,PRE,NH,EV,EF,POST,PCS,QCS,LINES,QUAL,NATIVE,LEDGER)) =>
	   .	                                          ^~~~
[Warning] Compiler: Variable 'NATIVE' defined but not used. Prefix variable
name with underscore if this is intentional.
	Source(/home/charl/Moriarty/.worktrees/mil2-primary-research-20260929/deliverables/mil4-k-surge-2026-09-29/sol-contract.k)
	Location(96,48,96,54)
	96 |	      POL,PRE,NH,EV,EF,POST,PCS,QCS,LINES,QUAL,NATIVE,LEDGER)) =>
	   .	                                               ^~~~~~
[Warning] Compiler: Variable 'LEDGER' defined but not used. Prefix variable
name with underscore if this is intentional.
	Source(/home/charl/Moriarty/.worktrees/mil2-primary-research-20260929/deliverables/mil4-k-surge-2026-09-29/sol-contract.k)
	Location(96,55,96,61)
	96 |	      POL,PRE,NH,EV,EF,POST,PCS,QCS,LINES,QUAL,NATIVE,LEDGER)) =>
	   .	                                                      ^~~~~~
[Warning] Compiler: Variable 'SRC' defined but not used. Prefix variable name
with underscore if this is intentional.
	Source(/home/charl/Moriarty/.worktrees/mil2-primary-research-20260929/deliverables/mil4-k-surge-2026-09-29/sol-contract.k)
	Location(106,30,106,33)
	106 |	  rule m4cStage(m4cCandidate(SRC,PROG,ENV,FORM,FRAME,DEPTH,
	    .	                             ^~~
[Warning] Compiler: Variable 'PROG' defined but not used. Prefix variable name
with underscore if this is intentional.
	Source(/home/charl/Moriarty/.worktrees/mil2-primary-research-20260929/deliverables/mil4-k-surge-2026-09-29/sol-contract.k)
	Location(106,34,106,38)
	106 |	  rule m4cStage(m4cCandidate(SRC,PROG,ENV,FORM,FRAME,DEPTH,
	    .	                                 ^~~~
[Warning] Compiler: Variable 'EF' defined but not used. Prefix variable name
with underscore if this is intentional.
	Source(/home/charl/Moriarty/.worktrees/mil2-primary-research-20260929/deliverables/mil4-k-surge-2026-09-29/sol-contract.k)
	Location(107,21,107,23)
	107 |	      POL,PRE,NH,EV,EF,POST,PCS,QCS,LINES,QUAL,NATIVE,LEDGER)) =>
	    .	                    ^~
[Warning] Compiler: Variable 'PCS' defined but not used. Prefix variable name
with underscore if this is intentional.
	Source(/home/charl/Moriarty/.worktrees/mil2-primary-research-20260929/deliverables/mil4-k-surge-2026-09-29/sol-contract.k)
	Location(107,29,107,32)
	107 |	      POL,PRE,NH,EV,EF,POST,PCS,QCS,LINES,QUAL,NATIVE,LEDGER)) =>
	    .	                            ^~~
[Warning] Compiler: Variable 'QCS' defined but not used. Prefix variable name
with underscore if this is intentional.
	Source(/home/charl/Moriarty/.worktrees/mil2-primary-research-20260929/deliverables/mil4-k-surge-2026-09-29/sol-contract.k)
	Location(107,33,107,36)
	107 |	      POL,PRE,NH,EV,EF,POST,PCS,QCS,LINES,QUAL,NATIVE,LEDGER)) =>
	    .	                                ^~~
[Warning] Compiler: Variable 'LINES' defined but not used. Prefix variable name
with underscore if this is intentional.
	Source(/home/charl/Moriarty/.worktrees/mil2-primary-research-20260929/deliverables/mil4-k-surge-2026-09-29/sol-contract.k)
	Location(107,37,107,42)
	107 |	      POL,PRE,NH,EV,EF,POST,PCS,QCS,LINES,QUAL,NATIVE,LEDGER)) =>
	    .	                                    ^~~~~
[Warning] Compiler: Variable 'QUAL' defined but not used. Prefix variable name
with underscore if this is intentional.
	Source(/home/charl/Moriarty/.worktrees/mil2-primary-research-20260929/deliverables/mil4-k-surge-2026-09-29/sol-contract.k)
	Location(107,43,107,47)
	107 |	      POL,PRE,NH,EV,EF,POST,PCS,QCS,LINES,QUAL,NATIVE,LEDGER)) =>
	    .	                                          ^~~~
[Warning] Compiler: Variable 'NATIVE' defined but not used. Prefix variable
name with underscore if this is intentional.
	Source(/home/charl/Moriarty/.worktrees/mil2-primary-research-20260929/deliverables/mil4-k-surge-2026-09-29/sol-contract.k)
	Location(107,48,107,54)
	107 |	      POL,PRE,NH,EV,EF,POST,PCS,QCS,LINES,QUAL,NATIVE,LEDGER)) =>
	    .	                                               ^~~~~~
[Warning] Compiler: Variable 'LEDGER' defined but not used. Prefix variable
name with underscore if this is intentional.
	Source(/home/charl/Moriarty/.worktrees/mil2-primary-research-20260929/deliverables/mil4-k-surge-2026-09-29/sol-contract.k)
	Location(107,55,107,61)
	107 |	      POL,PRE,NH,EV,EF,POST,PCS,QCS,LINES,QUAL,NATIVE,LEDGER)) =>
	    .	                                                      ^~~~~~
[Warning] Compiler: Variable 'PH' defined but not used. Prefix variable name
with underscore if this is intentional.
	Source(/home/charl/Moriarty/.worktrees/mil2-primary-research-20260929/deliverables/mil4-k-surge-2026-09-29/sol-contract.k)
	Location(150,20,150,22)
	150 |	      m4tState(H,S,PH,B,BOOKS,IDS,T),NH,EV,EF,POST,
	    .	                   ^~
[Warning] Compiler: Variable 'B' defined but not used. Prefix variable name
with underscore if this is intentional.
	Source(/home/charl/Moriarty/.worktrees/mil2-primary-research-20260929/deliverables/mil4-k-surge-2026-09-29/sol-contract.k)
	Location(150,23,150,24)
	150 |	      m4tState(H,S,PH,B,BOOKS,IDS,T),NH,EV,EF,POST,
	    .	                      ^
[Warning] Compiler: Variable 'BOOKS' defined but not used. Prefix variable name
with underscore if this is intentional.
	Source(/home/charl/Moriarty/.worktrees/mil2-primary-research-20260929/deliverables/mil4-k-surge-2026-09-29/sol-contract.k)
	Location(150,25,150,30)
	150 |	      m4tState(H,S,PH,B,BOOKS,IDS,T),NH,EV,EF,POST,
	    .	                        ^~~~~
[Warning] Compiler: Variable 'IDS' defined but not used. Prefix variable name
with underscore if this is intentional.
	Source(/home/charl/Moriarty/.worktrees/mil2-primary-research-20260929/deliverables/mil4-k-surge-2026-09-29/sol-contract.k)
	Location(150,31,150,34)
	150 |	      m4tState(H,S,PH,B,BOOKS,IDS,T),NH,EV,EF,POST,
	    .	                              ^~~
[Warning] Compiler: Variable 'T' defined but not used. Prefix variable name
with underscore if this is intentional.
	Source(/home/charl/Moriarty/.worktrees/mil2-primary-research-20260929/deliverables/mil4-k-surge-2026-09-29/sol-contract.k)
	Location(150,35,150,36)
	150 |	      m4tState(H,S,PH,B,BOOKS,IDS,T),NH,EV,EF,POST,
	    .	                                  ^
[Warning] Compiler: Variable 'NH' defined but not used. Prefix variable name
with underscore if this is intentional.
	Source(/home/charl/Moriarty/.worktrees/mil2-primary-research-20260929/deliverables/mil4-k-surge-2026-09-29/sol-contract.k)
	Location(150,38,150,40)
	150 |	      m4tState(H,S,PH,B,BOOKS,IDS,T),NH,EV,EF,POST,
	    .	                                     ^~
[Warning] Compiler: Variable 'POST' defined but not used. Prefix variable name
with underscore if this is intentional.
	Source(/home/charl/Moriarty/.worktrees/mil2-primary-research-20260929/deliverables/mil4-k-surge-2026-09-29/sol-contract.k)
	Location(161,47,161,51)
	161 |	      m4tState(H,S,PH,B,BOOKS,IDS,T),NH,EV,EF,POST,
	    .	                                              ^~~~
[Warning] Compiler: Variable 'W' defined but not used. Prefix variable name
with underscore if this is intentional.
	Source(/home/charl/Moriarty/.worktrees/mil2-primary-research-20260929/deliverables/mil4-k-surge-2026-09-29/sol-contract.k)
	Location(173,43,173,44)
	173 |	      m4tState(_,_,_,_,m4tBooks(G,F,N,D,A,W),_,_),_,
	    .	                                          ^
[Warning] Compiler: Variable 'W' defined but not used. Prefix variable name
with underscore if this is intentional.
	Source(/home/charl/Moriarty/.worktrees/mil2-primary-research-20260929/deliverables/mil4-k-surge-2026-09-29/sol-contract.k)
	Location(178,43,178,44)
	178 |	      m4tState(_,_,_,_,m4tBooks(G,F,N,D,A,W),_,_),_,
	    .	                                          ^
[Warning] Compiler: Variable 'NH' defined but not used. Prefix variable name
with underscore if this is intentional.
	Source(/home/charl/Moriarty/.worktrees/mil2-primary-research-20260929/deliverables/mil4-k-surge-2026-09-29/sol-contract.k)
	Location(195,38,195,40)
	195 |	      m4tState(H,S,PH,B,BOOKS,IDS,T),NH,EV,EF,POST,
	    .	                                     ^~
[Warning] Compiler: Variable 'EF' defined but not used. Prefix variable name
with underscore if this is intentional.
	Source(/home/charl/Moriarty/.worktrees/mil2-primary-research-20260929/deliverables/mil4-k-surge-2026-09-29/sol-contract.k)
	Location(195,44,195,46)
	195 |	      m4tState(H,S,PH,B,BOOKS,IDS,T),NH,EV,EF,POST,
	    .	                                           ^~
[Warning] Compiler: Variable 'OBS' defined but not used. Prefix variable name
with underscore if this is intentional.
	Source(/home/charl/Moriarty/.worktrees/mil2-primary-research-20260929/deliverables/mil4-k-surge-2026-09-29/sol-defi.k)
	Location(175,72,175,75)
	175 |	  rule m4dFamilyCheck(m4dOption(S, m4dLocal("fixing", DOM, IID, ROUND,
OBS), DOM, IID,
	    .	                                                                      
^~~
[Warning] Compiler: Variable 'C' defined but not used. Prefix variable name
with underscore if this is intentional.
	Source(/home/charl/Moriarty/.worktrees/mil2-primary-research-20260929/deliverables/mil4-k-surge-2026-09-29/sol-formula.k)
	Location(219,43,219,44)
	219 |	  rule m4fThresholdResult(K,SIZE,m4fCount(C)) =>
m4fReject("TYPE_THRESHOLD_BOUND")
	    .	                                          ^
[Warning] Compiler: Variable 'PH' defined but not used. Prefix variable name
with underscore if this is intentional.
	Source(/home/charl/Moriarty/.worktrees/mil2-primary-research-20260929/deliverables/mil4-k-surge-2026-09-29/sol-transition.k)
	Location(318,32,318,34)
	318 |	                  m4tState(H,S,PH,B,Q,IDS,T),EV,EF,POST,NATIVE,LEDGER,
	    .	                               ^~
[Warning] Compiler: Variable 'B' defined but not used. Prefix variable name
with underscore if this is intentional.
	Source(/home/charl/Moriarty/.worktrees/mil2-primary-research-20260929/deliverables/mil4-k-surge-2026-09-29/sol-transition.k)
	Location(318,35,318,36)
	318 |	                  m4tState(H,S,PH,B,Q,IDS,T),EV,EF,POST,NATIVE,LEDGER,
	    .	                                  ^
[Warning] Compiler: Variable 'Q' defined but not used. Prefix variable name
with underscore if this is intentional.
	Source(/home/charl/Moriarty/.worktrees/mil2-primary-research-20260929/deliverables/mil4-k-surge-2026-09-29/sol-transition.k)
	Location(318,37,318,38)
	318 |	                  m4tState(H,S,PH,B,Q,IDS,T),EV,EF,POST,NATIVE,LEDGER,
	    .	                                    ^
[Warning] Compiler: Variable 'IDS' defined but not used. Prefix variable name
with underscore if this is intentional.
	Source(/home/charl/Moriarty/.worktrees/mil2-primary-research-20260929/deliverables/mil4-k-surge-2026-09-29/sol-transition.k)
	Location(318,39,318,42)
	318 |	                  m4tState(H,S,PH,B,Q,IDS,T),EV,EF,POST,NATIVE,LEDGER,
	    .	                                      ^~~
[Warning] Compiler: Variable 'T' defined but not used. Prefix variable name
with underscore if this is intentional.
	Source(/home/charl/Moriarty/.worktrees/mil2-primary-research-20260929/deliverables/mil4-k-surge-2026-09-29/sol-transition.k)
	Location(318,43,318,44)
	318 |	                  m4tState(H,S,PH,B,Q,IDS,T),EV,EF,POST,NATIVE,LEDGER,
	    .	                                          ^
