✖ driver reaches deployment transport for input accepted by its own contract (5.61945ms)
✖ a success flag without status or transaction evidence is rejected (0.280429ms)
✖ public state cannot overwrite finalized failure status (0.215816ms)
ℹ tests 3
ℹ suites 0
ℹ pass 0
ℹ fail 3
ℹ cancelled 0
ℹ skipped 0
ℹ todo 0
ℹ duration_ms 50.66653

✖ failing tests:

test at ../../../.local/state/moriarty/sp05-ledger-integration-20260908/root-behavior.test.mjs:8:1
✖ driver reaches deployment transport for input accepted by its own contract (5.61945ms)
  AssertionError [ERR_ASSERTION]: driver returned {"status":"admitted-not-executed","case":"loan","order":["deploy","initialize","accrue","settle"],"providersBound":true,"note":"Execution still requires inspected proven assets and live local endpoints from the reviewed admission."} without reaching deployment
  + actual - expected
  
  + []
  - [
  -   'deploy'
  - ]
  
      at TestContext.<anonymous> (file:///home/charl/.local/state/moriarty/sp05-ledger-integration-20260908/root-behavior.test.mjs:36:10)
      at async Test.run (node:internal/test_runner/test:1332:7)
      at async startSubtestAfterBootstrap (node:internal/test_runner/harness:385:3) {
    generatedMessage: false,
    code: 'ERR_ASSERTION',
    actual: [],
    expected: [ 'deploy' ],
    operator: 'deepStrictEqual',
    diff: 'simple'
  }

test at ../../../.local/state/moriarty/sp05-ledger-integration-20260908/root-behavior.test.mjs:39:1
✖ a success flag without status or transaction evidence is rejected (0.280429ms)
  AssertionError [ERR_ASSERTION]: Expected values to be strictly equal:
  
  true !== false
  
      at TestContext.<anonymous> (file:///home/charl/.local/state/moriarty/sp05-ledger-integration-20260908/root-behavior.test.mjs:41:10)
      at Test.runInAsyncScope (node:async_hooks:227:14)
      at Test.run (node:internal/test_runner/test:1325:25)
      at Test.processPendingSubtests (node:internal/test_runner/test:911:18)
      at Test.postRun (node:internal/test_runner/test:1465:19)
      at Test.run (node:internal/test_runner/test:1390:12)
      at async startSubtestAfterBootstrap (node:internal/test_runner/harness:385:3) {
    generatedMessage: true,
    code: 'ERR_ASSERTION',
    actual: true,
    expected: false,
    operator: 'strictEqual',
    diff: 'simple'
  }

test at ../../../.local/state/moriarty/sp05-ledger-integration-20260908/root-behavior.test.mjs:44:1
✖ public state cannot overwrite finalized failure status (0.215816ms)
  AssertionError [ERR_ASSERTION]: Expected values to be strictly equal:
  
  true !== false
  
      at TestContext.<anonymous> (file:///home/charl/.local/state/moriarty/sp05-ledger-integration-20260908/root-behavior.test.mjs:51:10)
      at async Test.run (node:internal/test_runner/test:1332:7)
      at async Test.processPendingSubtests (node:internal/test_runner/test:911:7) {
    generatedMessage: true,
    code: 'ERR_ASSERTION',
    actual: true,
    expected: false,
    operator: 'strictEqual',
    diff: 'simple'
  }
