✔ accepted generate.mjs exports frozen names validatePinnedInputs and generateWrappers (8.771442ms)
✔ owned sources do not import deploy.ts or read environment values (0.66398ms)
✔ clean imports are inert: no subprocess, wallet, storage, or transport (3.703684ms)
✔ loader admits only listed present exports and rejects absent compact-js CJS (125.817969ms)
✔ wrong pin hash fails closed before import (1.341412ms)
✔ real pinned signing, address, and token-color APIs with in-memory keys (20.454489ms)
✔ buildProvenCustody reuses frozen generate names and rejects stale wrappers (3.974688ms)
✔ missing full-build admission cannot label proven output (1.862501ms)
✔ injected compiler adapter can only emit an unproven test manifest (2.752095ms)
✔ path traversal and symlink output escape are rejected (1.009428ms)
✔ false proven-asset manifest is rejected before wallet calls (0.726873ms)
✔ unknown network, malformed budget, missing admission, missing roles, invalid time, synthetic recipients fail before wallet (1.109496ms)
✔ constructor text alone does not bind network observation (0.666028ms)
✔ signed recipe inputs are validated and reserved before finalizeRecipe (17.756843ms)
✔ wrong payer, duplicate UTXO, extra input, missing signature, changed association fail the validator (16.186427ms)
✔ finalization failure records known identifiers as unsubmitted-but-pending and stops (25.338269ms)
✔ submit ID is published before finality wait; timeout and indexer rejection retain identifiers (1.128495ms)
✔ FailFallible retains guaranteed effects and does not continue a success sequence (0.752569ms)
✔ mocked finalize object fails the production finalized-byte decoder (0.725502ms)
✔ CallTxFailedError public extractor does not serialize private fields (0.571805ms)
✔ BlockHashConfig uses type blockHash and blockHash field (0.592292ms)
✔ oracle projection uses .mori constants, explicit provenance, and comparator always returns networkAcceptance false (7.840251ms)
✔ financial leaf mutations fail projection or independent receipt predicate, not mutationId (15.827173ms)
✔ swap projection arithmetic and close reserves come from observed state plus swap.mori constants (2.683071ms)
✔ query helpers pass BlockHashConfig to PublicDataProvider signatures (1.11011ms)
✔ CLI explains missing operational admission and does not invent identities (31.934059ms)
✔ zero implicit retries after submission failure (1.088679ms)
ℹ tests 27
ℹ suites 0
ℹ pass 27
ℹ fail 0
ℹ cancelled 0
ℹ skipped 0
ℹ todo 0
ℹ duration_ms 355.124063
