(node:1951454) ExperimentalWarning: Module mocking is an experimental feature and might change at any time
(Use `node --trace-warnings ...` to show where the warning was created)
(node:1951454) DeprecationWarning: mock.module(): options.namedExports is deprecated. Use options.exports instead.
✖ Preview bootstrap exposes an explicit existing-wallet launch and public preflight (1.099906ms)
✖ existing Preview children restore before guarded integration and durable result (6.927826ms)
✖ missing persisted shielded stops before any SDK child restore (2.572201ms)
✖ missing persisted unshielded stops before any SDK child restore (0.59579ms)
✖ missing persisted dust stops before any SDK child restore (0.894977ms)
✖ reused output and wrong genesis stop before private material is read (0.849843ms)
✖ wrong genesis stops before output or private preparation (0.645089ms)
✖ wrong restored network stops wallet before start or integration (0.660418ms)
ℹ tests 8
ℹ suites 0
ℹ pass 0
ℹ fail 8
ℹ cancelled 0
ℹ skipped 0
ℹ todo 0
ℹ duration_ms 140.487319

✖ failing tests:

test at experiments/moriarty-midnight-financial/ledger/preview-bootstrap.test.mjs:4:1
✖ Preview bootstrap exposes an explicit existing-wallet launch and public preflight (1.099906ms)
  AssertionError [ERR_ASSERTION]: Expected values to be strictly equal:
  + actual - expected
  
  + 'undefined'
  - 'function'
  
      at TestContext.<anonymous> (file:///home/charl/Moriarty/.worktrees/sp05-preview-owner/experiments/moriarty-midnight-financial/ledger/preview-bootstrap.test.mjs:5:9)
      at Test.runInAsyncScope (node:async_hooks:227:14)
      at Test.run (node:internal/test_runner/test:1325:25)
      at Test.start (node:internal/test_runner/test:1191:17)
      at startSubtestAfterBootstrap (node:internal/test_runner/harness:385:17) {
    generatedMessage: true,
    code: 'ERR_ASSERTION',
    actual: 'undefined',
    expected: 'function',
    operator: 'strictEqual',
    diff: 'simple'
  }

test at experiments/moriarty-midnight-financial/ledger/preview-bootstrap.test.mjs:38:1
✖ existing Preview children restore before guarded integration and durable result (6.927826ms)
  Error [ERR_MODULE_NOT_FOUND]: Cannot find module '/home/charl/Moriarty/.worktrees/sp05-preview-owner/experiments/moriarty-midnight-financial/ledger/preview-bootstrap.mjs' imported from /home/charl/Moriarty/.worktrees/sp05-preview-owner/experiments/moriarty-midnight-financial/ledger/preview-bootstrap.test.mjs
      at finalizeResolution (node:internal/modules/esm/resolve:271:11)
      at moduleResolve (node:internal/modules/esm/resolve:865:10)
      at defaultResolve (node:internal/modules/esm/resolve:992:11)
      at #cachedDefaultResolve (node:internal/modules/esm/loader:701:20)
      at #resolveAndMaybeBlockOnLoaderThread (node:internal/modules/esm/loader:721:38)
      at nextStep (node:internal/modules/customization_hooks:189:26)
      at resolve (node:internal/test_runner/mock/loader:21:29)
      at nextStep (node:internal/modules/customization_hooks:189:26)
      at resolveWithHooks (node:internal/modules/customization_hooks:417:10)
      at ModuleLoader.resolveSync (node:internal/modules/esm/loader:747:16) {
    code: 'ERR_MODULE_NOT_FOUND',
    url: 'file:///home/charl/Moriarty/.worktrees/sp05-preview-owner/experiments/moriarty-midnight-financial/ledger/preview-bootstrap.mjs?fixture=0.8299525170111887'
  }

test at experiments/moriarty-midnight-financial/ledger/preview-bootstrap.test.mjs:42:52
✖ missing persisted shielded stops before any SDK child restore (2.572201ms)
  Error [ERR_MODULE_NOT_FOUND]: Cannot find module '/home/charl/Moriarty/.worktrees/sp05-preview-owner/experiments/moriarty-midnight-financial/ledger/preview-bootstrap.mjs' imported from /home/charl/Moriarty/.worktrees/sp05-preview-owner/experiments/moriarty-midnight-financial/ledger/preview-bootstrap.test.mjs
      at finalizeResolution (node:internal/modules/esm/resolve:271:11)
      at moduleResolve (node:internal/modules/esm/resolve:865:10)
      at defaultResolve (node:internal/modules/esm/resolve:992:11)
      at #cachedDefaultResolve (node:internal/modules/esm/loader:701:20)
      at #resolveAndMaybeBlockOnLoaderThread (node:internal/modules/esm/loader:721:38)
      at nextStep (node:internal/modules/customization_hooks:189:26)
      at resolve (node:internal/test_runner/mock/loader:21:29)
      at nextStep (node:internal/modules/customization_hooks:189:26)
      at resolveWithHooks (node:internal/modules/customization_hooks:417:10)
      at ModuleLoader.resolveSync (node:internal/modules/esm/loader:747:16) {
    code: 'ERR_MODULE_NOT_FOUND',
    url: 'file:///home/charl/Moriarty/.worktrees/sp05-preview-owner/experiments/moriarty-midnight-financial/ledger/preview-bootstrap.mjs?fixture=0.8832698473366437'
  }

test at experiments/moriarty-midnight-financial/ledger/preview-bootstrap.test.mjs:42:52
✖ missing persisted unshielded stops before any SDK child restore (0.59579ms)
  Error [ERR_MODULE_NOT_FOUND]: Cannot find module '/home/charl/Moriarty/.worktrees/sp05-preview-owner/experiments/moriarty-midnight-financial/ledger/preview-bootstrap.mjs' imported from /home/charl/Moriarty/.worktrees/sp05-preview-owner/experiments/moriarty-midnight-financial/ledger/preview-bootstrap.test.mjs
      at finalizeResolution (node:internal/modules/esm/resolve:271:11)
      at moduleResolve (node:internal/modules/esm/resolve:865:10)
      at defaultResolve (node:internal/modules/esm/resolve:992:11)
      at #cachedDefaultResolve (node:internal/modules/esm/loader:701:20)
      at #resolveAndMaybeBlockOnLoaderThread (node:internal/modules/esm/loader:721:38)
      at nextStep (node:internal/modules/customization_hooks:189:26)
      at resolve (node:internal/test_runner/mock/loader:21:29)
      at nextStep (node:internal/modules/customization_hooks:189:26)
      at resolveWithHooks (node:internal/modules/customization_hooks:417:10)
      at ModuleLoader.resolveSync (node:internal/modules/esm/loader:747:16) {
    code: 'ERR_MODULE_NOT_FOUND',
    url: 'file:///home/charl/Moriarty/.worktrees/sp05-preview-owner/experiments/moriarty-midnight-financial/ledger/preview-bootstrap.mjs?fixture=0.7117516400166839'
  }

test at experiments/moriarty-midnight-financial/ledger/preview-bootstrap.test.mjs:42:52
✖ missing persisted dust stops before any SDK child restore (0.894977ms)
  Error [ERR_MODULE_NOT_FOUND]: Cannot find module '/home/charl/Moriarty/.worktrees/sp05-preview-owner/experiments/moriarty-midnight-financial/ledger/preview-bootstrap.mjs' imported from /home/charl/Moriarty/.worktrees/sp05-preview-owner/experiments/moriarty-midnight-financial/ledger/preview-bootstrap.test.mjs
      at finalizeResolution (node:internal/modules/esm/resolve:271:11)
      at moduleResolve (node:internal/modules/esm/resolve:865:10)
      at defaultResolve (node:internal/modules/esm/resolve:992:11)
      at #cachedDefaultResolve (node:internal/modules/esm/loader:701:20)
      at #resolveAndMaybeBlockOnLoaderThread (node:internal/modules/esm/loader:721:38)
      at nextStep (node:internal/modules/customization_hooks:189:26)
      at resolve (node:internal/test_runner/mock/loader:21:29)
      at nextStep (node:internal/modules/customization_hooks:189:26)
      at resolveWithHooks (node:internal/modules/customization_hooks:417:10)
      at ModuleLoader.resolveSync (node:internal/modules/esm/loader:747:16) {
    code: 'ERR_MODULE_NOT_FOUND',
    url: 'file:///home/charl/Moriarty/.worktrees/sp05-preview-owner/experiments/moriarty-midnight-financial/ledger/preview-bootstrap.mjs?fixture=0.9028373598281502'
  }

test at experiments/moriarty-midnight-financial/ledger/preview-bootstrap.test.mjs:45:1
✖ reused output and wrong genesis stop before private material is read (0.849843ms)
  Error [ERR_MODULE_NOT_FOUND]: Cannot find module '/home/charl/Moriarty/.worktrees/sp05-preview-owner/experiments/moriarty-midnight-financial/ledger/preview-bootstrap.mjs' imported from /home/charl/Moriarty/.worktrees/sp05-preview-owner/experiments/moriarty-midnight-financial/ledger/preview-bootstrap.test.mjs
      at finalizeResolution (node:internal/modules/esm/resolve:271:11)
      at moduleResolve (node:internal/modules/esm/resolve:865:10)
      at defaultResolve (node:internal/modules/esm/resolve:992:11)
      at #cachedDefaultResolve (node:internal/modules/esm/loader:701:20)
      at #resolveAndMaybeBlockOnLoaderThread (node:internal/modules/esm/loader:721:38)
      at nextStep (node:internal/modules/customization_hooks:189:26)
      at resolve (node:internal/test_runner/mock/loader:21:29)
      at nextStep (node:internal/modules/customization_hooks:189:26)
      at resolveWithHooks (node:internal/modules/customization_hooks:417:10)
      at ModuleLoader.resolveSync (node:internal/modules/esm/loader:747:16) {
    code: 'ERR_MODULE_NOT_FOUND',
    url: 'file:///home/charl/Moriarty/.worktrees/sp05-preview-owner/experiments/moriarty-midnight-financial/ledger/preview-bootstrap.mjs?fixture=0.4064059523499469'
  }

test at experiments/moriarty-midnight-financial/ledger/preview-bootstrap.test.mjs:48:1
✖ wrong genesis stops before output or private preparation (0.645089ms)
  Error [ERR_MODULE_NOT_FOUND]: Cannot find module '/home/charl/Moriarty/.worktrees/sp05-preview-owner/experiments/moriarty-midnight-financial/ledger/preview-bootstrap.mjs' imported from /home/charl/Moriarty/.worktrees/sp05-preview-owner/experiments/moriarty-midnight-financial/ledger/preview-bootstrap.test.mjs
      at finalizeResolution (node:internal/modules/esm/resolve:271:11)
      at moduleResolve (node:internal/modules/esm/resolve:865:10)
      at defaultResolve (node:internal/modules/esm/resolve:992:11)
      at #cachedDefaultResolve (node:internal/modules/esm/loader:701:20)
      at #resolveAndMaybeBlockOnLoaderThread (node:internal/modules/esm/loader:721:38)
      at nextStep (node:internal/modules/customization_hooks:189:26)
      at resolve (node:internal/test_runner/mock/loader:21:29)
      at nextStep (node:internal/modules/customization_hooks:189:26)
      at resolveWithHooks (node:internal/modules/customization_hooks:417:10)
      at ModuleLoader.resolveSync (node:internal/modules/esm/loader:747:16) {
    code: 'ERR_MODULE_NOT_FOUND',
    url: 'file:///home/charl/Moriarty/.worktrees/sp05-preview-owner/experiments/moriarty-midnight-financial/ledger/preview-bootstrap.mjs?fixture=0.8746035475271741'
  }

test at experiments/moriarty-midnight-financial/ledger/preview-bootstrap.test.mjs:51:1
✖ wrong restored network stops wallet before start or integration (0.660418ms)
  Error [ERR_MODULE_NOT_FOUND]: Cannot find module '/home/charl/Moriarty/.worktrees/sp05-preview-owner/experiments/moriarty-midnight-financial/ledger/preview-bootstrap.mjs' imported from /home/charl/Moriarty/.worktrees/sp05-preview-owner/experiments/moriarty-midnight-financial/ledger/preview-bootstrap.test.mjs
      at finalizeResolution (node:internal/modules/esm/resolve:271:11)
      at moduleResolve (node:internal/modules/esm/resolve:865:10)
      at defaultResolve (node:internal/modules/esm/resolve:992:11)
      at #cachedDefaultResolve (node:internal/modules/esm/loader:701:20)
      at #resolveAndMaybeBlockOnLoaderThread (node:internal/modules/esm/loader:721:38)
      at nextStep (node:internal/modules/customization_hooks:189:26)
      at resolve (node:internal/test_runner/mock/loader:21:29)
      at nextStep (node:internal/modules/customization_hooks:189:26)
      at resolveWithHooks (node:internal/modules/customization_hooks:417:10)
      at ModuleLoader.resolveSync (node:internal/modules/esm/loader:747:16) {
    code: 'ERR_MODULE_NOT_FOUND',
    url: 'file:///home/charl/Moriarty/.worktrees/sp05-preview-owner/experiments/moriarty-midnight-financial/ledger/preview-bootstrap.mjs?fixture=0.4686863124801772'
  }
