(node:1954031) ExperimentalWarning: Module mocking is an experimental feature and might change at any time
(Use `node --trace-warnings ...` to show where the warning was created)
(node:1954031) DeprecationWarning: mock.module(): options.namedExports is deprecated. Use options.exports instead.
✔ Preview bootstrap exposes an explicit existing-wallet launch and public preflight (1.447847ms)
✔ existing Preview children restore before guarded integration and durable result (27.476813ms)
✔ missing persisted shielded stops before any SDK child restore (3.807423ms)
✔ missing persisted unshielded stops before any SDK child restore (8.877101ms)
✔ missing persisted dust stops before any SDK child restore (6.898623ms)
✔ reused output and wrong genesis stop before private material is read (2.963661ms)
✔ wrong genesis stops before output or private preparation (3.175444ms)
✔ wrong restored network stops wallet before start or integration (11.09811ms)
ℹ tests 8
ℹ suites 0
ℹ pass 8
ℹ fail 0
ℹ cancelled 0
ℹ skipped 0
ℹ todo 0
ℹ duration_ms 275.335241
