TAP version 13
# (node:1723709) TimeoutNegativeWarning: -55000 is a negative number.
# Timeout duration was set to 1.
# (Use `node --trace-warnings ...` to show where the warning was created)
# Subtest: controlled fetch drives actual RPC, native snapshot and both retained generated decoders
ok 1 - controlled fetch drives actual RPC, native snapshot and both retained generated decoders
  ---
  duration_ms: 694.143923
  type: 'test'
  ...
# Subtest: wrong genesis stops before any contract-state request
ok 2 - wrong genesis stops before any contract-state request
  ---
  duration_ms: 0.474852
  type: 'test'
  ...
# Subtest: method error is UNKNOWN support, one attempt, no swap or fallback
ok 3 - method error is UNKNOWN support, one attempt, no swap or fallback
  ---
  duration_ms: 39.026533
  type: 'test'
  ...
# Subtest: malformed successful state response is fatal and is never retried
ok 4 - malformed successful state response is fatal and is never retried
  ---
  duration_ms: 44.803841
  type: 'test'
  ...
# Subtest: only connection-refused readiness is polled; after readiness no operation retry
ok 5 - only connection-refused readiness is polled; after readiness no operation retry
  ---
  duration_ms: 0.423294
  type: 'test'
  ...
# Subtest: connection refusal before readiness can recover without retrying either state operation
ok 6 - connection refusal before readiness can recover without retrying either state operation
  ---
  duration_ms: 1159.875868
  type: 'test'
  ...
# Subtest: actual TCP close error is retried only during readiness
ok 7 - actual TCP close error is retried only during readiness
  ---
  duration_ms: 1158.925489
  type: 'test'
  ...
# Subtest: unrecognized TypeError, HTTP and RPC errors are fatal before readiness
ok 8 - unrecognized TypeError, HTTP and RPC errors are fatal before readiness
  ---
  duration_ms: 0.672395
  type: 'test'
  ...
1..8
# tests 8
# suites 0
# pass 8
# fail 0
# cancelled 0
# skipped 0
# todo 0
# duration_ms 3234.674307
