{
  "passed": 0,
  "total": 4,
  "results": [
    {
      "name": "empty resource object cannot authorize implementation",
      "passed": false,
      "snapshot": {
        "authorityCurrent": true,
        "entryEligible": true,
        "candidateCurrent": true,
        "resourceAdmitted": true,
        "sameDefectFailures": 0,
        "adminCycles": 0,
        "adminSeconds": 0,
        "primaryActive": false,
        "reproducerVerified": false,
        "approachChanged": false,
        "nextActionId": "sp05-ledger-reproduce",
        "missingEvidence": []
      },
      "decision": {
        "allow": true,
        "reasonCode": "ALLOWED",
        "nextActionId": "sp05-ledger-reproduce",
        "missingEvidence": []
      }
    },
    {
      "name": "negative allocation cannot authorize implementation",
      "passed": false,
      "snapshot": {
        "authorityCurrent": true,
        "entryEligible": true,
        "candidateCurrent": true,
        "resourceAdmitted": true,
        "sameDefectFailures": 0,
        "adminCycles": 0,
        "adminSeconds": 0,
        "primaryActive": false,
        "reproducerVerified": false,
        "approachChanged": false,
        "nextActionId": "sp05-ledger-reproduce",
        "missingEvidence": []
      },
      "decision": {
        "allow": true,
        "reasonCode": "ALLOWED",
        "nextActionId": "sp05-ledger-reproduce",
        "missingEvidence": []
      }
    },
    {
      "name": "changed candidate bytes invalidate admission",
      "passed": false,
      "snapshot": {
        "authorityCurrent": true,
        "entryEligible": true,
        "candidateCurrent": true,
        "resourceAdmitted": true,
        "sameDefectFailures": 0,
        "adminCycles": 0,
        "adminSeconds": 0,
        "primaryActive": false,
        "reproducerVerified": false,
        "approachChanged": false,
        "nextActionId": "sp05-ledger-reproduce",
        "missingEvidence": []
      },
      "decision": {
        "allow": true,
        "reasonCode": "ALLOWED",
        "nextActionId": "sp05-ledger-reproduce",
        "missingEvidence": []
      }
    },
    {
      "name": "missing candidate bytes invalidate admission",
      "passed": false,
      "snapshot": {
        "authorityCurrent": true,
        "entryEligible": true,
        "candidateCurrent": true,
        "resourceAdmitted": true,
        "sameDefectFailures": 0,
        "adminCycles": 0,
        "adminSeconds": 0,
        "primaryActive": false,
        "reproducerVerified": false,
        "approachChanged": false,
        "nextActionId": "sp05-ledger-reproduce",
        "missingEvidence": []
      },
      "decision": {
        "allow": true,
        "reasonCode": "ALLOWED",
        "nextActionId": "sp05-ledger-reproduce",
        "missingEvidence": []
      }
    }
  ]
}
