{
  "passed": 46,
  "total": 48,
  "failures": [
    {
      "name": "repair also owns primary implementation slot",
      "passed": false,
      "decision": {
        "allow": true,
        "reasonCode": "ALLOWED",
        "nextActionId": "driver-reproduce",
        "missingEvidence": []
      }
    },
    {
      "name": "verified changed repair cannot bypass occupied primary slot",
      "passed": false,
      "decision": {
        "allow": true,
        "reasonCode": "ALLOWED",
        "nextActionId": "driver-reproduce",
        "missingEvidence": []
      }
    }
  ]
}
