[Warning] Compiler: Variable 'BP0' defined but not used. Prefix variable name
with underscore if this is intentional.
	Source(/home/charl/Moriarty/.worktrees/sp03-repayment-branches/experiments/moriarty-language/formal/k/moriarty.k)
	Location(83,34,83,37)
	83 |	  rule <k> finish(packet(balance(BP0, BA0, B0), balance(BP1, BA1, B1),
allowance(AP, AA, AR, AS), obligation(OID, DEBTOR, CREDITOR, DENOM, OA, P, I,
O, RULE, STATUS), work(WR, WS, RES), transfer(TID, FROM, TO, TA, T), repay(AID,
RTID, ROID, PAYER, N), H), SI, RI) => .K </k>
	   .	                                 ^~~
[Warning] Compiler: Variable 'BA0' defined but not used. Prefix variable name
with underscore if this is intentional.
	Source(/home/charl/Moriarty/.worktrees/sp03-repayment-branches/experiments/moriarty-language/formal/k/moriarty.k)
	Location(83,39,83,42)
	83 |	  rule <k> finish(packet(balance(BP0, BA0, B0), balance(BP1, BA1, B1),
allowance(AP, AA, AR, AS), obligation(OID, DEBTOR, CREDITOR, DENOM, OA, P, I,
O, RULE, STATUS), work(WR, WS, RES), transfer(TID, FROM, TO, TA, T), repay(AID,
RTID, ROID, PAYER, N), H), SI, RI) => .K </k>
	   .	                                      ^~~
[Warning] Compiler: Variable 'BP1' defined but not used. Prefix variable name
with underscore if this is intentional.
	Source(/home/charl/Moriarty/.worktrees/sp03-repayment-branches/experiments/moriarty-language/formal/k/moriarty.k)
	Location(83,57,83,60)
	83 |	  rule <k> finish(packet(balance(BP0, BA0, B0), balance(BP1, BA1, B1),
allowance(AP, AA, AR, AS), obligation(OID, DEBTOR, CREDITOR, DENOM, OA, P, I,
O, RULE, STATUS), work(WR, WS, RES), transfer(TID, FROM, TO, TA, T), repay(AID,
RTID, ROID, PAYER, N), H), SI, RI) => .K </k>
	   .	                                                        ^~~
[Warning] Compiler: Variable 'BA1' defined but not used. Prefix variable name
with underscore if this is intentional.
	Source(/home/charl/Moriarty/.worktrees/sp03-repayment-branches/experiments/moriarty-language/formal/k/moriarty.k)
	Location(83,62,83,65)
	83 |	  rule <k> finish(packet(balance(BP0, BA0, B0), balance(BP1, BA1, B1),
allowance(AP, AA, AR, AS), obligation(OID, DEBTOR, CREDITOR, DENOM, OA, P, I,
O, RULE, STATUS), work(WR, WS, RES), transfer(TID, FROM, TO, TA, T), repay(AID,
RTID, ROID, PAYER, N), H), SI, RI) => .K </k>
	   .	                                                             ^~~
[Warning] Compiler: Variable 'AP' defined but not used. Prefix variable name
with underscore if this is intentional.
	Source(/home/charl/Moriarty/.worktrees/sp03-repayment-branches/experiments/moriarty-language/formal/k/moriarty.k)
	Location(83,82,83,84)
	83 |	  rule <k> finish(packet(balance(BP0, BA0, B0), balance(BP1, BA1, B1),
allowance(AP, AA, AR, AS), obligation(OID, DEBTOR, CREDITOR, DENOM, OA, P, I,
O, RULE, STATUS), work(WR, WS, RES), transfer(TID, FROM, TO, TA, T), repay(AID,
RTID, ROID, PAYER, N), H), SI, RI) => .K </k>
	   .	                                                                         
       ^~
[Warning] Compiler: Variable 'AA' defined but not used. Prefix variable name
with underscore if this is intentional.
	Source(/home/charl/Moriarty/.worktrees/sp03-repayment-branches/experiments/moriarty-language/formal/k/moriarty.k)
	Location(83,86,83,88)
	83 |	  rule <k> finish(packet(balance(BP0, BA0, B0), balance(BP1, BA1, B1),
allowance(AP, AA, AR, AS), obligation(OID, DEBTOR, CREDITOR, DENOM, OA, P, I,
O, RULE, STATUS), work(WR, WS, RES), transfer(TID, FROM, TO, TA, T), repay(AID,
RTID, ROID, PAYER, N), H), SI, RI) => .K </k>
	   .	                                                                         
           ^~
[Warning] Compiler: Variable 'OID' defined but not used. Prefix variable name
with underscore if this is intentional.
	Source(/home/charl/Moriarty/.worktrees/sp03-repayment-branches/experiments/moriarty-language/formal/k/moriarty.k)
	Location(83,110,83,113)
	83 |	  rule <k> finish(packet(balance(BP0, BA0, B0), balance(BP1, BA1, B1),
allowance(AP, AA, AR, AS), obligation(OID, DEBTOR, CREDITOR, DENOM, OA, P, I,
O, RULE, STATUS), work(WR, WS, RES), transfer(TID, FROM, TO, TA, T), repay(AID,
RTID, ROID, PAYER, N), H), SI, RI) => .K </k>
	   .	                                                                         
                                   ^~~
[Warning] Compiler: Variable 'DEBTOR' defined but not used. Prefix variable
name with underscore if this is intentional.
	Source(/home/charl/Moriarty/.worktrees/sp03-repayment-branches/experiments/moriarty-language/formal/k/moriarty.k)
	Location(83,115,83,121)
	83 |	  rule <k> finish(packet(balance(BP0, BA0, B0), balance(BP1, BA1, B1),
allowance(AP, AA, AR, AS), obligation(OID, DEBTOR, CREDITOR, DENOM, OA, P, I,
O, RULE, STATUS), work(WR, WS, RES), transfer(TID, FROM, TO, TA, T), repay(AID,
RTID, ROID, PAYER, N), H), SI, RI) => .K </k>
	   .	                                                                         
                                        ^~~~~~
[Warning] Compiler: Variable 'CREDITOR' defined but not used. Prefix variable
name with underscore if this is intentional.
	Source(/home/charl/Moriarty/.worktrees/sp03-repayment-branches/experiments/moriarty-language/formal/k/moriarty.k)
	Location(83,123,83,131)
	83 |	  rule <k> finish(packet(balance(BP0, BA0, B0), balance(BP1, BA1, B1),
allowance(AP, AA, AR, AS), obligation(OID, DEBTOR, CREDITOR, DENOM, OA, P, I,
O, RULE, STATUS), work(WR, WS, RES), transfer(TID, FROM, TO, TA, T), repay(AID,
RTID, ROID, PAYER, N), H), SI, RI) => .K </k>
	   .	                                                                         
                                                ^~~~~~~~
[Warning] Compiler: Variable 'DENOM' defined but not used. Prefix variable name
with underscore if this is intentional.
	Source(/home/charl/Moriarty/.worktrees/sp03-repayment-branches/experiments/moriarty-language/formal/k/moriarty.k)
	Location(83,133,83,138)
	83 |	  rule <k> finish(packet(balance(BP0, BA0, B0), balance(BP1, BA1, B1),
allowance(AP, AA, AR, AS), obligation(OID, DEBTOR, CREDITOR, DENOM, OA, P, I,
O, RULE, STATUS), work(WR, WS, RES), transfer(TID, FROM, TO, TA, T), repay(AID,
RTID, ROID, PAYER, N), H), SI, RI) => .K </k>
	   .	                                                                         
                                                          ^~~~~
[Warning] Compiler: Variable 'OA' defined but not used. Prefix variable name
with underscore if this is intentional.
	Source(/home/charl/Moriarty/.worktrees/sp03-repayment-branches/experiments/moriarty-language/formal/k/moriarty.k)
	Location(83,140,83,142)
	83 |	  rule <k> finish(packet(balance(BP0, BA0, B0), balance(BP1, BA1, B1),
allowance(AP, AA, AR, AS), obligation(OID, DEBTOR, CREDITOR, DENOM, OA, P, I,
O, RULE, STATUS), work(WR, WS, RES), transfer(TID, FROM, TO, TA, T), repay(AID,
RTID, ROID, PAYER, N), H), SI, RI) => .K </k>
	   .	                                                                         
                                                                 ^~
[Warning] Compiler: Variable 'STATUS' defined but not used. Prefix variable
name with underscore if this is intentional.
	Source(/home/charl/Moriarty/.worktrees/sp03-repayment-branches/experiments/moriarty-language/formal/k/moriarty.k)
	Location(83,159,83,165)
	83 |	  rule <k> finish(packet(balance(BP0, BA0, B0), balance(BP1, BA1, B1),
allowance(AP, AA, AR, AS), obligation(OID, DEBTOR, CREDITOR, DENOM, OA, P, I,
O, RULE, STATUS), work(WR, WS, RES), transfer(TID, FROM, TO, TA, T), repay(AID,
RTID, ROID, PAYER, N), H), SI, RI) => .K </k>
	   .	                                                                         
                                                                                
   ^~~~~~
[Warning] Compiler: Variable 'RES' defined but not used. Prefix variable name
with underscore if this is intentional.
	Source(/home/charl/Moriarty/.worktrees/sp03-repayment-branches/experiments/moriarty-language/formal/k/moriarty.k)
	Location(83,181,83,184)
	83 |	  rule <k> finish(packet(balance(BP0, BA0, B0), balance(BP1, BA1, B1),
allowance(AP, AA, AR, AS), obligation(OID, DEBTOR, CREDITOR, DENOM, OA, P, I,
O, RULE, STATUS), work(WR, WS, RES), transfer(TID, FROM, TO, TA, T), repay(AID,
RTID, ROID, PAYER, N), H), SI, RI) => .K </k>
	   .	                                                                         
                                                                                
                         ^~~
[Warning] Compiler: Variable 'TID' defined but not used. Prefix variable name
with underscore if this is intentional.
	Source(/home/charl/Moriarty/.worktrees/sp03-repayment-branches/experiments/moriarty-language/formal/k/moriarty.k)
	Location(83,196,83,199)
	83 |	  rule <k> finish(packet(balance(BP0, BA0, B0), balance(BP1, BA1, B1),
allowance(AP, AA, AR, AS), obligation(OID, DEBTOR, CREDITOR, DENOM, OA, P, I,
O, RULE, STATUS), work(WR, WS, RES), transfer(TID, FROM, TO, TA, T), repay(AID,
RTID, ROID, PAYER, N), H), SI, RI) => .K </k>
	   .	                                                                         
                                                                                
                                        ^~~
[Warning] Compiler: Variable 'FROM' defined but not used. Prefix variable name
with underscore if this is intentional.
	Source(/home/charl/Moriarty/.worktrees/sp03-repayment-branches/experiments/moriarty-language/formal/k/moriarty.k)
	Location(83,201,83,205)
	83 |	  rule <k> finish(packet(balance(BP0, BA0, B0), balance(BP1, BA1, B1),
allowance(AP, AA, AR, AS), obligation(OID, DEBTOR, CREDITOR, DENOM, OA, P, I,
O, RULE, STATUS), work(WR, WS, RES), transfer(TID, FROM, TO, TA, T), repay(AID,
RTID, ROID, PAYER, N), H), SI, RI) => .K </k>
	   .	                                                                         
                                                                                
                                             ^~~~
[Warning] Compiler: Variable 'TO' defined but not used. Prefix variable name
with underscore if this is intentional.
	Source(/home/charl/Moriarty/.worktrees/sp03-repayment-branches/experiments/moriarty-language/formal/k/moriarty.k)
	Location(83,207,83,209)
	83 |	  rule <k> finish(packet(balance(BP0, BA0, B0), balance(BP1, BA1, B1),
allowance(AP, AA, AR, AS), obligation(OID, DEBTOR, CREDITOR, DENOM, OA, P, I,
O, RULE, STATUS), work(WR, WS, RES), transfer(TID, FROM, TO, TA, T), repay(AID,
RTID, ROID, PAYER, N), H), SI, RI) => .K </k>
	   .	                                                                         
                                                                                
                                                   ^~
[Warning] Compiler: Variable 'TA' defined but not used. Prefix variable name
with underscore if this is intentional.
	Source(/home/charl/Moriarty/.worktrees/sp03-repayment-branches/experiments/moriarty-language/formal/k/moriarty.k)
	Location(83,211,83,213)
	83 |	  rule <k> finish(packet(balance(BP0, BA0, B0), balance(BP1, BA1, B1),
allowance(AP, AA, AR, AS), obligation(OID, DEBTOR, CREDITOR, DENOM, OA, P, I,
O, RULE, STATUS), work(WR, WS, RES), transfer(TID, FROM, TO, TA, T), repay(AID,
RTID, ROID, PAYER, N), H), SI, RI) => .K </k>
	   .	                                                                         
                                                                                
                                                       ^~
[Warning] Compiler: Variable 'AID' defined but not used. Prefix variable name
with underscore if this is intentional.
	Source(/home/charl/Moriarty/.worktrees/sp03-repayment-branches/experiments/moriarty-language/formal/k/moriarty.k)
	Location(83,225,83,228)
	83 |	  rule <k> finish(packet(balance(BP0, BA0, B0), balance(BP1, BA1, B1),
allowance(AP, AA, AR, AS), obligation(OID, DEBTOR, CREDITOR, DENOM, OA, P, I,
O, RULE, STATUS), work(WR, WS, RES), transfer(TID, FROM, TO, TA, T), repay(AID,
RTID, ROID, PAYER, N), H), SI, RI) => .K </k>
	   .	                                                                         
                                                                                
                                                                     ^~~
[Warning] Compiler: Variable 'RTID' defined but not used. Prefix variable name
with underscore if this is intentional.
	Source(/home/charl/Moriarty/.worktrees/sp03-repayment-branches/experiments/moriarty-language/formal/k/moriarty.k)
	Location(83,230,83,234)
	83 |	  rule <k> finish(packet(balance(BP0, BA0, B0), balance(BP1, BA1, B1),
allowance(AP, AA, AR, AS), obligation(OID, DEBTOR, CREDITOR, DENOM, OA, P, I,
O, RULE, STATUS), work(WR, WS, RES), transfer(TID, FROM, TO, TA, T), repay(AID,
RTID, ROID, PAYER, N), H), SI, RI) => .K </k>
	   .	                                                                         
                                                                                
                                                                          ^~~~
[Warning] Compiler: Variable 'ROID' defined but not used. Prefix variable name
with underscore if this is intentional.
	Source(/home/charl/Moriarty/.worktrees/sp03-repayment-branches/experiments/moriarty-language/formal/k/moriarty.k)
	Location(83,236,83,240)
	83 |	  rule <k> finish(packet(balance(BP0, BA0, B0), balance(BP1, BA1, B1),
allowance(AP, AA, AR, AS), obligation(OID, DEBTOR, CREDITOR, DENOM, OA, P, I,
O, RULE, STATUS), work(WR, WS, RES), transfer(TID, FROM, TO, TA, T), repay(AID,
RTID, ROID, PAYER, N), H), SI, RI) => .K </k>
	   .	                                                                         
                                                                                
                                                                                ^~~~
[Warning] Compiler: Variable 'PAYER' defined but not used. Prefix variable name
with underscore if this is intentional.
	Source(/home/charl/Moriarty/.worktrees/sp03-repayment-branches/experiments/moriarty-language/formal/k/moriarty.k)
	Location(83,242,83,247)
	83 |	  rule <k> finish(packet(balance(BP0, BA0, B0), balance(BP1, BA1, B1),
allowance(AP, AA, AR, AS), obligation(OID, DEBTOR, CREDITOR, DENOM, OA, P, I,
O, RULE, STATUS), work(WR, WS, RES), transfer(TID, FROM, TO, TA, T), repay(AID,
RTID, ROID, PAYER, N), H), SI, RI) => .K </k>
	   .	                                                                         
                                                                                
                                                                                
     ^~~~~
