{
  "tests": [
    {
      "name": "raw snapshot bytes canonical",
      "passed": true
    },
    {
      "name": "financial first complete exact projection",
      "passed": true
    },
    {
      "name": "second full financial projection and bookkeeping",
      "passed": true
    },
    {
      "name": "interest-first plus unrelated state retained",
      "passed": true
    },
    {
      "name": "work boundary 0",
      "passed": true
    },
    {
      "name": "work boundary 40",
      "passed": true
    },
    {
      "name": "work boundary 41",
      "passed": true
    },
    {
      "name": "work boundary 42",
      "passed": true
    },
    {
      "name": "work boundary 43",
      "passed": true
    },
    {
      "name": "work boundary 44",
      "passed": true
    },
    {
      "name": "atomic failed reuse allows later independent success",
      "passed": true
    },
    {
      "name": "scope types local separation and unselected runtime failure",
      "passed": true
    },
    {
      "name": "cross-action parameter and local leaks",
      "passed": true
    },
    {
      "name": "unselected static failure precedes hostile selector and runtime",
      "passed": true
    },
    {
      "name": "selector null",
      "passed": true
    },
    {
      "name": "selector undefined",
      "passed": true
    },
    {
      "name": "selector 1",
      "passed": true
    },
    {
      "name": "selector [object Object]",
      "passed": true
    },
    {
      "name": "selector repay",
      "passed": true
    },
    {
      "name": "selector ",
      "passed": true
    },
    {
      "name": "selector __proto__",
      "passed": true
    },
    {
      "name": "selector aaaaaaaaaaaaaaaaaaaaaaaaaaaaaaaaaaaaaaaaaaaaaaaaaaaaaaaaaaaaaaaaa",
      "passed": true
    },
    {
      "name": "selector Repay",
      "passed": true
    },
    {
      "name": "selector constructor",
      "passed": true
    },
    {
      "name": "selector toString",
      "passed": true
    },
    {
      "name": "selected Args {}",
      "passed": true
    },
    {
      "name": "selected Args {\"allocationId\":\"Alloc1\",\"nominal\":\"30\",\"transferId\":\"T1\",\"extra\":\"x\"}",
      "passed": true
    },
    {
      "name": "selected Args {\"allocationId\":\"Alloc1\",\"nominal\":true,\"transferId\":\"T1\"}",
      "passed": true
    },
    {
      "name": "order, extra action, formatter and isolated /1 equivalence",
      "passed": true
    },
    {
      "name": "artifacts isolated across actions and fresh invocations",
      "passed": true
    },
    {
      "name": "legacy compound 0/0",
      "passed": true
    },
    {
      "name": "legacy compound 0/1",
      "passed": true
    },
    {
      "name": "legacy compound 0/2",
      "passed": true
    },
    {
      "name": "legacy compound 0/3",
      "passed": true
    },
    {
      "name": "legacy compound 0/4",
      "passed": true
    },
    {
      "name": "legacy compound 0/5",
      "passed": true
    },
    {
      "name": "legacy compound 0/6",
      "passed": true
    },
    {
      "name": "legacy compound 0/7",
      "passed": true
    },
    {
      "name": "legacy compound 1/0",
      "passed": true
    },
    {
      "name": "legacy compound 1/1",
      "passed": true
    },
    {
      "name": "legacy compound 1/2",
      "passed": true
    },
    {
      "name": "legacy compound 1/3",
      "passed": true
    },
    {
      "name": "legacy compound 1/4",
      "passed": true
    },
    {
      "name": "legacy compound 1/5",
      "passed": true
    },
    {
      "name": "legacy compound 1/6",
      "passed": true
    },
    {
      "name": "legacy compound 1/7",
      "passed": true
    },
    {
      "name": "legacy compound 2/0",
      "passed": true
    },
    {
      "name": "legacy compound 2/1",
      "passed": true
    },
    {
      "name": "legacy compound 2/2",
      "passed": true
    },
    {
      "name": "legacy compound 2/3",
      "passed": true
    },
    {
      "name": "legacy compound 2/4",
      "passed": true
    },
    {
      "name": "legacy compound 2/5",
      "passed": true
    },
    {
      "name": "legacy compound 2/6",
      "passed": true
    },
    {
      "name": "legacy compound 2/7",
      "passed": true
    },
    {
      "name": "legacy compound 3/0",
      "passed": true
    },
    {
      "name": "legacy compound 3/1",
      "passed": true
    },
    {
      "name": "legacy compound 3/2",
      "passed": true
    },
    {
      "name": "legacy compound 3/3",
      "passed": true
    },
    {
      "name": "legacy compound 3/4",
      "passed": true
    },
    {
      "name": "legacy compound 3/5",
      "passed": true
    },
    {
      "name": "legacy compound 3/6",
      "passed": true
    },
    {
      "name": "legacy compound 3/7",
      "passed": true
    },
    {
      "name": "legacy compound 4/0",
      "passed": true
    },
    {
      "name": "legacy compound 4/1",
      "passed": true
    },
    {
      "name": "legacy compound 4/2",
      "passed": true
    },
    {
      "name": "legacy compound 4/3",
      "passed": true
    },
    {
      "name": "legacy compound 4/4",
      "passed": true
    },
    {
      "name": "legacy compound 4/5",
      "passed": true
    },
    {
      "name": "legacy compound 4/6",
      "passed": true
    },
    {
      "name": "legacy compound 4/7",
      "passed": true
    },
    {
      "name": "legacy compound 5/0",
      "passed": true
    },
    {
      "name": "legacy compound 5/1",
      "passed": true
    },
    {
      "name": "legacy compound 5/2",
      "passed": true
    },
    {
      "name": "legacy compound 5/3",
      "passed": true
    },
    {
      "name": "legacy compound 5/4",
      "passed": true
    },
    {
      "name": "legacy compound 5/5",
      "passed": true
    },
    {
      "name": "legacy compound 5/6",
      "passed": true
    },
    {
      "name": "legacy compound 5/7",
      "passed": true
    },
    {
      "name": "legacy compound 6/0",
      "passed": true
    },
    {
      "name": "legacy compound 6/1",
      "passed": true
    },
    {
      "name": "legacy compound 6/2",
      "passed": true
    },
    {
      "name": "legacy compound 6/3",
      "passed": true
    },
    {
      "name": "legacy compound 6/4",
      "passed": true
    },
    {
      "name": "legacy compound 6/5",
      "passed": true
    },
    {
      "name": "legacy compound 6/6",
      "passed": true
    },
    {
      "name": "legacy compound 6/7",
      "passed": true
    },
    {
      "name": "legacy compound 7/0",
      "passed": true
    },
    {
      "name": "legacy compound 7/1",
      "passed": true
    },
    {
      "name": "legacy compound 7/2",
      "passed": true
    },
    {
      "name": "legacy compound 7/3",
      "passed": true
    },
    {
      "name": "legacy compound 7/4",
      "passed": true
    },
    {
      "name": "legacy compound 7/5",
      "passed": true
    },
    {
      "name": "legacy compound 7/6",
      "passed": true
    },
    {
      "name": "legacy compound 7/7",
      "passed": true
    },
    {
      "name": "bound declarations",
      "passed": true
    },
    {
      "name": "bound statements",
      "passed": true
    },
    {
      "name": "bound parameters",
      "passed": true
    },
    {
      "name": "bound depth",
      "passed": true
    },
    {
      "name": "UTF8 later declaration original span",
      "passed": true
    },
    {
      "name": "actual CLI check",
      "passed": true
    },
    {
      "name": "actual CLI format",
      "passed": true
    },
    {
      "name": "actual CLI simulate exact result",
      "passed": true
    },
    {
      "name": "CLI fault missing action",
      "passed": true
    },
    {
      "name": "CLI fault duplicate action",
      "passed": true
    },
    {
      "name": "CLI fault unknown",
      "passed": true
    },
    {
      "name": "CLI fault v1 action",
      "passed": true
    },
    {
      "name": "CLI fault check action",
      "passed": true
    },
    {
      "name": "CLI fault format action",
      "passed": true
    },
    {
      "name": "CLI fault schema",
      "passed": true
    }
  ],
  "passed": 109,
  "failed": 0,
  "legacyComparisons": 192
}
