✔ initialized swap compares both histories before exactly swap and close (2.246498ms)
✔ initialized swap failed deploy comparison prevents new submissions (0.781851ms)
✔ initialized swap failed initialize comparison prevents new submissions (1.015048ms)
✔ initialized swap rejects altered, mixed and accessor identities without calling SDK (1.76396ms)
✔ loan exact custody arguments and hints pass every comparison before next call (3.565463ms)
✔ swap exact custody arguments and hints pass every comparison before next call (0.767646ms)
✔ returned comparator failure false stops before next SDK call (0.927327ms)
✔ returned comparator failure undefined stops before next SDK call (0.245252ms)
✔ returned comparator failure {"status":"Rejected"} stops before next SDK call (0.268037ms)
✔ returned comparator failure {"status":"FAIL"} stops before next SDK call (0.178965ms)
✔ thrown comparator error retains observed ID and cleans up (4.697923ms)
✔ preflight mismatch prevents deployment but cleans up owned provider (0.800938ms)
✔ preflight mismatch prevents deployment but cleans up owned provider (0.286019ms)
✔ preflight mismatch prevents deployment but cleans up owned provider (0.220327ms)
✔ preflight mismatch prevents deployment but cleans up owned provider (0.810781ms)
✔ preflight mismatch prevents deployment but cleans up owned provider (0.210414ms)
✔ preflight mismatch prevents deployment but cleans up owned provider (0.142963ms)
✔ network identity changed after deploy blocks the next SDK stage (0.545306ms)
✔ incomplete cleanup cannot yield driver PASS (0.646704ms)
✔ incomplete cleanup cannot yield driver PASS (0.259027ms)
✔ cleanup rejection preserves the primary failure and provider-known identifiers (0.262902ms)
✔ observation failure keeps SDK ID and never invokes comparator or next call (0.212623ms)
✔ recovered loan observes historical deployment once then submits exactly three calls (0.706044ms)
✔ malformed recovery identity fails before observations or SDK calls (0.160731ms)
✔ malformed recovery identity fails before observations or SDK calls (0.080948ms)
✔ malformed recovery identity fails before observations or SDK calls (0.131719ms)
✔ malformed recovery identity fails before observations or SDK calls (0.074869ms)
✔ malformed recovery identity fails before observations or SDK calls (0.074796ms)
✔ malformed recovery identity fails before observations or SDK calls (0.067803ms)
✔ malformed recovery identity fails before observations or SDK calls (0.06643ms)
✔ malformed recovery identity fails before observations or SDK calls (0.094522ms)
✔ malformed recovery identity fails before observations or SDK calls (0.078065ms)
✔ malformed recovery identity fails before observations or SDK calls (0.067751ms)
✔ malformed recovery identity fails before observations or SDK calls (0.060949ms)
✔ malformed recovery identity fails before observations or SDK calls (0.055059ms)
✔ malformed recovery identity fails before observations or SDK calls (0.0564ms)
✔ malformed recovery identity fails before observations or SDK calls (0.053757ms)
✔ recovery rejects accessors without invoking them (0.132497ms)
✔ swap recovery is rejected before deployment or observation (0.087862ms)
✔ historical recovery FAIL stops all calls and retains public identity (0.324576ms)
✔ historical recovery throw stops all calls and retains public identity (0.278725ms)
✔ historical recovery observe stops all calls and retains public identity (0.262238ms)
✔ recovery identity is captured before asynchronous binding checks (0.361555ms)
✔ recovered loan cannot pass with incomplete containment (0.267927ms)
✔ public failure retains a known observer code and closed phase without SDK details (0.326198ms)
✔ public failure never copies an unknown SDK message or object (0.675144ms)
✔ launcher durably retains actual driver failure: NOT_FINALIZED (1.153776ms)
✔ launcher durably retains actual driver failure: PRIVATE_SDK_FAILURE (1.100214ms)
✔ fixed initialized loan compares both histories once then calls only accrue and settle (0.607034ms)
✔ failed historical deploy comparison prevents continuation calls (0.195503ms)
✔ failed historical initialize comparison prevents continuation calls (1.926393ms)
✔ initialized driver rejects combined modes and altered fixed history before SDK calls (0.399365ms)
✔ Preview loan reuses exact local custody arguments and guarded compare-before-next-call order (5.836169ms)
✔ Preview swap reuses exact local custody arguments and guarded compare-before-next-call order (5.811525ms)
✔ Preview rejects wrong entry network before any SDK operation and cleans up (0.896207ms)
✔ Preview rejects wrong SDK network before any SDK operation and cleans up (0.322916ms)
✔ Preview rejects wrong payer before any SDK operation and cleans up (0.196731ms)
✔ Preview rejects wrong node before any SDK operation and cleans up (0.519804ms)
✔ Preview rejects wrong indexer before any SDK operation and cleans up (0.311896ms)
✔ Preview rejects wrong WS before any SDK operation and cleans up (0.167273ms)
✔ Preview rejects remote prover before any SDK operation and cleans up (0.22661ms)
✔ Preview rejects existingDeployment before any SDK operation and cleans up (0.19293ms)
✔ Preview rejects initializedLoan before any SDK operation and cleans up (0.118447ms)
✔ Preview rejects initializedSwap before any SDK operation and cleans up (0.713187ms)
✔ Preview rejects stable-target binding mutation before the next submission (0.404219ms)
✔ Preview budget failure prevents next SDK call and retains known identifiers (0.24194ms)
✔ Preview observe failure prevents next SDK call and retains known identifiers (0.216823ms)
✔ Preview compare failure prevents next SDK call and retains known identifiers (0.447339ms)
✔ Preview incomplete cleanup cannot produce PASS (1.295131ms)
ℹ tests 69
ℹ suites 0
ℹ pass 69
ℹ fail 0
ℹ cancelled 0
ℹ skipped 0
ℹ todo 0
ℹ duration_ms 291.966587
