{
  "status": "AuthoringChecked",
  "sourceHash": "18efde69e2361cff9a05a2c6ecc38c6e321d462d7bcfc38fdb18287e17214b98",
  "diagnostics": [],
  "agreement": "PayrollWeek",
  "agreementSpan": {
    "start": 715,
    "end": 726
  },
  "declarations": [
    {
      "kind": "domain",
      "name": "Night",
      "span": {
        "start": 731,
        "end": 820
      },
      "nameSpan": {
        "start": 738,
        "end": 743
      }
    },
    {
      "kind": "account",
      "name": "Desk",
      "span": {
        "start": 823,
        "end": 875
      },
      "nameSpan": {
        "start": 831,
        "end": 835
      }
    },
    {
      "kind": "account",
      "name": "Alice",
      "span": {
        "start": 878,
        "end": 929
      },
      "nameSpan": {
        "start": 886,
        "end": 891
      }
    },
    {
      "kind": "account",
      "name": "Bob",
      "span": {
        "start": 932,
        "end": 980
      },
      "nameSpan": {
        "start": 940,
        "end": 943
      }
    },
    {
      "kind": "account",
      "name": "Processor",
      "span": {
        "start": 983,
        "end": 1045
      },
      "nameSpan": {
        "start": 991,
        "end": 1000
      }
    },
    {
      "kind": "asset",
      "name": "USD",
      "span": {
        "start": 1048,
        "end": 1173
      },
      "nameSpan": {
        "start": 1054,
        "end": 1057
      }
    },
    {
      "kind": "const",
      "name": "alice_wage",
      "span": {
        "start": 1176,
        "end": 1217
      },
      "nameSpan": {
        "start": 1182,
        "end": 1192
      }
    },
    {
      "kind": "const",
      "name": "alice_fee",
      "span": {
        "start": 1220,
        "end": 1248
      },
      "nameSpan": {
        "start": 1226,
        "end": 1235
      }
    },
    {
      "kind": "const",
      "name": "alice_gross",
      "span": {
        "start": 1251,
        "end": 1294
      },
      "nameSpan": {
        "start": 1257,
        "end": 1268
      }
    },
    {
      "kind": "const",
      "name": "bob_wage",
      "span": {
        "start": 1297,
        "end": 1336
      },
      "nameSpan": {
        "start": 1303,
        "end": 1311
      }
    },
    {
      "kind": "const",
      "name": "bob_fee",
      "span": {
        "start": 1339,
        "end": 1364
      },
      "nameSpan": {
        "start": 1345,
        "end": 1352
      }
    },
    {
      "kind": "const",
      "name": "bob_gross",
      "span": {
        "start": 1367,
        "end": 1404
      },
      "nameSpan": {
        "start": 1373,
        "end": 1382
      }
    },
    {
      "kind": "intent",
      "name": "PayAlice",
      "span": {
        "start": 1407,
        "end": 2111
      },
      "nameSpan": {
        "start": 1414,
        "end": 1422
      }
    },
    {
      "kind": "intent",
      "name": "PayBob",
      "span": {
        "start": 2148,
        "end": 2830
      },
      "nameSpan": {
        "start": 2155,
        "end": 2161
      }
    },
    {
      "kind": "policy",
      "name": "Schedule",
      "span": {
        "start": 2863,
        "end": 3020
      },
      "nameSpan": {
        "start": 2870,
        "end": 2878
      }
    },
    {
      "kind": "intent",
      "name": "AdoptSchedule",
      "span": {
        "start": 3023,
        "end": 3229
      },
      "nameSpan": {
        "start": 3030,
        "end": 3043
      }
    }
  ],
  "actions": [
    {
      "name": "pay_alice",
      "intent": "PayAlice",
      "span": {
        "start": 2114,
        "end": 2145
      },
      "nameSpan": {
        "start": 2121,
        "end": 2130
      },
      "support": "LocalS0",
      "coverage": {
        "syntax": "Checked",
        "names": "Checked",
        "quantities": "Checked",
        "financialRelations": "DelegatedToCore",
        "localPreparation": "AvailableUnqualified"
      }
    },
    {
      "name": "pay_bob",
      "intent": "PayBob",
      "span": {
        "start": 2833,
        "end": 2860
      },
      "nameSpan": {
        "start": 2840,
        "end": 2847
      },
      "support": "LocalS0",
      "coverage": {
        "syntax": "Checked",
        "names": "Checked",
        "quantities": "Checked",
        "financialRelations": "DelegatedToCore",
        "localPreparation": "AvailableUnqualified"
      }
    },
    {
      "name": "adopt_schedule",
      "intent": "AdoptSchedule",
      "span": {
        "start": 3232,
        "end": 3273
      },
      "nameSpan": {
        "start": 3239,
        "end": 3253
      },
      "support": "SpecifiedOnly",
      "coverage": {
        "syntax": "Checked",
        "names": "Checked",
        "quantities": "Checked",
        "financialRelations": "Open",
        "localPreparation": "Unsupported"
      }
    }
  ],
  "references": [
    {
      "name": "Night",
      "useSpan": {
        "start": 848,
        "end": 853
      },
      "declarationSpan": {
        "start": 731,
        "end": 820
      }
    },
    {
      "name": "Night",
      "useSpan": {
        "start": 904,
        "end": 909
      },
      "declarationSpan": {
        "start": 731,
        "end": 820
      }
    },
    {
      "name": "Night",
      "useSpan": {
        "start": 956,
        "end": 961
      },
      "declarationSpan": {
        "start": 731,
        "end": 820
      }
    },
    {
      "name": "Night",
      "useSpan": {
        "start": 1013,
        "end": 1018
      },
      "declarationSpan": {
        "start": 731,
        "end": 820
      }
    },
    {
      "name": "Night",
      "useSpan": {
        "start": 1074,
        "end": 1079
      },
      "declarationSpan": {
        "start": 731,
        "end": 820
      }
    },
    {
      "name": "USD",
      "useSpan": {
        "start": 1213,
        "end": 1216
      },
      "declarationSpan": {
        "start": 1048,
        "end": 1173
      }
    },
    {
      "name": "USD",
      "useSpan": {
        "start": 1198,
        "end": 1201
      },
      "declarationSpan": {
        "start": 1048,
        "end": 1173
      }
    },
    {
      "name": "USD",
      "useSpan": {
        "start": 1244,
        "end": 1247
      },
      "declarationSpan": {
        "start": 1048,
        "end": 1173
      }
    },
    {
      "name": "alice_wage",
      "useSpan": {
        "start": 1271,
        "end": 1281
      },
      "declarationSpan": {
        "start": 1176,
        "end": 1217
      }
    },
    {
      "name": "alice_fee",
      "useSpan": {
        "start": 1284,
        "end": 1293
      },
      "declarationSpan": {
        "start": 1220,
        "end": 1248
      }
    },
    {
      "name": "USD",
      "useSpan": {
        "start": 1332,
        "end": 1335
      },
      "declarationSpan": {
        "start": 1048,
        "end": 1173
      }
    },
    {
      "name": "USD",
      "useSpan": {
        "start": 1317,
        "end": 1320
      },
      "declarationSpan": {
        "start": 1048,
        "end": 1173
      }
    },
    {
      "name": "USD",
      "useSpan": {
        "start": 1360,
        "end": 1363
      },
      "declarationSpan": {
        "start": 1048,
        "end": 1173
      }
    },
    {
      "name": "bob_wage",
      "useSpan": {
        "start": 1385,
        "end": 1393
      },
      "declarationSpan": {
        "start": 1297,
        "end": 1336
      }
    },
    {
      "name": "bob_fee",
      "useSpan": {
        "start": 1396,
        "end": 1403
      },
      "declarationSpan": {
        "start": 1339,
        "end": 1364
      }
    },
    {
      "name": "Night",
      "useSpan": {
        "start": 1439,
        "end": 1444
      },
      "declarationSpan": {
        "start": 731,
        "end": 820
      }
    },
    {
      "name": "USD",
      "useSpan": {
        "start": 1457,
        "end": 1460
      },
      "declarationSpan": {
        "start": 1048,
        "end": 1173
      }
    },
    {
      "name": "Desk",
      "useSpan": {
        "start": 1474,
        "end": 1478
      },
      "declarationSpan": {
        "start": 823,
        "end": 875
      }
    },
    {
      "name": "Night",
      "useSpan": {
        "start": 1614,
        "end": 1619
      },
      "declarationSpan": {
        "start": 731,
        "end": 820
      }
    },
    {
      "name": "alice_gross",
      "useSpan": {
        "start": 1655,
        "end": 1666
      },
      "declarationSpan": {
        "start": 1251,
        "end": 1294
      }
    },
    {
      "name": "alice_fee",
      "useSpan": {
        "start": 1681,
        "end": 1690
      },
      "declarationSpan": {
        "start": 1220,
        "end": 1248
      }
    },
    {
      "name": "alice_wage",
      "useSpan": {
        "start": 1707,
        "end": 1717
      },
      "declarationSpan": {
        "start": 1176,
        "end": 1217
      }
    },
    {
      "name": "Desk",
      "useSpan": {
        "start": 1756,
        "end": 1760
      },
      "declarationSpan": {
        "start": 823,
        "end": 875
      }
    },
    {
      "name": "Alice",
      "useSpan": {
        "start": 1772,
        "end": 1777
      },
      "declarationSpan": {
        "start": 878,
        "end": 929
      }
    },
    {
      "name": "Processor",
      "useSpan": {
        "start": 1793,
        "end": 1802
      },
      "declarationSpan": {
        "start": 983,
        "end": 1045
      }
    },
    {
      "name": "alice_wage",
      "useSpan": {
        "start": 1817,
        "end": 1827
      },
      "declarationSpan": {
        "start": 1176,
        "end": 1217
      }
    },
    {
      "name": "alice_fee",
      "useSpan": {
        "start": 1840,
        "end": 1849
      },
      "declarationSpan": {
        "start": 1220,
        "end": 1248
      }
    },
    {
      "name": "PayAlice",
      "useSpan": {
        "start": 2136,
        "end": 2144
      },
      "declarationSpan": {
        "start": 1407,
        "end": 2111
      }
    },
    {
      "name": "Night",
      "useSpan": {
        "start": 2178,
        "end": 2183
      },
      "declarationSpan": {
        "start": 731,
        "end": 820
      }
    },
    {
      "name": "USD",
      "useSpan": {
        "start": 2196,
        "end": 2199
      },
      "declarationSpan": {
        "start": 1048,
        "end": 1173
      }
    },
    {
      "name": "Desk",
      "useSpan": {
        "start": 2213,
        "end": 2217
      },
      "declarationSpan": {
        "start": 823,
        "end": 875
      }
    },
    {
      "name": "Night",
      "useSpan": {
        "start": 2347,
        "end": 2352
      },
      "declarationSpan": {
        "start": 731,
        "end": 820
      }
    },
    {
      "name": "bob_gross",
      "useSpan": {
        "start": 2388,
        "end": 2397
      },
      "declarationSpan": {
        "start": 1367,
        "end": 1404
      }
    },
    {
      "name": "bob_fee",
      "useSpan": {
        "start": 2412,
        "end": 2419
      },
      "declarationSpan": {
        "start": 1339,
        "end": 1364
      }
    },
    {
      "name": "bob_wage",
      "useSpan": {
        "start": 2436,
        "end": 2444
      },
      "declarationSpan": {
        "start": 1297,
        "end": 1336
      }
    },
    {
      "name": "Desk",
      "useSpan": {
        "start": 2483,
        "end": 2487
      },
      "declarationSpan": {
        "start": 823,
        "end": 875
      }
    },
    {
      "name": "Bob",
      "useSpan": {
        "start": 2499,
        "end": 2502
      },
      "declarationSpan": {
        "start": 932,
        "end": 980
      }
    },
    {
      "name": "Processor",
      "useSpan": {
        "start": 2518,
        "end": 2527
      },
      "declarationSpan": {
        "start": 983,
        "end": 1045
      }
    },
    {
      "name": "bob_wage",
      "useSpan": {
        "start": 2542,
        "end": 2550
      },
      "declarationSpan": {
        "start": 1297,
        "end": 1336
      }
    },
    {
      "name": "bob_fee",
      "useSpan": {
        "start": 2563,
        "end": 2570
      },
      "declarationSpan": {
        "start": 1339,
        "end": 1364
      }
    },
    {
      "name": "PayBob",
      "useSpan": {
        "start": 2853,
        "end": 2859
      },
      "declarationSpan": {
        "start": 2148,
        "end": 2830
      }
    },
    {
      "name": "Schedule",
      "useSpan": {
        "start": 3088,
        "end": 3096
      },
      "declarationSpan": {
        "start": 2863,
        "end": 3020
      }
    },
    {
      "name": "AdoptSchedule",
      "useSpan": {
        "start": 3259,
        "end": 3272
      },
      "declarationSpan": {
        "start": 3023,
        "end": 3229
      }
    }
  ],
  "fieldUses": [
    {
      "containerSpan": {
        "start": 746,
        "end": 819
      },
      "key": "id",
      "span": {
        "start": 752,
        "end": 766
      }
    },
    {
      "containerSpan": {
        "start": 746,
        "end": 819
      },
      "key": "chain",
      "span": {
        "start": 775,
        "end": 789
      }
    },
    {
      "containerSpan": {
        "start": 746,
        "end": 819
      },
      "key": "network",
      "span": {
        "start": 800,
        "end": 817
      }
    },
    {
      "containerSpan": {
        "start": 838,
        "end": 874
      },
      "key": "domain",
      "span": {
        "start": 848,
        "end": 853
      }
    },
    {
      "containerSpan": {
        "start": 838,
        "end": 874
      },
      "key": "id",
      "span": {
        "start": 859,
        "end": 872
      }
    },
    {
      "containerSpan": {
        "start": 894,
        "end": 928
      },
      "key": "domain",
      "span": {
        "start": 904,
        "end": 909
      }
    },
    {
      "containerSpan": {
        "start": 894,
        "end": 928
      },
      "key": "id",
      "span": {
        "start": 915,
        "end": 926
      }
    },
    {
      "containerSpan": {
        "start": 946,
        "end": 979
      },
      "key": "domain",
      "span": {
        "start": 956,
        "end": 961
      }
    },
    {
      "containerSpan": {
        "start": 946,
        "end": 979
      },
      "key": "id",
      "span": {
        "start": 967,
        "end": 977
      }
    },
    {
      "containerSpan": {
        "start": 1003,
        "end": 1044
      },
      "key": "domain",
      "span": {
        "start": 1013,
        "end": 1018
      }
    },
    {
      "containerSpan": {
        "start": 1003,
        "end": 1044
      },
      "key": "id",
      "span": {
        "start": 1024,
        "end": 1042
      }
    },
    {
      "containerSpan": {
        "start": 1060,
        "end": 1172
      },
      "key": "domain",
      "span": {
        "start": 1074,
        "end": 1079
      }
    },
    {
      "containerSpan": {
        "start": 1060,
        "end": 1172
      },
      "key": "id",
      "span": {
        "start": 1089,
        "end": 1101
      }
    },
    {
      "containerSpan": {
        "start": 1060,
        "end": 1172
      },
      "key": "scale",
      "span": {
        "start": 1114,
        "end": 1115
      }
    },
    {
      "containerSpan": {
        "start": 1060,
        "end": 1172
      },
      "key": "representation",
      "span": {
        "start": 1137,
        "end": 1148
      }
    },
    {
      "containerSpan": {
        "start": 1060,
        "end": 1172
      },
      "key": "symbol",
      "span": {
        "start": 1162,
        "end": 1167
      }
    },
    {
      "containerSpan": {
        "start": 1599,
        "end": 1638
      },
      "key": "domain",
      "span": {
        "start": 1614,
        "end": 1619
      }
    },
    {
      "containerSpan": {
        "start": 1599,
        "end": 1638
      },
      "key": "from",
      "span": {
        "start": 1627,
        "end": 1629
      }
    },
    {
      "containerSpan": {
        "start": 1599,
        "end": 1638
      },
      "key": "to",
      "span": {
        "start": 1635,
        "end": 1637
      }
    },
    {
      "containerSpan": {
        "start": 1734,
        "end": 1856
      },
      "key": "from",
      "span": {
        "start": 1756,
        "end": 1760
      }
    },
    {
      "containerSpan": {
        "start": 1734,
        "end": 1856
      },
      "key": "to",
      "span": {
        "start": 1772,
        "end": 1777
      }
    },
    {
      "containerSpan": {
        "start": 1734,
        "end": 1856
      },
      "key": "fee_to",
      "span": {
        "start": 1793,
        "end": 1802
      }
    },
    {
      "containerSpan": {
        "start": 1734,
        "end": 1856
      },
      "key": "value",
      "span": {
        "start": 1817,
        "end": 1827
      }
    },
    {
      "containerSpan": {
        "start": 1734,
        "end": 1856
      },
      "key": "fee",
      "span": {
        "start": 1840,
        "end": 1849
      }
    },
    {
      "containerSpan": {
        "start": 1425,
        "end": 2110
      },
      "key": "domain",
      "span": {
        "start": 1439,
        "end": 1444
      }
    },
    {
      "containerSpan": {
        "start": 1425,
        "end": 2110
      },
      "key": "asset",
      "span": {
        "start": 1457,
        "end": 1460
      }
    },
    {
      "containerSpan": {
        "start": 1425,
        "end": 2110
      },
      "key": "signer",
      "span": {
        "start": 1474,
        "end": 1478
      }
    },
    {
      "containerSpan": {
        "start": 1425,
        "end": 2110
      },
      "key": "key",
      "span": {
        "start": 1489,
        "end": 1509
      }
    },
    {
      "containerSpan": {
        "start": 1425,
        "end": 2110
      },
      "key": "nonce",
      "span": {
        "start": 1522,
        "end": 1549
      }
    },
    {
      "containerSpan": {
        "start": 1425,
        "end": 2110
      },
      "key": "pre_head",
      "span": {
        "start": 1565,
        "end": 1586
      }
    },
    {
      "containerSpan": {
        "start": 1425,
        "end": 2110
      },
      "key": "valid",
      "span": {
        "start": 1599,
        "end": 1638
      }
    },
    {
      "containerSpan": {
        "start": 1425,
        "end": 2110
      },
      "key": "gross_cap",
      "span": {
        "start": 1655,
        "end": 1666
      }
    },
    {
      "containerSpan": {
        "start": 1425,
        "end": 2110
      },
      "key": "fee_cap",
      "span": {
        "start": 1681,
        "end": 1690
      }
    },
    {
      "containerSpan": {
        "start": 1425,
        "end": 2110
      },
      "key": "net_floor",
      "span": {
        "start": 1707,
        "end": 1717
      }
    },
    {
      "containerSpan": {
        "start": 1425,
        "end": 2110
      },
      "key": "operation",
      "span": {
        "start": 1734,
        "end": 1856
      }
    },
    {
      "containerSpan": {
        "start": 1425,
        "end": 2110
      },
      "key": "source_hash",
      "span": {
        "start": 1875,
        "end": 1896
      }
    },
    {
      "containerSpan": {
        "start": 1425,
        "end": 2110
      },
      "key": "policy_digest",
      "span": {
        "start": 1917,
        "end": 1943
      }
    },
    {
      "containerSpan": {
        "start": 1425,
        "end": 2110
      },
      "key": "failure",
      "span": {
        "start": 1958,
        "end": 1969
      }
    },
    {
      "containerSpan": {
        "start": 1425,
        "end": 2110
      },
      "key": "observations",
      "span": {
        "start": 1989,
        "end": 1991
      }
    },
    {
      "containerSpan": {
        "start": 1425,
        "end": 2110
      },
      "key": "disclosures",
      "span": {
        "start": 2010,
        "end": 2012
      }
    },
    {
      "containerSpan": {
        "start": 1425,
        "end": 2110
      },
      "key": "retained_effects",
      "span": {
        "start": 2036,
        "end": 2038
      }
    },
    {
      "containerSpan": {
        "start": 1425,
        "end": 2110
      },
      "key": "retained_duties",
      "span": {
        "start": 2061,
        "end": 2063
      }
    },
    {
      "containerSpan": {
        "start": 1425,
        "end": 2110
      },
      "key": "delegation",
      "span": {
        "start": 2081,
        "end": 2085
      }
    },
    {
      "containerSpan": {
        "start": 1425,
        "end": 2110
      },
      "key": "recovery",
      "span": {
        "start": 2101,
        "end": 2105
      }
    },
    {
      "containerSpan": {
        "start": 2332,
        "end": 2371
      },
      "key": "domain",
      "span": {
        "start": 2347,
        "end": 2352
      }
    },
    {
      "containerSpan": {
        "start": 2332,
        "end": 2371
      },
      "key": "from",
      "span": {
        "start": 2360,
        "end": 2362
      }
    },
    {
      "containerSpan": {
        "start": 2332,
        "end": 2371
      },
      "key": "to",
      "span": {
        "start": 2368,
        "end": 2370
      }
    },
    {
      "containerSpan": {
        "start": 2461,
        "end": 2577
      },
      "key": "from",
      "span": {
        "start": 2483,
        "end": 2487
      }
    },
    {
      "containerSpan": {
        "start": 2461,
        "end": 2577
      },
      "key": "to",
      "span": {
        "start": 2499,
        "end": 2502
      }
    },
    {
      "containerSpan": {
        "start": 2461,
        "end": 2577
      },
      "key": "fee_to",
      "span": {
        "start": 2518,
        "end": 2527
      }
    },
    {
      "containerSpan": {
        "start": 2461,
        "end": 2577
      },
      "key": "value",
      "span": {
        "start": 2542,
        "end": 2550
      }
    },
    {
      "containerSpan": {
        "start": 2461,
        "end": 2577
      },
      "key": "fee",
      "span": {
        "start": 2563,
        "end": 2570
      }
    },
    {
      "containerSpan": {
        "start": 2164,
        "end": 2829
      },
      "key": "domain",
      "span": {
        "start": 2178,
        "end": 2183
      }
    },
    {
      "containerSpan": {
        "start": 2164,
        "end": 2829
      },
      "key": "asset",
      "span": {
        "start": 2196,
        "end": 2199
      }
    },
    {
      "containerSpan": {
        "start": 2164,
        "end": 2829
      },
      "key": "signer",
      "span": {
        "start": 2213,
        "end": 2217
      }
    },
    {
      "containerSpan": {
        "start": 2164,
        "end": 2829
      },
      "key": "key",
      "span": {
        "start": 2228,
        "end": 2246
      }
    },
    {
      "containerSpan": {
        "start": 2164,
        "end": 2829
      },
      "key": "nonce",
      "span": {
        "start": 2259,
        "end": 2284
      }
    },
    {
      "containerSpan": {
        "start": 2164,
        "end": 2829
      },
      "key": "pre_head",
      "span": {
        "start": 2300,
        "end": 2319
      }
    },
    {
      "containerSpan": {
        "start": 2164,
        "end": 2829
      },
      "key": "valid",
      "span": {
        "start": 2332,
        "end": 2371
      }
    },
    {
      "containerSpan": {
        "start": 2164,
        "end": 2829
      },
      "key": "gross_cap",
      "span": {
        "start": 2388,
        "end": 2397
      }
    },
    {
      "containerSpan": {
        "start": 2164,
        "end": 2829
      },
      "key": "fee_cap",
      "span": {
        "start": 2412,
        "end": 2419
      }
    },
    {
      "containerSpan": {
        "start": 2164,
        "end": 2829
      },
      "key": "net_floor",
      "span": {
        "start": 2436,
        "end": 2444
      }
    },
    {
      "containerSpan": {
        "start": 2164,
        "end": 2829
      },
      "key": "operation",
      "span": {
        "start": 2461,
        "end": 2577
      }
    },
    {
      "containerSpan": {
        "start": 2164,
        "end": 2829
      },
      "key": "source_hash",
      "span": {
        "start": 2596,
        "end": 2615
      }
    },
    {
      "containerSpan": {
        "start": 2164,
        "end": 2829
      },
      "key": "policy_digest",
      "span": {
        "start": 2636,
        "end": 2662
      }
    },
    {
      "containerSpan": {
        "start": 2164,
        "end": 2829
      },
      "key": "failure",
      "span": {
        "start": 2677,
        "end": 2688
      }
    },
    {
      "containerSpan": {
        "start": 2164,
        "end": 2829
      },
      "key": "observations",
      "span": {
        "start": 2708,
        "end": 2710
      }
    },
    {
      "containerSpan": {
        "start": 2164,
        "end": 2829
      },
      "key": "disclosures",
      "span": {
        "start": 2729,
        "end": 2731
      }
    },
    {
      "containerSpan": {
        "start": 2164,
        "end": 2829
      },
      "key": "retained_effects",
      "span": {
        "start": 2755,
        "end": 2757
      }
    },
    {
      "containerSpan": {
        "start": 2164,
        "end": 2829
      },
      "key": "retained_duties",
      "span": {
        "start": 2780,
        "end": 2782
      }
    },
    {
      "containerSpan": {
        "start": 2164,
        "end": 2829
      },
      "key": "delegation",
      "span": {
        "start": 2800,
        "end": 2804
      }
    },
    {
      "containerSpan": {
        "start": 2164,
        "end": 2829
      },
      "key": "recovery",
      "span": {
        "start": 2820,
        "end": 2824
      }
    },
    {
      "containerSpan": {
        "start": 2881,
        "end": 3019
      },
      "key": "id",
      "span": {
        "start": 2891,
        "end": 2907
      }
    },
    {
      "containerSpan": {
        "start": 2881,
        "end": 3019
      },
      "key": "epoch",
      "span": {
        "start": 2920,
        "end": 2922
      }
    },
    {
      "containerSpan": {
        "start": 2881,
        "end": 3019
      },
      "key": "source_hash",
      "span": {
        "start": 2941,
        "end": 2961
      }
    },
    {
      "containerSpan": {
        "start": 2881,
        "end": 3019
      },
      "key": "duty_preservation",
      "span": {
        "start": 2986,
        "end": 3014
      }
    },
    {
      "containerSpan": {
        "start": 3063,
        "end": 3113
      },
      "key": "policy",
      "span": {
        "start": 3088,
        "end": 3096
      }
    },
    {
      "containerSpan": {
        "start": 3063,
        "end": 3113
      },
      "key": "next_epoch",
      "span": {
        "start": 3110,
        "end": 3112
      }
    },
    {
      "containerSpan": {
        "start": 3046,
        "end": 3228
      },
      "key": "operation",
      "span": {
        "start": 3063,
        "end": 3113
      }
    },
    {
      "containerSpan": {
        "start": 3046,
        "end": 3228
      },
      "key": "earliest_round",
      "span": {
        "start": 3135,
        "end": 3137
      }
    },
    {
      "containerSpan": {
        "start": 3046,
        "end": 3228
      },
      "key": "veto_before",
      "span": {
        "start": 3156,
        "end": 3158
      }
    },
    {
      "containerSpan": {
        "start": 3046,
        "end": 3228
      },
      "key": "relation",
      "span": {
        "start": 3174,
        "end": 3223
      }
    }
  ],
  "operationSchemas": {
    "atoms": {
      "asset": "asset",
      "value": "scalar"
    },
    "min": {
      "a": "numeric",
      "b": "numeric"
    },
    "max": {
      "a": "numeric",
      "b": "numeric"
    },
    "rounds": {
      "domain": "domain",
      "from": "scalar",
      "to": "scalar"
    },
    "transfer": {
      "from": "account",
      "to": "account",
      "fee_to": "account",
      "value": "qty",
      "fee": "qty"
    },
    "repay": {
      "obligation": "obligation",
      "payer": "account",
      "amount": "qty"
    },
    "amm.swap_exact_input": {
      "pool": "pool",
      "owner": "account",
      "input": "qty",
      "output_asset": "asset",
      "net_floor": "qty",
      "fee_cap": "qty"
    },
    "amm.redeem": {
      "pool": "pool",
      "owner": "account",
      "share_atoms": "scalar"
    },
    "amm.mint": {
      "pool": "pool",
      "owner": "account",
      "amounts": "qty[]",
      "minimum_share_atoms": "scalar"
    },
    "lending.originate": {
      "obligation": "obligation",
      "debtor": "account",
      "creditor": "account",
      "principal": "qty",
      "collateral": "qty"
    },
    "lending.liquidate": {
      "obligation": "obligation"
    },
    "lending.roll_forward": {
      "obligation": "obligation",
      "to_round": "scalar"
    },
    "stablecoin.mint": {
      "instrument": "instrument",
      "owner": "account",
      "supply": "qty",
      "backing": "qty"
    },
    "stablecoin.redeem": {
      "instrument": "instrument",
      "owner": "account",
      "burn": "qty",
      "minimum_backing": "qty"
    },
    "stablecoin.emergency_settle": {
      "instrument": "instrument",
      "owner": "account",
      "claim": "qty"
    },
    "option.fix": {
      "instrument": "instrument",
      "observation": "observation"
    },
    "option.exercise": {
      "instrument": "instrument",
      "holder": "account"
    },
    "option.settle": {
      "instrument": "instrument",
      "holder": "account",
      "payoff": "qty"
    },
    "oracle.select": {
      "observation": "observation"
    },
    "governance.queue": {
      "policy": "policy",
      "next_epoch": "scalar"
    },
    "governance.execute": {
      "policy": "policy"
    },
    "governance.veto": {
      "policy": "policy"
    },
    "bridge.escrow": {
      "owner": "account",
      "amount": "qty",
      "destination": "domain",
      "claim_id": "string"
    },
    "bridge.claim": {
      "owner": "account",
      "amount": "qty",
      "source": "domain",
      "claim_id": "string"
    },
    "bridge.recover": {
      "owner": "account",
      "amount": "qty",
      "claim_id": "string"
    },
    "staking.deposit": {
      "owner": "account",
      "shares": "share_class",
      "backing": "qty"
    },
    "staking.reward": {
      "shares": "share_class",
      "amount": "qty"
    },
    "staking.slash": {
      "shares": "share_class",
      "amount": "qty"
    },
    "staking.unbond": {
      "owner": "account",
      "shares": "share_class",
      "share_atoms": "scalar"
    },
    "staking.withdraw": {
      "owner": "account",
      "shares": "share_class",
      "share_atoms": "scalar",
      "minimum_backing": "qty"
    }
  },
  "evidence": "AuthoringOnly",
  "openGates": [
    "authentication",
    "nativeProof",
    "financialCorrespondence",
    "atomicLedgerAcceptance"
  ]
}
