{
  "status": "AuthoringChecked",
  "sourceHash": "dcef7a9b9b1b6c8a8c655e347dd7d8155e35ac64a8b4ab2b8bcce1409a96df25",
  "diagnostics": [],
  "agreement": "PayrollFeeOverCap",
  "agreementSpan": {
    "start": 313,
    "end": 330
  },
  "declarations": [
    {
      "kind": "domain",
      "name": "Night",
      "span": {
        "start": 335,
        "end": 424
      },
      "nameSpan": {
        "start": 342,
        "end": 347
      }
    },
    {
      "kind": "account",
      "name": "Desk",
      "span": {
        "start": 427,
        "end": 479
      },
      "nameSpan": {
        "start": 435,
        "end": 439
      }
    },
    {
      "kind": "account",
      "name": "Alice",
      "span": {
        "start": 482,
        "end": 533
      },
      "nameSpan": {
        "start": 490,
        "end": 495
      }
    },
    {
      "kind": "account",
      "name": "Processor",
      "span": {
        "start": 536,
        "end": 598
      },
      "nameSpan": {
        "start": 544,
        "end": 553
      }
    },
    {
      "kind": "asset",
      "name": "USD",
      "span": {
        "start": 601,
        "end": 726
      },
      "nameSpan": {
        "start": 607,
        "end": 610
      }
    },
    {
      "kind": "const",
      "name": "alice_wage",
      "span": {
        "start": 729,
        "end": 770
      },
      "nameSpan": {
        "start": 735,
        "end": 745
      }
    },
    {
      "kind": "const",
      "name": "alice_fee",
      "span": {
        "start": 773,
        "end": 801
      },
      "nameSpan": {
        "start": 779,
        "end": 788
      }
    },
    {
      "kind": "const",
      "name": "alice_gross",
      "span": {
        "start": 804,
        "end": 847
      },
      "nameSpan": {
        "start": 810,
        "end": 821
      }
    },
    {
      "kind": "const",
      "name": "stated_fee_cap",
      "span": {
        "start": 850,
        "end": 883
      },
      "nameSpan": {
        "start": 856,
        "end": 870
      }
    },
    {
      "kind": "intent",
      "name": "PayAlice",
      "span": {
        "start": 886,
        "end": 1595
      },
      "nameSpan": {
        "start": 893,
        "end": 901
      }
    }
  ],
  "actions": [
    {
      "name": "pay_alice",
      "intent": "PayAlice",
      "span": {
        "start": 1598,
        "end": 1629
      },
      "nameSpan": {
        "start": 1605,
        "end": 1614
      },
      "support": "LocalS0",
      "coverage": {
        "syntax": "Checked",
        "names": "Checked",
        "quantities": "Checked",
        "financialRelations": "DelegatedToCore",
        "localPreparation": "AvailableUnqualified"
      }
    }
  ],
  "references": [
    {
      "name": "Night",
      "useSpan": {
        "start": 452,
        "end": 457
      },
      "declarationSpan": {
        "start": 335,
        "end": 424
      }
    },
    {
      "name": "Night",
      "useSpan": {
        "start": 508,
        "end": 513
      },
      "declarationSpan": {
        "start": 335,
        "end": 424
      }
    },
    {
      "name": "Night",
      "useSpan": {
        "start": 566,
        "end": 571
      },
      "declarationSpan": {
        "start": 335,
        "end": 424
      }
    },
    {
      "name": "Night",
      "useSpan": {
        "start": 627,
        "end": 632
      },
      "declarationSpan": {
        "start": 335,
        "end": 424
      }
    },
    {
      "name": "USD",
      "useSpan": {
        "start": 766,
        "end": 769
      },
      "declarationSpan": {
        "start": 601,
        "end": 726
      }
    },
    {
      "name": "USD",
      "useSpan": {
        "start": 751,
        "end": 754
      },
      "declarationSpan": {
        "start": 601,
        "end": 726
      }
    },
    {
      "name": "USD",
      "useSpan": {
        "start": 797,
        "end": 800
      },
      "declarationSpan": {
        "start": 601,
        "end": 726
      }
    },
    {
      "name": "alice_wage",
      "useSpan": {
        "start": 824,
        "end": 834
      },
      "declarationSpan": {
        "start": 729,
        "end": 770
      }
    },
    {
      "name": "alice_fee",
      "useSpan": {
        "start": 837,
        "end": 846
      },
      "declarationSpan": {
        "start": 773,
        "end": 801
      }
    },
    {
      "name": "USD",
      "useSpan": {
        "start": 879,
        "end": 882
      },
      "declarationSpan": {
        "start": 601,
        "end": 726
      }
    },
    {
      "name": "Night",
      "useSpan": {
        "start": 918,
        "end": 923
      },
      "declarationSpan": {
        "start": 335,
        "end": 424
      }
    },
    {
      "name": "USD",
      "useSpan": {
        "start": 936,
        "end": 939
      },
      "declarationSpan": {
        "start": 601,
        "end": 726
      }
    },
    {
      "name": "Desk",
      "useSpan": {
        "start": 953,
        "end": 957
      },
      "declarationSpan": {
        "start": 427,
        "end": 479
      }
    },
    {
      "name": "Night",
      "useSpan": {
        "start": 1093,
        "end": 1098
      },
      "declarationSpan": {
        "start": 335,
        "end": 424
      }
    },
    {
      "name": "alice_gross",
      "useSpan": {
        "start": 1134,
        "end": 1145
      },
      "declarationSpan": {
        "start": 804,
        "end": 847
      }
    },
    {
      "name": "stated_fee_cap",
      "useSpan": {
        "start": 1160,
        "end": 1174
      },
      "declarationSpan": {
        "start": 850,
        "end": 883
      }
    },
    {
      "name": "alice_wage",
      "useSpan": {
        "start": 1191,
        "end": 1201
      },
      "declarationSpan": {
        "start": 729,
        "end": 770
      }
    },
    {
      "name": "Desk",
      "useSpan": {
        "start": 1240,
        "end": 1244
      },
      "declarationSpan": {
        "start": 427,
        "end": 479
      }
    },
    {
      "name": "Alice",
      "useSpan": {
        "start": 1256,
        "end": 1261
      },
      "declarationSpan": {
        "start": 482,
        "end": 533
      }
    },
    {
      "name": "Processor",
      "useSpan": {
        "start": 1277,
        "end": 1286
      },
      "declarationSpan": {
        "start": 536,
        "end": 598
      }
    },
    {
      "name": "alice_wage",
      "useSpan": {
        "start": 1301,
        "end": 1311
      },
      "declarationSpan": {
        "start": 729,
        "end": 770
      }
    },
    {
      "name": "alice_fee",
      "useSpan": {
        "start": 1324,
        "end": 1333
      },
      "declarationSpan": {
        "start": 773,
        "end": 801
      }
    },
    {
      "name": "PayAlice",
      "useSpan": {
        "start": 1620,
        "end": 1628
      },
      "declarationSpan": {
        "start": 886,
        "end": 1595
      }
    }
  ],
  "fieldUses": [
    {
      "containerSpan": {
        "start": 350,
        "end": 423
      },
      "key": "id",
      "span": {
        "start": 356,
        "end": 370
      }
    },
    {
      "containerSpan": {
        "start": 350,
        "end": 423
      },
      "key": "chain",
      "span": {
        "start": 379,
        "end": 393
      }
    },
    {
      "containerSpan": {
        "start": 350,
        "end": 423
      },
      "key": "network",
      "span": {
        "start": 404,
        "end": 421
      }
    },
    {
      "containerSpan": {
        "start": 442,
        "end": 478
      },
      "key": "domain",
      "span": {
        "start": 452,
        "end": 457
      }
    },
    {
      "containerSpan": {
        "start": 442,
        "end": 478
      },
      "key": "id",
      "span": {
        "start": 463,
        "end": 476
      }
    },
    {
      "containerSpan": {
        "start": 498,
        "end": 532
      },
      "key": "domain",
      "span": {
        "start": 508,
        "end": 513
      }
    },
    {
      "containerSpan": {
        "start": 498,
        "end": 532
      },
      "key": "id",
      "span": {
        "start": 519,
        "end": 530
      }
    },
    {
      "containerSpan": {
        "start": 556,
        "end": 597
      },
      "key": "domain",
      "span": {
        "start": 566,
        "end": 571
      }
    },
    {
      "containerSpan": {
        "start": 556,
        "end": 597
      },
      "key": "id",
      "span": {
        "start": 577,
        "end": 595
      }
    },
    {
      "containerSpan": {
        "start": 613,
        "end": 725
      },
      "key": "domain",
      "span": {
        "start": 627,
        "end": 632
      }
    },
    {
      "containerSpan": {
        "start": 613,
        "end": 725
      },
      "key": "id",
      "span": {
        "start": 642,
        "end": 654
      }
    },
    {
      "containerSpan": {
        "start": 613,
        "end": 725
      },
      "key": "scale",
      "span": {
        "start": 667,
        "end": 668
      }
    },
    {
      "containerSpan": {
        "start": 613,
        "end": 725
      },
      "key": "representation",
      "span": {
        "start": 690,
        "end": 701
      }
    },
    {
      "containerSpan": {
        "start": 613,
        "end": 725
      },
      "key": "symbol",
      "span": {
        "start": 715,
        "end": 720
      }
    },
    {
      "containerSpan": {
        "start": 1078,
        "end": 1117
      },
      "key": "domain",
      "span": {
        "start": 1093,
        "end": 1098
      }
    },
    {
      "containerSpan": {
        "start": 1078,
        "end": 1117
      },
      "key": "from",
      "span": {
        "start": 1106,
        "end": 1108
      }
    },
    {
      "containerSpan": {
        "start": 1078,
        "end": 1117
      },
      "key": "to",
      "span": {
        "start": 1114,
        "end": 1116
      }
    },
    {
      "containerSpan": {
        "start": 1218,
        "end": 1340
      },
      "key": "from",
      "span": {
        "start": 1240,
        "end": 1244
      }
    },
    {
      "containerSpan": {
        "start": 1218,
        "end": 1340
      },
      "key": "to",
      "span": {
        "start": 1256,
        "end": 1261
      }
    },
    {
      "containerSpan": {
        "start": 1218,
        "end": 1340
      },
      "key": "fee_to",
      "span": {
        "start": 1277,
        "end": 1286
      }
    },
    {
      "containerSpan": {
        "start": 1218,
        "end": 1340
      },
      "key": "value",
      "span": {
        "start": 1301,
        "end": 1311
      }
    },
    {
      "containerSpan": {
        "start": 1218,
        "end": 1340
      },
      "key": "fee",
      "span": {
        "start": 1324,
        "end": 1333
      }
    },
    {
      "containerSpan": {
        "start": 904,
        "end": 1594
      },
      "key": "domain",
      "span": {
        "start": 918,
        "end": 923
      }
    },
    {
      "containerSpan": {
        "start": 904,
        "end": 1594
      },
      "key": "asset",
      "span": {
        "start": 936,
        "end": 939
      }
    },
    {
      "containerSpan": {
        "start": 904,
        "end": 1594
      },
      "key": "signer",
      "span": {
        "start": 953,
        "end": 957
      }
    },
    {
      "containerSpan": {
        "start": 904,
        "end": 1594
      },
      "key": "key",
      "span": {
        "start": 968,
        "end": 988
      }
    },
    {
      "containerSpan": {
        "start": 904,
        "end": 1594
      },
      "key": "nonce",
      "span": {
        "start": 1001,
        "end": 1028
      }
    },
    {
      "containerSpan": {
        "start": 904,
        "end": 1594
      },
      "key": "pre_head",
      "span": {
        "start": 1044,
        "end": 1065
      }
    },
    {
      "containerSpan": {
        "start": 904,
        "end": 1594
      },
      "key": "valid",
      "span": {
        "start": 1078,
        "end": 1117
      }
    },
    {
      "containerSpan": {
        "start": 904,
        "end": 1594
      },
      "key": "gross_cap",
      "span": {
        "start": 1134,
        "end": 1145
      }
    },
    {
      "containerSpan": {
        "start": 904,
        "end": 1594
      },
      "key": "fee_cap",
      "span": {
        "start": 1160,
        "end": 1174
      }
    },
    {
      "containerSpan": {
        "start": 904,
        "end": 1594
      },
      "key": "net_floor",
      "span": {
        "start": 1191,
        "end": 1201
      }
    },
    {
      "containerSpan": {
        "start": 904,
        "end": 1594
      },
      "key": "operation",
      "span": {
        "start": 1218,
        "end": 1340
      }
    },
    {
      "containerSpan": {
        "start": 904,
        "end": 1594
      },
      "key": "source_hash",
      "span": {
        "start": 1359,
        "end": 1380
      }
    },
    {
      "containerSpan": {
        "start": 904,
        "end": 1594
      },
      "key": "policy_digest",
      "span": {
        "start": 1401,
        "end": 1427
      }
    },
    {
      "containerSpan": {
        "start": 904,
        "end": 1594
      },
      "key": "failure",
      "span": {
        "start": 1442,
        "end": 1453
      }
    },
    {
      "containerSpan": {
        "start": 904,
        "end": 1594
      },
      "key": "observations",
      "span": {
        "start": 1473,
        "end": 1475
      }
    },
    {
      "containerSpan": {
        "start": 904,
        "end": 1594
      },
      "key": "disclosures",
      "span": {
        "start": 1494,
        "end": 1496
      }
    },
    {
      "containerSpan": {
        "start": 904,
        "end": 1594
      },
      "key": "retained_effects",
      "span": {
        "start": 1520,
        "end": 1522
      }
    },
    {
      "containerSpan": {
        "start": 904,
        "end": 1594
      },
      "key": "retained_duties",
      "span": {
        "start": 1545,
        "end": 1547
      }
    },
    {
      "containerSpan": {
        "start": 904,
        "end": 1594
      },
      "key": "delegation",
      "span": {
        "start": 1565,
        "end": 1569
      }
    },
    {
      "containerSpan": {
        "start": 904,
        "end": 1594
      },
      "key": "recovery",
      "span": {
        "start": 1585,
        "end": 1589
      }
    }
  ],
  "operationSchemas": {
    "atoms": {
      "asset": "asset",
      "value": "scalar"
    },
    "min": {
      "a": "numeric",
      "b": "numeric"
    },
    "max": {
      "a": "numeric",
      "b": "numeric"
    },
    "rounds": {
      "domain": "domain",
      "from": "scalar",
      "to": "scalar"
    },
    "transfer": {
      "from": "account",
      "to": "account",
      "fee_to": "account",
      "value": "qty",
      "fee": "qty"
    },
    "repay": {
      "obligation": "obligation",
      "payer": "account",
      "amount": "qty"
    },
    "amm.swap_exact_input": {
      "pool": "pool",
      "owner": "account",
      "input": "qty",
      "output_asset": "asset",
      "net_floor": "qty",
      "fee_cap": "qty"
    },
    "amm.redeem": {
      "pool": "pool",
      "owner": "account",
      "share_atoms": "scalar"
    },
    "amm.mint": {
      "pool": "pool",
      "owner": "account",
      "amounts": "qty[]",
      "minimum_share_atoms": "scalar"
    },
    "lending.originate": {
      "obligation": "obligation",
      "debtor": "account",
      "creditor": "account",
      "principal": "qty",
      "collateral": "qty"
    },
    "lending.liquidate": {
      "obligation": "obligation"
    },
    "lending.roll_forward": {
      "obligation": "obligation",
      "to_round": "scalar"
    },
    "stablecoin.mint": {
      "instrument": "instrument",
      "owner": "account",
      "supply": "qty",
      "backing": "qty"
    },
    "stablecoin.redeem": {
      "instrument": "instrument",
      "owner": "account",
      "burn": "qty",
      "minimum_backing": "qty"
    },
    "stablecoin.emergency_settle": {
      "instrument": "instrument",
      "owner": "account",
      "claim": "qty"
    },
    "option.fix": {
      "instrument": "instrument",
      "observation": "observation"
    },
    "option.exercise": {
      "instrument": "instrument",
      "holder": "account"
    },
    "option.settle": {
      "instrument": "instrument",
      "holder": "account",
      "payoff": "qty"
    },
    "oracle.select": {
      "observation": "observation"
    },
    "governance.queue": {
      "policy": "policy",
      "next_epoch": "scalar"
    },
    "governance.execute": {
      "policy": "policy"
    },
    "governance.veto": {
      "policy": "policy"
    },
    "bridge.escrow": {
      "owner": "account",
      "amount": "qty",
      "destination": "domain",
      "claim_id": "string"
    },
    "bridge.claim": {
      "owner": "account",
      "amount": "qty",
      "source": "domain",
      "claim_id": "string"
    },
    "bridge.recover": {
      "owner": "account",
      "amount": "qty",
      "claim_id": "string"
    },
    "staking.deposit": {
      "owner": "account",
      "shares": "share_class",
      "backing": "qty"
    },
    "staking.reward": {
      "shares": "share_class",
      "amount": "qty"
    },
    "staking.slash": {
      "shares": "share_class",
      "amount": "qty"
    },
    "staking.unbond": {
      "owner": "account",
      "shares": "share_class",
      "share_atoms": "scalar"
    },
    "staking.withdraw": {
      "owner": "account",
      "shares": "share_class",
      "share_atoms": "scalar",
      "minimum_backing": "qty"
    }
  },
  "evidence": "AuthoringOnly",
  "openGates": [
    "authentication",
    "nativeProof",
    "financialCorrespondence",
    "atomicLedgerAcceptance"
  ]
}
