{
  "status": "AuthoringChecked",
  "sourceHash": "0bae92e2be696c7d607de81daaf1ca831a97a9f9b69181d7b50ea28172bdefd3",
  "diagnostics": [],
  "agreement": "PayrollWeek",
  "agreementSpan": {
    "start": 715,
    "end": 726
  },
  "declarations": [
    {
      "kind": "domain",
      "name": "Night",
      "span": {
        "start": 731,
        "end": 834
      },
      "nameSpan": {
        "start": 738,
        "end": 743
      }
    },
    {
      "kind": "account",
      "name": "Desk",
      "span": {
        "start": 837,
        "end": 899
      },
      "nameSpan": {
        "start": 845,
        "end": 849
      }
    },
    {
      "kind": "account",
      "name": "Alice",
      "span": {
        "start": 902,
        "end": 963
      },
      "nameSpan": {
        "start": 910,
        "end": 915
      }
    },
    {
      "kind": "account",
      "name": "Bob",
      "span": {
        "start": 966,
        "end": 1024
      },
      "nameSpan": {
        "start": 974,
        "end": 977
      }
    },
    {
      "kind": "account",
      "name": "Processor",
      "span": {
        "start": 1027,
        "end": 1099
      },
      "nameSpan": {
        "start": 1035,
        "end": 1044
      }
    },
    {
      "kind": "asset",
      "name": "USD",
      "span": {
        "start": 1102,
        "end": 1227
      },
      "nameSpan": {
        "start": 1108,
        "end": 1111
      }
    },
    {
      "kind": "const",
      "name": "alice_wage",
      "span": {
        "start": 1230,
        "end": 1271
      },
      "nameSpan": {
        "start": 1236,
        "end": 1246
      }
    },
    {
      "kind": "const",
      "name": "alice_fee",
      "span": {
        "start": 1274,
        "end": 1302
      },
      "nameSpan": {
        "start": 1280,
        "end": 1289
      }
    },
    {
      "kind": "const",
      "name": "alice_gross",
      "span": {
        "start": 1305,
        "end": 1348
      },
      "nameSpan": {
        "start": 1311,
        "end": 1322
      }
    },
    {
      "kind": "const",
      "name": "bob_wage",
      "span": {
        "start": 1351,
        "end": 1390
      },
      "nameSpan": {
        "start": 1357,
        "end": 1365
      }
    },
    {
      "kind": "const",
      "name": "bob_fee",
      "span": {
        "start": 1393,
        "end": 1418
      },
      "nameSpan": {
        "start": 1399,
        "end": 1406
      }
    },
    {
      "kind": "const",
      "name": "bob_gross",
      "span": {
        "start": 1421,
        "end": 1458
      },
      "nameSpan": {
        "start": 1427,
        "end": 1436
      }
    },
    {
      "kind": "intent",
      "name": "PayAlice",
      "span": {
        "start": 1461,
        "end": 2158
      },
      "nameSpan": {
        "start": 1468,
        "end": 1476
      }
    },
    {
      "kind": "intent",
      "name": "PayBob",
      "span": {
        "start": 2195,
        "end": 2870
      },
      "nameSpan": {
        "start": 2202,
        "end": 2208
      }
    },
    {
      "kind": "policy",
      "name": "Schedule",
      "span": {
        "start": 2903,
        "end": 3060
      },
      "nameSpan": {
        "start": 2910,
        "end": 2918
      }
    },
    {
      "kind": "intent",
      "name": "AdoptSchedule",
      "span": {
        "start": 3063,
        "end": 3273
      },
      "nameSpan": {
        "start": 3070,
        "end": 3083
      }
    }
  ],
  "actions": [
    {
      "name": "pay_alice",
      "intent": "PayAlice",
      "span": {
        "start": 2161,
        "end": 2192
      },
      "nameSpan": {
        "start": 2168,
        "end": 2177
      },
      "support": "LocalS0",
      "coverage": {
        "syntax": "Checked",
        "names": "Checked",
        "quantities": "Checked",
        "financialRelations": "DelegatedToCore",
        "localPreparation": "AvailableUnqualified"
      }
    },
    {
      "name": "pay_bob",
      "intent": "PayBob",
      "span": {
        "start": 2873,
        "end": 2900
      },
      "nameSpan": {
        "start": 2880,
        "end": 2887
      },
      "support": "LocalS0",
      "coverage": {
        "syntax": "Checked",
        "names": "Checked",
        "quantities": "Checked",
        "financialRelations": "DelegatedToCore",
        "localPreparation": "AvailableUnqualified"
      }
    },
    {
      "name": "adopt_schedule",
      "intent": "AdoptSchedule",
      "span": {
        "start": 3276,
        "end": 3317
      },
      "nameSpan": {
        "start": 3283,
        "end": 3297
      },
      "support": "SpecifiedOnly",
      "coverage": {
        "syntax": "Checked",
        "names": "Checked",
        "quantities": "Checked",
        "financialRelations": "Open",
        "localPreparation": "Unsupported"
      }
    }
  ],
  "references": [
    {
      "name": "Night",
      "useSpan": {
        "start": 866,
        "end": 871
      },
      "declarationSpan": {
        "start": 731,
        "end": 834
      }
    },
    {
      "name": "Night",
      "useSpan": {
        "start": 932,
        "end": 937
      },
      "declarationSpan": {
        "start": 731,
        "end": 834
      }
    },
    {
      "name": "Night",
      "useSpan": {
        "start": 994,
        "end": 999
      },
      "declarationSpan": {
        "start": 731,
        "end": 834
      }
    },
    {
      "name": "Night",
      "useSpan": {
        "start": 1061,
        "end": 1066
      },
      "declarationSpan": {
        "start": 731,
        "end": 834
      }
    },
    {
      "name": "Night",
      "useSpan": {
        "start": 1128,
        "end": 1133
      },
      "declarationSpan": {
        "start": 731,
        "end": 834
      }
    },
    {
      "name": "USD",
      "useSpan": {
        "start": 1267,
        "end": 1270
      },
      "declarationSpan": {
        "start": 1102,
        "end": 1227
      }
    },
    {
      "name": "USD",
      "useSpan": {
        "start": 1252,
        "end": 1255
      },
      "declarationSpan": {
        "start": 1102,
        "end": 1227
      }
    },
    {
      "name": "USD",
      "useSpan": {
        "start": 1298,
        "end": 1301
      },
      "declarationSpan": {
        "start": 1102,
        "end": 1227
      }
    },
    {
      "name": "alice_wage",
      "useSpan": {
        "start": 1325,
        "end": 1335
      },
      "declarationSpan": {
        "start": 1230,
        "end": 1271
      }
    },
    {
      "name": "alice_fee",
      "useSpan": {
        "start": 1338,
        "end": 1347
      },
      "declarationSpan": {
        "start": 1274,
        "end": 1302
      }
    },
    {
      "name": "USD",
      "useSpan": {
        "start": 1386,
        "end": 1389
      },
      "declarationSpan": {
        "start": 1102,
        "end": 1227
      }
    },
    {
      "name": "USD",
      "useSpan": {
        "start": 1371,
        "end": 1374
      },
      "declarationSpan": {
        "start": 1102,
        "end": 1227
      }
    },
    {
      "name": "USD",
      "useSpan": {
        "start": 1414,
        "end": 1417
      },
      "declarationSpan": {
        "start": 1102,
        "end": 1227
      }
    },
    {
      "name": "bob_wage",
      "useSpan": {
        "start": 1439,
        "end": 1447
      },
      "declarationSpan": {
        "start": 1351,
        "end": 1390
      }
    },
    {
      "name": "bob_fee",
      "useSpan": {
        "start": 1450,
        "end": 1457
      },
      "declarationSpan": {
        "start": 1393,
        "end": 1418
      }
    },
    {
      "name": "Night",
      "useSpan": {
        "start": 1493,
        "end": 1498
      },
      "declarationSpan": {
        "start": 731,
        "end": 834
      }
    },
    {
      "name": "USD",
      "useSpan": {
        "start": 1511,
        "end": 1514
      },
      "declarationSpan": {
        "start": 1102,
        "end": 1227
      }
    },
    {
      "name": "Desk",
      "useSpan": {
        "start": 1528,
        "end": 1532
      },
      "declarationSpan": {
        "start": 837,
        "end": 899
      }
    },
    {
      "name": "Night",
      "useSpan": {
        "start": 1668,
        "end": 1673
      },
      "declarationSpan": {
        "start": 731,
        "end": 834
      }
    },
    {
      "name": "alice_gross",
      "useSpan": {
        "start": 1717,
        "end": 1728
      },
      "declarationSpan": {
        "start": 1305,
        "end": 1348
      }
    },
    {
      "name": "alice_fee",
      "useSpan": {
        "start": 1743,
        "end": 1752
      },
      "declarationSpan": {
        "start": 1274,
        "end": 1302
      }
    },
    {
      "name": "alice_wage",
      "useSpan": {
        "start": 1769,
        "end": 1779
      },
      "declarationSpan": {
        "start": 1230,
        "end": 1271
      }
    },
    {
      "name": "Desk",
      "useSpan": {
        "start": 1811,
        "end": 1815
      },
      "declarationSpan": {
        "start": 837,
        "end": 899
      }
    },
    {
      "name": "Alice",
      "useSpan": {
        "start": 1825,
        "end": 1830
      },
      "declarationSpan": {
        "start": 902,
        "end": 963
      }
    },
    {
      "name": "Processor",
      "useSpan": {
        "start": 1844,
        "end": 1853
      },
      "declarationSpan": {
        "start": 1027,
        "end": 1099
      }
    },
    {
      "name": "alice_wage",
      "useSpan": {
        "start": 1866,
        "end": 1876
      },
      "declarationSpan": {
        "start": 1230,
        "end": 1271
      }
    },
    {
      "name": "alice_fee",
      "useSpan": {
        "start": 1887,
        "end": 1896
      },
      "declarationSpan": {
        "start": 1274,
        "end": 1302
      }
    },
    {
      "name": "PayAlice",
      "useSpan": {
        "start": 2183,
        "end": 2191
      },
      "declarationSpan": {
        "start": 1461,
        "end": 2158
      }
    },
    {
      "name": "Night",
      "useSpan": {
        "start": 2225,
        "end": 2230
      },
      "declarationSpan": {
        "start": 731,
        "end": 834
      }
    },
    {
      "name": "USD",
      "useSpan": {
        "start": 2243,
        "end": 2246
      },
      "declarationSpan": {
        "start": 1102,
        "end": 1227
      }
    },
    {
      "name": "Desk",
      "useSpan": {
        "start": 2260,
        "end": 2264
      },
      "declarationSpan": {
        "start": 837,
        "end": 899
      }
    },
    {
      "name": "Night",
      "useSpan": {
        "start": 2394,
        "end": 2399
      },
      "declarationSpan": {
        "start": 731,
        "end": 834
      }
    },
    {
      "name": "bob_gross",
      "useSpan": {
        "start": 2443,
        "end": 2452
      },
      "declarationSpan": {
        "start": 1421,
        "end": 1458
      }
    },
    {
      "name": "bob_fee",
      "useSpan": {
        "start": 2467,
        "end": 2474
      },
      "declarationSpan": {
        "start": 1393,
        "end": 1418
      }
    },
    {
      "name": "bob_wage",
      "useSpan": {
        "start": 2491,
        "end": 2499
      },
      "declarationSpan": {
        "start": 1351,
        "end": 1390
      }
    },
    {
      "name": "Desk",
      "useSpan": {
        "start": 2531,
        "end": 2535
      },
      "declarationSpan": {
        "start": 837,
        "end": 899
      }
    },
    {
      "name": "Bob",
      "useSpan": {
        "start": 2545,
        "end": 2548
      },
      "declarationSpan": {
        "start": 966,
        "end": 1024
      }
    },
    {
      "name": "Processor",
      "useSpan": {
        "start": 2562,
        "end": 2571
      },
      "declarationSpan": {
        "start": 1027,
        "end": 1099
      }
    },
    {
      "name": "bob_wage",
      "useSpan": {
        "start": 2584,
        "end": 2592
      },
      "declarationSpan": {
        "start": 1351,
        "end": 1390
      }
    },
    {
      "name": "bob_fee",
      "useSpan": {
        "start": 2603,
        "end": 2610
      },
      "declarationSpan": {
        "start": 1393,
        "end": 1418
      }
    },
    {
      "name": "PayBob",
      "useSpan": {
        "start": 2893,
        "end": 2899
      },
      "declarationSpan": {
        "start": 2195,
        "end": 2870
      }
    },
    {
      "name": "Schedule",
      "useSpan": {
        "start": 3128,
        "end": 3136
      },
      "declarationSpan": {
        "start": 2903,
        "end": 3060
      }
    },
    {
      "name": "AdoptSchedule",
      "useSpan": {
        "start": 3303,
        "end": 3316
      },
      "declarationSpan": {
        "start": 3063,
        "end": 3273
      }
    }
  ],
  "fieldUses": [
    {
      "containerSpan": {
        "start": 746,
        "end": 833
      },
      "key": "id",
      "span": {
        "start": 756,
        "end": 770
      }
    },
    {
      "containerSpan": {
        "start": 746,
        "end": 833
      },
      "key": "chain",
      "span": {
        "start": 783,
        "end": 797
      }
    },
    {
      "containerSpan": {
        "start": 746,
        "end": 833
      },
      "key": "network",
      "span": {
        "start": 812,
        "end": 829
      }
    },
    {
      "containerSpan": {
        "start": 852,
        "end": 898
      },
      "key": "domain",
      "span": {
        "start": 866,
        "end": 871
      }
    },
    {
      "containerSpan": {
        "start": 852,
        "end": 898
      },
      "key": "id",
      "span": {
        "start": 881,
        "end": 894
      }
    },
    {
      "containerSpan": {
        "start": 918,
        "end": 962
      },
      "key": "domain",
      "span": {
        "start": 932,
        "end": 937
      }
    },
    {
      "containerSpan": {
        "start": 918,
        "end": 962
      },
      "key": "id",
      "span": {
        "start": 947,
        "end": 958
      }
    },
    {
      "containerSpan": {
        "start": 980,
        "end": 1023
      },
      "key": "domain",
      "span": {
        "start": 994,
        "end": 999
      }
    },
    {
      "containerSpan": {
        "start": 980,
        "end": 1023
      },
      "key": "id",
      "span": {
        "start": 1009,
        "end": 1019
      }
    },
    {
      "containerSpan": {
        "start": 1047,
        "end": 1098
      },
      "key": "domain",
      "span": {
        "start": 1061,
        "end": 1066
      }
    },
    {
      "containerSpan": {
        "start": 1047,
        "end": 1098
      },
      "key": "id",
      "span": {
        "start": 1076,
        "end": 1094
      }
    },
    {
      "containerSpan": {
        "start": 1114,
        "end": 1226
      },
      "key": "domain",
      "span": {
        "start": 1128,
        "end": 1133
      }
    },
    {
      "containerSpan": {
        "start": 1114,
        "end": 1226
      },
      "key": "id",
      "span": {
        "start": 1143,
        "end": 1155
      }
    },
    {
      "containerSpan": {
        "start": 1114,
        "end": 1226
      },
      "key": "scale",
      "span": {
        "start": 1168,
        "end": 1169
      }
    },
    {
      "containerSpan": {
        "start": 1114,
        "end": 1226
      },
      "key": "representation",
      "span": {
        "start": 1191,
        "end": 1202
      }
    },
    {
      "containerSpan": {
        "start": 1114,
        "end": 1226
      },
      "key": "symbol",
      "span": {
        "start": 1216,
        "end": 1221
      }
    },
    {
      "containerSpan": {
        "start": 1653,
        "end": 1700
      },
      "key": "domain",
      "span": {
        "start": 1668,
        "end": 1673
      }
    },
    {
      "containerSpan": {
        "start": 1653,
        "end": 1700
      },
      "key": "from",
      "span": {
        "start": 1685,
        "end": 1687
      }
    },
    {
      "containerSpan": {
        "start": 1653,
        "end": 1700
      },
      "key": "to",
      "span": {
        "start": 1697,
        "end": 1699
      }
    },
    {
      "containerSpan": {
        "start": 1796,
        "end": 1903
      },
      "key": "from",
      "span": {
        "start": 1811,
        "end": 1815
      }
    },
    {
      "containerSpan": {
        "start": 1796,
        "end": 1903
      },
      "key": "to",
      "span": {
        "start": 1825,
        "end": 1830
      }
    },
    {
      "containerSpan": {
        "start": 1796,
        "end": 1903
      },
      "key": "fee_to",
      "span": {
        "start": 1844,
        "end": 1853
      }
    },
    {
      "containerSpan": {
        "start": 1796,
        "end": 1903
      },
      "key": "value",
      "span": {
        "start": 1866,
        "end": 1876
      }
    },
    {
      "containerSpan": {
        "start": 1796,
        "end": 1903
      },
      "key": "fee",
      "span": {
        "start": 1887,
        "end": 1896
      }
    },
    {
      "containerSpan": {
        "start": 1479,
        "end": 2157
      },
      "key": "domain",
      "span": {
        "start": 1493,
        "end": 1498
      }
    },
    {
      "containerSpan": {
        "start": 1479,
        "end": 2157
      },
      "key": "asset",
      "span": {
        "start": 1511,
        "end": 1514
      }
    },
    {
      "containerSpan": {
        "start": 1479,
        "end": 2157
      },
      "key": "signer",
      "span": {
        "start": 1528,
        "end": 1532
      }
    },
    {
      "containerSpan": {
        "start": 1479,
        "end": 2157
      },
      "key": "key",
      "span": {
        "start": 1543,
        "end": 1563
      }
    },
    {
      "containerSpan": {
        "start": 1479,
        "end": 2157
      },
      "key": "nonce",
      "span": {
        "start": 1576,
        "end": 1603
      }
    },
    {
      "containerSpan": {
        "start": 1479,
        "end": 2157
      },
      "key": "pre_head",
      "span": {
        "start": 1619,
        "end": 1640
      }
    },
    {
      "containerSpan": {
        "start": 1479,
        "end": 2157
      },
      "key": "valid",
      "span": {
        "start": 1653,
        "end": 1700
      }
    },
    {
      "containerSpan": {
        "start": 1479,
        "end": 2157
      },
      "key": "gross_cap",
      "span": {
        "start": 1717,
        "end": 1728
      }
    },
    {
      "containerSpan": {
        "start": 1479,
        "end": 2157
      },
      "key": "fee_cap",
      "span": {
        "start": 1743,
        "end": 1752
      }
    },
    {
      "containerSpan": {
        "start": 1479,
        "end": 2157
      },
      "key": "net_floor",
      "span": {
        "start": 1769,
        "end": 1779
      }
    },
    {
      "containerSpan": {
        "start": 1479,
        "end": 2157
      },
      "key": "operation",
      "span": {
        "start": 1796,
        "end": 1903
      }
    },
    {
      "containerSpan": {
        "start": 1479,
        "end": 2157
      },
      "key": "source_hash",
      "span": {
        "start": 1922,
        "end": 1943
      }
    },
    {
      "containerSpan": {
        "start": 1479,
        "end": 2157
      },
      "key": "policy_digest",
      "span": {
        "start": 1964,
        "end": 1990
      }
    },
    {
      "containerSpan": {
        "start": 1479,
        "end": 2157
      },
      "key": "failure",
      "span": {
        "start": 2005,
        "end": 2016
      }
    },
    {
      "containerSpan": {
        "start": 1479,
        "end": 2157
      },
      "key": "observations",
      "span": {
        "start": 2036,
        "end": 2038
      }
    },
    {
      "containerSpan": {
        "start": 1479,
        "end": 2157
      },
      "key": "disclosures",
      "span": {
        "start": 2057,
        "end": 2059
      }
    },
    {
      "containerSpan": {
        "start": 1479,
        "end": 2157
      },
      "key": "retained_effects",
      "span": {
        "start": 2083,
        "end": 2085
      }
    },
    {
      "containerSpan": {
        "start": 1479,
        "end": 2157
      },
      "key": "retained_duties",
      "span": {
        "start": 2108,
        "end": 2110
      }
    },
    {
      "containerSpan": {
        "start": 1479,
        "end": 2157
      },
      "key": "delegation",
      "span": {
        "start": 2128,
        "end": 2132
      }
    },
    {
      "containerSpan": {
        "start": 1479,
        "end": 2157
      },
      "key": "recovery",
      "span": {
        "start": 2148,
        "end": 2152
      }
    },
    {
      "containerSpan": {
        "start": 2379,
        "end": 2426
      },
      "key": "domain",
      "span": {
        "start": 2394,
        "end": 2399
      }
    },
    {
      "containerSpan": {
        "start": 2379,
        "end": 2426
      },
      "key": "from",
      "span": {
        "start": 2411,
        "end": 2413
      }
    },
    {
      "containerSpan": {
        "start": 2379,
        "end": 2426
      },
      "key": "to",
      "span": {
        "start": 2423,
        "end": 2425
      }
    },
    {
      "containerSpan": {
        "start": 2516,
        "end": 2617
      },
      "key": "from",
      "span": {
        "start": 2531,
        "end": 2535
      }
    },
    {
      "containerSpan": {
        "start": 2516,
        "end": 2617
      },
      "key": "to",
      "span": {
        "start": 2545,
        "end": 2548
      }
    },
    {
      "containerSpan": {
        "start": 2516,
        "end": 2617
      },
      "key": "fee_to",
      "span": {
        "start": 2562,
        "end": 2571
      }
    },
    {
      "containerSpan": {
        "start": 2516,
        "end": 2617
      },
      "key": "value",
      "span": {
        "start": 2584,
        "end": 2592
      }
    },
    {
      "containerSpan": {
        "start": 2516,
        "end": 2617
      },
      "key": "fee",
      "span": {
        "start": 2603,
        "end": 2610
      }
    },
    {
      "containerSpan": {
        "start": 2211,
        "end": 2869
      },
      "key": "domain",
      "span": {
        "start": 2225,
        "end": 2230
      }
    },
    {
      "containerSpan": {
        "start": 2211,
        "end": 2869
      },
      "key": "asset",
      "span": {
        "start": 2243,
        "end": 2246
      }
    },
    {
      "containerSpan": {
        "start": 2211,
        "end": 2869
      },
      "key": "signer",
      "span": {
        "start": 2260,
        "end": 2264
      }
    },
    {
      "containerSpan": {
        "start": 2211,
        "end": 2869
      },
      "key": "key",
      "span": {
        "start": 2275,
        "end": 2293
      }
    },
    {
      "containerSpan": {
        "start": 2211,
        "end": 2869
      },
      "key": "nonce",
      "span": {
        "start": 2306,
        "end": 2331
      }
    },
    {
      "containerSpan": {
        "start": 2211,
        "end": 2869
      },
      "key": "pre_head",
      "span": {
        "start": 2347,
        "end": 2366
      }
    },
    {
      "containerSpan": {
        "start": 2211,
        "end": 2869
      },
      "key": "valid",
      "span": {
        "start": 2379,
        "end": 2426
      }
    },
    {
      "containerSpan": {
        "start": 2211,
        "end": 2869
      },
      "key": "gross_cap",
      "span": {
        "start": 2443,
        "end": 2452
      }
    },
    {
      "containerSpan": {
        "start": 2211,
        "end": 2869
      },
      "key": "fee_cap",
      "span": {
        "start": 2467,
        "end": 2474
      }
    },
    {
      "containerSpan": {
        "start": 2211,
        "end": 2869
      },
      "key": "net_floor",
      "span": {
        "start": 2491,
        "end": 2499
      }
    },
    {
      "containerSpan": {
        "start": 2211,
        "end": 2869
      },
      "key": "operation",
      "span": {
        "start": 2516,
        "end": 2617
      }
    },
    {
      "containerSpan": {
        "start": 2211,
        "end": 2869
      },
      "key": "source_hash",
      "span": {
        "start": 2636,
        "end": 2655
      }
    },
    {
      "containerSpan": {
        "start": 2211,
        "end": 2869
      },
      "key": "policy_digest",
      "span": {
        "start": 2676,
        "end": 2702
      }
    },
    {
      "containerSpan": {
        "start": 2211,
        "end": 2869
      },
      "key": "failure",
      "span": {
        "start": 2717,
        "end": 2728
      }
    },
    {
      "containerSpan": {
        "start": 2211,
        "end": 2869
      },
      "key": "observations",
      "span": {
        "start": 2748,
        "end": 2750
      }
    },
    {
      "containerSpan": {
        "start": 2211,
        "end": 2869
      },
      "key": "disclosures",
      "span": {
        "start": 2769,
        "end": 2771
      }
    },
    {
      "containerSpan": {
        "start": 2211,
        "end": 2869
      },
      "key": "retained_effects",
      "span": {
        "start": 2795,
        "end": 2797
      }
    },
    {
      "containerSpan": {
        "start": 2211,
        "end": 2869
      },
      "key": "retained_duties",
      "span": {
        "start": 2820,
        "end": 2822
      }
    },
    {
      "containerSpan": {
        "start": 2211,
        "end": 2869
      },
      "key": "delegation",
      "span": {
        "start": 2840,
        "end": 2844
      }
    },
    {
      "containerSpan": {
        "start": 2211,
        "end": 2869
      },
      "key": "recovery",
      "span": {
        "start": 2860,
        "end": 2864
      }
    },
    {
      "containerSpan": {
        "start": 2921,
        "end": 3059
      },
      "key": "id",
      "span": {
        "start": 2931,
        "end": 2947
      }
    },
    {
      "containerSpan": {
        "start": 2921,
        "end": 3059
      },
      "key": "epoch",
      "span": {
        "start": 2960,
        "end": 2962
      }
    },
    {
      "containerSpan": {
        "start": 2921,
        "end": 3059
      },
      "key": "source_hash",
      "span": {
        "start": 2981,
        "end": 3001
      }
    },
    {
      "containerSpan": {
        "start": 2921,
        "end": 3059
      },
      "key": "duty_preservation",
      "span": {
        "start": 3026,
        "end": 3054
      }
    },
    {
      "containerSpan": {
        "start": 3103,
        "end": 3157
      },
      "key": "policy",
      "span": {
        "start": 3128,
        "end": 3136
      }
    },
    {
      "containerSpan": {
        "start": 3103,
        "end": 3157
      },
      "key": "next_epoch",
      "span": {
        "start": 3154,
        "end": 3156
      }
    },
    {
      "containerSpan": {
        "start": 3086,
        "end": 3272
      },
      "key": "operation",
      "span": {
        "start": 3103,
        "end": 3157
      }
    },
    {
      "containerSpan": {
        "start": 3086,
        "end": 3272
      },
      "key": "earliest_round",
      "span": {
        "start": 3179,
        "end": 3181
      }
    },
    {
      "containerSpan": {
        "start": 3086,
        "end": 3272
      },
      "key": "veto_before",
      "span": {
        "start": 3200,
        "end": 3202
      }
    },
    {
      "containerSpan": {
        "start": 3086,
        "end": 3272
      },
      "key": "relation",
      "span": {
        "start": 3218,
        "end": 3267
      }
    }
  ],
  "operationSchemas": {
    "atoms": {
      "asset": "asset",
      "value": "scalar"
    },
    "min": {
      "a": "numeric",
      "b": "numeric"
    },
    "max": {
      "a": "numeric",
      "b": "numeric"
    },
    "rounds": {
      "domain": "domain",
      "from": "scalar",
      "to": "scalar"
    },
    "transfer": {
      "from": "account",
      "to": "account",
      "fee_to": "account",
      "value": "qty",
      "fee": "qty"
    },
    "repay": {
      "obligation": "obligation",
      "payer": "account",
      "amount": "qty"
    },
    "amm.swap_exact_input": {
      "pool": "pool",
      "owner": "account",
      "input": "qty",
      "output_asset": "asset",
      "net_floor": "qty",
      "fee_cap": "qty"
    },
    "amm.redeem": {
      "pool": "pool",
      "owner": "account",
      "share_atoms": "scalar"
    },
    "amm.mint": {
      "pool": "pool",
      "owner": "account",
      "amounts": "qty[]",
      "minimum_share_atoms": "scalar"
    },
    "lending.originate": {
      "obligation": "obligation",
      "debtor": "account",
      "creditor": "account",
      "principal": "qty",
      "collateral": "qty"
    },
    "lending.liquidate": {
      "obligation": "obligation"
    },
    "lending.roll_forward": {
      "obligation": "obligation",
      "to_round": "scalar"
    },
    "stablecoin.mint": {
      "instrument": "instrument",
      "owner": "account",
      "supply": "qty",
      "backing": "qty"
    },
    "stablecoin.redeem": {
      "instrument": "instrument",
      "owner": "account",
      "burn": "qty",
      "minimum_backing": "qty"
    },
    "stablecoin.emergency_settle": {
      "instrument": "instrument",
      "owner": "account",
      "claim": "qty"
    },
    "option.fix": {
      "instrument": "instrument",
      "observation": "observation"
    },
    "option.exercise": {
      "instrument": "instrument",
      "holder": "account"
    },
    "option.settle": {
      "instrument": "instrument",
      "holder": "account",
      "payoff": "qty"
    },
    "oracle.select": {
      "observation": "observation"
    },
    "governance.queue": {
      "policy": "policy",
      "next_epoch": "scalar"
    },
    "governance.execute": {
      "policy": "policy"
    },
    "governance.veto": {
      "policy": "policy"
    },
    "bridge.escrow": {
      "owner": "account",
      "amount": "qty",
      "destination": "domain",
      "claim_id": "string"
    },
    "bridge.claim": {
      "owner": "account",
      "amount": "qty",
      "source": "domain",
      "claim_id": "string"
    },
    "bridge.recover": {
      "owner": "account",
      "amount": "qty",
      "claim_id": "string"
    },
    "staking.deposit": {
      "owner": "account",
      "shares": "share_class",
      "backing": "qty"
    },
    "staking.reward": {
      "shares": "share_class",
      "amount": "qty"
    },
    "staking.slash": {
      "shares": "share_class",
      "amount": "qty"
    },
    "staking.unbond": {
      "owner": "account",
      "shares": "share_class",
      "share_atoms": "scalar"
    },
    "staking.withdraw": {
      "owner": "account",
      "shares": "share_class",
      "share_atoms": "scalar",
      "minimum_backing": "qty"
    }
  },
  "evidence": "AuthoringOnly",
  "openGates": [
    "authentication",
    "nativeProof",
    "financialCorrespondence",
    "atomicLedgerAcceptance"
  ]
}
