{
  "status": "AuthoringChecked",
  "sourceHash": "0ad18bb4d65eb6b3db4b338ad84976034e2f4b8f20f63fa81e59daa8188850f1",
  "diagnostics": [],
  "agreement": "PayrollFeeOverCap",
  "agreementSpan": {
    "start": 313,
    "end": 330
  },
  "declarations": [
    {
      "kind": "domain",
      "name": "Night",
      "span": {
        "start": 335,
        "end": 438
      },
      "nameSpan": {
        "start": 342,
        "end": 347
      }
    },
    {
      "kind": "account",
      "name": "Desk",
      "span": {
        "start": 441,
        "end": 503
      },
      "nameSpan": {
        "start": 449,
        "end": 453
      }
    },
    {
      "kind": "account",
      "name": "Alice",
      "span": {
        "start": 506,
        "end": 567
      },
      "nameSpan": {
        "start": 514,
        "end": 519
      }
    },
    {
      "kind": "account",
      "name": "Processor",
      "span": {
        "start": 570,
        "end": 642
      },
      "nameSpan": {
        "start": 578,
        "end": 587
      }
    },
    {
      "kind": "asset",
      "name": "USD",
      "span": {
        "start": 645,
        "end": 770
      },
      "nameSpan": {
        "start": 651,
        "end": 654
      }
    },
    {
      "kind": "const",
      "name": "alice_wage",
      "span": {
        "start": 773,
        "end": 814
      },
      "nameSpan": {
        "start": 779,
        "end": 789
      }
    },
    {
      "kind": "const",
      "name": "alice_fee",
      "span": {
        "start": 817,
        "end": 845
      },
      "nameSpan": {
        "start": 823,
        "end": 832
      }
    },
    {
      "kind": "const",
      "name": "alice_gross",
      "span": {
        "start": 848,
        "end": 891
      },
      "nameSpan": {
        "start": 854,
        "end": 865
      }
    },
    {
      "kind": "const",
      "name": "stated_fee_cap",
      "span": {
        "start": 894,
        "end": 927
      },
      "nameSpan": {
        "start": 900,
        "end": 914
      }
    },
    {
      "kind": "intent",
      "name": "PayAlice",
      "span": {
        "start": 930,
        "end": 1632
      },
      "nameSpan": {
        "start": 937,
        "end": 945
      }
    }
  ],
  "actions": [
    {
      "name": "pay_alice",
      "intent": "PayAlice",
      "span": {
        "start": 1635,
        "end": 1666
      },
      "nameSpan": {
        "start": 1642,
        "end": 1651
      },
      "support": "LocalS0",
      "coverage": {
        "syntax": "Checked",
        "names": "Checked",
        "quantities": "Checked",
        "financialRelations": "DelegatedToCore",
        "localPreparation": "AvailableUnqualified"
      }
    }
  ],
  "references": [
    {
      "name": "Night",
      "useSpan": {
        "start": 470,
        "end": 475
      },
      "declarationSpan": {
        "start": 335,
        "end": 438
      }
    },
    {
      "name": "Night",
      "useSpan": {
        "start": 536,
        "end": 541
      },
      "declarationSpan": {
        "start": 335,
        "end": 438
      }
    },
    {
      "name": "Night",
      "useSpan": {
        "start": 604,
        "end": 609
      },
      "declarationSpan": {
        "start": 335,
        "end": 438
      }
    },
    {
      "name": "Night",
      "useSpan": {
        "start": 671,
        "end": 676
      },
      "declarationSpan": {
        "start": 335,
        "end": 438
      }
    },
    {
      "name": "USD",
      "useSpan": {
        "start": 810,
        "end": 813
      },
      "declarationSpan": {
        "start": 645,
        "end": 770
      }
    },
    {
      "name": "USD",
      "useSpan": {
        "start": 795,
        "end": 798
      },
      "declarationSpan": {
        "start": 645,
        "end": 770
      }
    },
    {
      "name": "USD",
      "useSpan": {
        "start": 841,
        "end": 844
      },
      "declarationSpan": {
        "start": 645,
        "end": 770
      }
    },
    {
      "name": "alice_wage",
      "useSpan": {
        "start": 868,
        "end": 878
      },
      "declarationSpan": {
        "start": 773,
        "end": 814
      }
    },
    {
      "name": "alice_fee",
      "useSpan": {
        "start": 881,
        "end": 890
      },
      "declarationSpan": {
        "start": 817,
        "end": 845
      }
    },
    {
      "name": "USD",
      "useSpan": {
        "start": 923,
        "end": 926
      },
      "declarationSpan": {
        "start": 645,
        "end": 770
      }
    },
    {
      "name": "Night",
      "useSpan": {
        "start": 962,
        "end": 967
      },
      "declarationSpan": {
        "start": 335,
        "end": 438
      }
    },
    {
      "name": "USD",
      "useSpan": {
        "start": 980,
        "end": 983
      },
      "declarationSpan": {
        "start": 645,
        "end": 770
      }
    },
    {
      "name": "Desk",
      "useSpan": {
        "start": 997,
        "end": 1001
      },
      "declarationSpan": {
        "start": 441,
        "end": 503
      }
    },
    {
      "name": "Night",
      "useSpan": {
        "start": 1137,
        "end": 1142
      },
      "declarationSpan": {
        "start": 335,
        "end": 438
      }
    },
    {
      "name": "alice_gross",
      "useSpan": {
        "start": 1186,
        "end": 1197
      },
      "declarationSpan": {
        "start": 848,
        "end": 891
      }
    },
    {
      "name": "stated_fee_cap",
      "useSpan": {
        "start": 1212,
        "end": 1226
      },
      "declarationSpan": {
        "start": 894,
        "end": 927
      }
    },
    {
      "name": "alice_wage",
      "useSpan": {
        "start": 1243,
        "end": 1253
      },
      "declarationSpan": {
        "start": 773,
        "end": 814
      }
    },
    {
      "name": "Desk",
      "useSpan": {
        "start": 1285,
        "end": 1289
      },
      "declarationSpan": {
        "start": 441,
        "end": 503
      }
    },
    {
      "name": "Alice",
      "useSpan": {
        "start": 1299,
        "end": 1304
      },
      "declarationSpan": {
        "start": 506,
        "end": 567
      }
    },
    {
      "name": "Processor",
      "useSpan": {
        "start": 1318,
        "end": 1327
      },
      "declarationSpan": {
        "start": 570,
        "end": 642
      }
    },
    {
      "name": "alice_wage",
      "useSpan": {
        "start": 1340,
        "end": 1350
      },
      "declarationSpan": {
        "start": 773,
        "end": 814
      }
    },
    {
      "name": "alice_fee",
      "useSpan": {
        "start": 1361,
        "end": 1370
      },
      "declarationSpan": {
        "start": 817,
        "end": 845
      }
    },
    {
      "name": "PayAlice",
      "useSpan": {
        "start": 1657,
        "end": 1665
      },
      "declarationSpan": {
        "start": 930,
        "end": 1632
      }
    }
  ],
  "fieldUses": [
    {
      "containerSpan": {
        "start": 350,
        "end": 437
      },
      "key": "id",
      "span": {
        "start": 360,
        "end": 374
      }
    },
    {
      "containerSpan": {
        "start": 350,
        "end": 437
      },
      "key": "chain",
      "span": {
        "start": 387,
        "end": 401
      }
    },
    {
      "containerSpan": {
        "start": 350,
        "end": 437
      },
      "key": "network",
      "span": {
        "start": 416,
        "end": 433
      }
    },
    {
      "containerSpan": {
        "start": 456,
        "end": 502
      },
      "key": "domain",
      "span": {
        "start": 470,
        "end": 475
      }
    },
    {
      "containerSpan": {
        "start": 456,
        "end": 502
      },
      "key": "id",
      "span": {
        "start": 485,
        "end": 498
      }
    },
    {
      "containerSpan": {
        "start": 522,
        "end": 566
      },
      "key": "domain",
      "span": {
        "start": 536,
        "end": 541
      }
    },
    {
      "containerSpan": {
        "start": 522,
        "end": 566
      },
      "key": "id",
      "span": {
        "start": 551,
        "end": 562
      }
    },
    {
      "containerSpan": {
        "start": 590,
        "end": 641
      },
      "key": "domain",
      "span": {
        "start": 604,
        "end": 609
      }
    },
    {
      "containerSpan": {
        "start": 590,
        "end": 641
      },
      "key": "id",
      "span": {
        "start": 619,
        "end": 637
      }
    },
    {
      "containerSpan": {
        "start": 657,
        "end": 769
      },
      "key": "domain",
      "span": {
        "start": 671,
        "end": 676
      }
    },
    {
      "containerSpan": {
        "start": 657,
        "end": 769
      },
      "key": "id",
      "span": {
        "start": 686,
        "end": 698
      }
    },
    {
      "containerSpan": {
        "start": 657,
        "end": 769
      },
      "key": "scale",
      "span": {
        "start": 711,
        "end": 712
      }
    },
    {
      "containerSpan": {
        "start": 657,
        "end": 769
      },
      "key": "representation",
      "span": {
        "start": 734,
        "end": 745
      }
    },
    {
      "containerSpan": {
        "start": 657,
        "end": 769
      },
      "key": "symbol",
      "span": {
        "start": 759,
        "end": 764
      }
    },
    {
      "containerSpan": {
        "start": 1122,
        "end": 1169
      },
      "key": "domain",
      "span": {
        "start": 1137,
        "end": 1142
      }
    },
    {
      "containerSpan": {
        "start": 1122,
        "end": 1169
      },
      "key": "from",
      "span": {
        "start": 1154,
        "end": 1156
      }
    },
    {
      "containerSpan": {
        "start": 1122,
        "end": 1169
      },
      "key": "to",
      "span": {
        "start": 1166,
        "end": 1168
      }
    },
    {
      "containerSpan": {
        "start": 1270,
        "end": 1377
      },
      "key": "from",
      "span": {
        "start": 1285,
        "end": 1289
      }
    },
    {
      "containerSpan": {
        "start": 1270,
        "end": 1377
      },
      "key": "to",
      "span": {
        "start": 1299,
        "end": 1304
      }
    },
    {
      "containerSpan": {
        "start": 1270,
        "end": 1377
      },
      "key": "fee_to",
      "span": {
        "start": 1318,
        "end": 1327
      }
    },
    {
      "containerSpan": {
        "start": 1270,
        "end": 1377
      },
      "key": "value",
      "span": {
        "start": 1340,
        "end": 1350
      }
    },
    {
      "containerSpan": {
        "start": 1270,
        "end": 1377
      },
      "key": "fee",
      "span": {
        "start": 1361,
        "end": 1370
      }
    },
    {
      "containerSpan": {
        "start": 948,
        "end": 1631
      },
      "key": "domain",
      "span": {
        "start": 962,
        "end": 967
      }
    },
    {
      "containerSpan": {
        "start": 948,
        "end": 1631
      },
      "key": "asset",
      "span": {
        "start": 980,
        "end": 983
      }
    },
    {
      "containerSpan": {
        "start": 948,
        "end": 1631
      },
      "key": "signer",
      "span": {
        "start": 997,
        "end": 1001
      }
    },
    {
      "containerSpan": {
        "start": 948,
        "end": 1631
      },
      "key": "key",
      "span": {
        "start": 1012,
        "end": 1032
      }
    },
    {
      "containerSpan": {
        "start": 948,
        "end": 1631
      },
      "key": "nonce",
      "span": {
        "start": 1045,
        "end": 1072
      }
    },
    {
      "containerSpan": {
        "start": 948,
        "end": 1631
      },
      "key": "pre_head",
      "span": {
        "start": 1088,
        "end": 1109
      }
    },
    {
      "containerSpan": {
        "start": 948,
        "end": 1631
      },
      "key": "valid",
      "span": {
        "start": 1122,
        "end": 1169
      }
    },
    {
      "containerSpan": {
        "start": 948,
        "end": 1631
      },
      "key": "gross_cap",
      "span": {
        "start": 1186,
        "end": 1197
      }
    },
    {
      "containerSpan": {
        "start": 948,
        "end": 1631
      },
      "key": "fee_cap",
      "span": {
        "start": 1212,
        "end": 1226
      }
    },
    {
      "containerSpan": {
        "start": 948,
        "end": 1631
      },
      "key": "net_floor",
      "span": {
        "start": 1243,
        "end": 1253
      }
    },
    {
      "containerSpan": {
        "start": 948,
        "end": 1631
      },
      "key": "operation",
      "span": {
        "start": 1270,
        "end": 1377
      }
    },
    {
      "containerSpan": {
        "start": 948,
        "end": 1631
      },
      "key": "source_hash",
      "span": {
        "start": 1396,
        "end": 1417
      }
    },
    {
      "containerSpan": {
        "start": 948,
        "end": 1631
      },
      "key": "policy_digest",
      "span": {
        "start": 1438,
        "end": 1464
      }
    },
    {
      "containerSpan": {
        "start": 948,
        "end": 1631
      },
      "key": "failure",
      "span": {
        "start": 1479,
        "end": 1490
      }
    },
    {
      "containerSpan": {
        "start": 948,
        "end": 1631
      },
      "key": "observations",
      "span": {
        "start": 1510,
        "end": 1512
      }
    },
    {
      "containerSpan": {
        "start": 948,
        "end": 1631
      },
      "key": "disclosures",
      "span": {
        "start": 1531,
        "end": 1533
      }
    },
    {
      "containerSpan": {
        "start": 948,
        "end": 1631
      },
      "key": "retained_effects",
      "span": {
        "start": 1557,
        "end": 1559
      }
    },
    {
      "containerSpan": {
        "start": 948,
        "end": 1631
      },
      "key": "retained_duties",
      "span": {
        "start": 1582,
        "end": 1584
      }
    },
    {
      "containerSpan": {
        "start": 948,
        "end": 1631
      },
      "key": "delegation",
      "span": {
        "start": 1602,
        "end": 1606
      }
    },
    {
      "containerSpan": {
        "start": 948,
        "end": 1631
      },
      "key": "recovery",
      "span": {
        "start": 1622,
        "end": 1626
      }
    }
  ],
  "operationSchemas": {
    "atoms": {
      "asset": "asset",
      "value": "scalar"
    },
    "min": {
      "a": "numeric",
      "b": "numeric"
    },
    "max": {
      "a": "numeric",
      "b": "numeric"
    },
    "rounds": {
      "domain": "domain",
      "from": "scalar",
      "to": "scalar"
    },
    "transfer": {
      "from": "account",
      "to": "account",
      "fee_to": "account",
      "value": "qty",
      "fee": "qty"
    },
    "repay": {
      "obligation": "obligation",
      "payer": "account",
      "amount": "qty"
    },
    "amm.swap_exact_input": {
      "pool": "pool",
      "owner": "account",
      "input": "qty",
      "output_asset": "asset",
      "net_floor": "qty",
      "fee_cap": "qty"
    },
    "amm.redeem": {
      "pool": "pool",
      "owner": "account",
      "share_atoms": "scalar"
    },
    "amm.mint": {
      "pool": "pool",
      "owner": "account",
      "amounts": "qty[]",
      "minimum_share_atoms": "scalar"
    },
    "lending.originate": {
      "obligation": "obligation",
      "debtor": "account",
      "creditor": "account",
      "principal": "qty",
      "collateral": "qty"
    },
    "lending.liquidate": {
      "obligation": "obligation"
    },
    "lending.roll_forward": {
      "obligation": "obligation",
      "to_round": "scalar"
    },
    "stablecoin.mint": {
      "instrument": "instrument",
      "owner": "account",
      "supply": "qty",
      "backing": "qty"
    },
    "stablecoin.redeem": {
      "instrument": "instrument",
      "owner": "account",
      "burn": "qty",
      "minimum_backing": "qty"
    },
    "stablecoin.emergency_settle": {
      "instrument": "instrument",
      "owner": "account",
      "claim": "qty"
    },
    "option.fix": {
      "instrument": "instrument",
      "observation": "observation"
    },
    "option.exercise": {
      "instrument": "instrument",
      "holder": "account"
    },
    "option.settle": {
      "instrument": "instrument",
      "holder": "account",
      "payoff": "qty"
    },
    "oracle.select": {
      "observation": "observation"
    },
    "governance.queue": {
      "policy": "policy",
      "next_epoch": "scalar"
    },
    "governance.execute": {
      "policy": "policy"
    },
    "governance.veto": {
      "policy": "policy"
    },
    "bridge.escrow": {
      "owner": "account",
      "amount": "qty",
      "destination": "domain",
      "claim_id": "string"
    },
    "bridge.claim": {
      "owner": "account",
      "amount": "qty",
      "source": "domain",
      "claim_id": "string"
    },
    "bridge.recover": {
      "owner": "account",
      "amount": "qty",
      "claim_id": "string"
    },
    "staking.deposit": {
      "owner": "account",
      "shares": "share_class",
      "backing": "qty"
    },
    "staking.reward": {
      "shares": "share_class",
      "amount": "qty"
    },
    "staking.slash": {
      "shares": "share_class",
      "amount": "qty"
    },
    "staking.unbond": {
      "owner": "account",
      "shares": "share_class",
      "share_atoms": "scalar"
    },
    "staking.withdraw": {
      "owner": "account",
      "shares": "share_class",
      "share_atoms": "scalar",
      "minimum_backing": "qty"
    }
  },
  "evidence": "AuthoringOnly",
  "openGates": [
    "authentication",
    "nativeProof",
    "financialCorrespondence",
    "atomicLedgerAcceptance"
  ]
}
