{
  "status": "AuthoringChecked",
  "sourceHash": "18efde69e2361cff9a05a2c6ecc38c6e321d462d7bcfc38fdb18287e17214b98",
  "diagnostics": [],
  "agreement": "PayrollWeek",
  "identities": [
    {
      "kind": "domain",
      "name": "Night",
      "claims": {
        "id": "NightPayroll",
        "chain": "night-ledger",
        "network": "preview-week-39"
      },
      "authenticated": false,
      "span": {
        "start": 731,
        "end": 820
      }
    },
    {
      "kind": "account",
      "name": "Desk",
      "claims": {
        "domain": {
          "declaration": "Night",
          "kind": "domain",
          "id": "NightPayroll"
        },
        "id": "PayrollDesk"
      },
      "authenticated": false,
      "span": {
        "start": 823,
        "end": 875
      }
    },
    {
      "kind": "account",
      "name": "Alice",
      "claims": {
        "domain": {
          "declaration": "Night",
          "kind": "domain",
          "id": "NightPayroll"
        },
        "id": "AliceChen"
      },
      "authenticated": false,
      "span": {
        "start": 878,
        "end": 929
      }
    },
    {
      "kind": "account",
      "name": "Bob",
      "claims": {
        "domain": {
          "declaration": "Night",
          "kind": "domain",
          "id": "NightPayroll"
        },
        "id": "BobOkoye"
      },
      "authenticated": false,
      "span": {
        "start": 932,
        "end": 980
      }
    },
    {
      "kind": "account",
      "name": "Processor",
      "claims": {
        "domain": {
          "declaration": "Night",
          "kind": "domain",
          "id": "NightPayroll"
        },
        "id": "PayrollProcessor"
      },
      "authenticated": false,
      "span": {
        "start": 983,
        "end": 1045
      }
    },
    {
      "kind": "asset",
      "name": "USD",
      "claims": {
        "domain": {
          "declaration": "Night",
          "kind": "domain",
          "id": "NightPayroll"
        },
        "id": "PayrollUSD",
        "scale": "2",
        "representation": "canonical",
        "symbol": "USD"
      },
      "authenticated": false,
      "span": {
        "start": 1048,
        "end": 1173
      }
    }
  ],
  "actions": [
    {
      "name": "pay_alice",
      "intent": "PayAlice",
      "span": {
        "start": 2114,
        "end": 2145
      },
      "nameSpan": {
        "start": 2121,
        "end": 2130
      },
      "support": "LocalS0",
      "coverage": {
        "financialRelations": "DelegatedToCoreDuringLocalPreparation",
        "localPreparation": "AvailableUnqualified"
      },
      "bounds": {
        "scalarAndQuantityMax": "340282366920938463463374607431768211455",
        "s0SignedFieldMax": "170141183460469231731687303715884105727"
      },
      "requiredPremises": [
        "canonical-intent-signature",
        "snapshot-to-head",
        "head-extension",
        "atomic-ledger-compare-and-consume"
      ],
      "unverifiedBindings": [
        "agreement-id",
        "selected-program",
        "asset-scale",
        "authenticated-predecessor"
      ]
    },
    {
      "name": "pay_bob",
      "intent": "PayBob",
      "span": {
        "start": 2833,
        "end": 2860
      },
      "nameSpan": {
        "start": 2840,
        "end": 2847
      },
      "support": "LocalS0",
      "coverage": {
        "financialRelations": "DelegatedToCoreDuringLocalPreparation",
        "localPreparation": "AvailableUnqualified"
      },
      "bounds": {
        "scalarAndQuantityMax": "340282366920938463463374607431768211455",
        "s0SignedFieldMax": "170141183460469231731687303715884105727"
      },
      "requiredPremises": [
        "canonical-intent-signature",
        "snapshot-to-head",
        "head-extension",
        "atomic-ledger-compare-and-consume"
      ],
      "unverifiedBindings": [
        "agreement-id",
        "selected-program",
        "asset-scale",
        "authenticated-predecessor"
      ]
    },
    {
      "name": "adopt_schedule",
      "intent": "AdoptSchedule",
      "span": {
        "start": 3232,
        "end": 3273
      },
      "nameSpan": {
        "start": 3239,
        "end": 3253
      },
      "support": "SpecifiedOnly",
      "coverage": {
        "financialRelations": "Open",
        "localPreparation": "Unsupported"
      },
      "bounds": {
        "scalarAndQuantityMax": "340282366920938463463374607431768211455"
      },
      "requiredPremises": [],
      "unverifiedBindings": []
    }
  ],
  "intents": [
    {
      "name": "PayAlice",
      "terms": {
        "domain": {
          "tag": "entity",
          "kind": "domain",
          "declaration": "Night",
          "claims": {
            "id": "NightPayroll",
            "chain": "night-ledger",
            "network": "preview-week-39"
          },
          "authenticated": false
        },
        "asset": {
          "tag": "entity",
          "kind": "asset",
          "declaration": "USD",
          "claims": {
            "domain": {
              "declaration": "Night",
              "kind": "domain",
              "id": "NightPayroll"
            },
            "id": "PayrollUSD",
            "scale": "2",
            "representation": "canonical",
            "symbol": "USD"
          },
          "authenticated": false
        },
        "signer": {
          "tag": "entity",
          "kind": "account",
          "declaration": "Desk",
          "claims": {
            "domain": {
              "declaration": "Night",
              "kind": "domain",
              "id": "NightPayroll"
            },
            "id": "PayrollDesk"
          },
          "authenticated": false
        },
        "key": {
          "tag": "string",
          "value": "desk-key-alice-w39"
        },
        "nonce": {
          "tag": "string",
          "value": "payroll-2026-09-w39-alice"
        },
        "pre_head": {
          "tag": "string",
          "value": "desk-head-alice-w38"
        },
        "valid": {
          "tag": "call",
          "name": "rounds",
          "args": {
            "domain": {
              "tag": "entity",
              "kind": "domain",
              "declaration": "Night",
              "claims": {
                "id": "NightPayroll",
                "chain": "night-ledger",
                "network": "preview-week-39"
              },
              "authenticated": false
            },
            "from": {
              "tag": "scalar",
              "value": "40"
            },
            "to": {
              "tag": "scalar",
              "value": "52"
            }
          }
        },
        "gross_cap": {
          "tag": "qty",
          "asset": "USD",
          "atoms": "246300"
        },
        "fee_cap": {
          "tag": "qty",
          "asset": "USD",
          "atoms": "1225"
        },
        "net_floor": {
          "tag": "qty",
          "asset": "USD",
          "atoms": "245075"
        },
        "operation": {
          "tag": "call",
          "name": "transfer",
          "args": {
            "from": {
              "tag": "entity",
              "kind": "account",
              "declaration": "Desk",
              "claims": {
                "domain": {
                  "declaration": "Night",
                  "kind": "domain",
                  "id": "NightPayroll"
                },
                "id": "PayrollDesk"
              },
              "authenticated": false
            },
            "to": {
              "tag": "entity",
              "kind": "account",
              "declaration": "Alice",
              "claims": {
                "domain": {
                  "declaration": "Night",
                  "kind": "domain",
                  "id": "NightPayroll"
                },
                "id": "AliceChen"
              },
              "authenticated": false
            },
            "fee_to": {
              "tag": "entity",
              "kind": "account",
              "declaration": "Processor",
              "claims": {
                "domain": {
                  "declaration": "Night",
                  "kind": "domain",
                  "id": "NightPayroll"
                },
                "id": "PayrollProcessor"
              },
              "authenticated": false
            },
            "value": {
              "tag": "qty",
              "asset": "USD",
              "atoms": "245075"
            },
            "fee": {
              "tag": "qty",
              "asset": "USD",
              "atoms": "1225"
            }
          }
        },
        "source_hash": {
          "tag": "string",
          "value": "claim-src-alice-w39"
        },
        "policy_digest": {
          "tag": "string",
          "value": "claim-policy-payroll-w39"
        },
        "failure": {
          "tag": "tag",
          "name": "SuccessOnly"
        },
        "observations": {
          "tag": "array",
          "items": []
        },
        "disclosures": {
          "tag": "array",
          "items": []
        },
        "retained_effects": {
          "tag": "array",
          "items": []
        },
        "retained_duties": {
          "tag": "array",
          "items": []
        },
        "delegation": {
          "tag": "tag",
          "name": "None"
        },
        "recovery": {
          "tag": "tag",
          "name": "None"
        }
      }
    },
    {
      "name": "PayBob",
      "terms": {
        "domain": {
          "tag": "entity",
          "kind": "domain",
          "declaration": "Night",
          "claims": {
            "id": "NightPayroll",
            "chain": "night-ledger",
            "network": "preview-week-39"
          },
          "authenticated": false
        },
        "asset": {
          "tag": "entity",
          "kind": "asset",
          "declaration": "USD",
          "claims": {
            "domain": {
              "declaration": "Night",
              "kind": "domain",
              "id": "NightPayroll"
            },
            "id": "PayrollUSD",
            "scale": "2",
            "representation": "canonical",
            "symbol": "USD"
          },
          "authenticated": false
        },
        "signer": {
          "tag": "entity",
          "kind": "account",
          "declaration": "Desk",
          "claims": {
            "domain": {
              "declaration": "Night",
              "kind": "domain",
              "id": "NightPayroll"
            },
            "id": "PayrollDesk"
          },
          "authenticated": false
        },
        "key": {
          "tag": "string",
          "value": "desk-key-bob-w39"
        },
        "nonce": {
          "tag": "string",
          "value": "payroll-2026-09-w39-bob"
        },
        "pre_head": {
          "tag": "string",
          "value": "desk-head-bob-w38"
        },
        "valid": {
          "tag": "call",
          "name": "rounds",
          "args": {
            "domain": {
              "tag": "entity",
              "kind": "domain",
              "declaration": "Night",
              "claims": {
                "id": "NightPayroll",
                "chain": "night-ledger",
                "network": "preview-week-39"
              },
              "authenticated": false
            },
            "from": {
              "tag": "scalar",
              "value": "40"
            },
            "to": {
              "tag": "scalar",
              "value": "52"
            }
          }
        },
        "gross_cap": {
          "tag": "qty",
          "asset": "USD",
          "atoms": "188490"
        },
        "fee_cap": {
          "tag": "qty",
          "asset": "USD",
          "atoms": "940"
        },
        "net_floor": {
          "tag": "qty",
          "asset": "USD",
          "atoms": "187550"
        },
        "operation": {
          "tag": "call",
          "name": "transfer",
          "args": {
            "from": {
              "tag": "entity",
              "kind": "account",
              "declaration": "Desk",
              "claims": {
                "domain": {
                  "declaration": "Night",
                  "kind": "domain",
                  "id": "NightPayroll"
                },
                "id": "PayrollDesk"
              },
              "authenticated": false
            },
            "to": {
              "tag": "entity",
              "kind": "account",
              "declaration": "Bob",
              "claims": {
                "domain": {
                  "declaration": "Night",
                  "kind": "domain",
                  "id": "NightPayroll"
                },
                "id": "BobOkoye"
              },
              "authenticated": false
            },
            "fee_to": {
              "tag": "entity",
              "kind": "account",
              "declaration": "Processor",
              "claims": {
                "domain": {
                  "declaration": "Night",
                  "kind": "domain",
                  "id": "NightPayroll"
                },
                "id": "PayrollProcessor"
              },
              "authenticated": false
            },
            "value": {
              "tag": "qty",
              "asset": "USD",
              "atoms": "187550"
            },
            "fee": {
              "tag": "qty",
              "asset": "USD",
              "atoms": "940"
            }
          }
        },
        "source_hash": {
          "tag": "string",
          "value": "claim-src-bob-w39"
        },
        "policy_digest": {
          "tag": "string",
          "value": "claim-policy-payroll-w39"
        },
        "failure": {
          "tag": "tag",
          "name": "SuccessOnly"
        },
        "observations": {
          "tag": "array",
          "items": []
        },
        "disclosures": {
          "tag": "array",
          "items": []
        },
        "retained_effects": {
          "tag": "array",
          "items": []
        },
        "retained_duties": {
          "tag": "array",
          "items": []
        },
        "delegation": {
          "tag": "tag",
          "name": "None"
        },
        "recovery": {
          "tag": "tag",
          "name": "None"
        }
      }
    },
    {
      "name": "AdoptSchedule",
      "terms": {
        "operation": {
          "tag": "call",
          "name": "governance.queue",
          "args": {
            "policy": {
              "tag": "entity",
              "kind": "policy",
              "declaration": "Schedule",
              "claims": {
                "id": "Week39Schedule",
                "epoch": "39",
                "source_hash": "claim-schedule-w39",
                "duty_preservation": "retain signed wage intents"
              },
              "authenticated": false
            },
            "next_epoch": {
              "tag": "scalar",
              "value": "40"
            }
          }
        },
        "earliest_round": {
          "tag": "scalar",
          "value": "44"
        },
        "veto_before": {
          "tag": "scalar",
          "value": "43"
        },
        "relation": {
          "tag": "string",
          "value": "queued schedule does not alter signed wage caps"
        }
      }
    }
  ],
  "coverage": {
    "syntax": "checked when diagnostics empty",
    "names": "checked",
    "quantities": "nominal exact arithmetic",
    "financialRelations": "ConditionalOnLocalS0Preparation",
    "localS0Actions": [
      "pay_alice",
      "pay_bob"
    ],
    "authentication": "open",
    "ledgerCommit": "open"
  },
  "bounds": {
    "scalarAndQuantityMax": "340282366920938463463374607431768211455",
    "s0SignedFieldMax": "170141183460469231731687303715884105727",
    "s0Scope": "LocalS0ActionsOnly"
  },
  "requiredPremises": [
    "canonical-intent-signature",
    "snapshot-to-head",
    "head-extension",
    "atomic-ledger-compare-and-consume"
  ],
  "unverifiedBindings": [
    "agreement-id",
    "selected-program",
    "asset-scale",
    "authenticated-predecessor"
  ]
}
