{
  "status": "Expanded",
  "sourceHash": "18efde69e2361cff9a05a2c6ecc38c6e321d462d7bcfc38fdb18287e17214b98",
  "scenarioHash": "e02c0252587c907e04a8b13fdcd0cf746e5139c26561449943f9d742e6dc1750",
  "source6": "profile \"moriarty-financial-agreement-source/6\";\nagreement PayrollWeek {\ndomain NightPayroll;\nsettlement PayrollUSD scale 2;\nselected TransferLiteralFee source_hash \"claim-src-alice-w39\" digest \"claim-policy-payroll-w39\";\nintent {\nsigner PayrollDesk key \"desk-key-alice-w39\";\nnonce \"payroll-2026-09-w39-alice\";\npre_head \"desk-head-alice-w38\";\nvalid 40..52;\ngross_cap 246300;\nfee_cap 1225;\nnet_floor 245075;\nfailure success_only;\nsigned_action transfer from PayrollDesk to AliceChen fee_to PayrollProcessor value 245075 fee 1225;\nobservations empty;\ndisclosures empty;\nretained_effects empty;\nretained_duties empty;\ndelegation none;\nrecovery none;\n}\nauthenticated {\nhead \"desk-head-alice-w38\";\npredecessor \"desk-head-alice-w37\";\nround 44;\nbalance PayrollDesk 5000000;\nbalance AliceChen 15000;\nbalance PayrollProcessor 250;\nallowance PayrollDesk remaining 1000000 spent 200000;\nreplay unused;\nwork_remaining 8;\nwork_spent 2;\n}\nsubmit transfer from PayrollDesk to AliceChen fee_to PayrollProcessor value 245075 fee 1225;\neffects {\ndebit PayrollDesk 246300;\ncredit AliceChen 245075;\ncredit PayrollProcessor 1225;\nuse_allowance PayrollDesk 246300;\nuse_replay \"payroll-2026-09-w39-alice\";\nadvance_head \"desk-head-alice-w38\" \"desk-head-alice-w39\";\n}\npost_head \"desk-head-alice-w39\";\n}\n",
  "fieldMap": [
    {
      "field": "profile",
      "generatedSpan": {
        "start": 0,
        "end": 49
      },
      "origins": [
        "o0"
      ]
    },
    {
      "field": "agreement",
      "generatedSpan": {
        "start": 49,
        "end": 73
      },
      "origins": [
        "o1"
      ]
    },
    {
      "field": "domain",
      "generatedSpan": {
        "start": 73,
        "end": 94
      },
      "origins": [
        "o3"
      ]
    },
    {
      "field": "settlement",
      "generatedSpan": {
        "start": 94,
        "end": 125
      },
      "origins": [
        "o9",
        "o17"
      ]
    },
    {
      "field": "selected",
      "generatedSpan": {
        "start": 125,
        "end": 222
      },
      "origins": [
        "o0",
        "o19",
        "o56",
        "o57"
      ]
    },
    {
      "field": "intent",
      "generatedSpan": {
        "start": 222,
        "end": 231
      },
      "origins": [
        "o59"
      ]
    },
    {
      "field": "intent.signer",
      "generatedSpan": {
        "start": 231,
        "end": 276
      },
      "origins": [
        "o73",
        "o74"
      ]
    },
    {
      "field": "intent.nonce",
      "generatedSpan": {
        "start": 276,
        "end": 311
      },
      "origins": [
        "o75"
      ]
    },
    {
      "field": "intent.pre_head",
      "generatedSpan": {
        "start": 311,
        "end": 343
      },
      "origins": [
        "o76"
      ]
    },
    {
      "field": "intent.valid",
      "generatedSpan": {
        "start": 343,
        "end": 357
      },
      "origins": [
        "o78"
      ]
    },
    {
      "field": "intent.gross_cap",
      "generatedSpan": {
        "start": 357,
        "end": 375
      },
      "origins": [
        "o80"
      ]
    },
    {
      "field": "intent.fee_cap",
      "generatedSpan": {
        "start": 375,
        "end": 389
      },
      "origins": [
        "o82"
      ]
    },
    {
      "field": "intent.net_floor",
      "generatedSpan": {
        "start": 389,
        "end": 407
      },
      "origins": [
        "o84"
      ]
    },
    {
      "field": "intent.failure",
      "generatedSpan": {
        "start": 407,
        "end": 429
      },
      "origins": [
        "o85"
      ]
    },
    {
      "field": "intent.signed_action",
      "generatedSpan": {
        "start": 429,
        "end": 529
      },
      "origins": [
        "o19"
      ]
    },
    {
      "field": "intent.observations",
      "generatedSpan": {
        "start": 529,
        "end": 549
      },
      "origins": [
        "o86"
      ]
    },
    {
      "field": "intent.disclosures",
      "generatedSpan": {
        "start": 549,
        "end": 568
      },
      "origins": [
        "o87"
      ]
    },
    {
      "field": "intent.retained_effects",
      "generatedSpan": {
        "start": 568,
        "end": 592
      },
      "origins": [
        "o88"
      ]
    },
    {
      "field": "intent.retained_duties",
      "generatedSpan": {
        "start": 592,
        "end": 615
      },
      "origins": [
        "o89"
      ]
    },
    {
      "field": "intent.delegation",
      "generatedSpan": {
        "start": 615,
        "end": 632
      },
      "origins": [
        "o90"
      ]
    },
    {
      "field": "intent.recovery",
      "generatedSpan": {
        "start": 632,
        "end": 647
      },
      "origins": [
        "o91"
      ]
    },
    {
      "field": "intent.end",
      "generatedSpan": {
        "start": 647,
        "end": 649
      },
      "origins": [
        "o0"
      ]
    },
    {
      "field": "authenticated",
      "generatedSpan": {
        "start": 649,
        "end": 665
      },
      "origins": [
        "o0"
      ]
    },
    {
      "field": "scenario.head",
      "generatedSpan": {
        "start": 665,
        "end": 693
      },
      "origins": [
        "o92"
      ]
    },
    {
      "field": "scenario.predecessor",
      "generatedSpan": {
        "start": 693,
        "end": 728
      },
      "origins": [
        "o93"
      ]
    },
    {
      "field": "scenario.round",
      "generatedSpan": {
        "start": 728,
        "end": 738
      },
      "origins": [
        "o94"
      ]
    },
    {
      "field": "scenario.balances.0",
      "generatedSpan": {
        "start": 738,
        "end": 767
      },
      "origins": [
        "o95"
      ]
    },
    {
      "field": "scenario.balances.1",
      "generatedSpan": {
        "start": 767,
        "end": 792
      },
      "origins": [
        "o96"
      ]
    },
    {
      "field": "scenario.balances.2",
      "generatedSpan": {
        "start": 792,
        "end": 822
      },
      "origins": [
        "o97"
      ]
    },
    {
      "field": "scenario.allowance",
      "generatedSpan": {
        "start": 822,
        "end": 876
      },
      "origins": [
        "o98"
      ]
    },
    {
      "field": "scenario.replay",
      "generatedSpan": {
        "start": 876,
        "end": 891
      },
      "origins": [
        "o99"
      ]
    },
    {
      "field": "scenario.work_remaining",
      "generatedSpan": {
        "start": 891,
        "end": 909
      },
      "origins": [
        "o100"
      ]
    },
    {
      "field": "scenario.work_spent",
      "generatedSpan": {
        "start": 909,
        "end": 923
      },
      "origins": [
        "o101"
      ]
    },
    {
      "field": "authenticated.end",
      "generatedSpan": {
        "start": 923,
        "end": 925
      },
      "origins": [
        "o0"
      ]
    },
    {
      "field": "submit",
      "generatedSpan": {
        "start": 925,
        "end": 1018
      },
      "origins": [
        "o19"
      ]
    },
    {
      "field": "effects",
      "generatedSpan": {
        "start": 1018,
        "end": 1028
      },
      "origins": [
        "o0"
      ]
    },
    {
      "field": "effects.0",
      "generatedSpan": {
        "start": 1028,
        "end": 1054
      },
      "origins": [
        "o104"
      ]
    },
    {
      "field": "effects.1",
      "generatedSpan": {
        "start": 1054,
        "end": 1079
      },
      "origins": [
        "o105"
      ]
    },
    {
      "field": "effects.2",
      "generatedSpan": {
        "start": 1079,
        "end": 1109
      },
      "origins": [
        "o106"
      ]
    },
    {
      "field": "effects.3",
      "generatedSpan": {
        "start": 1109,
        "end": 1143
      },
      "origins": [
        "o107"
      ]
    },
    {
      "field": "effects.4",
      "generatedSpan": {
        "start": 1143,
        "end": 1183
      },
      "origins": [
        "o108"
      ]
    },
    {
      "field": "effects.5",
      "generatedSpan": {
        "start": 1183,
        "end": 1241
      },
      "origins": [
        "o109"
      ]
    },
    {
      "field": "effects.end",
      "generatedSpan": {
        "start": 1241,
        "end": 1243
      },
      "origins": [
        "o0"
      ]
    },
    {
      "field": "post_head",
      "generatedSpan": {
        "start": 1243,
        "end": 1276
      },
      "origins": [
        "o110"
      ]
    },
    {
      "field": "agreement.end",
      "generatedSpan": {
        "start": 1276,
        "end": 1278
      },
      "origins": [
        "o0"
      ]
    }
  ],
  "origins": [
    {
      "id": "o0",
      "kind": "generated",
      "rule": "beta1-to-source6-s0"
    },
    {
      "id": "o1",
      "kind": "source",
      "span": {
        "start": 715,
        "end": 726
      }
    },
    {
      "id": "o2",
      "kind": "source",
      "span": {
        "start": 1439,
        "end": 1444
      }
    },
    {
      "id": "o3",
      "kind": "derived",
      "rule": "resolved-reference-use-and-definition",
      "dependencies": [
        "o2",
        "o7"
      ]
    },
    {
      "id": "o4",
      "kind": "derived",
      "rule": "declaration-definition",
      "dependencies": [
        "o5",
        "o6"
      ]
    },
    {
      "id": "o5",
      "kind": "source",
      "span": {
        "start": 731,
        "end": 820
      }
    },
    {
      "id": "o6",
      "kind": "source",
      "span": {
        "start": 746,
        "end": 819
      }
    },
    {
      "id": "o7",
      "kind": "source",
      "span": {
        "start": 1439,
        "end": 1444
      },
      "dependencies": [
        "o4"
      ]
    },
    {
      "id": "o8",
      "kind": "source",
      "span": {
        "start": 1457,
        "end": 1460
      }
    },
    {
      "id": "o9",
      "kind": "derived",
      "rule": "resolved-reference-use-and-definition",
      "dependencies": [
        "o8",
        "o16"
      ]
    },
    {
      "id": "o10",
      "kind": "derived",
      "rule": "declaration-definition",
      "dependencies": [
        "o12",
        "o15"
      ]
    },
    {
      "id": "o11",
      "kind": "source",
      "span": {
        "start": 1048,
        "end": 1173
      }
    },
    {
      "id": "o12",
      "kind": "derived",
      "rule": "resolved-reference-use-and-definition",
      "dependencies": [
        "o11",
        "o13"
      ]
    },
    {
      "id": "o13",
      "kind": "source",
      "span": {
        "start": 1074,
        "end": 1079
      },
      "dependencies": [
        "o4"
      ]
    },
    {
      "id": "o14",
      "kind": "source",
      "span": {
        "start": 1060,
        "end": 1172
      }
    },
    {
      "id": "o15",
      "kind": "derived",
      "rule": "resolved-reference-use-and-definition",
      "dependencies": [
        "o14",
        "o13"
      ]
    },
    {
      "id": "o16",
      "kind": "source",
      "span": {
        "start": 1457,
        "end": 1460
      },
      "dependencies": [
        "o10"
      ]
    },
    {
      "id": "o17",
      "kind": "source",
      "span": {
        "start": 1114,
        "end": 1115
      }
    },
    {
      "id": "o18",
      "kind": "source",
      "span": {
        "start": 1734,
        "end": 1856
      }
    },
    {
      "id": "o19",
      "kind": "derived",
      "rule": "resolved-reference-use-and-definition",
      "dependencies": [
        "o18",
        "o26",
        "o33",
        "o40",
        "o48",
        "o55"
      ]
    },
    {
      "id": "o20",
      "kind": "derived",
      "rule": "declaration-definition",
      "dependencies": [
        "o22",
        "o25"
      ]
    },
    {
      "id": "o21",
      "kind": "source",
      "span": {
        "start": 823,
        "end": 875
      }
    },
    {
      "id": "o22",
      "kind": "derived",
      "rule": "resolved-reference-use-and-definition",
      "dependencies": [
        "o21",
        "o23"
      ]
    },
    {
      "id": "o23",
      "kind": "source",
      "span": {
        "start": 848,
        "end": 853
      },
      "dependencies": [
        "o4"
      ]
    },
    {
      "id": "o24",
      "kind": "source",
      "span": {
        "start": 838,
        "end": 874
      }
    },
    {
      "id": "o25",
      "kind": "derived",
      "rule": "resolved-reference-use-and-definition",
      "dependencies": [
        "o24",
        "o23"
      ]
    },
    {
      "id": "o26",
      "kind": "source",
      "span": {
        "start": 1756,
        "end": 1760
      },
      "dependencies": [
        "o20"
      ]
    },
    {
      "id": "o27",
      "kind": "derived",
      "rule": "declaration-definition",
      "dependencies": [
        "o29",
        "o32"
      ]
    },
    {
      "id": "o28",
      "kind": "source",
      "span": {
        "start": 878,
        "end": 929
      }
    },
    {
      "id": "o29",
      "kind": "derived",
      "rule": "resolved-reference-use-and-definition",
      "dependencies": [
        "o28",
        "o30"
      ]
    },
    {
      "id": "o30",
      "kind": "source",
      "span": {
        "start": 904,
        "end": 909
      },
      "dependencies": [
        "o4"
      ]
    },
    {
      "id": "o31",
      "kind": "source",
      "span": {
        "start": 894,
        "end": 928
      }
    },
    {
      "id": "o32",
      "kind": "derived",
      "rule": "resolved-reference-use-and-definition",
      "dependencies": [
        "o31",
        "o30"
      ]
    },
    {
      "id": "o33",
      "kind": "source",
      "span": {
        "start": 1772,
        "end": 1777
      },
      "dependencies": [
        "o27"
      ]
    },
    {
      "id": "o34",
      "kind": "derived",
      "rule": "declaration-definition",
      "dependencies": [
        "o36",
        "o39"
      ]
    },
    {
      "id": "o35",
      "kind": "source",
      "span": {
        "start": 983,
        "end": 1045
      }
    },
    {
      "id": "o36",
      "kind": "derived",
      "rule": "resolved-reference-use-and-definition",
      "dependencies": [
        "o35",
        "o37"
      ]
    },
    {
      "id": "o37",
      "kind": "source",
      "span": {
        "start": 1013,
        "end": 1018
      },
      "dependencies": [
        "o4"
      ]
    },
    {
      "id": "o38",
      "kind": "source",
      "span": {
        "start": 1003,
        "end": 1044
      }
    },
    {
      "id": "o39",
      "kind": "derived",
      "rule": "resolved-reference-use-and-definition",
      "dependencies": [
        "o38",
        "o37"
      ]
    },
    {
      "id": "o40",
      "kind": "source",
      "span": {
        "start": 1793,
        "end": 1802
      },
      "dependencies": [
        "o34"
      ]
    },
    {
      "id": "o41",
      "kind": "derived",
      "rule": "declaration-definition",
      "dependencies": [
        "o43",
        "o47"
      ]
    },
    {
      "id": "o42",
      "kind": "source",
      "span": {
        "start": 1176,
        "end": 1217
      }
    },
    {
      "id": "o43",
      "kind": "derived",
      "rule": "resolved-reference-use-and-definition",
      "dependencies": [
        "o42",
        "o44",
        "o45"
      ]
    },
    {
      "id": "o44",
      "kind": "source",
      "span": {
        "start": 1213,
        "end": 1216
      },
      "dependencies": [
        "o10"
      ]
    },
    {
      "id": "o45",
      "kind": "source",
      "span": {
        "start": 1198,
        "end": 1201
      },
      "dependencies": [
        "o10"
      ]
    },
    {
      "id": "o46",
      "kind": "source",
      "span": {
        "start": 1205,
        "end": 1216
      }
    },
    {
      "id": "o47",
      "kind": "derived",
      "rule": "resolved-reference-use-and-definition",
      "dependencies": [
        "o46",
        "o44"
      ]
    },
    {
      "id": "o48",
      "kind": "source",
      "span": {
        "start": 1817,
        "end": 1827
      },
      "dependencies": [
        "o41"
      ]
    },
    {
      "id": "o49",
      "kind": "derived",
      "rule": "declaration-definition",
      "dependencies": [
        "o51",
        "o54"
      ]
    },
    {
      "id": "o50",
      "kind": "source",
      "span": {
        "start": 1220,
        "end": 1248
      }
    },
    {
      "id": "o51",
      "kind": "derived",
      "rule": "resolved-reference-use-and-definition",
      "dependencies": [
        "o50",
        "o52"
      ]
    },
    {
      "id": "o52",
      "kind": "source",
      "span": {
        "start": 1244,
        "end": 1247
      },
      "dependencies": [
        "o10"
      ]
    },
    {
      "id": "o53",
      "kind": "source",
      "span": {
        "start": 1238,
        "end": 1247
      }
    },
    {
      "id": "o54",
      "kind": "derived",
      "rule": "resolved-reference-use-and-definition",
      "dependencies": [
        "o53",
        "o52"
      ]
    },
    {
      "id": "o55",
      "kind": "source",
      "span": {
        "start": 1840,
        "end": 1849
      },
      "dependencies": [
        "o49"
      ]
    },
    {
      "id": "o56",
      "kind": "source",
      "span": {
        "start": 1875,
        "end": 1896
      }
    },
    {
      "id": "o57",
      "kind": "source",
      "span": {
        "start": 1917,
        "end": 1943
      }
    },
    {
      "id": "o58",
      "kind": "source",
      "span": {
        "start": 1425,
        "end": 2110
      }
    },
    {
      "id": "o59",
      "kind": "derived",
      "rule": "resolved-reference-use-and-definition",
      "dependencies": [
        "o58",
        "o7",
        "o16",
        "o60",
        "o61",
        "o69",
        "o70",
        "o71",
        "o26",
        "o33",
        "o40",
        "o48",
        "o55"
      ]
    },
    {
      "id": "o60",
      "kind": "source",
      "span": {
        "start": 1474,
        "end": 1478
      },
      "dependencies": [
        "o20"
      ]
    },
    {
      "id": "o61",
      "kind": "source",
      "span": {
        "start": 1614,
        "end": 1619
      },
      "dependencies": [
        "o4"
      ]
    },
    {
      "id": "o62",
      "kind": "derived",
      "rule": "declaration-definition",
      "dependencies": [
        "o64",
        "o68"
      ]
    },
    {
      "id": "o63",
      "kind": "source",
      "span": {
        "start": 1251,
        "end": 1294
      }
    },
    {
      "id": "o64",
      "kind": "derived",
      "rule": "resolved-reference-use-and-definition",
      "dependencies": [
        "o63",
        "o65",
        "o66"
      ]
    },
    {
      "id": "o65",
      "kind": "source",
      "span": {
        "start": 1271,
        "end": 1281
      },
      "dependencies": [
        "o41"
      ]
    },
    {
      "id": "o66",
      "kind": "source",
      "span": {
        "start": 1284,
        "end": 1293
      },
      "dependencies": [
        "o49"
      ]
    },
    {
      "id": "o67",
      "kind": "source",
      "span": {
        "start": 1271,
        "end": 1293
      }
    },
    {
      "id": "o68",
      "kind": "derived",
      "rule": "resolved-reference-use-and-definition",
      "dependencies": [
        "o67",
        "o65",
        "o66"
      ]
    },
    {
      "id": "o69",
      "kind": "source",
      "span": {
        "start": 1655,
        "end": 1666
      },
      "dependencies": [
        "o62"
      ]
    },
    {
      "id": "o70",
      "kind": "source",
      "span": {
        "start": 1681,
        "end": 1690
      },
      "dependencies": [
        "o49"
      ]
    },
    {
      "id": "o71",
      "kind": "source",
      "span": {
        "start": 1707,
        "end": 1717
      },
      "dependencies": [
        "o41"
      ]
    },
    {
      "id": "o72",
      "kind": "source",
      "span": {
        "start": 1474,
        "end": 1478
      }
    },
    {
      "id": "o73",
      "kind": "derived",
      "rule": "resolved-reference-use-and-definition",
      "dependencies": [
        "o72",
        "o60"
      ]
    },
    {
      "id": "o74",
      "kind": "source",
      "span": {
        "start": 1489,
        "end": 1509
      }
    },
    {
      "id": "o75",
      "kind": "source",
      "span": {
        "start": 1522,
        "end": 1549
      }
    },
    {
      "id": "o76",
      "kind": "source",
      "span": {
        "start": 1565,
        "end": 1586
      }
    },
    {
      "id": "o77",
      "kind": "source",
      "span": {
        "start": 1599,
        "end": 1638
      }
    },
    {
      "id": "o78",
      "kind": "derived",
      "rule": "resolved-reference-use-and-definition",
      "dependencies": [
        "o77",
        "o61"
      ]
    },
    {
      "id": "o79",
      "kind": "source",
      "span": {
        "start": 1655,
        "end": 1666
      }
    },
    {
      "id": "o80",
      "kind": "derived",
      "rule": "resolved-reference-use-and-definition",
      "dependencies": [
        "o79",
        "o69"
      ]
    },
    {
      "id": "o81",
      "kind": "source",
      "span": {
        "start": 1681,
        "end": 1690
      }
    },
    {
      "id": "o82",
      "kind": "derived",
      "rule": "resolved-reference-use-and-definition",
      "dependencies": [
        "o81",
        "o70"
      ]
    },
    {
      "id": "o83",
      "kind": "source",
      "span": {
        "start": 1707,
        "end": 1717
      }
    },
    {
      "id": "o84",
      "kind": "derived",
      "rule": "resolved-reference-use-and-definition",
      "dependencies": [
        "o83",
        "o71"
      ]
    },
    {
      "id": "o85",
      "kind": "source",
      "span": {
        "start": 1958,
        "end": 1969
      }
    },
    {
      "id": "o86",
      "kind": "source",
      "span": {
        "start": 1989,
        "end": 1991
      }
    },
    {
      "id": "o87",
      "kind": "source",
      "span": {
        "start": 2010,
        "end": 2012
      }
    },
    {
      "id": "o88",
      "kind": "source",
      "span": {
        "start": 2036,
        "end": 2038
      }
    },
    {
      "id": "o89",
      "kind": "source",
      "span": {
        "start": 2061,
        "end": 2063
      }
    },
    {
      "id": "o90",
      "kind": "source",
      "span": {
        "start": 2081,
        "end": 2085
      }
    },
    {
      "id": "o91",
      "kind": "source",
      "span": {
        "start": 2101,
        "end": 2105
      }
    },
    {
      "id": "o92",
      "kind": "scenario",
      "pointer": "/head"
    },
    {
      "id": "o93",
      "kind": "scenario",
      "pointer": "/predecessor"
    },
    {
      "id": "o94",
      "kind": "scenario",
      "pointer": "/round"
    },
    {
      "id": "o95",
      "kind": "scenario",
      "pointer": "/balances/0"
    },
    {
      "id": "o96",
      "kind": "scenario",
      "pointer": "/balances/1"
    },
    {
      "id": "o97",
      "kind": "scenario",
      "pointer": "/balances/2"
    },
    {
      "id": "o98",
      "kind": "scenario",
      "pointer": "/allowance"
    },
    {
      "id": "o99",
      "kind": "scenario",
      "pointer": "/replay"
    },
    {
      "id": "o100",
      "kind": "scenario",
      "pointer": "/work_remaining"
    },
    {
      "id": "o101",
      "kind": "scenario",
      "pointer": "/work_spent"
    },
    {
      "id": "o102",
      "kind": "scenario",
      "pointer": "/post_head"
    },
    {
      "id": "o103",
      "kind": "scenario",
      "pointer": "/balances"
    },
    {
      "id": "o104",
      "kind": "derived",
      "rule": "literal-transfer-proposal",
      "dependencies": [
        "o19",
        "o3",
        "o73",
        "o75",
        "o76",
        "o102",
        "o103"
      ]
    },
    {
      "id": "o105",
      "kind": "derived",
      "rule": "literal-transfer-proposal",
      "dependencies": [
        "o19",
        "o3",
        "o73",
        "o75",
        "o76",
        "o102",
        "o103"
      ]
    },
    {
      "id": "o106",
      "kind": "derived",
      "rule": "literal-transfer-proposal",
      "dependencies": [
        "o19",
        "o3",
        "o73",
        "o75",
        "o76",
        "o102",
        "o103"
      ]
    },
    {
      "id": "o107",
      "kind": "derived",
      "rule": "literal-transfer-proposal",
      "dependencies": [
        "o19",
        "o3",
        "o73",
        "o75",
        "o76",
        "o102",
        "o103"
      ]
    },
    {
      "id": "o108",
      "kind": "derived",
      "rule": "literal-transfer-proposal",
      "dependencies": [
        "o19",
        "o3",
        "o73",
        "o75",
        "o76",
        "o102",
        "o103"
      ]
    },
    {
      "id": "o109",
      "kind": "derived",
      "rule": "literal-transfer-proposal",
      "dependencies": [
        "o19",
        "o3",
        "o73",
        "o75",
        "o76",
        "o102",
        "o103"
      ]
    },
    {
      "id": "o110",
      "kind": "scenario",
      "pointer": "/post_head"
    }
  ],
  "proposalNote": null,
  "qualification": "local-stipulation-only"
}
