{
  "status": "PreparedUnqualified",
  "sourceHash": "18efde69e2361cff9a05a2c6ecc38c6e321d462d7bcfc38fdb18287e17214b98",
  "scenarioHash": "1fe4a5b8358efee8f8fe6cccbe1887eebf217d3ee82110284a3851b2910e5fb6",
  "result": {
    "status": "PreparedUnqualified",
    "ast": {
      "profile": "moriarty-financial-agreement-source/6",
      "programId": "PayrollWeek",
      "domain": "NightPayroll",
      "settlement": {
        "asset": "PayrollUSD",
        "scale": "2"
      },
      "selected": {
        "actionId": "TransferLiteralFee",
        "sourceHash": "claim-src-bob-w39",
        "policyDigest": "claim-policy-payroll-w39"
      },
      "intent": {
        "signer": "PayrollDesk",
        "keyRef": "desk-key-bob-w39",
        "nonce": "payroll-2026-09-w39-bob",
        "preHead": "desk-head-bob-w38",
        "notBefore": "40",
        "notAfter": "52",
        "grossCap": "188490",
        "feeCap": "940",
        "netFloor": "187550",
        "signedAction": {
          "kind": "Transfer",
          "from": "PayrollDesk",
          "to": "BobOkoye",
          "feeTo": "PayrollProcessor",
          "value": "187550",
          "fee": "940"
        },
        "failure": "success_only",
        "observations": "empty",
        "disclosures": "empty",
        "retainedEffects": "empty",
        "retainedDuties": "empty",
        "delegation": "none",
        "recovery": "none"
      },
      "authenticated": {
        "head": "desk-head-bob-w38",
        "predecessor": "desk-head-bob-w37",
        "round": "44",
        "balances": [
          {
            "account": "PayrollDesk",
            "amount": "3200000"
          },
          {
            "account": "BobOkoye",
            "amount": "0"
          },
          {
            "account": "PayrollProcessor",
            "amount": "8800"
          }
        ],
        "allowance": {
          "owner": "PayrollDesk",
          "remaining": "800000",
          "spent": "50000"
        },
        "replay": "unused",
        "workRemaining": "5",
        "workSpent": "1"
      },
      "submitted": {
        "action": {
          "kind": "Transfer",
          "from": "PayrollDesk",
          "to": "BobOkoye",
          "feeTo": "PayrollProcessor",
          "value": "187550",
          "fee": "940"
        },
        "effects": [
          {
            "kind": "Debit",
            "account": "PayrollDesk",
            "asset": "PayrollUSD",
            "amount": "188490"
          },
          {
            "kind": "Credit",
            "account": "BobOkoye",
            "asset": "PayrollUSD",
            "amount": "187550"
          },
          {
            "kind": "Credit",
            "account": "PayrollProcessor",
            "asset": "PayrollUSD",
            "amount": "940"
          },
          {
            "kind": "UseAllowance",
            "owner": "PayrollDesk",
            "amount": "188490"
          },
          {
            "kind": "UseReplay",
            "key": "payroll-2026-09-w39-bob"
          },
          {
            "kind": "AdvanceHead",
            "predecessor": "desk-head-bob-w38",
            "successor": "desk-head-bob-w39"
          }
        ],
        "postHead": "desk-head-bob-w39"
      }
    },
    "candidate": {
      "status": "PreparedUnqualified",
      "core": "moriarty-core/5",
      "preHead": "desk-head-bob-w38",
      "effects": [
        {
          "kind": "Debit",
          "account": "PayrollDesk",
          "asset": "PayrollUSD",
          "amount": "188490"
        },
        {
          "kind": "Credit",
          "account": "BobOkoye",
          "asset": "PayrollUSD",
          "amount": "187550"
        },
        {
          "kind": "Credit",
          "account": "PayrollProcessor",
          "asset": "PayrollUSD",
          "amount": "940"
        },
        {
          "kind": "UseAllowance",
          "owner": "PayrollDesk",
          "amount": "188490"
        },
        {
          "kind": "UseReplay",
          "key": "[\"NightPayroll\",\"PayrollDesk\",\"payroll-2026-09-w39-bob\"]"
        },
        {
          "kind": "AdvanceHead",
          "predecessor": "desk-head-bob-w38",
          "successor": "desk-head-bob-w39"
        }
      ],
      "candidatePost": {
        "core": "moriarty-core/5",
        "domain": "NightPayroll",
        "asset": "PayrollUSD",
        "head": "desk-head-bob-w39",
        "round": "44",
        "workRemaining": "4",
        "workSpent": "2",
        "balances": [
          {
            "account": "PayrollDesk",
            "amount": "3011510"
          },
          {
            "account": "BobOkoye",
            "amount": "187550"
          },
          {
            "account": "PayrollProcessor",
            "amount": "9740"
          }
        ],
        "allowances": [
          {
            "owner": "PayrollDesk",
            "remaining": "611510",
            "spent": "238490"
          }
        ],
        "obligations": [],
        "consumedReplay": [
          "[\"NightPayroll\",\"PayrollDesk\",\"payroll-2026-09-w39-bob\"]"
        ]
      },
      "requiredPremises": [
        "canonical-intent-signature",
        "snapshot-to-head",
        "head-extension",
        "atomic-ledger-compare-and-consume"
      ]
    },
    "unverifiedBindings": [
      "agreement-id",
      "selected-program",
      "asset-scale",
      "authenticated-predecessor"
    ]
  },
  "qualification": "local-stipulation-only"
}
