{
  "status": "CoreRejected",
  "sourceHash": "dcef7a9b9b1b6c8a8c655e347dd7d8155e35ac64a8b4ab2b8bcce1409a96df25",
  "scenarioHash": "e02c0252587c907e04a8b13fdcd0cf746e5139c26561449943f9d742e6dc1750",
  "result": {
    "status": "CoreRejected",
    "ast": {
      "profile": "moriarty-financial-agreement-source/6",
      "programId": "PayrollFeeOverCap",
      "domain": "NightPayroll",
      "settlement": {
        "asset": "PayrollUSD",
        "scale": "2"
      },
      "selected": {
        "actionId": "TransferLiteralFee",
        "sourceHash": "claim-src-alice-w39",
        "policyDigest": "claim-policy-payroll-w39"
      },
      "intent": {
        "signer": "PayrollDesk",
        "keyRef": "desk-key-alice-w39",
        "nonce": "payroll-2026-09-w39-alice",
        "preHead": "desk-head-alice-w38",
        "notBefore": "40",
        "notAfter": "52",
        "grossCap": "246300",
        "feeCap": "1000",
        "netFloor": "245075",
        "signedAction": {
          "kind": "Transfer",
          "from": "PayrollDesk",
          "to": "AliceChen",
          "feeTo": "PayrollProcessor",
          "value": "245075",
          "fee": "1225"
        },
        "failure": "success_only",
        "observations": "empty",
        "disclosures": "empty",
        "retainedEffects": "empty",
        "retainedDuties": "empty",
        "delegation": "none",
        "recovery": "none"
      },
      "authenticated": {
        "head": "desk-head-alice-w38",
        "predecessor": "desk-head-alice-w37",
        "round": "44",
        "balances": [
          {
            "account": "PayrollDesk",
            "amount": "5000000"
          },
          {
            "account": "AliceChen",
            "amount": "15000"
          },
          {
            "account": "PayrollProcessor",
            "amount": "250"
          }
        ],
        "allowance": {
          "owner": "PayrollDesk",
          "remaining": "1000000",
          "spent": "200000"
        },
        "replay": "unused",
        "workRemaining": "8",
        "workSpent": "2"
      },
      "submitted": {
        "action": {
          "kind": "Transfer",
          "from": "PayrollDesk",
          "to": "AliceChen",
          "feeTo": "PayrollProcessor",
          "value": "245075",
          "fee": "1225"
        },
        "effects": [
          {
            "kind": "Debit",
            "account": "PayrollDesk",
            "asset": "PayrollUSD",
            "amount": "246300"
          },
          {
            "kind": "Credit",
            "account": "AliceChen",
            "asset": "PayrollUSD",
            "amount": "245075"
          },
          {
            "kind": "Credit",
            "account": "PayrollProcessor",
            "asset": "PayrollUSD",
            "amount": "1225"
          },
          {
            "kind": "UseAllowance",
            "owner": "PayrollDesk",
            "amount": "246300"
          },
          {
            "kind": "UseReplay",
            "key": "payroll-2026-09-w39-alice"
          },
          {
            "kind": "AdvanceHead",
            "predecessor": "desk-head-alice-w38",
            "successor": "desk-head-alice-w39"
          }
        ],
        "postHead": "desk-head-alice-w39"
      }
    },
    "rejection": {
      "status": "Rejected",
      "judgment": "intent",
      "code": "S0_INTENT_SCOPE",
      "diagnosticWork": 1,
      "publishedPost": null,
      "publishedEffects": null
    }
  },
  "qualification": "local-stipulation-only"
}
