✔ initialized composition replays history once before store access and only submits swap and close (12.255431ms)
✔ initialized publicCheck failure stops calls and cleans owned resources (4.089656ms)
✔ initialized checkWallet failure stops calls and cleans owned resources (3.210789ms)
✔ initialized preserveStore failure stops calls and cleans owned resources (2.806285ms)
✔ initialized checkPrivate failure stops calls and cleans owned resources (2.169571ms)
✔ failed initialized historical deploy comparison prevents snapshot and providers (2.094829ms)
✔ failed initialized historical initialize comparison prevents snapshot and providers (1.884583ms)
✔ initialized actual store mismatch stops before setup (2.687214ms)
✔ initialized actual limits mismatch stops before setup (2.391834ms)
✔ initialized actual role mismatch stops before setup (5.577522ms)
✔ initialized actual build mismatch stops before setup (2.040029ms)
✔ production rejects continuation adapters; source fixture requires every gate (9.895871ms)
✔ initialized publicCheck requires its closed success result (1.838442ms)
✔ initialized preserveStore requires its closed success result (4.739866ms)
✔ initialized checkPrivate requires its closed success result (1.789896ms)
✔ closed swap plan reads both actual public histories from same source result (95.232954ms)
✔ closed swap plan rejects consumed allocation and altered/exclusive descriptor (0.507884ms)
✔ closed swap plan rejects consumed allocation and altered/exclusive descriptor (0.304973ms)
✔ closed swap plan rejects consumed allocation and altered/exclusive descriptor (0.325545ms)
✔ closed swap plan rejects consumed allocation and altered/exclusive descriptor (0.075191ms)
✔ closed swap plan rejects consumed allocation and altered/exclusive descriptor (0.054976ms)
✔ composed swap plan getters rejected without invocation before setup (0.334407ms)
✔ missing initialized mint stops before preservation and new dispatch (2.297981ms)
✔ retains closed swap diagnostic SWAP_CONTINUATION_DEPLOY_STATE (0.664176ms)
✔ retains closed swap diagnostic SWAP_CONTINUATION_PRIVATE_READ (0.975396ms)
✔ retains closed swap diagnostic SWAP_CONTINUATION_WALLET_HISTORY (0.943375ms)
✔ full composition prepares address then binds colors once and records every stage before next call (10.205461ms)
✔ wrong network rejects before preparation and bounded-cleans supplied wallet (0.646559ms)
✔ wrong SDK network rejects before preparation and bounded-cleans supplied wallet (0.386498ms)
✔ wrong payer rejects before preparation and bounded-cleans supplied wallet (0.391593ms)
✔ public endpoint rejects before preparation and bounded-cleans supplied wallet (0.169343ms)
✔ missing protocol rejects before preparation and bounded-cleans supplied wallet (0.172767ms)
✔ unknown logical asset rejects before preparation and bounded-cleans supplied wallet (1.291876ms)
✔ provider construction failure preserves failure and cleans wallet/assets (2.910052ms)
✔ driver failure before its cleanup ownership guard falls back to wallet cleanup (3.889397ms)
✔ driver throw without cleanup receipt falls back to owned providers exactly once (2.664927ms)
✔ onStage failed retention stops before another transaction (3.149962ms)
✔ source adapters cannot silently switch into production mode (0.588584ms)
✔ local RPC uses one bounded nonredirecting request and validates its response identity (43.118798ms)
✔ local RPC aborts an unresponsive inert request by absolute deadline (30.309022ms)
✔ swap waits for exact wallet mint after durable initialize comparison and before actual driver swap (4.497524ms)
✔ missing initialized wallet mint stops actual driver before swap and close (1.115912ms)
✔ wallet sync that crosses the admission deadline prevents swap (0.947262ms)
✔ asset mutation after a recorded stage stops before the next SDK stage (0.82689ms)
✔ inert contained success is explicitly source-only and never financial acceptance (0.785584ms)
✔ RPC rejects mismatched IDs and oversized bodies without a retry (0.699864ms)
✔ protocol and reviewed callbacks remain captured after asynchronous preparation starts (4.357815ms)
✔ recovery composition restores before real driver, observes historical deploy once and submits only three calls (5.498402ms)
✔ recovery publicCheck failure stops before driver and cleans owned resources (1.098201ms)
✔ recovery checkWallet failure stops before driver and cleans owned resources (1.206569ms)
✔ recovery reconstruct failure stops before driver and cleans owned resources (0.853832ms)
✔ recovery inspectStore failure stops before driver and cleans owned resources (1.541958ms)
✔ recovery restore failure stops before driver and cleans owned resources (1.487274ms)
✔ recovery wallet synchronization rejection prevents constructor, store and driver (0.939031ms)
✔ recovery rejects actual allocation differing from closed plan before recovery work (0.476772ms)
✔ recovery rejects actual submissions differing from closed plan before recovery work (0.39825ms)
✔ recovery rejects actual dust differing from closed plan before recovery work (0.273716ms)
✔ recovery rejects actual gross cap differing from closed plan before recovery work (0.33823ms)
✔ recovery rejects actual deadline differing from closed plan before recovery work (1.003738ms)
✔ recovery rejects actual journal differing from closed plan before recovery work (0.6796ms)
✔ recovery rejects actual store directory differing from closed plan before recovery work (0.536628ms)
✔ recovery rejects actual store namespace differing from closed plan before recovery work (0.934147ms)
✔ recovery rejects actual role differing from closed plan before recovery work (2.053132ms)
✔ recovery rejects actual wallet differing from closed plan before recovery work (0.889229ms)
✔ recovery rejects actual network tag differing from closed plan before recovery work (2.97198ms)
✔ recovery rejects actual build differing from closed plan before recovery work (0.832485ms)
✔ recovery plan rejects changed deployment identity and unchecked identity shortcut (0.786004ms)
✔ production integration rejects recovery adapters before loading runtime or touching private state (0.293491ms)
✔ source recovery requires all recovery adapters (2.02382ms)
✔ nonempty recovery destination stops before provider creation and driver (0.818323ms)
✔ recovery rejects deployment identity getter before cloning or executing it (0.316198ms)
✔ initialized composition replays history once before store access and only submits accrue and settle (4.480409ms)
✔ initialized publicCheck failure stops calls and cleans owned resources (1.175999ms)
✔ initialized checkWallet failure stops calls and cleans owned resources (0.841992ms)
✔ initialized preserveStore failure stops calls and cleans owned resources (0.771825ms)
✔ initialized checkPrivate failure stops calls and cleans owned resources (0.813277ms)
✔ failed initialized historical deploy comparison prevents snapshot and providers (0.851619ms)
✔ failed initialized historical initialize comparison prevents snapshot and providers (8.549365ms)
✔ initialized actual store mismatch stops before setup (2.009224ms)
✔ initialized actual limits mismatch stops before setup (0.581035ms)
✔ initialized actual role mismatch stops before setup (0.708571ms)
✔ initialized actual build mismatch stops before setup (1.886266ms)
✔ production rejects continuation adapters; source fixture requires every gate (4.056645ms)
✔ initialized publicCheck requires its closed success result (4.273167ms)
✔ initialized preserveStore requires its closed success result (2.317655ms)
✔ initialized checkPrivate requires its closed success result (2.791211ms)
✔ integration failure emits only a closed code and excludes unknown SDK text (1.191236ms)
✔ actual production preflight failure survives durable launcher retention with its closed code (1.298773ms)
✔ control composes actual driver, observer/native decoder and comparator with source-only durable retention (196.280305ms)
✔ composed negative: wrong payer binding after durable deploy stops and preserves charged public failure evidence (31.05597ms)
✔ composed negative: wrong indexed recipient in initialize stops and preserves charged public failure evidence (48.390229ms)
✔ composed negative: deleted wire fee fields stops and preserves charged public failure evidence (46.358001ms)
✔ composed negative: deleted observed fee fields stops and preserves charged public failure evidence (23.761144ms)
✔ composed negative: understated native debit after actual observer stops and preserves charged public failure evidence (27.429742ms)
✔ composed negative: wrong native payer in settle observation stops and preserves charged public failure evidence (78.56399ms)
✔ Preview composition connects actual stage driver, native observer and independent comparator (268.198172ms)
✔ Preview composition stops wrong target and owns cleanup (0.560903ms)
✔ Preview composition stops wrong genesis and owns cleanup (0.603351ms)
✔ Preview composition stops wrong original wallet and owns cleanup (0.569727ms)
✔ Preview composition stops injected production dependency and owns cleanup (0.211379ms)
✔ Preview composition stops retention failed and owns cleanup (35.481533ms)
✔ actual Preview owner decoding rejects a wrong initialize recipient before next call (62.735506ms)
✔ actual independent comparator rejects understated observed native fee (18.873901ms)
✔ Preview composition uses real exclusive reservations and guarded provider lifecycle without invoking wallet transaction APIs (88.90088ms)
✔ Preview setup deadline rejects a late public response before build/provider construction (1.026431ms)
✔ Preview integration cannot report completion after loader cleanup exceeds deadline (73.063757ms)
✔ Preview loan reuses exact local custody arguments and guarded compare-before-next-call order (3.014955ms)
✔ Preview swap reuses exact local custody arguments and guarded compare-before-next-call order (0.803822ms)
✔ Preview rejects wrong entry network before any SDK operation and cleans up (1.083532ms)
✔ Preview rejects wrong SDK network before any SDK operation and cleans up (0.190222ms)
✔ Preview rejects wrong payer before any SDK operation and cleans up (0.157439ms)
✔ Preview rejects wrong node before any SDK operation and cleans up (0.145486ms)
✔ Preview rejects wrong indexer before any SDK operation and cleans up (0.139914ms)
✔ Preview rejects wrong WS before any SDK operation and cleans up (0.130788ms)
✔ Preview rejects remote prover before any SDK operation and cleans up (0.176031ms)
✔ Preview rejects existingDeployment before any SDK operation and cleans up (0.165667ms)
✔ Preview rejects initializedLoan before any SDK operation and cleans up (0.101602ms)
✔ Preview rejects initializedSwap before any SDK operation and cleans up (0.111041ms)
✔ Preview rejects stable-target binding mutation before the next submission (0.633911ms)
✔ Preview budget failure prevents next SDK call and retains known identifiers (0.755186ms)
✔ Preview observe failure prevents next SDK call and retains known identifiers (0.825653ms)
✔ Preview compare failure prevents next SDK call and retains known identifiers (1.592077ms)
✔ Preview incomplete cleanup cannot produce PASS (1.536888ms)
✔ fixed swap mint matches an actual SDK decoded available coin, without authority claims (6.772787ms)
✔ swap mint gate rejects missing receipt (1.09923ms)
✔ swap mint gate rejects wrong stage (0.477742ms)
✔ swap mint gate rejects wrong tx hash (0.386423ms)
✔ swap mint gate rejects missing id (0.425393ms)
✔ swap mint gate rejects unfinalized metadata (0.35572ms)
✔ swap mint gate rejects wrong protocol (0.26995ms)
✔ swap mint gate rejects missing mint (0.949594ms)
✔ swap mint gate rejects extra mint (0.533368ms)
✔ swap mint gate rejects native input (0.509097ms)
✔ swap mint gate rejects wrong action (0.340481ms)
✔ swap mint gate rejects wrong contract (0.306059ms)
✔ swap mint gate rejects wrong physical segment (0.326705ms)
✔ swap mint gate rejects wrong native section (0.501141ms)
✔ swap mint gate rejects wrong native index (0.3108ms)
✔ swap mint gate rejects wrong native owner (1.10796ms)
✔ swap mint gate rejects wrong native type (1.312609ms)
✔ swap mint gate rejects wrong native value (1.813053ms)
✔ swap mint gate rejects malformed native origin (1.3075ms)
✔ swap mint gate rejects same roles (0.766956ms)
✔ swap mint gate rejects same assets (0.355245ms)
✔ swap mint gate rejects disconnected shielded (0.507218ms)
✔ swap mint gate rejects incomplete unshielded (0.318566ms)
✔ swap mint gate rejects missing dust progress (0.269565ms)
✔ swap mint gate rejects pending dust (0.297043ms)
✔ swap mint gate rejects pending coin (0.320955ms)
✔ swap mint gate rejects missing available coin (0.322382ms)
✔ swap mint gate rejects duplicate available coin (0.258861ms)
✔ swap mint gate rejects rawhex wallet owner (0.438499ms)
✔ swap mint gate rejects wrong wallet owner (4.959355ms)
✔ swap mint gate rejects wrong wallet network (0.415626ms)
✔ swap mint gate rejects wrong wallet type (0.242481ms)
✔ swap mint gate rejects wrong wallet amount (0.227135ms)
✔ swap mint gate rejects string wallet amount (1.112061ms)
✔ swap mint gate rejects wrong wallet origin (0.563841ms)
✔ swap mint gate rejects wrong wallet index (0.288472ms)
✔ swap mint gate rejects flattened coin (0.234893ms)
✔ unrelated correctly shaped coins do not hide exact mint duplicates or fund the predicate (0.399509ms)
✔ actual compiled swap fallible mint matches its exact SDK-decoded available coin (60.8545ms)
✔ fallible mint cannot use the guaranteed origin namespace (33.015977ms)
✔ Preview swap available coin uses explicit SDK owner network while default stays local (18.290782ms)
ℹ tests 164
ℹ suites 0
ℹ pass 164
ℹ fail 0
ℹ cancelled 0
ℹ skipped 0
ℹ todo 0
ℹ duration_ms 1296.686371
