✔ Preview composition connects actual stage driver, native observer and independent comparator (136.106381ms)
✔ Preview composition stops wrong target and owns cleanup (0.638846ms)
✔ Preview composition stops wrong genesis and owns cleanup (0.656508ms)
✔ Preview composition stops wrong original wallet and owns cleanup (0.517975ms)
✔ Preview composition stops injected production dependency and owns cleanup (0.192555ms)
✔ Preview composition stops retention failed and owns cleanup (16.834996ms)
✔ actual Preview owner decoding rejects a wrong initialize recipient before next call (31.445409ms)
✔ actual independent comparator rejects understated observed native fee (14.747935ms)
✔ fixed swap mint matches an actual SDK decoded available coin, without authority claims (5.633907ms)
✔ swap mint gate rejects missing receipt (1.469496ms)
✔ swap mint gate rejects wrong stage (1.472971ms)
✔ swap mint gate rejects wrong tx hash (0.584318ms)
✔ swap mint gate rejects missing id (0.420087ms)
✔ swap mint gate rejects unfinalized metadata (0.349122ms)
✔ swap mint gate rejects wrong protocol (0.312694ms)
✔ swap mint gate rejects missing mint (0.353816ms)
✔ swap mint gate rejects extra mint (0.371015ms)
✔ swap mint gate rejects native input (0.479102ms)
✔ swap mint gate rejects wrong action (0.33973ms)
✔ swap mint gate rejects wrong contract (0.276874ms)
✔ swap mint gate rejects wrong physical segment (0.297589ms)
✔ swap mint gate rejects wrong native section (0.265835ms)
✔ swap mint gate rejects wrong native index (0.244099ms)
✔ swap mint gate rejects wrong native owner (0.25337ms)
✔ swap mint gate rejects wrong native type (0.279285ms)
✔ swap mint gate rejects wrong native value (0.274329ms)
✔ swap mint gate rejects malformed native origin (0.255962ms)
✔ swap mint gate rejects same roles (0.223998ms)
✔ swap mint gate rejects same assets (0.226029ms)
✔ swap mint gate rejects disconnected shielded (0.240142ms)
✔ swap mint gate rejects incomplete unshielded (0.272166ms)
✔ swap mint gate rejects missing dust progress (0.271675ms)
✔ swap mint gate rejects pending dust (0.354847ms)
✔ swap mint gate rejects pending coin (0.436194ms)
✔ swap mint gate rejects missing available coin (0.280082ms)
✔ swap mint gate rejects duplicate available coin (0.270361ms)
✔ swap mint gate rejects rawhex wallet owner (0.367954ms)
✔ swap mint gate rejects wrong wallet owner (0.872495ms)
✔ swap mint gate rejects wrong wallet network (1.423656ms)
✔ swap mint gate rejects wrong wallet type (1.343308ms)
✔ swap mint gate rejects wrong wallet amount (1.424015ms)
✔ swap mint gate rejects string wallet amount (5.079864ms)
✔ swap mint gate rejects wrong wallet origin (0.48433ms)
✔ swap mint gate rejects wrong wallet index (0.267619ms)
✔ swap mint gate rejects flattened coin (0.198567ms)
✔ unrelated correctly shaped coins do not hide exact mint duplicates or fund the predicate (0.34547ms)
✔ actual compiled swap fallible mint matches its exact SDK-decoded available coin (46.871641ms)
✔ fallible mint cannot use the guaranteed origin namespace (29.941756ms)
✔ Preview swap available coin uses explicit SDK owner network while default stays local (16.167584ms)
ℹ tests 49
ℹ suites 0
ℹ pass 49
ℹ fail 0
ℹ cancelled 0
ℹ skipped 0
ℹ todo 0
ℹ duration_ms 996.706138
