(node:1932889) TimeoutNegativeWarning: -1 is a negative number.
Timeout duration was set to 1.
(Use `node --trace-warnings ...` to show where the warning was created)
✔ Preview composition connects actual stage driver, native observer and independent comparator (124.401717ms)
✔ Preview composition stops wrong target and owns cleanup (0.558268ms)
✔ Preview composition stops wrong genesis and owns cleanup (0.542784ms)
✔ Preview composition stops wrong original wallet and owns cleanup (0.632945ms)
✔ Preview composition stops injected production dependency and owns cleanup (0.128495ms)
✔ Preview composition stops retention failed and owns cleanup (17.013362ms)
✔ actual Preview owner decoding rejects a wrong initialize recipient before next call (31.699986ms)
✔ actual independent comparator rejects understated observed native fee (14.265703ms)
✔ Preview composition uses real exclusive reservations and guarded provider lifecycle without invoking wallet transaction APIs (70.67093ms)
✔ Preview setup deadline rejects a late public response before build/provider construction (1.059244ms)
✖ Preview integration cannot report completion after loader cleanup exceeds deadline (63.78652ms)
ℹ tests 11
ℹ suites 0
ℹ pass 10
ℹ fail 1
ℹ cancelled 0
ℹ skipped 0
ℹ todo 0
ℹ duration_ms 499.344927

✖ failing tests:

test at experiments/moriarty-midnight-financial/ledger/preview-integration.test.mjs:106:1
✖ Preview integration cannot report completion after loader cleanup exceeds deadline (63.78652ms)
  AssertionError [ERR_ASSERTION]: Missing expected rejection.
      at async TestContext.<anonymous> (file:///home/charl/Moriarty/.worktrees/sp05-preview-owner/experiments/moriarty-midnight-financial/ledger/preview-integration.test.mjs:109:2)
      at async Test.run (node:internal/test_runner/test:1332:7)
      at async Test.processPendingSubtests (node:internal/test_runner/test:911:7) {
    generatedMessage: false,
    code: 'ERR_ASSERTION',
    actual: undefined,
    expected: { message: 'INTEGRATION_DEADLINE' },
    operator: 'rejects',
    diff: 'simple'
  }
