✔ factory exposes /5 plus Core /4 and does not export a resumable prefix (0.886833ms)
✔ parser accepts nested record constructors and u64 literals (7.264736ms)
✔ elaborate and check bind four protected operations structurally (19.046591ms)
✔ source consumer originates, accrues and repays through the real kernel (33.163596ms)
✔ example file check and evaluate match the API (9.493176ms)
✔ structural binding rejects missing Accrue, Quantity/Amount mix and UInt128 period fields (1.766261ms)
✔ Accrue against a different denomination rejects NOMINAL_UNIT (10.440327ms)
✔ /4 profile still rejects Originate and keeps Core /3 (0.844244ms)
✔ false ensure after origination publishes no IDs or debit (5.842392ms)
▶ exports
  ✔ REPAYMENT_VERSION and immutable REPAYMENT_BOUNDS (0.812491ms)
✔ exports (1.332839ms)
▶ example fixture file
  ✔ exact compact JSON without trailing newline and accepted by prepareRepayment (4.625727ms)
  ✔ trailing newline is not a valid source (0.386128ms)
✔ example fixture file (5.23383ms)
▶ positive funded repayment
  ✔ due100 principal 100 / accrued 0, Transfer 30 then Repay 30 (2.007481ms)
  ✔ TX02 AccrualFirst P100/A10 Transfer7/Repay7 leaves P100/A3/outstanding 103 (0.387881ms)
  ✔ PrincipalFirst P100/A10 N7 discharges 93/10 (0.673878ms)
  ✔ ProRata P100/A10 N7 is floor(7*100/110)=6 so 94/9 (0.498129ms)
  ✔ two allocations 10+20 of transfer 30 to distinct obligations succeed (0.342556ms)
  ✔ same allocation id reused across two Repay actions rejects (0.396774ms)
  ✔ 20+20 against a transfer of 30 rejects the over-allocation (0.520577ms)
  ✔ exact full repayment keeps Settled tombstone; reuse of post rejects; independent second discharge works (1.202575ms)
  ✔ nominal USD_micro settled via USD_TOKEN mantissa 2 scale 0: N30 -> cash 60 (0.238866ms)
  ✔ floor conversion 4 * 3 / 10^1 = 1 remainder 2 => settlement 1 (0.253983ms)
  ✔ ceil conversion 4 * 3 / 10^1 = 1 remainder 2 => settlement 2 (0.13881ms)
  ✔ none conversion rejects 4 * 3 / 10^1 because remainder is 2 (0.143494ms)
  ✔ exact division 10 * 3 / 10^1 remainder 0 yields settlement 3 for none, floor, and ceil (0.254988ms)
  ✔ floor conversion 1 * 1 / 10^1 = 0 is dust and rejects (0.334103ms)
  ✔ none conversion 1 * 1 / 10^1 is inexact and rejects (0.122595ms)
  ✔ ceil conversion 1 * 1 / 10^1 remainder 1 yields settlement 1 (0.10817ms)
  ✔ scale 18 exact: mantissa 10^18, N 1, settlement 1 (0.191848ms)
  ✔ third-party funded repayment does not require debtor == payer (0.273344ms)
  ✔ untouched unrelated records and histories are preserved (0.175588ms)
  ✔ refund transfer does not restore the earlier sender allowance; remaining+spent is conserved (0.141188ms)
  ✔ receiver balance is appended when absent (0.242965ms)
  ✔ transfer-only candidate moves cash and spends work without touching debt (0.766329ms)
  ✔ transfer id and allocation id may share a string because namespaces are separate (0.10345ms)
  ✔ work remaining equals action count is accepted; closureReserve stays put (0.093461ms)
✔ positive funded repayment (10.244653ms)
▶ input admission
  ✔ non-string hostile values are rejected without calling coercion traps (0.298511ms)
  ✔ empty string, non-object JSON, and invalid JSON reject with actionIndex null (0.219832ms)
  ✔ lone surrogates reject before shape execution (0.093388ms)
  ✔ UTF16 length above 65536 rejects (0.038511ms)
  ✔ UTF16 length 65536 of non-JSON still admits encoding then rejects parse (2.462298ms)
  ✔ UTF8 byte length above 65536 with UTF16 length under the bound rejects (0.326427ms)
  ✔ whitespace, duplicate keys, and nonminimal number forms fail the stringify roundtrip (0.399245ms)
  ✔ JSON numeric amounts that survive stringify still fail schema (0.318211ms)
  ✔ wrong schemaVersion rejects (0.117486ms)
  ✔ unknown root, nested, action, and profile labels reject schema and do not steer the predicate (0.988161ms)
  ✔ missing closed-shape fields reject with actionIndex null (1.53036ms)
  ✔ duplicate collection identities reject with actionIndex null (0.252322ms)
  ✔ non-canonical decimals, bad identifiers, and invariant mismatches reject (0.929811ms)
  ✔ empty actions and over-capacity collections reject with actionIndex null (1.97482ms)
✔ input admission (10.243389ms)
▶ work and capacity
  ✔ insufficient ordinary work rejects before commit; closureReserve cannot pay ordinary work (0.176964ms)
  ✔ post-collection usedTransferIds capacity 128 is enforced (0.441626ms)
  ✔ appending a new receiver balance beyond 128 rejects the transfer (0.908477ms)
  ✔ usedAllocationIds at capacity 128 rejects a new allocation (0.202296ms)
✔ work and capacity (1.943525ms)
▶ transfer and repay negatives
  ✔ zero amount and self-transfer reject at the transfer index (0.302757ms)
  ✔ insufficient cash, missing sender balance, missing allowance, and insufficient cap (0.209883ms)
  ✔ missing funding, future funding, and prior-step transfer cannot fund a Repay (0.159564ms)
  ✔ wrong sender, receiver, or settlement asset rejects the Repay after a successful Transfer (0.156424ms)
  ✔ transfer 1 cannot fund nominal 20 at 1:1 (0.069976ms)
  ✔ zero nominalAmount rejects the Repay (0.104572ms)
  ✔ nominal above outstanding, Settled target, and unknown obligation reject (0.475424ms)
  ✔ allocation id already in history rejects (0.118061ms)
  ✔ duplicate transfer id in this step rejects the later transfer (0.094136ms)
  ✔ late failure after a successful Transfer returns no post or effects and leaves the source unchanged (0.118334ms)
  ✔ rejected codes are stable nonempty strings for the same source (0.093262ms)
✔ transfer and repay negatives (2.071794ms)
▶ uint128 and intermediate overflow
  ✔ uint128Max is a legal amount; uint128Max+1 is not (0.149447ms)
  ✔ crediting a receiver already at uint128Max overflows the Transfer (0.074344ms)
  ✔ ProRata intermediate N*P must fit UInt128 before division (0.091335ms)
  ✔ conversion product nominal*mantissa overflow rejects the Repay after Transfer (0.086075ms)
  ✔ work spent at uint128Max-1 with one action succeeds and writes uint128Max (0.093098ms)
✔ uint128 and intermediate overflow (0.572051ms)
ℹ tests 70
ℹ suites 7
ℹ pass 70
ℹ fail 0
ℹ cancelled 0
ℹ skipped 0
ℹ todo 0
ℹ duration_ms 232.986191
