✔ native byte decoder exposes signed owners and complete gross inputs and outputs (36.976457ms)
✔ native byte decoder rejects noncanonical bytes and missing input signatures (11.57676ms)
✔ finality observer checks canonical block and queries state at the same block hash (7.780575ms)
✔ observer traverses native deployment bytes with inert RPC and rejects financial observation corruption (28.984535ms)
✔ contract effect projection retains mints, contract IO and precise public payouts (0.532339ms)
✔ historical DUST replay preserves unequal fee fields and exact indexed identifiers (44.788809ms)
✔ native decoder verifies signatures by exact input index and count (29.471715ms)
✔ actual guaranteed output origin matches the stopped indexer for a nonzero physical segment (21.135955ms)
✔ indexed initialization waits for later finality after one indexed watch (1017.973015ms)
✔ finality regression stops before state observation (1016.972535ms)
✔ caller deadline stops pending finality without observing state or watching again (106.392082ms)
✔ fallible output origin retains its nonzero physical segment namespace (6.52786ms)
✔ actual initialize owner crosses the Bech32m indexer boundary without changing native identity (15.431833ms)
✔ indexed owner rejects noncanonical, malformed and cross-network address encodings (112.188577ms)
✔ a canonical but unequal indexed owner fails full native output comparison (20.572446ms)
ℹ tests 15
ℹ suites 0
ℹ pass 15
ℹ fail 0
ℹ cancelled 0
ℹ skipped 0
ℹ todo 0
ℹ duration_ms 2607.407603
