✔ loan exact custody arguments and hints pass every comparison before next call (4.087954ms)
✔ swap exact custody arguments and hints pass every comparison before next call (1.050839ms)
✔ returned comparator failure false stops before next SDK call (0.988779ms)
✔ returned comparator failure undefined stops before next SDK call (0.258015ms)
✔ returned comparator failure {"status":"Rejected"} stops before next SDK call (0.183935ms)
✔ returned comparator failure {"status":"FAIL"} stops before next SDK call (0.166142ms)
✔ thrown comparator error retains observed ID and cleans up (0.298355ms)
✔ preflight mismatch prevents deployment but cleans up owned provider (0.177672ms)
✔ preflight mismatch prevents deployment but cleans up owned provider (0.260414ms)
✔ preflight mismatch prevents deployment but cleans up owned provider (0.209803ms)
✔ preflight mismatch prevents deployment but cleans up owned provider (0.705516ms)
✔ preflight mismatch prevents deployment but cleans up owned provider (0.232628ms)
✔ preflight mismatch prevents deployment but cleans up owned provider (0.120803ms)
✔ network identity changed after deploy blocks the next SDK stage (0.384768ms)
✔ incomplete cleanup cannot yield driver PASS (0.524775ms)
✔ incomplete cleanup cannot yield driver PASS (0.345518ms)
✔ cleanup rejection preserves the primary failure and provider-known identifiers (0.281894ms)
✔ observation failure keeps SDK ID and never invokes comparator or next call (0.208513ms)
✔ recovered loan observes historical deployment once then submits exactly three calls (0.460208ms)
✔ malformed recovery identity fails before observations or SDK calls (0.225321ms)
✔ malformed recovery identity fails before observations or SDK calls (0.086002ms)
✔ malformed recovery identity fails before observations or SDK calls (0.077111ms)
✔ malformed recovery identity fails before observations or SDK calls (0.063505ms)
✔ malformed recovery identity fails before observations or SDK calls (0.066869ms)
✔ malformed recovery identity fails before observations or SDK calls (0.123719ms)
✔ malformed recovery identity fails before observations or SDK calls (0.083654ms)
✔ malformed recovery identity fails before observations or SDK calls (0.113114ms)
✔ malformed recovery identity fails before observations or SDK calls (0.117667ms)
✔ malformed recovery identity fails before observations or SDK calls (0.077882ms)
✔ malformed recovery identity fails before observations or SDK calls (0.065613ms)
✔ malformed recovery identity fails before observations or SDK calls (0.062046ms)
✔ malformed recovery identity fails before observations or SDK calls (0.067228ms)
✔ malformed recovery identity fails before observations or SDK calls (0.06519ms)
✔ recovery rejects accessors without invoking them (0.167829ms)
✔ swap recovery is rejected before deployment or observation (0.126105ms)
✔ historical recovery FAIL stops all calls and retains public identity (0.225386ms)
✔ historical recovery throw stops all calls and retains public identity (0.289176ms)
✔ historical recovery observe stops all calls and retains public identity (0.135928ms)
✔ recovery identity is captured before asynchronous binding checks (0.389947ms)
✔ recovered loan cannot pass with incomplete containment (0.268193ms)
✔ public failure retains a known observer code and closed phase without SDK details (0.213813ms)
✔ public failure never copies an unknown SDK message or object (2.034272ms)
✔ launcher durably retains actual driver failure: NOT_FINALIZED (1.382036ms)
✔ launcher durably retains actual driver failure: PRIVATE_SDK_FAILURE (0.662299ms)
✔ fixed initialized loan compares both histories once then calls only accrue and settle (0.367726ms)
✔ failed historical deploy comparison prevents continuation calls (0.230324ms)
✔ failed historical initialize comparison prevents continuation calls (0.2638ms)
✔ initialized driver rejects combined modes and altered fixed history before SDK calls (2.853587ms)
ℹ tests 48
ℹ suites 0
ℹ pass 48
ℹ fail 0
ℹ cancelled 0
ℹ skipped 0
ℹ todo 0
ℹ duration_ms 186.289207
