TAP version 13
# (node:2177938) ExperimentalWarning: Module mocking is an experimental feature and might change at any time
# (Use `node --trace-warnings ...` to show where the warning was created)
# (node:2177938) DeprecationWarning: mock.module(): options.namedExports is deprecated. Use options.exports instead.
# Subtest: controlled production driver/integration/writer reaches CLI zero selector with external containment still false
not ok 1 - controlled production driver/integration/writer reaches CLI zero selector with external containment still false
  ---
  duration_ms: 427.539458
  type: 'test'
  location: '/home/charl/Moriarty/.worktrees/sp05-local-completion/experiments/moriarty-midnight-financial/ledger/local-completion.test.mjs:96:1'
  failureType: 'testCodeFailure'
  error: 'LOCAL_COMPLETION_REQUIRED'
  code: 'ERR_TEST_FAILURE'
  stack: |-
    check (file:///home/charl/Moriarty/.worktrees/sp05-local-completion/experiments/moriarty-midnight-financial/ledger/local-completion.mjs:3:38)
    completed (file:///home/charl/Moriarty/.worktrees/sp05-local-completion/experiments/moriarty-midnight-financial/ledger/local-completion.mjs:26:2)
    validateLocalFinancialCompletion (file:///home/charl/Moriarty/.worktrees/sp05-local-completion/experiments/moriarty-midnight-financial/ledger/local-completion.mjs:33:12)
    retainPublicIntegrationResult (file:///home/charl/Moriarty/.worktrees/sp05-local-completion/experiments/moriarty-midnight-financial/ledger/launch-local.mjs:130:42)
    TestContext.<anonymous> (file:///home/charl/Moriarty/.worktrees/sp05-local-completion/experiments/moriarty-midnight-financial/ledger/local-completion.test.mjs:98:2)
    async Test.run (node:internal/test_runner/test:1332:7)
    async startSubtestAfterBootstrap (node:internal/test_runner/harness:385:3)
  ...
# Subtest: failed/pending production path never receives CLI zero
ok 2 - failed/pending production path never receives CLI zero
  ---
  duration_ms: 208.979022
  type: 'test'
  ...
# Subtest: failed/pending production path never receives CLI zero
ok 3 - failed/pending production path never receives CLI zero
  ---
  duration_ms: 212.173895
  type: 'test'
  ...
# Subtest: failed/pending production path never receives CLI zero
ok 4 - failed/pending production path never receives CLI zero
  ---
  duration_ms: 162.91718
  type: 'test'
  ...
# Subtest: failed/pending production path never receives CLI zero
ok 5 - failed/pending production path never receives CLI zero
  ---
  duration_ms: 89.606089
  type: 'test'
  ...
# Subtest: completed result validator rejects stale status, missing stages/IDs, unknown work and false containment claims
ok 6 - completed result validator rejects stale status, missing stages/IDs, unknown work and false containment claims
  ---
  duration_ms: 530.274203
  type: 'test'
  ...
# Subtest: admitted cumulative excess fee prevents financial completion and CLI zero
ok 7 - admitted cumulative excess fee prevents financial completion and CLI zero
  ---
  duration_ms: 109.618876
  type: 'test'
  ...
# Subtest: successful contained result retains PASS; source-only results never become command success
not ok 8 - successful contained result retains PASS; source-only results never become command success
  ---
  duration_ms: 125.490236
  type: 'test'
  location: '/home/charl/Moriarty/.worktrees/sp05-local-completion/experiments/moriarty-midnight-financial/ledger/local-completion.test.mjs:118:1'
  failureType: 'testCodeFailure'
  error: 'LOCAL_COMPLETION_REQUIRED'
  code: 'ERR_TEST_FAILURE'
  stack: |-
    check (file:///home/charl/Moriarty/.worktrees/sp05-local-completion/experiments/moriarty-midnight-financial/ledger/local-completion.mjs:3:38)
    completed (file:///home/charl/Moriarty/.worktrees/sp05-local-completion/experiments/moriarty-midnight-financial/ledger/local-completion.mjs:26:2)
    validateLocalFinancialCompletion (file:///home/charl/Moriarty/.worktrees/sp05-local-completion/experiments/moriarty-midnight-financial/ledger/local-completion.mjs:33:12)
    localFinancialExitCode (file:///home/charl/Moriarty/.worktrees/sp05-local-completion/experiments/moriarty-midnight-financial/ledger/local-completion.mjs:42:150)
    TestContext.<anonymous> (file:///home/charl/Moriarty/.worktrees/sp05-local-completion/experiments/moriarty-midnight-financial/ledger/local-completion.test.mjs:119:113)
    async Test.run (node:internal/test_runner/test:1332:7)
    async Test.processPendingSubtests (node:internal/test_runner/test:911:7)
  ...
# Subtest: failed durable result retention prevents the CLI exit selector from running
ok 9 - failed durable result retention prevents the CLI exit selector from running
  ---
  duration_ms: 214.786416
  type: 'test'
  ...
# Subtest: final durable result directory fsync crossing the absolute deadline cannot yield CLI zero
not ok 10 - final durable result directory fsync crossing the absolute deadline cannot yield CLI zero
  ---
  duration_ms: 212.270344
  type: 'test'
  location: '/home/charl/Moriarty/.worktrees/sp05-local-completion/experiments/moriarty-midnight-financial/ledger/local-completion.test.mjs:127:1'
  failureType: 'testCodeFailure'
  error: 'LOCAL_COMPLETION_REQUIRED'
  code: 'ERR_TEST_FAILURE'
  stack: |-
    check (file:///home/charl/Moriarty/.worktrees/sp05-local-completion/experiments/moriarty-midnight-financial/ledger/local-completion.mjs:3:38)
    completed (file:///home/charl/Moriarty/.worktrees/sp05-local-completion/experiments/moriarty-midnight-financial/ledger/local-completion.mjs:26:2)
    validateLocalFinancialCompletion (file:///home/charl/Moriarty/.worktrees/sp05-local-completion/experiments/moriarty-midnight-financial/ledger/local-completion.mjs:33:12)
    retainPublicIntegrationResult (file:///home/charl/Moriarty/.worktrees/sp05-local-completion/experiments/moriarty-midnight-financial/ledger/launch-local.mjs:130:42)
    TestContext.<anonymous> (file:///home/charl/Moriarty/.worktrees/sp05-local-completion/experiments/moriarty-midnight-financial/ledger/local-completion.test.mjs:130:2)
    async Test.run (node:internal/test_runner/test:1332:7)
    async Test.processPendingSubtests (node:internal/test_runner/test:911:7)
  ...
1..10
# tests 10
# suites 0
# pass 7
# fail 3
# cancelled 0
# skipped 0
# todo 0
# duration_ms 3266.498739
