TAP version 13
# (node:2201646) ExperimentalWarning: Module mocking is an experimental feature and might change at any time
# (Use `node --trace-warnings ...` to show where the warning was created)
# (node:2201646) DeprecationWarning: mock.module(): options.namedExports is deprecated. Use options.exports instead.
# Subtest: controlled production driver/integration/writer reaches CLI zero selector with external containment still false
ok 1 - controlled production driver/integration/writer reaches CLI zero selector with external containment still false
  ---
  duration_ms: 109.824699
  type: 'test'
  ...
# Subtest: failed/pending production path never receives CLI zero
ok 2 - failed/pending production path never receives CLI zero
  ---
  duration_ms: 65.789309
  type: 'test'
  ...
# Subtest: failed/pending production path never receives CLI zero
ok 3 - failed/pending production path never receives CLI zero
  ---
  duration_ms: 62.534974
  type: 'test'
  ...
# Subtest: failed/pending production path never receives CLI zero
ok 4 - failed/pending production path never receives CLI zero
  ---
  duration_ms: 22.222482
  type: 'test'
  ...
# Subtest: failed/pending production path never receives CLI zero
ok 5 - failed/pending production path never receives CLI zero
  ---
  duration_ms: 69.909034
  type: 'test'
  ...
# Subtest: failed/pending production path never receives CLI zero
not ok 6 - failed/pending production path never receives CLI zero
  ---
  duration_ms: 62.175382
  type: 'test'
  location: '/home/charl/Moriarty/.worktrees/sp05-local-completion/experiments/moriarty-midnight-financial/ledger/local-completion.test.mjs:110:217'
  failureType: 'testCodeFailure'
  error: |-
    Expected values to be strictly equal:
    + actual - expected
    
    + 'UNCLASSIFIED_INTEGRATION_FAILURE'
    - 'INTEGRATION_DEADLINE'
    
  code: 'ERR_ASSERTION'
  name: 'AssertionError'
  expected: 'INTEGRATION_DEADLINE'
  actual: 'UNCLASSIFIED_INTEGRATION_FAILURE'
  operator: 'strictEqual'
  stack: |-
    TestContext.<anonymous> (file:///home/charl/Moriarty/.worktrees/sp05-local-completion/experiments/moriarty-midnight-financial/ledger/local-completion.test.mjs:111:93)
    async Test.run (node:internal/test_runner/test:1332:7)
    async Test.processPendingSubtests (node:internal/test_runner/test:911:7)
  ...
# Subtest: failed/pending production path never receives CLI zero
ok 7 - failed/pending production path never receives CLI zero
  ---
  duration_ms: 38.976648
  type: 'test'
  ...
# Subtest: completed result validator rejects stale status, missing stages/IDs, unknown work and false containment claims
ok 8 - completed result validator rejects stale status, missing stages/IDs, unknown work and false containment claims
  ---
  duration_ms: 74.874231
  type: 'test'
  ...
# Subtest: admitted cumulative excess fee prevents financial completion and CLI zero
ok 9 - admitted cumulative excess fee prevents financial completion and CLI zero
  ---
  duration_ms: 60.488108
  type: 'test'
  ...
# Subtest: successful contained result retains PASS; source-only results never become command success
ok 10 - successful contained result retains PASS; source-only results never become command success
  ---
  duration_ms: 59.77784
  type: 'test'
  ...
# Subtest: failed durable result retention prevents the CLI exit selector from running
ok 11 - failed durable result retention prevents the CLI exit selector from running
  ---
  duration_ms: 71.720581
  type: 'test'
  ...
# Subtest: final durable result directory fsync crossing the absolute deadline cannot yield CLI zero
ok 12 - final durable result directory fsync crossing the absolute deadline cannot yield CLI zero
  ---
  duration_ms: 66.121177
  type: 'test'
  ...
# Subtest: completion predicate failure retains its closed integration code
ok 13 - completion predicate failure retains its closed integration code
  ---
  duration_ms: 59.543537
  type: 'test'
  ...
1..13
# tests 13
# suites 0
# pass 12
# fail 1
# cancelled 0
# skipped 0
# todo 0
# duration_ms 994.846264
