✔ loan exact custody arguments and hints pass every comparison before next call (4.360848ms)
✔ swap exact custody arguments and hints pass every comparison before next call (1.302937ms)
✔ returned comparator failure false stops before next SDK call (1.506889ms)
✔ returned comparator failure undefined stops before next SDK call (1.102407ms)
✔ returned comparator failure {"status":"Rejected"} stops before next SDK call (0.358602ms)
✔ returned comparator failure {"status":"FAIL"} stops before next SDK call (0.720134ms)
✔ thrown comparator error retains observed ID and cleans up (0.733818ms)
✔ preflight mismatch prevents deployment but cleans up owned provider (0.200814ms)
✔ preflight mismatch prevents deployment but cleans up owned provider (0.543594ms)
✔ preflight mismatch prevents deployment but cleans up owned provider (0.904402ms)
✔ preflight mismatch prevents deployment but cleans up owned provider (0.386451ms)
✔ preflight mismatch prevents deployment but cleans up owned provider (0.239374ms)
✔ preflight mismatch prevents deployment but cleans up owned provider (0.131639ms)
✔ network identity changed after deploy blocks the next SDK stage (0.352685ms)
✔ incomplete cleanup cannot yield driver PASS (1.012134ms)
✔ incomplete cleanup cannot yield driver PASS (0.29277ms)
✔ cleanup rejection preserves the primary failure and provider-known identifiers (0.480367ms)
✔ observation failure keeps SDK ID and never invokes comparator or next call (0.47776ms)
✔ recovered loan observes historical deployment once then submits exactly three calls (1.572236ms)
✔ malformed recovery identity fails before observations or SDK calls (0.240647ms)
✔ malformed recovery identity fails before observations or SDK calls (0.099024ms)
✔ malformed recovery identity fails before observations or SDK calls (0.176647ms)
✔ malformed recovery identity fails before observations or SDK calls (0.155113ms)
✔ malformed recovery identity fails before observations or SDK calls (0.121808ms)
✔ malformed recovery identity fails before observations or SDK calls (0.140931ms)
✔ malformed recovery identity fails before observations or SDK calls (0.137542ms)
✔ malformed recovery identity fails before observations or SDK calls (0.170906ms)
✔ malformed recovery identity fails before observations or SDK calls (0.180826ms)
✔ malformed recovery identity fails before observations or SDK calls (0.100747ms)
✔ malformed recovery identity fails before observations or SDK calls (0.085385ms)
✔ malformed recovery identity fails before observations or SDK calls (0.075918ms)
✔ malformed recovery identity fails before observations or SDK calls (0.083297ms)
✔ malformed recovery identity fails before observations or SDK calls (0.145112ms)
✔ recovery rejects accessors without invoking them (0.219118ms)
✔ swap recovery is rejected before deployment or observation (0.103649ms)
✔ historical recovery FAIL stops all calls and retains public identity (0.326643ms)
✔ historical recovery throw stops all calls and retains public identity (0.279137ms)
✔ historical recovery observe stops all calls and retains public identity (0.188581ms)
✔ recovery identity is captured before asynchronous binding checks (0.311754ms)
✔ recovered loan cannot pass with incomplete containment (0.27037ms)
✔ public failure retains a known observer code and closed phase without SDK details (0.287023ms)
✔ public failure never copies an unknown SDK message or object (5.460948ms)
✔ launcher durably retains actual driver failure: NOT_FINALIZED (5.146276ms)
✔ launcher durably retains actual driver failure: PRIVATE_SDK_FAILURE (3.431292ms)
✔ fixed initialized loan compares both histories once then calls only accrue and settle (0.38376ms)
✔ failed historical deploy comparison prevents continuation calls (0.169807ms)
✔ failed historical initialize comparison prevents continuation calls (0.104044ms)
✔ initialized driver rejects combined modes and altered fixed history before SDK calls (0.316788ms)
✖ fresh local four-stage completion does not require external containment (0.293482ms)
ℹ tests 49
ℹ suites 0
ℹ pass 48
ℹ fail 1
ℹ cancelled 0
ℹ skipped 0
ℹ todo 0
ℹ duration_ms 229.229464

✖ failing tests:

test at experiments/moriarty-midnight-financial/ledger/run-local.test.mjs:156:1
✖ fresh local four-stage completion does not require external containment (0.293482ms)
  Error: DRIVER_CLEANUP_INCOMPLETE
      at runFinancialCase (file:///home/charl/Moriarty/.worktrees/sp05-local-completion/experiments/moriarty-midnight-financial/ledger/run-local.mjs:168:26)
      at async TestContext.<anonymous> (file:///home/charl/Moriarty/.worktrees/sp05-local-completion/experiments/moriarty-midnight-financial/ledger/run-local.test.mjs:158:15)
      at async Test.run (node:internal/test_runner/test:1332:7)
      at async Test.processPendingSubtests (node:internal/test_runner/test:911:7) {
    publicResult: { schema: 'moriarty.local-financial-run/1', status: 'INCOMPLETE', kind: 'loan', contractAddress: 'abababababababababababababababababababababababababababababababab', stages: [ [Object], [Object], [Object], [Object] ], transactionIds: [ 'deploy', 'initialize', 'accrue', 'settle' ], cleanup: { walletStopped: true, pendingOperations: 0, containmentComplete: false }, operationalState: { reservedSubmissions: 4, reservedDustFee: '0', reservedGrossByAsset: {} }, scope: 'Fixed I2 execution and supplied financial comparison; not mandatory PCD acceptance' }
  }
