{
  "candidateSha256": "649335fc8f1e97701ef1c4e6ed5619e4c70046a83fdb1f6afef272adad076331",
  "files": {
    "experiments/moriarty-language/spec/successor/challenge-map.json": "a5066c195f378b691b0ca9ce969573650a167efd7d5313415976ebecd95f47a7",
    "experiments/moriarty-language/spec/successor/challenge-traces.json": "bce1b21a991720047e0d450cff9d2be03baad597cc163ae13575a508cedd2e54",
    "experiments/moriarty-language/spec/successor/theorem-ledger.json": "3eb0767c0c43bda4815da2452032abca30e6f253bae6ffc9f457a48e65e83280",
    "experiments/moriarty-language/spec/successor/challenge-map.md": "a93e27fc5ec8a53b1d2e18b0b7a193f48e07ddf3fc5654a4683e8cf02976309e",
    "FOREMAN_REPORT.md": "730149da1093c154edd161629c547585b6125c95fdf7ada5b9e72ed1e085cb8a",
    "FOREMAN_REPORT.json": "ea2930a2ad797eea26ee820babc95a8bd4a40eb4749716cebdcea9ff362a4e0b"
  },
  "ownedBytes": 631878,
  "inputCount": 30,
  "inventoryCounts": {
    "actusFixtures": 277,
    "actusTaxonomy": 32,
    "defiRows": 72,
    "defiActions": 24
  },
  "challengeCount": 19,
  "operatorCount": 5,
  "traceCount": 24,
  "mutationCount": 27,
  "independentNam19Accrual": "236.461356333502450684931506849315068493150685",
  "scope": "Independent structural/source checks; economic adequacy requires source inspection and GPT6 review. No execution or proof."
}
