---
source: crates/mori-parser/src/tests.rs
description: "Code:\n\nprofile \"moriarty-beta/1\";\nagreement Records {\n  const r = { name: \"usd\", id: \"usd\", id: \"dollar\" };\n}\n"
---
mori::syntax::duplicate_field

  × The field `id` appears twice.
   ╭─[test.mori:3:39]
 2 │ agreement Records {
 3 │   const r = { name: "usd", id: "usd", id: "dollar" };
   ·                            ─┬         ─┬
   ·                             │          ╰── and again here
   ·                             ╰── first here
 4 │ }
   ╰────
  help: Each field can appear only once in a record or call.
