---
source: crates/mori-parser/src/tests.rs
description: "Code:\n\nprofile \"moriarty-beta/1\";\nagreement Invoice {\n  const asset = 1;\n}\n"
---
mori::syntax::keyword_as_name

  × `asset` is a keyword, so it cannot be used as a name.
   ╭─[test.mori:3:9]
 2 │ agreement Invoice {
 3 │   const asset = 1;
   ·         ──┬──
   ·           ╰── keyword
 4 │ }
   ╰────
  help: Choose another name, for example:

            const my_asset = 1;
