---
source: crates/mori-parser/src/tests.rs
description: "Code:\n\nprofile moriarty;\nagreement Invoice {}\n"
---
mori::syntax::expected_profile

  × I was partway through the profile line when I found the name `moriarty`.
   ╭─[test.mori:1:9]
 1 │ profile moriarty;
   ·         ────┬───
   ·             ╰── I expected the profile `"moriarty-beta/1"` here
 2 │ agreement Invoice {}
   ╰────
  help: Every file starts with:

            profile "moriarty-beta/1";
