---
source: crates/mori-parser/src/tests.rs
description: "Code:\n\nprofile \"moriarty-beta/1\";\nagreement Records {\n  const r = { name: \"usd\";\n}\n"
---
mori::syntax::unclosed_record

  × I was partway through a record when I found `;`.
   ╭─[test.mori:3:26]
 2 │ agreement Records {
 3 │   const r = { name: "usd";
   ·                          ┬
   ·                          ╰── I expected `,` or `}` here
 4 │ }
   ╰────
  help: A record looks like this. A trailing comma is allowed:

            { domain: Preview, id: "A" }
