---
source: crates/mori-parser/src/tests.rs
description: "Code:\n\nagreement Invoice {}\n"
---
mori::syntax::missing_profile

  × I was partway through the profile line when I found the keyword
  │ `agreement`.
   ╭─[test.mori:1:1]
 1 │ agreement Invoice {}
   · ────┬────
   ·     ╰── I expected `profile` here
   ╰────
  help: Every file starts with:

            profile "moriarty-beta/1";
