---
source: crates/mori-parser/src/tests.rs
description: "Code:\n\nprofile \"moriarty-beta/1\";\nagreement Invoice {\n  const price = 10USD;\n}\n"
---
BETA_QUANTITY_SEPARATOR

  × A quantity needs a space between the number and its asset.
   ╭─[test.mori:3:17]
 2 │ agreement Invoice {
 3 │   const price = 10USD;
   ·                 ──┬──
   ·                   ╰── no space here
 4 │ }
   ╰────
  help: Write `10 USD`.
