---
source: crates/mori-parser/src/tests.rs
description: "Code:\n\nprofile \"moriarty-beta/1\";\nagreement Invoice {\n  const price = ;\n}\n"
---
BETA_SYNTAX

  × I was partway through the declaration of `price` when I found `;`.
   ╭─[test.mori:3:17]
 2 │ agreement Invoice {
 3 │   const price = ;
   ·                 ┬
   ·                 ╰── I expected a value here
 4 │ }
   ╰────
  help: A declaration looks like `const fee: Qty<USD> = 0.10 USD;`. The type
        after `:` is optional.
