✔ LitUInt-positive executes the specified value/type/work (3.93101ms)
✔ LitUInt-reject executes the specified phase and error (0.609305ms)
✔ LitSInt-positive executes the specified value/type/work (0.349668ms)
✔ LitSInt-reject executes the specified phase and error (0.221314ms)
✔ LitBool-positive executes the specified value/type/work (0.315129ms)
✔ LitBool-reject executes the specified phase and error (0.13312ms)
✔ LitText-positive executes the specified value/type/work (0.725349ms)
✔ LitText-reject executes the specified phase and error (0.202847ms)
✔ LitAmount-positive executes the specified value/type/work (0.223606ms)
✔ LitAmount-reject executes the specified phase and error (0.25153ms)
✔ LitQuantity-positive executes the specified value/type/work (0.346829ms)
✔ LitQuantity-reject executes the specified phase and error (0.204918ms)
✔ LitShares-positive executes the specified value/type/work (0.332018ms)
✔ LitShares-reject executes the specified phase and error (0.227633ms)
✔ LitRate-positive executes the specified value/type/work (0.218071ms)
✔ LitRate-reject executes the specified phase and error (0.214149ms)
✔ LitPrice-positive executes the specified value/type/work (0.200231ms)
✔ LitPrice-reject executes the specified phase and error (0.144883ms)
✔ ReadArg-positive executes the specified value/type/work (0.354139ms)
✔ ReadArg-reject executes the specified phase and error (1.109387ms)
✔ ReadObs-positive executes the specified value/type/work (0.173692ms)
✔ ReadObs-reject executes the specified phase and error (0.103951ms)
✔ ProjectField-positive executes the specified value/type/work (0.329934ms)
✔ ProjectField-reject executes the specified phase and error (0.156853ms)
✔ AccessField-positive executes the specified value/type/work (0.184394ms)
✔ AccessField-reject executes the specified phase and error (0.1512ms)
✔ ProjectIndex-positive executes the specified value/type/work (0.295787ms)
✔ ProjectIndex-reject executes the specified phase and error (0.20871ms)
✔ AccessIndex-positive executes the specified value/type/work (0.159922ms)
✔ AccessIndex-reject executes the specified phase and error (0.137546ms)
✔ ConstructRecord-positive executes the specified value/type/work (0.216629ms)
✔ ConstructRecord-reject executes the specified phase and error (0.129844ms)
✔ ConstructEnum-positive executes the specified value/type/work (0.112068ms)
✔ ConstructEnum-reject executes the specified phase and error (0.503189ms)
✔ ConstructSome-positive executes the specified value/type/work (0.169007ms)
✔ ConstructSome-reject executes the specified phase and error (0.118984ms)
✔ ConstructNone-positive executes the specified value/type/work (0.122122ms)
✔ ConstructNone-reject executes the specified phase and error (0.125371ms)
✔ ConstructCollection-positive executes the specified value/type/work (0.231808ms)
✔ ConstructCollection-reject executes the specified phase and error (0.153781ms)
✔ Add-positive executes the specified value/type/work (0.294841ms)
✔ Add-reject executes the specified phase and error (0.173575ms)
✔ Sub-positive executes the specified value/type/work (0.24595ms)
✔ Sub-reject executes the specified phase and error (0.158466ms)
✔ Mul-positive executes the specified value/type/work (0.116464ms)
✔ Mul-reject executes the specified phase and error (0.126989ms)
✔ FloorDiv-positive executes the specified value/type/work (0.107585ms)
✔ FloorDiv-reject executes the specified phase and error (0.366236ms)
✔ CeilDiv-positive executes the specified value/type/work (0.119689ms)
✔ CeilDiv-reject executes the specified phase and error (0.13982ms)
✔ Eq-positive executes the specified value/type/work (0.138443ms)
✔ Eq-reject executes the specified phase and error (0.116897ms)
✔ Lt-positive executes the specified value/type/work (0.105436ms)
✔ Lt-reject executes the specified phase and error (0.123297ms)
✔ Lte-positive executes the specified value/type/work (0.099264ms)
✔ Lte-reject executes the specified phase and error (0.149092ms)
✔ Gt-positive executes the specified value/type/work (0.109754ms)
✔ Gt-reject executes the specified phase and error (0.107025ms)
✔ Gte-positive executes the specified value/type/work (0.095268ms)
✔ Gte-reject executes the specified phase and error (0.101032ms)
✔ Not-positive executes the specified value/type/work (0.358103ms)
✔ Not-reject executes the specified phase and error (0.113008ms)
✔ And-short-circuit-positive-v1 executes the specified value/type/work (0.104203ms)
✔ And-reject executes the specified phase and error (0.130886ms)
✔ Or-short-circuit-positive-v1 executes the specified value/type/work (0.098285ms)
✔ Or-reject executes the specified phase and error (0.109006ms)
✔ all forty positive/rejection pairs have an executable materialization (0.183264ms)
✔ ReadLocal-positive: preceding Let supplies immutable y=11 (0.330422ms)
✔ ReadLocal-reject: missing z after a valid earlier binder rejects statically (0.224251ms)
✔ ReadPre-positive: post read sees staged x11 only inside Ensure (0.357347ms)
✔ ReadPre-reject: next view remains statically forbidden (0.193762ms)
✔ Require-positive: true consumes two nodes and changes no frame (0.136427ms)
✔ Require-reject: false consumes two nodes then rejects (0.323372ms)
✔ Let-positive: binding is evaluated against pre then observed by Ensure (0.294904ms)
✔ Let-reject: argument collision prevents reduction (0.175824ms)
✔ NextWrite-positive: prefix Let2 then NextWrite2 stages x11 (0.29998ms)
✔ NextWrite-reject: complete action typing rejects Bool before prefix work (0.185684ms)
✔ Ensure-positive: prefix NextWrite2 then Ensure4 checks x11 (0.188569ms)
✔ Ensure-reject: work includes staging but no staged state escapes (0.239784ms)
✔ Emit-positive: append a descriptor, with no financial effects (0.269029ms)
✔ Emit-reject: unknown operation rejects before reduction (0.154399ms)
✔ retained exact vault body has56 nodes and full reference Sigma is admitted (15.485857ms)
✔ independent vault oracle: deposit-round-down (24.066259ms)
✔ independent vault oracle: mint-round-up (10.894178ms)
✔ independent vault oracle: withdraw-round-up (10.905024ms)
✔ independent vault oracle: redeem-round-down (17.297843ms)
✔ independent vault oracle: deposit-max-domain-product (10.508454ms)
✔ independent vault oracle: mint-max-domain-product (9.685273ms)
✔ independent vault oracle: withdraw-max-domain-product (11.409276ms)
✔ independent vault oracle: redeem-max-domain-product (9.681759ms)
✔ independent vault oracle: deposit-result-overflow (5.443416ms)
✔ independent vault oracle: mint-result-overflow (5.523957ms)
✔ independent vault oracle: withdraw-result-overflow (5.424461ms)
✔ independent vault oracle: redeem-result-overflow (4.978903ms)
✔ independent vault oracle: deposit-small-zero-rounding (9.385597ms)
✔ independent vault oracle: withdraw-small-rounding (10.151907ms)
✔ independent vault oracle: mint-small-rounding (9.581294ms)
✔ independent vault oracle: redeem-small-zero-rounding (9.045798ms)
✔ independent vault oracle: zero-supply-needs-explicit-rule (6.399763ms)
✔ independent vault oracle: zero-valuation-needs-explicit-rule (4.552743ms)
✔ independent vault oracle: deposit-zero-quantity-arithmetic (11.797836ms)
✔ independent vault oracle: input-overflow-before-division (3.837795ms)
✔ unprotected body itself does not claim initialized-domain rejection (8.143898ms)
✔ explicit UInt256 conversion evaluates a full-domain UInt128 product (5.178746ms)
✔ Select uses actual selected-node work while checking both branches (0.463666ms)
ℹ tests 105
ℹ suites 0
ℹ pass 105
ℹ fail 0
ℹ cancelled 0
ℹ skipped 0
ℹ todo 0
ℹ duration_ms 366.624802
