✔ JSON duplicate keys reject even when their final values agree (6.612946ms)
✔ noncanonical whitespace and key order reject (0.900389ms)
✔ JSON numbers, null and unpaired surrogates reject (0.470596ms)
✔ integer metadata rejects negative zero, leading zeros, plus and terminal line separators (5.550896ms)
✔ identifiers reject final carriage returns and Unicode line separators (1.229894ms)
✔ unknown type tags and undeclared well-shaped names have different phases (1.233129ms)
✔ schema definition traversal follows ASCII identifier order (0.521785ms)
✔ no supplied schema or financial write-class override is admitted in a request (1.66751ms)
✔ reject before touching a live object or accessor request (0.386481ms)
✔ a stale registered funded version cannot opt into expression semantics (1.86764ms)
✔ canonical minimal escapes are required (0.409388ms)
✔ later missing snapshot values precede earlier runtime guards (1.493297ms)
✔ snapshot shape errors precede bounds/domain errors within the same snapshot (0.736369ms)
✔ all static action errors precede missing snapshot admission (0.257434ms)
✔ supply checked nominal snapshots; no structural equality grants a write (1.534336ms)
✔ short-circuiting cannot hide an effectful nested statement (1.413803ms)
✔ Ensure suffix placement is checked before reduction (0.281217ms)
✔ self reference is not introduced before binding (1.06838ms)
✔ descriptor count is an actual runtime bound with rollback (49.465709ms)
✔ result mutation cannot affect subsequent evaluations (1.441412ms)
✔ source, Core and snapshots retain separate simultaneous byte bounds (0.731633ms)
✔ deep non-object request is INPUT_SCHEMA without host stack overflow (2.186617ms)
✔ statement256 is legal and257 rejects before any reduction (22.4332ms)
✔ record64 fields is legal and65 rejects schema admission (4.997522ms)
✔ Text literal1024 versus1025 and supplied Text1025 retain different failure phases (0.814567ms)
✔ collection capacity128 is legal;129 is not silently widened (4.640409ms)
✔ snapshot outer node counts toward value depth64 (1.210484ms)
✔ constructed depth64 succeeds and depth65 rejects after entered children (4.153843ms)
✔ schema JSON-tree node bound is independent of record field bounds (7.317808ms)
✔ Quantity normalized scale and exponent bounds reject before work (1.48638ms)
✔ selected arithmetic overflow is charged while skipped overflow is not entered (1.211738ms)
✔ empty collection access rejects at the projection after both children (0.496477ms)
✔ ASCII-valid prototype-like identifiers stay ordinary own properties (0.269563ms)
✔ work65536 is legal and a caller cannot raise or negate that allowance (0.392095ms)
✔ integer endpoints and Unicode Text bytes are checked without wrapping or character counting (0.402179ms)
✔ staged-x10-to11: actual execution (4.962795ms)
✔ staged-ensures12: actual execution (1.336795ms)
✔ duplicate-write: actual execution (1.092791ms)
✔ next-read: actual execution (0.479484ms)
✔ post-outside-ensure: actual execution (0.475433ms)
✔ two-runtime-failures: actual execution (1.124405ms)
✔ static-before-guard: actual execution (0.482605ms)
✔ work-exhaustion: actual execution (0.27285ms)
✔ quantity-mul: actual execution (0.704856ms)
✔ quantity-div: actual execution (0.317318ms)
✔ quantity-negative-scale: actual execution (0.258485ms)
✔ financial-write: actual execution (2.852802ms)
✔ finite-record-bound: actual execution (12.163831ms)
✔ unit-not-a-value: actual execution (0.397909ms)
✔ max-u64-matrix-encoding: actual execution (10.357072ms)
✔ byte-boundary-65536: actual execution (3.670432ms)
✔ byte-boundary-65537: actual execution (1.543814ms)
✔ undeclared-unit: actual execution (0.232036ms)
✔ recursive-operation-schema: actual execution (0.640332ms)
✔ all active combined derivations have executed counterparts (0.233124ms)
✔ the historical twentieth strict case has a new explicit short-circuit observation (1.364054ms)
✔ None with Option metadata depth 508 (9.768953ms)
✔ None with Option metadata depth 509 (1.208854ms)
✔ None with Option metadata depth 600 (1.919583ms)
✔ None with Option metadata depth 3000 (9.371515ms)
✔ largest Option chain fitting Core byte bound succeeds (14.342089ms)
✔ next Option chain exceeds Core bytes and rejects before work (5.028757ms)
✔ deep metadata still needs an evaluation work unit (3.413485ms)
✔ deep type shape error is INPUT_SCHEMA (2.261839ms)
✔ deep unresolved nominal type is TYPE_NAME (1.117651ms)
✔ deep Unit data type remains disallowed (1.954578ms)
✔ deep Collection capacity checks preserve inner type error order (2.478032ms)
✔ deep Collection metadata accepts valid finite capacities (2.697056ms)
✔ malformed canonical encoding remains rejected at deep metadata (1.586071ms)
✔ deep schema JSON is rejected by normative schema depth bound (4.491983ms)
✔ deep types compare structurally during ConstructSome typing (6.433815ms)
✔ deep mismatched types reject statically before work (2.914757ms)
✔ deep metadata types in unselected branches remain statically checked (8.540541ms)
✔ LitUInt-positive executes the specified value/type/work (5.169825ms)
✔ LitUInt-reject executes the specified phase and error (0.731801ms)
✔ LitSInt-positive executes the specified value/type/work (1.052587ms)
✔ LitSInt-reject executes the specified phase and error (0.275176ms)
✔ LitBool-positive executes the specified value/type/work (0.501859ms)
✔ LitBool-reject executes the specified phase and error (0.13081ms)
✔ LitText-positive executes the specified value/type/work (0.362545ms)
✔ LitText-reject executes the specified phase and error (0.309761ms)
✔ LitAmount-positive executes the specified value/type/work (1.175578ms)
✔ LitAmount-reject executes the specified phase and error (1.211113ms)
✔ LitQuantity-positive executes the specified value/type/work (0.329982ms)
✔ LitQuantity-reject executes the specified phase and error (0.133979ms)
✔ LitShares-positive executes the specified value/type/work (0.148163ms)
✔ LitShares-reject executes the specified phase and error (0.103579ms)
✔ LitRate-positive executes the specified value/type/work (0.109201ms)
✔ LitRate-reject executes the specified phase and error (1.067079ms)
✔ LitPrice-positive executes the specified value/type/work (0.715951ms)
✔ LitPrice-reject executes the specified phase and error (0.491295ms)
✔ ReadArg-positive executes the specified value/type/work (1.436076ms)
✔ ReadArg-reject executes the specified phase and error (1.15408ms)
✔ ReadObs-positive executes the specified value/type/work (2.178119ms)
✔ ReadObs-reject executes the specified phase and error (0.688422ms)
✔ ProjectField-positive executes the specified value/type/work (1.138454ms)
✔ ProjectField-reject executes the specified phase and error (0.558574ms)
✔ AccessField-positive executes the specified value/type/work (2.759865ms)
✔ AccessField-reject executes the specified phase and error (0.440758ms)
✔ ProjectIndex-positive executes the specified value/type/work (0.919421ms)
✔ ProjectIndex-reject executes the specified phase and error (0.204874ms)
✔ AccessIndex-positive executes the specified value/type/work (0.206358ms)
✔ AccessIndex-reject executes the specified phase and error (0.246835ms)
✔ ConstructRecord-positive executes the specified value/type/work (0.284787ms)
✔ ConstructRecord-reject executes the specified phase and error (0.677215ms)
✔ ConstructEnum-positive executes the specified value/type/work (0.22563ms)
✔ ConstructEnum-reject executes the specified phase and error (0.112892ms)
✔ ConstructSome-positive executes the specified value/type/work (0.241572ms)
✔ ConstructSome-reject executes the specified phase and error (0.254499ms)
✔ ConstructNone-positive executes the specified value/type/work (0.133147ms)
✔ ConstructNone-reject executes the specified phase and error (0.607191ms)
✔ ConstructCollection-positive executes the specified value/type/work (0.800534ms)
✔ ConstructCollection-reject executes the specified phase and error (0.179671ms)
✔ Add-positive executes the specified value/type/work (0.316659ms)
✔ Add-reject executes the specified phase and error (0.92832ms)
✔ Sub-positive executes the specified value/type/work (0.18573ms)
✔ Sub-reject executes the specified phase and error (0.159651ms)
✔ Mul-positive executes the specified value/type/work (0.117423ms)
✔ Mul-reject executes the specified phase and error (0.115903ms)
✔ FloorDiv-positive executes the specified value/type/work (0.1189ms)
✔ FloorDiv-reject executes the specified phase and error (0.232171ms)
✔ CeilDiv-positive executes the specified value/type/work (0.400537ms)
✔ CeilDiv-reject executes the specified phase and error (0.207805ms)
✔ Eq-positive executes the specified value/type/work (0.116209ms)
✔ Eq-reject executes the specified phase and error (0.445838ms)
✔ Lt-positive executes the specified value/type/work (0.121176ms)
✔ Lt-reject executes the specified phase and error (0.312451ms)
✔ Lte-positive executes the specified value/type/work (0.129769ms)
✔ Lte-reject executes the specified phase and error (0.108294ms)
✔ Gt-positive executes the specified value/type/work (0.096879ms)
✔ Gt-reject executes the specified phase and error (0.095525ms)
✔ Gte-positive executes the specified value/type/work (0.091003ms)
✔ Gte-reject executes the specified phase and error (0.091993ms)
✔ Not-positive executes the specified value/type/work (0.122478ms)
✔ Not-reject executes the specified phase and error (0.089008ms)
✔ And-short-circuit-positive-v1 executes the specified value/type/work (0.120177ms)
✔ And-reject executes the specified phase and error (0.46612ms)
✔ Or-short-circuit-positive-v1 executes the specified value/type/work (0.131286ms)
✔ Or-reject executes the specified phase and error (0.402853ms)
✔ all forty positive/rejection pairs have an executable materialization (0.174839ms)
✔ ReadLocal-positive: preceding Let supplies immutable y=11 (0.470441ms)
✔ ReadLocal-reject: missing z after a valid earlier binder rejects statically (1.455856ms)
✔ ReadPre-positive: post read sees staged x11 only inside Ensure (2.421637ms)
✔ ReadPre-reject: next view remains statically forbidden (0.263757ms)
✔ Require-positive: true consumes two nodes and changes no frame (0.17707ms)
✔ Require-reject: false consumes two nodes then rejects (0.156224ms)
✔ Let-positive: binding is evaluated against pre then observed by Ensure (0.24619ms)
✔ Let-reject: argument collision prevents reduction (2.923691ms)
✔ NextWrite-positive: prefix Let2 then NextWrite2 stages x11 (0.313782ms)
✔ NextWrite-reject: complete action typing rejects Bool before prefix work (0.454336ms)
✔ Ensure-positive: prefix NextWrite2 then Ensure4 checks x11 (0.221664ms)
✔ Ensure-reject: work includes staging but no staged state escapes (0.367587ms)
✔ Emit-positive: append a descriptor, with no financial effects (0.982172ms)
✔ Emit-reject: unknown operation rejects before reduction (0.18589ms)
✔ schema rejection follows ASCII identifier order rather than locale collation (4.462348ms)
✔ returned type arrays cannot change the schema of a later evaluation (2.376278ms)
✔ the versioned expression API exists independently of funded preparation (1.009038ms)
✔ BC1-truth-and-false-false: actual execution (2.96642ms)
✔ BC1-truth-and-false-true: actual execution (0.39075ms)
✔ BC1-truth-and-true-false: actual execution (1.060224ms)
✔ BC1-truth-and-true-true: actual execution (0.265396ms)
✔ BC1-truth-or-false-false: actual execution (0.449695ms)
✔ BC1-truth-or-false-true: actual execution (0.336894ms)
✔ BC1-truth-or-true-false: actual execution (0.226081ms)
✔ BC1-truth-or-true-true: actual execution (0.462682ms)
✔ BC1-skip-and-denominator: actual execution (2.168333ms)
✔ BC1-skip-or-denominator: actual execution (0.33599ms)
✔ BC1-selected-and-denominator: actual execution (0.802776ms)
✔ BC1-selected-or-denominator: actual execution (0.282195ms)
✔ BC1-left-and-denominator: actual execution (1.174761ms)
✔ BC1-left-or-denominator: actual execution (0.324208ms)
✔ BC1-dead-and-unknown-name: actual execution (0.268427ms)
✔ BC1-dead-and-wrong-type: actual execution (0.20044ms)
✔ BC1-dead-or-unknown-name: actual execution (0.170409ms)
✔ BC1-dead-or-wrong-type: actual execution (0.596067ms)
✔ BC1-dead-literal-domain: actual execution (0.309609ms)
✔ BC1-dead-missing-snapshot: actual execution (0.303676ms)
✔ BC1-dead-wrong-snapshot-shape: actual execution (0.221915ms)
✔ BC1-dead-snapshot-domain: actual execution (0.233044ms)
✔ BC1-work0-and: actual execution (0.331874ms)
✔ BC1-work1-and: actual execution (0.124221ms)
✔ BC1-work2-skip-and: actual execution (0.212842ms)
✔ BC1-work2-select-and: actual execution (0.119463ms)
✔ BC1-work0-or: actual execution (0.109537ms)
✔ BC1-work1-or: actual execution (0.105627ms)
✔ BC1-work2-skip-or: actual execution (5.5214ms)
✔ BC1-work2-select-or: actual execution (0.529479ms)
✔ BC1-nested-selected-error: actual execution (1.182009ms)
✔ BC1-nested-work-exhaustion: actual execution (0.280326ms)
✔ BC1-nested-skip: actual execution (0.586794ms)
✔ BC1-corner-nested-left-selected: actual execution (1.422588ms)
✔ BC1-corner-parent-equality: actual execution (0.846972ms)
✔ BC1-action-dead-require-name: actual execution (0.33126ms)
✔ BC1-action-dead-ensure-name: actual execution (0.141786ms)
✔ BC1-action-later-static-before-guard: actual execution (0.234649ms)
✔ BC1-action-require-skip-false: actual execution (3.278858ms)
✔ BC1-action-ensure-skip-false: actual execution (0.467968ms)
✔ BC1-action-require-ensure-success: actual execution (0.279742ms)
✔ BC1-source-selected-denominator: actual execution (0.209011ms)
✔ BC1-source-selected-work-exhaustion: actual execution (0.124875ms)
✔ BC1-source-parent-guard-span: actual execution (0.160647ms)
✔ BC1-dead-invalid-source-span: actual execution (0.103923ms)
✔ BC1-source-unicode-work-span: actual execution (0.112619ms)
✔ BC1-dead-core-bound: actual execution (0.886449ms)
✔ BC1-direct-denominator: actual execution (0.163688ms)
✔ LitUInt-positive executes the specified value/type/work (4.486548ms)
✔ LitUInt-reject executes the specified phase and error (0.552717ms)
✔ LitSInt-positive executes the specified value/type/work (0.799027ms)
✔ LitSInt-reject executes the specified phase and error (0.199394ms)
✔ LitBool-positive executes the specified value/type/work (0.245465ms)
✔ LitBool-reject executes the specified phase and error (0.111631ms)
✔ LitText-positive executes the specified value/type/work (0.89632ms)
✔ LitText-reject executes the specified phase and error (0.364149ms)
✔ LitAmount-positive executes the specified value/type/work (0.85393ms)
✔ LitAmount-reject executes the specified phase and error (0.312099ms)
✔ LitQuantity-positive executes the specified value/type/work (0.40138ms)
✔ LitQuantity-reject executes the specified phase and error (0.253399ms)
✔ LitShares-positive executes the specified value/type/work (0.250873ms)
✔ LitShares-reject executes the specified phase and error (0.145471ms)
✔ LitRate-positive executes the specified value/type/work (0.143203ms)
✔ LitRate-reject executes the specified phase and error (0.213491ms)
✔ LitPrice-positive executes the specified value/type/work (0.175097ms)
✔ LitPrice-reject executes the specified phase and error (0.392062ms)
✔ ReadArg-positive executes the specified value/type/work (0.349168ms)
✔ ReadArg-reject executes the specified phase and error (0.21108ms)
✔ ReadObs-positive executes the specified value/type/work (1.652803ms)
✔ ReadObs-reject executes the specified phase and error (0.140621ms)
✔ ProjectField-positive executes the specified value/type/work (0.374891ms)
✔ ProjectField-reject executes the specified phase and error (0.150652ms)
✔ AccessField-positive executes the specified value/type/work (0.164217ms)
✔ AccessField-reject executes the specified phase and error (0.138912ms)
✔ ProjectIndex-positive executes the specified value/type/work (0.266259ms)
✔ ProjectIndex-reject executes the specified phase and error (0.945862ms)
✔ AccessIndex-positive executes the specified value/type/work (0.186803ms)
✔ AccessIndex-reject executes the specified phase and error (0.156137ms)
✔ ConstructRecord-positive executes the specified value/type/work (0.269481ms)
✔ ConstructRecord-reject executes the specified phase and error (0.147504ms)
✔ ConstructEnum-positive executes the specified value/type/work (0.16232ms)
✔ ConstructEnum-reject executes the specified phase and error (0.131654ms)
✔ ConstructSome-positive executes the specified value/type/work (0.669526ms)
✔ ConstructSome-reject executes the specified phase and error (0.178063ms)
✔ ConstructNone-positive executes the specified value/type/work (0.330714ms)
✔ ConstructNone-reject executes the specified phase and error (0.538588ms)
✔ ConstructCollection-positive executes the specified value/type/work (0.46544ms)
✔ ConstructCollection-reject executes the specified phase and error (0.236506ms)
✔ Add-positive executes the specified value/type/work (0.31274ms)
✔ Add-reject executes the specified phase and error (0.280525ms)
✔ Sub-positive executes the specified value/type/work (0.15266ms)
✔ Sub-reject executes the specified phase and error (0.211086ms)
✔ Mul-positive executes the specified value/type/work (0.121757ms)
✔ Mul-reject executes the specified phase and error (0.12816ms)
✔ FloorDiv-positive executes the specified value/type/work (0.10144ms)
✔ FloorDiv-reject executes the specified phase and error (0.105819ms)
✔ CeilDiv-positive executes the specified value/type/work (0.165936ms)
✔ CeilDiv-reject executes the specified phase and error (0.138531ms)
✔ Eq-positive executes the specified value/type/work (0.11309ms)
✔ Eq-reject executes the specified phase and error (0.107862ms)
✔ Lt-positive executes the specified value/type/work (0.106649ms)
✔ Lt-reject executes the specified phase and error (0.302741ms)
✔ Lte-positive executes the specified value/type/work (0.118409ms)
✔ Lte-reject executes the specified phase and error (0.104079ms)
✔ Gt-positive executes the specified value/type/work (0.096838ms)
✔ Gt-reject executes the specified phase and error (0.098954ms)
✔ Gte-positive executes the specified value/type/work (0.095378ms)
✔ Gte-reject executes the specified phase and error (0.096908ms)
✔ Not-positive executes the specified value/type/work (0.138134ms)
✔ Not-reject executes the specified phase and error (0.326899ms)
✔ And-short-circuit-positive-v1 executes the specified value/type/work (0.121007ms)
✔ And-reject executes the specified phase and error (0.122382ms)
✔ Or-short-circuit-positive-v1 executes the specified value/type/work (0.093369ms)
✔ Or-reject executes the specified phase and error (0.120756ms)
✔ all forty positive/rejection pairs have an executable materialization (0.166531ms)
✔ ReadLocal-positive: preceding Let supplies immutable y=11 (0.362759ms)
✔ ReadLocal-reject: missing z after a valid earlier binder rejects statically (0.197929ms)
✔ ReadPre-positive: post read sees staged x11 only inside Ensure (0.298772ms)
✔ ReadPre-reject: next view remains statically forbidden (0.206346ms)
✔ Require-positive: true consumes two nodes and changes no frame (0.148311ms)
✔ Require-reject: false consumes two nodes then rejects (0.174231ms)
✔ Let-positive: binding is evaluated against pre then observed by Ensure (0.502687ms)
✔ Let-reject: argument collision prevents reduction (0.325661ms)
✔ NextWrite-positive: prefix Let2 then NextWrite2 stages x11 (0.269593ms)
✔ NextWrite-reject: complete action typing rejects Bool before prefix work (0.17892ms)
✔ Ensure-positive: prefix NextWrite2 then Ensure4 checks x11 (0.241401ms)
✔ Ensure-reject: work includes staging but no staged state escapes (0.873494ms)
✔ Emit-positive: append a descriptor, with no financial effects (0.366889ms)
✔ Emit-reject: unknown operation rejects before reduction (0.17407ms)
✔ retained exact vault body has56 nodes and full reference Sigma is admitted (21.441761ms)
✔ independent vault oracle: deposit-round-down (23.659676ms)
✔ independent vault oracle: mint-round-up (10.208838ms)
✔ independent vault oracle: withdraw-round-up (10.739238ms)
✔ independent vault oracle: redeem-round-down (12.590334ms)
✔ independent vault oracle: deposit-max-domain-product (14.475902ms)
✔ independent vault oracle: mint-max-domain-product (10.504942ms)
✔ independent vault oracle: withdraw-max-domain-product (9.926842ms)
✔ independent vault oracle: redeem-max-domain-product (10.274551ms)
✔ independent vault oracle: deposit-result-overflow (6.096292ms)
✔ independent vault oracle: mint-result-overflow (4.886278ms)
✔ independent vault oracle: withdraw-result-overflow (5.047584ms)
✔ independent vault oracle: redeem-result-overflow (4.993332ms)
✔ independent vault oracle: deposit-small-zero-rounding (11.005896ms)
✔ independent vault oracle: withdraw-small-rounding (9.596179ms)
✔ independent vault oracle: mint-small-rounding (8.86289ms)
✔ independent vault oracle: redeem-small-zero-rounding (9.100379ms)
✔ independent vault oracle: zero-supply-needs-explicit-rule (4.40715ms)
✔ independent vault oracle: zero-valuation-needs-explicit-rule (4.38947ms)
✔ independent vault oracle: deposit-zero-quantity-arithmetic (9.60811ms)
✔ independent vault oracle: input-overflow-before-division (6.358163ms)
✔ unprotected body itself does not claim initialized-domain rejection (10.549092ms)
✔ explicit UInt256 conversion evaluates a full-domain UInt128 product (3.830939ms)
✔ Select uses actual selected-node work while checking both branches (0.496868ms)
✔ ConstructAmount and ConstructShares require exact UInt128 and fixed identities (1.442554ms)
✔ Variant introduction and exact projection retain payload asset and node work (1.699544ms)
✔ Variant values and schemas reject wrong cases, duplicate payloads and cycles (0.657856ms)
✔ ProjectSome distinguishes None and preserves child failure and work (0.807612ms)
✔ UInt256 boundaries and explicit narrowing have distinct static and dynamic errors (1.988753ms)
✔ ScalarValue has only the approved component/type overloads (0.860496ms)
✔ NetAmount exact symmetric domain does not narrow to signed128 (0.789028ms)
✔ Amount products preserve dimensions and allow a full UInt128-square quotient (1.234277ms)
✔ AMM expression retains floor19743 and ceil19744 without a financial effect (0.680279ms)
✔ Price direction and literal scale divisor are statically bound (0.993034ms)
✔ negative rates use signed256 and Euclidean rounding, not unsigned cash (0.591638ms)
✔ Select preserves skipped dynamic errors, but rejects skipped static errors and unit mismatch (0.769497ms)
✔ new failures retain actual parent or child source spans (0.306024ms)
✔ new schema validates every named type and simultaneous global bounds (12.469464ms)
ℹ tests 324
ℹ suites 0
ℹ pass 324
ℹ fail 0
ℹ cancelled 0
ℹ skipped 0
ℹ todo 0
ℹ duration_ms 579.523272
