1
  Enter your message: Moriarty Preview settlement test

  Submitting transaction (this may take 30-60 seconds)...
2026-09-06 21:24:16        RPC-CORE: submitAndWatchExtrinsic(extrinsic: Extrinsic): ExtrinsicStatus:: 1010: Invalid Transaction: Custom error: 170
2026-09-06 21:24:16        RPC-CORE: submitAndWatchExtrinsic(extrinsic: Extrinsic): ExtrinsicStatus:: 1010: Invalid Transaction: Custom error: 170

  ❌ Failed: Unexpected error submitting scoped transaction '<unnamed>': (FiberFailure) SubmissionError: Transaction submission error
    at file:///home/charl/Moriarty/.worktrees/r3-native/experiments/moriarty-midnight-network/hello-world/node_modules/@midnight-ntwrk/wallet-sdk-capabilities/dist/submission/submissionService.js:31:279
    at /home/charl/Moriarty/.worktrees/r3-native/experiments/moriarty-midnight-network/hello-world/node_modules/effect/src/internal/core.ts:1078:35
    at <anonymous> (/home/charl/Moriarty/.worktrees/r3-native/experiments/moriarty-midnight-network/hello-world/node_modules/effect/src/internal/fiberRuntime.ts:1161:41)
    at body (/home/charl/Moriarty/.worktrees/r3-native/experiments/moriarty-midnight-network/hello-world/node_modules/effect/src/Utils.ts:786:14)
    at FiberRuntime.Sync (/home/charl/Moriarty/.worktrees/r3-native/experiments/moriarty-midnight-network/hello-world/node_modules/effect/src/internal/fiberRuntime.ts:1161:19)
    at <anonymous> (/home/charl/Moriarty/.worktrees/r3-native/experiments/moriarty-midnight-network/hello-world/node_modules/effect/src/internal/fiberRuntime.ts:1398:53)
    at Object.f (/home/charl/Moriarty/.worktrees/r3-native/experiments/moriarty-midnight-network/hello-world/node_modules/effect/src/internal/tracer.ts:101:19)
    at FiberRuntime.runLoop (/home/charl/Moriarty/.worktrees/r3-native/experiments/moriarty-midnight-network/hello-world/node_modules/effect/src/internal/fiberRuntime.ts:1384:34)
    at FiberRuntime.evaluateEffect (/home/charl/Moriarty/.worktrees/r3-native/experiments/moriarty-midnight-network/hello-world/node_modules/effect/src/internal/fiberRuntime.ts:950:27)
    at FiberRuntime.evaluateMessageWhileSuspended (/home/charl/Moriarty/.worktrees/r3-native/experiments/moriarty-midnight-network/hello-world/node_modules/effect/src/internal/fiberRuntime.ts:918:14) {
  [cause]: SubmissionError: Transaction submission failed
      at file:///home/charl/Moriarty/.worktrees/r3-native/experiments/moriarty-midnight-network/hello-world/node_modules/@midnight-ntwrk/wallet-sdk-node-client/dist/effect/PolkadotNodeClient.js:86:27
      at process.processTicksAndRejections (node:internal/process/task_queues:104:5) {
    [cause]: RpcError: 1010: Invalid Transaction: Custom error: 170
        at checkError (file:///home/charl/Moriarty/.worktrees/r3-native/experiments/moriarty-midnight-network/hello-world/node_modules/@polkadot/rpc-provider/coder/index.js:19:15)
        at RpcCoder.decodeResponse (file:///home/charl/Moriarty/.worktrees/r3-native/experiments/moriarty-midnight-network/hello-world/node_modules/@polkadot/rpc-provider/coder/index.js:35:9)
        at #onSocketMessageResult (file:///home/charl/Moriarty/.worktrees/r3-native/experiments/moriarty-midnight-network/hello-world/node_modules/@polkadot/rpc-provider/ws/index.js:429:40)
        at #onSocketMessage (file:///home/charl/Moriarty/.worktrees/r3-native/experiments/moriarty-midnight-network/hello-world/node_modules/@polkadot/rpc-provider/ws/index.js:418:42)
        at [nodejs.internal.kHybridDispatch] (node:internal/event_target:843:20)
        at WebSocket.dispatchEvent (node:internal/event_target:776:26)
        at fireEvent (node:internal/deps/undici/undici:14403:14)
        at #onMessage (node:internal/deps/undici/undici:15726:9)
        at Object.onMessage (node:internal/deps/undici/undici:15433:76)
        at websocketMessageReceived (node:internal/deps/undici/undici:14407:15)
  }
}
Error: Unexpected error submitting scoped transaction '<unnamed>': (FiberFailure) SubmissionError: Transaction submission error
    at file:///home/charl/Moriarty/.worktrees/r3-native/experiments/moriarty-midnight-network/hello-world/node_modules/@midnight-ntwrk/wallet-sdk-capabilities/dist/submission/submissionService.js:31:279
    at /home/charl/Moriarty/.worktrees/r3-native/experiments/moriarty-midnight-network/hello-world/node_modules/effect/src/internal/core.ts:1078:35
    at <anonymous> (/home/charl/Moriarty/.worktrees/r3-native/experiments/moriarty-midnight-network/hello-world/node_modules/effect/src/internal/fiberRuntime.ts:1161:41)
    at body (/home/charl/Moriarty/.worktrees/r3-native/experiments/moriarty-midnight-network/hello-world/node_modules/effect/src/Utils.ts:786:14)
    at FiberRuntime.Sync (/home/charl/Moriarty/.worktrees/r3-native/experiments/moriarty-midnight-network/hello-world/node_modules/effect/src/internal/fiberRuntime.ts:1161:19)
    at <anonymous> (/home/charl/Moriarty/.worktrees/r3-native/experiments/moriarty-midnight-network/hello-world/node_modules/effect/src/internal/fiberRuntime.ts:1398:53)
    at Object.f (/home/charl/Moriarty/.worktrees/r3-native/experiments/moriarty-midnight-network/hello-world/node_modules/effect/src/internal/tracer.ts:101:19)
    at FiberRuntime.runLoop (/home/charl/Moriarty/.worktrees/r3-native/experiments/moriarty-midnight-network/hello-world/node_modules/effect/src/internal/fiberRuntime.ts:1384:34)
    at FiberRuntime.evaluateEffect (/home/charl/Moriarty/.worktrees/r3-native/experiments/moriarty-midnight-network/hello-world/node_modules/effect/src/internal/fiberRuntime.ts:950:27)
    at FiberRuntime.evaluateMessageWhileSuspended (/home/charl/Moriarty/.worktrees/r3-native/experiments/moriarty-midnight-network/hello-world/node_modules/effect/src/internal/fiberRuntime.ts:918:14) {
  [cause]: SubmissionError: Transaction submission failed
      at file:///home/charl/Moriarty/.worktrees/r3-native/experiments/moriarty-midnight-network/hello-world/node_modules/@midnight-ntwrk/wallet-sdk-node-client/dist/effect/PolkadotNodeClient.js:86:27
      at process.processTicksAndRejections (node:internal/process/task_queues:104:5) {
    [cause]: RpcError: 1010: Invalid Transaction: Custom error: 170
        at checkError (file:///home/charl/Moriarty/.worktrees/r3-native/experiments/moriarty-midnight-network/hello-world/node_modules/@polkadot/rpc-provider/coder/index.js:19:15)
        at RpcCoder.decodeResponse (file:///home/charl/Moriarty/.worktrees/r3-native/experiments/moriarty-midnight-network/hello-world/node_modules/@polkadot/rpc-provider/coder/index.js:35:9)
        at #onSocketMessageResult (file:///home/charl/Moriarty/.worktrees/r3-native/experiments/moriarty-midnight-network/hello-world/node_modules/@polkadot/rpc-provider/ws/index.js:429:40)
        at #onSocketMessage (file:///home/charl/Moriarty/.worktrees/r3-native/experiments/moriarty-midnight-network/hello-world/node_modules/@polkadot/rpc-provider/ws/index.js:418:42)
        at [nodejs.internal.kHybridDispatch] (node:internal/event_target:843:20)
        at WebSocket.dispatchEvent (node:internal/event_target:776:26)
        at fireEvent (node:internal/deps/undici/undici:14403:14)
        at #onMessage (node:internal/deps/undici/undici:15726:9)
        at Object.onMessage (node:internal/deps/undici/undici:15433:76)
        at websocketMessageReceived (node:internal/deps/undici/undici:14407:15)
  }
}
    at scoped (/home/charl/Moriarty/.worktrees/r3-native/experiments/moriarty-midnight-network/hello-world/node_modules/@midnight-ntwrk/midnight-js-contracts/src/internal/transaction.ts:266:23)
    at process.processTicksAndRejections (node:internal/process/task_queues:104:5)
    at async main (/home/charl/Moriarty/.worktrees/r3-native/experiments/moriarty-midnight-network/hello-world/src/cli.ts:185:24)
SubmissionError: Transaction submission error
    at file:///home/charl/Moriarty/.worktrees/r3-native/experiments/moriarty-midnight-network/hello-world/node_modules/@midnight-ntwrk/wallet-sdk-capabilities/dist/submission/submissionService.js:31:279
    at /home/charl/Moriarty/.worktrees/r3-native/experiments/moriarty-midnight-network/hello-world/node_modules/effect/src/internal/core.ts:1078:35
    at <anonymous> (/home/charl/Moriarty/.worktrees/r3-native/experiments/moriarty-midnight-network/hello-world/node_modules/effect/src/internal/fiberRuntime.ts:1161:41)
    at body (/home/charl/Moriarty/.worktrees/r3-native/experiments/moriarty-midnight-network/hello-world/node_modules/effect/src/Utils.ts:786:14)
    at FiberRuntime.Sync (/home/charl/Moriarty/.worktrees/r3-native/experiments/moriarty-midnight-network/hello-world/node_modules/effect/src/internal/fiberRuntime.ts:1161:19)
    at <anonymous> (/home/charl/Moriarty/.worktrees/r3-native/experiments/moriarty-midnight-network/hello-world/node_modules/effect/src/internal/fiberRuntime.ts:1398:53)
    at Object.f (/home/charl/Moriarty/.worktrees/r3-native/experiments/moriarty-midnight-network/hello-world/node_modules/effect/src/internal/tracer.ts:101:19)
    at FiberRuntime.runLoop (/home/charl/Moriarty/.worktrees/r3-native/experiments/moriarty-midnight-network/hello-world/node_modules/effect/src/internal/fiberRuntime.ts:1384:34)
    at FiberRuntime.evaluateEffect (/home/charl/Moriarty/.worktrees/r3-native/experiments/moriarty-midnight-network/hello-world/node_modules/effect/src/internal/fiberRuntime.ts:950:27)
    at FiberRuntime.evaluateMessageWhileSuspended (/home/charl/Moriarty/.worktrees/r3-native/experiments/moriarty-midnight-network/hello-world/node_modules/effect/src/internal/fiberRuntime.ts:918:14)
─── Menu ───────────────────────────────────────────────────────
  1. Store a message
  2. Read current message
  3. Check wallet balance
  4. Exit

  Your choice:
