[Error] Inner Parser: Parse error: unexpected token '==K' following token ')'.
	Source(/home/charl/Moriarty/experiments/moriarty-language/formal/k/expression-infer.k)
	Location(54,158,54,161)
	54 |	  rule exWritePre(ejString(F),S,W) =>
exFirst(exCheck(ejHas(ejGet(S,"fields"),F),"TYPE_NAME"),exFirst(exCheck(ejGet(ejGet(ejGet(S,"fields"),F),"writeClass")
==K ejString("ordinary"),"TYPE_FINANCIAL_WRITE"),exCheck(notBool
ejHas(W,F),"TYPE_DUPLICATE_WRITE")))
	   .	                                                                         
                                                                                
  ^~~
[Error] Inner Parser: Parse error: unexpected token '=/=K' following token ')'.
	Source(/home/charl/Moriarty/experiments/moriarty-language/formal/k/expression-infer.k)
	Location(86,89,86,93)
	86 |	  rule exPrimitiveType("ReadPre",O,S,_,E,_) =>
exTypeIf(exFirst(exCheck(ejGet(O,"view") =/=K
ejString("next"),"TYPE_NEXT_READ"),exFirst(exCheck(ejGet(O,"view") =/=K
ejString("post") orBool
E,"TYPE_POST_SCOPE"),exCheck(exHasName(ejGet(S,"fields"),ejGet(O,"field")),"TYPE_NAME"))),ejGet(exGetName(ejGet(S,"fields"),ejGet(O,"field")),"type"))
	   .	                                                                         
              ^~~~
[Error] Inner Parser: Parse error: unexpected token '==K' following token ')'.
	Source(/home/charl/Moriarty/experiments/moriarty-language/formal/k/expression-infer.k)
	Location(87,83,87,86)
	87 |	  rule exPrimitiveType(K,O,S,_,_,T) =>
exTypeIf(exFirst(exCheck(ejAt(ejAt(T,0),0) ==K
ejString("Record"),"TYPE_MISMATCH"),exCheck(exHasName(exGetName(ejGet(S,"recordTypes"),ejAt(ejAt(T,0),1)),ejGet(O,"field")),"TYPE_NAME")),exGetName(exGetName(ejGet(S,"recordTypes"),ejAt(ejAt(T,0),1)),ejGet(O,"field")))
requires K ==String "ProjectField" orBool K ==String "AccessField"
	   .	                                                                         
        ^~~
[Error] Inner Parser: Parse error: unexpected token '==K' following token ')'.
	Source(/home/charl/Moriarty/experiments/moriarty-language/formal/k/expression-infer.k)
	Location(88,75,88,78)
	88 |	  rule exPrimitiveType(K,_,_,_,_,T) => exTypeIf(exCheck(ejAt(ejAt(T,0),0)
==K ejString("Collection") andBool ejAt(T,1) ==K
exType("UInt64"),"TYPE_MISMATCH"),ejAt(ejAt(T,0),1)) requires K ==String
"ProjectIndex" orBool K ==String "AccessIndex"
	   .	                                                                         
^~~
[Error] Inner Parser: Parse error: unexpected token '==K' following token ')'.
	Source(/home/charl/Moriarty/experiments/moriarty-language/formal/k/expression-infer.k)
	Location(91,81,91,84)
	91 |	  rule exPrimitiveType("ConstructSome",O,_,_,_,T) =>
exTypeIf(exCheck(ejAt(T,0) ==K
ejGet(O,"elementType"),"TYPE_MISMATCH"),exType("Option",ejGet(O,"elementType")))
	   .	                                                                         
      ^~~
[Error] Inner Parser: Parse error: unexpected token '==K' following token ')'.
	Source(/home/charl/Moriarty/experiments/moriarty-language/formal/k/expression-infer.k)
	Location(95,67,95,70)
	95 |	  rule exPrimitiveType(K,_,_,_,_,T) => exTypeIf(exCheck(ejAt(T,0) ==K
ejAt(T,1) andBool (K ==String "Eq" orBool
exNumeric(ejAt(T,0))),"TYPE_MISMATCH"),exType("Bool")) requires K ==String "Eq"
orBool K ==String "Lt" orBool K ==String "Lte" orBool K ==String "Gt" orBool K
==String "Gte"
	   .	                                                                  ^~~
[Error] Inner Parser: Parse error: unexpected token '==K' following token ')'.
	Source(/home/charl/Moriarty/experiments/moriarty-language/formal/k/expression-infer.k)
	Location(96,67,96,70)
	96 |	  rule exPrimitiveType(K,_,_,_,_,T) => exTypeIf(exCheck(ejAt(T,0) ==K
exType("Bool"),"TYPE_MISMATCH"),exType("Unit")) requires K ==String "Require"
orBool K ==String "Ensure"
	   .	                                                                  ^~~
[Error] Inner Parser: Parse error: unexpected token '==K' following token ')'.
	Source(/home/charl/Moriarty/experiments/moriarty-language/formal/k/expression-infer.k)
	Location(98,77,98,80)
	98 |	  rule exPrimitiveType("NextWrite",O,S,_,_,T) =>
exTypeIf(exCheck(ejAt(T,0) ==K
ejGet(exGetName(ejGet(S,"fields"),ejGet(O,"field")),"type"),"TYPE_MISMATCH"),exType("Unit"))
	   .	                                                                         
  ^~~
[Error] Inner Parser: Parse error: unexpected token '==K' following token ')'.
	Source(/home/charl/Moriarty/experiments/moriarty-language/formal/k/expression-infer.k)
	Location(99,72,99,75)
	99 |	  rule exPrimitiveType("Emit",O,S,_,_,T) => exTypeIf(exCheck(ejAt(T,0)
==K
exType("Record",exGetName(ejGet(S,"operations"),ejGet(O,"operation"))),"TYPE_MISMATCH"),exType("Unit"))
	   .	                                                                      
^~~
[Error] Inner Parser: Parse error: unexpected token '==K' following token 'T'.
	Source(/home/charl/Moriarty/experiments/moriarty-language/formal/k/expression-infer.k)
	Location(103,62,103,65)
	103 |	  rule exAllTypes(ejCons(T,L),Expected) => exFirst(exCheck(T ==K
Expected,"TYPE_MISMATCH"),exAllTypes(L,Expected))
	    .	                                                             ^~~
[Error] Inner Parser: Parse error: unexpected token '==K' following token 'T'.
	Source(/home/charl/Moriarty/experiments/moriarty-language/formal/k/expression-infer.k)
	Location(105,75,105,78)
	105 |	  rule exRecordTypeFields(S,ejCons(F,L),ejCons(T,R)) =>
exFirst(exCheck(T ==K
exGetName(S,ejGet(F,"name")),"TYPE_MISMATCH"),exRecordTypeFields(S,L,R))
	    .	                                                                        
 ^~~
[Error] Inner Parser: Parse error: unexpected token '==K' following token ')'.
	Source(/home/charl/Moriarty/experiments/moriarty-language/formal/k/expression-infer.k)
	Location(126,111,126,114)
	126 |	  rule exPrimitiveType(K,O,S,_,_,_) => exTypeIf(exFirst(exCheck(K
=/=String "LitUInt" orBool ejGet(O,"width") ==K ejString("64") orBool
ejGet(O,"width") ==K
ejString("128"),"TYPE_LITERAL"),exFirst(exResolve(S,exLiteralType(K,O),"TYPE_LITERAL"),exFirst(exValueDomain(S,exLiteralType(K,O),exLiteralValue(K,O),"TYPE_LITERAL"),exValueBound(S,exLiteralType(K,O),exLiteralValue(K,O),"TYPE_LITERAL")))),exLiteralType(K,O))
requires exLiteral(K)
	    .	                                                                        
                                     ^~~
[Error] Inner Parser: Parse error: unexpected token '==K' following token ')'.
	Source(/home/charl/Moriarty/experiments/moriarty-language/formal/k/expression-infer.k)
	Location(129,164,129,167)
	129 |	  rule exArithmeticType(K,L,R,S) => exQuantityType(K,L,R,S) requires (K
==String "Mul" orBool K ==String "FloorDiv" orBool K ==String "CeilDiv")
andBool ejAt(L,0) ==K ejString("Quantity") andBool ejAt(R,0) ==K
ejString("Quantity")
	    .	                                                                        
                                                                                
         ^~~
[Error] Inner Parser: Parse error: unexpected token '==K' following token 'L'.
	Source(/home/charl/Moriarty/experiments/moriarty-language/formal/k/expression-infer.k)
	Location(130,56,130,59)
	130 |	  rule exArithmeticType(K,L,R,_) => exTypeIf(exCheck(L ==K R andBool (L
==K exType("UInt64") orBool L ==K exType("UInt128") orBool L ==K
exType("SInt128") orBool ((K ==String "Add" orBool K ==String "Sub") andBool
(ejAt(L,0) ==K ejString("Amount") orBool ejAt(L,0) ==K ejString("Shares")
orBool ejAt(L,0) ==K ejString("Rate") orBool ejAt(L,0) ==K
ejString("Quantity")))),"TYPE_MISMATCH"),L) [owise]
	    .	                                                       ^~~
[Error] Inner Parser: Parse error: unexpected token '=/=K' following token 'R'.
	Source(/home/charl/Moriarty/experiments/moriarty-language/formal/k/expression-infer.k)
	Location(146,67,146,71)
	146 |	  rule exMergeUnits(ejNil(),R,D) => exSignedUnits(R,D) requires R =/=K
ejNil()
	    .	                                                                  ^~~~
[Error] Inner Parser: Parse error: unexpected token '=/=K' following token ')'.
	Source(/home/charl/Moriarty/experiments/moriarty-language/formal/k/expression-json.k)
	Location(58,33,58,37)
	58 |	  rule ejHas(V,K) => ejGet(V,K) =/=K ejMissing()
	   .	                                ^~~~
[Error] Inner Parser: Parse error: unexpected token '==K' following token ')'.
	Source(/home/charl/Moriarty/experiments/moriarty-language/formal/k/expression-schema.k)
	Location(26,231,26,234)
	26 |	  rule exMapItem(V,"field") =>
exFirst(exCheck(ejClosed(V,ejCons(ejString("type"),ejCons(ejString("writeClass"),ejNil()))),"INPUT_SCHEMA"),exFirst(exCheck(exTypeShape(ejGet(V,"type")),"INPUT_SCHEMA"),exCheck(ejGet(V,"writeClass")
==K ejString("ordinary") orBool ejGet(V,"writeClass") ==K
ejString("financial"),"INPUT_SCHEMA")))
	   .	                                                                         
                                                                                
                                                                           ^~~
[Error] Inner Parser: Parse error: unexpected token '==K' following token 'V'.
	Source(/home/charl/Moriarty/experiments/moriarty-language/formal/k/expression-shape.k)
	Location(156,43,156,46)
	156 |	  rule exMetaShape("bool",V) => exCheck(V ==K ejBool(true) orBool V ==K
ejBool(false),"INPUT_SCHEMA")
	    .	                                          ^~~
[Error] Inner Parser: Parse error: unexpected token '==K' following token 'V'.
	Source(/home/charl/Moriarty/experiments/moriarty-language/formal/k/expression-shape.k)
	Location(157,43,157,46)
	157 |	  rule exMetaShape("view",V) => exCheck(V ==K ejString("pre") orBool V
==K ejString("post") orBool V ==K ejString("next"),"INPUT_SCHEMA")
	    .	                                          ^~~
[Error] Inner Parser: Parse error: unexpected token '==K' following token ')'.
	Source(/home/charl/Moriarty/experiments/moriarty-language/formal/k/expression-shape.k)
	Location(161,233,161,236)
	161 |	  rule exSpanCode(S,B) =>
exFirst(exCheck(ejClosed(S,ejCons(ejString("kind"),ejCons(ejString("start"),ejCons(ejString("end"),ejNil()))))
andBool exDecimal(ejGet(S,"start")) andBool exDecimal(ejGet(S,"end")) andBool
(ejGet(S,"kind") ==K ejString("source") orBool ejGet(S,"kind") ==K
ejString("synthetic")),"INPUT_SCHEMA"),exCheck(exSpan(S,B),"INPUT_SPAN"))
	    .	                                                                        
                                                                                
                                                                              ^~~
[Error] Inner Parser: Parse error: unexpected token '==K' following token ')'.
	Source(/home/charl/Moriarty/experiments/moriarty-language/formal/k/expression-types.k)
	Location(19,24,19,27)
	19 |	    requires ejAt(T,0) ==K ejString("SInt128") orBool ejAt(T,0) ==K
ejString("Rate") orBool ejAt(T,0) ==K ejString("Quantity")
	   .	                       ^~~
[Error] Inner Parser: Parse error: unexpected token '==K' following token ')'.
	Source(/home/charl/Moriarty/experiments/moriarty-language/formal/k/expression-types.k)
	Location(20,114,20,117)
	20 |	  rule exFits(T,V) => exDecimal(V) andBool exInt(V) >=Int 0 andBool
exInt(V) <Int (2 ^Int 64) requires ejAt(T,0) ==K ejString("UInt64")
	   .	                                                                         
                                       ^~~
[Error] Inner Parser: Parse error: unexpected token '==K' following token 'T'.
	Source(/home/charl/Moriarty/experiments/moriarty-language/formal/k/expression-types.k)
	Location(50,46,50,49)
	50 |	  rule exResolveBase(_,T,_) => "" requires T ==K exType("UInt64") orBool
T ==K exType("UInt128") orBool T ==K exType("SInt128") orBool T ==K
exType("Bool") orBool T ==K exType("Text")
	   .	                                             ^~~
[Error] Inner Parser: Parse error: unexpected token '=/=K' following token 'A'.
	Source(/home/charl/Moriarty/experiments/moriarty-language/formal/k/expression-types.k)
	Location(55,202,55,206)
	55 |	  rule
exResolveBase(S,ejArray(ejCons(ejString("Price"),ejCons(A,ejCons(B,ejCons(N,ejNil()))))),C)
=> exFirst(exCheck(exIn(A,ejGet(S,"assets")) andBool
exIn(B,ejGet(S,"assets")),"TYPE_NAME"),exCheck(A =/=K B andBool exInt(N) >=Int
0 andBool exInt(N) <=Int 18,C))
	   .	                                                                         
                                                                                
                                              ^~~~
[Error] Inner Parser: Parse error: unexpected token '=' following token ')'.
	Source(/home/charl/Moriarty/experiments/moriarty-language/formal/k/expression-v1.k)
	Location(39,71,39,72)
	39 |	  rule <k> exRequestFields() => exRequire(exCheck(ejGet(R,"contract") ==K
ejString("moriarty-expression-contract/1") andBool
ejIsString(ejGet(R,"source")),"INPUT_SCHEMA"),exSynthetic(),ejNil()) ~>
exRequire(exCheck(exUtf8(exText(ejGet(R,"source"))) <=Int
65536,"INPUT_BOUND"),exSynthetic(),ejNil()) ~>
exRequire(exCheck(exDecimal(ejGet(R,"workInitial")),"INPUT_SCHEMA"),exSynthetic(),ejNil())
~> exWorkInput() ... </k> <request> R </request> <sourceBytes> _ =>
exUtf8(exText(ejGet(R,"source"))) </sourceBytes>
	   .	                                                                      ^
[Error] Inner Parser: Parse error: unexpected token '=' following token ')'.
	Source(/home/charl/Moriarty/experiments/moriarty-language/formal/k/expression-v1.k)
	Location(48,112,48,113)
	48 |	  rule <k> exStaticStatements(ejCons(N,Rest),I,E) =>
exRequire(exCheck(notBool E orBool ejGet(N,"constructor") ==K
ejString("Ensure"),"TYPE_STATEMENT_PLACEMENT"),ejGet(N,"span"),ejCons(ejString(Int2String(I)),ejNil()))
~> exStaticResult(exInfer(N,S,L,W,ejGet(N,"constructor") ==K
ejString("Ensure"),true,ejCons(ejString(Int2String(I)),ejNil())),N,ejCons(ejString(Int2String(I)),ejNil()))
~> exStaticStatements(Rest,I +Int 1,E orBool ejGet(N,"constructor") ==K
ejString("Ensure")) ... </k> <sigma> S </sigma> <localTypes> L </localTypes>
<written> W </written>
	   .	                                                                         
                                     ^
[Error] Inner Parser: Parse error: unexpected token '=' following token ')'.
	Source(/home/charl/Moriarty/experiments/moriarty-language/formal/k/expression-v1.k)
	Location(50,318,50,319)
	50 |	  rule <k> exStaticResult(exTyped(_),N,P) =>
exStaticBind(exInfer(ejGet(ejGet(N,"operands"),"value"),S,L,W,false,false,ejAppend(P,ejCons(ejString("0"),ejNil()))),exText(ejGet(ejGet(N,"operands"),"name")))
... </k> <sigma> S </sigma> <localTypes> L </localTypes> <written> W </written>
requires ejGet(N,"constructor") ==K ejString("Let")
	   .	                                                                         
                                                                                
                                                                                
                                                                                
^
[Error] Inner Parser: Parse error: unexpected token '=' following token ')'.
	Source(/home/charl/Moriarty/experiments/moriarty-language/formal/k/expression-v1.k)
	Location(53,181,53,182)
	53 |	  rule <k> exStaticResult(exTyped(_),N,_) => .K ... </k> <written> W =>
ejPut(W,exText(ejGet(ejGet(N,"operands"),"field")),ejBool(true)) </written>
requires ejGet(N,"constructor") ==K ejString("NextWrite")
	   .	                                                                         
                                                                                
                         ^
[Error] Inner Parser: Scanner error: unexpected character sequence '/'.
	Source(/home/charl/Moriarty/experiments/moriarty-language/formal/k/expression-v1.k)
	Location(54,91,54,92)
	54 |	  rule <k> exStaticResult(exTyped(_),N,_) => .K ... </k> requires
ejGet(N,"constructor") =/=K ejString("NextWrite") andBool
ejGet(N,"constructor") =/=K ejString("Let")
	   .	                                                                         
                ^
[Error] Inner Parser: Parse error: unexpected token '=' following token ')'.
	Source(/home/charl/Moriarty/experiments/moriarty-language/formal/k/expression-v1.k)
	Location(95,210,95,211)
	95 |	  rule <k> exEvaluate(N,P) =>
exEnter(ejGet(ejGet(N,"operands"),"left"),ejAppend(P,ejCons(ejString("0"),ejNil())))
~> exBooleanLeft(exText(ejGet(N,"constructor")),N,P) ... </k> requires
ejGet(N,"constructor") ==K ejString("And") orBool ejGet(N,"constructor") ==K
ejString("Or")
	   .	                                                                         
                                                                                
                                                      ^
[Error] Inner Parser: Scanner error: unexpected character sequence '/'.
	Source(/home/charl/Moriarty/experiments/moriarty-language/formal/k/expression-v1.k)
	Location(100,161,100,162)
	100 |	  rule <k> exEvaluate(N,P) =>
exCollect(N,P,exChildren(exText(ejGet(N,"constructor")),ejGet(N,"operands")),ejNil(),0)
... </k> requires ejGet(N,"constructor") =/=K ejString("And") andBool
ejGet(N,"constructor") =/=K ejString("Or")
	    .	                                                                        
                                                                                
      ^
[Error] Inner Parser: Parse error: unexpected token '=' following token ')'.
	Source(/home/charl/Moriarty/experiments/moriarty-language/formal/k/expression-v1.k)
	Location(113,156,113,157)
	113 |	  rule <k> exApply("ReadPre",O,T,P,X) =>
exReturnChecked(T,exGetName(Pre,ejGet(O,"field")),ejAt(X,0),P) ... </k> <pre>
Pre </pre> requires ejGet(O,"view") ==K ejString("pre")
	    .	                                                                        
                                                                                
 ^
[Error] Inner Parser: Parse error: unexpected token '=' following token ')'.
	Source(/home/charl/Moriarty/experiments/moriarty-language/formal/k/expression-v1.k)
	Location(114,190,114,191)
	114 |	  rule <k> exApply("ReadPre",O,T,P,X) =>
exReturnChecked(T,exGetName(exOverlay(Pre,W),ejGet(O,"field")),ejAt(X,0),P) ...
</k> <pre> Pre </pre> <writes> W </writes> requires ejGet(O,"view") ==K
ejString("post")
	    .	                                                                        
                                                                                
                                   ^
[Error] Inner Parser: Parse error: unexpected token '=' following token ')'.
	Source(/home/charl/Moriarty/experiments/moriarty-language/formal/k/expression-v1.k)
	Location(123,80,123,81)
	123 |	  rule <k> exApply("Eq",_,T,P,X) =>
exReturnChecked(T,ejBool(ejAt(ejAt(X,1),0) ==K ejAt(ejAt(X,1),1)),ejAt(X,0),P)
... </k>
	    .	                                                                        
      ^
[Error] Inner Parser: Parse error: unexpected token '=' following token ')'.
	Source(/home/charl/Moriarty/experiments/moriarty-language/formal/k/expression-v1.k)
	Location(125,81,125,82)
	125 |	  rule <k> exApply("Not",_,T,P,X) =>
exReturnChecked(T,ejBool(ejAt(ejAt(X,1),0) ==K ejBool(false)),ejAt(X,0),P) ...
</k>
	    .	                                                                        
       ^
[Error] Inner Parser: Parse error: unexpected token '=' following token ')'.
	Source(/home/charl/Moriarty/experiments/moriarty-language/formal/k/expression-v1.k)
	Location(126,70,126,71)
	126 |	  rule <k> exApply(K,_,T,P,X) => exRequire(exCheck(ejAt(ejAt(X,1),0) ==K
ejBool(true),exGuardCode(K)),ejAt(X,0),P) ~> exReturned(T,ejMissing()) ... </k>
requires K ==String "Require" orBool K ==String "Ensure"
	    .	                                                                     ^
[Error] Inner Parser: Parse error: unexpected token '==K' following token 'V'.
	Source(/home/charl/Moriarty/experiments/moriarty-language/formal/k/expression-values.k)
	Location(33,45,33,48)
	33 |	  rule exValueHeadShape(_,T,V) => exCheck(V ==K ejBool(true) orBool V ==K
ejBool(false),"INPUT_SCHEMA") requires T ==K exType("Bool")
	   .	                                            ^~~
[Error] Inner Parser: Parse error: unexpected token '==K' following token ')'.
	Source(/home/charl/Moriarty/experiments/moriarty-language/formal/k/expression-values.k)
	Location(34,92,34,95)
	34 |	  rule exValueHeadShape(_,T,V) => exCheck(ejIsString(V),"INPUT_SCHEMA")
requires ejAt(T,0) ==K ejString("Text") orBool ejAt(T,0) ==K ejString("Enum")
	   .	                                                                         
                 ^~~
[Error] Inner Parser: Parse error: unexpected token '==K' following token ')'.
	Source(/home/charl/Moriarty/experiments/moriarty-language/formal/k/expression-values.k)
	Location(38,204,38,207)
	38 |	  rule
exValueHeadShape(_,ejArray(ejCons(ejString("Operation"),ejCons(N,ejNil()))),V)
=>
exCheck(ejClosed(V,ejCons(ejString("operation"),ejCons(ejString("fields"),ejNil())))
andBool ejGet(V,"operation") ==K N,"INPUT_SCHEMA")
	   .	                                                                         
                                                                                
                                                ^~~
[Error] Inner Parser: Parse error: unexpected token '==K' following token 'T'.
	Source(/home/charl/Moriarty/experiments/moriarty-language/formal/k/expression-values.k)
	Location(45,91,45,94)
	45 |	  rule exValueHeadDomain(_,T,ejString(V),C) => exCheck(exUtf8(V) <=Int
1024,C) requires T ==K exType("Text")
	   .	                                                                         
                ^~~
[Error] Inner Parser: Parse error: unexpected token '==K' following token ')'.
	Source(/home/charl/Moriarty/experiments/moriarty-language/formal/k/expression-wire.k)
	Location(67,214,67,217)
	67 |	  rule exSpan(S,N) =>
ejClosed(S,ejCons(ejString("end"),ejCons(ejString("kind"),ejCons(ejString("start"),ejNil()))))
andBool exNatural(ejGet(S,"start")) andBool exNatural(ejGet(S,"end")) andBool
((ejGet(S,"kind") ==K ejString("synthetic") andBool exInt(ejGet(S,"start"))
==Int 0 andBool exInt(ejGet(S,"end")) ==Int 0) orBool (ejGet(S,"kind") ==K
ejString("source") andBool exInt(ejGet(S,"start")) <=Int exInt(ejGet(S,"end"))
andBool exInt(ejGet(S,"end")) <=Int N))
	   .	                                                                         
                                                                                
                                                          ^~~
[Error] Compiler: Had 41 parsing errors.
