Uninstalled 33 packages in 35ms
 - arrow==1.4.0
 - binaryornot==0.6.0
 - charset-normalizer==3.5.1
 - coloredlogs==15.0.1
 - cookiecutter==2.7.1
 - filelock==3.32.5
 - graphviz==0.21
 - humanfriendly==10.0
 - hypothesis==6.167.1
 - jinja2==3.1.6
 - kframework==7.1.337
 - linkify-it-py==2.2.0
 - markdown-it-py==4.2.0
 - markupsafe==3.0.3
 - mdit-py-plugins==0.6.1
 - mdurl==0.1.2
 - moriarty==0.1.0 (from file:///home/charl/Moriarty)
 - platformdirs==4.11.7
 - psutil==5.9.8
 - pybind11==2.13.6
 - python-dateutil==2.9.0.post0
 - python-slugify==8.0.4
 - pyyaml==6.0.3
 - requests==2.34.2
 - rich==15.0.0
 - sortedcontainers==2.4.0
 - text-unidecode==1.3
 - textual==8.2.8
 - tomli==2.4.1
 - tomli-w==1.2.0
 - tzdata==2026.3
 - urllib3==2.7.0
 - xdg-base-dirs==6.0.2
