   Compiling proc-macro2 v1.0.107
   Compiling quote v1.0.47
   Compiling unicode-ident v1.0.24
   Compiling libc v0.2.189
   Compiling syn v2.0.119
   Compiling syn v3.0.3
   Compiling cfg-if v1.0.4
   Compiling zeroize_derive v1.5.0
   Compiling zeroize v1.9.0
   Compiling typenum v1.20.1
   Compiling subtle v2.6.1
   Compiling version_check v0.9.5
   Compiling generic-array v0.14.9
   Compiling zerocopy v0.8.56
   Compiling getrandom v0.2.17
   Compiling jobserver v0.1.35
   Compiling find-msvc-tools v0.1.11
   Compiling shlex v2.0.1
   Compiling rand_core v0.6.4
   Compiling cc v1.4.3
   Compiling const-oid v0.9.6
   Compiling serde_core v1.0.229
   Compiling ppv-lite86 v0.2.21
   Compiling pin-project-lite v0.2.17
   Compiling once_cell v1.21.4
   Compiling crypto-common v0.1.6
   Compiling block-buffer v0.10.4
   Compiling synstructure v0.13.2
   Compiling radium v0.7.0
   Compiling serde v1.0.229
   Compiling digest v0.10.7
   Compiling rand_chacha v0.3.1
   Compiling serde_derive v1.0.229
   Compiling tap v1.0.1
   Compiling wyz v0.5.1
   Compiling rand v0.8.7
   Compiling zerofrom-derive v0.1.7
   Compiling funty v2.0.0
   Compiling bitvec v1.1.1
   Compiling zerofrom v0.1.8
   Compiling yoke-derive v0.8.2
   Compiling stable_deref_trait v1.2.1
   Compiling yoke v0.8.3
   Compiling der v0.7.10
   Compiling ff v0.13.1
   Compiling rand_xorshift v0.3.0
   Compiling group v0.13.0
   Compiling zerovec-derive v0.11.4
   Compiling futures-core v0.3.34
   Compiling memchr v2.8.3
   Compiling base16ct v0.2.0
   Compiling serdect v0.2.0
   Compiling zerovec v0.11.7
   Compiling spki v0.7.3
   Compiling cmake v0.1.58
   Compiling displaydoc v0.2.7
   Compiling fs_extra v1.3.0
   Compiling itoa v1.0.18
   Compiling dunce v1.0.5
   Compiling bytes v1.12.1
   Compiling pkg-config v0.3.34
   Compiling aws-lc-sys v0.44.0
   Compiling pkcs8 v0.10.2
   Compiling sec1 v0.7.3
   Compiling crypto-bigint v0.5.5
   Compiling smallvec v1.15.2
   Compiling futures-sink v0.3.34
   Compiling elliptic-curve v0.13.8
   Compiling cpufeatures v0.2.17
   Compiling crossbeam-utils v0.8.22
   Compiling futures-channel v0.3.34
   Compiling tinystr v0.8.4
   Compiling hmac v0.12.1
   Compiling tracing-core v0.1.36
   Compiling tracing-attributes v0.1.31
   Compiling mio v1.2.2
   Compiling socket2 v0.6.5
   Compiling writeable v0.6.4
   Compiling aws-lc-rs v1.18.0
   Compiling bitflags v2.13.1
   Compiling crossbeam-epoch v0.9.20
   Compiling litemap v0.8.3
   Compiling autocfg v1.5.1
   Compiling num-traits v0.2.19
   Compiling icu_locale_core v2.3.0
   Compiling tokio v1.53.1
   Compiling tracing v0.1.44
   Compiling rfc6979 v0.4.0
   Compiling zerotrie v0.2.5
   Compiling potential_utf v0.1.6
   Compiling signature v2.2.0
   Compiling hybrid-array v0.4.14
   Compiling futures-macro v0.3.34
   Compiling icu_normalizer_data v2.3.0
   Compiling semver v1.0.28
   Compiling futures-io v0.3.34
   Compiling futures-task v0.3.34
   Compiling icu_properties_data v2.3.0
   Compiling crossbeam-deque v0.8.7
   Compiling slab v0.4.12
   Compiling utf8_iter v1.0.4
   Compiling icu_collections v2.3.0
   Compiling futures-util v0.3.34
   Compiling rustc_version v0.4.1
   Compiling ecdsa v0.16.9
   Compiling icu_provider v2.3.0
   Compiling sha2 v0.10.9
   Compiling http v1.5.0
   Compiling rustls-pki-types v1.15.1
   Compiling rayon-core v1.13.0
   Compiling either v1.17.0
   Compiling lazy_static v1.5.0
   Compiling http-body v1.1.0
   Compiling k256 v0.13.4
   Compiling curve25519-dalek v4.1.3
   Compiling block-buffer v0.12.1
   Compiling crypto-common v0.2.2
   Compiling blst v0.3.17
   Compiling num_cpus v1.17.0
   Compiling percent-encoding v2.3.2
   Compiling paste v1.0.15
   Compiling getrandom v0.3.4
   Compiling untrusted v0.9.0
   Compiling zmij v1.0.23
   Compiling httparse v1.10.1
   Compiling const-oid v0.10.2
   Compiling rustls v0.23.45
   Compiling digest v0.11.3
   Compiling threadpool v1.8.1
   Compiling icu_properties v2.3.0
   Compiling icu_normalizer v2.3.0
   Compiling num-integer v0.1.47
   Compiling primeorder v0.13.6
   Compiling hex v0.4.3
   Compiling curve25519-dalek-derive v0.1.1
   Compiling fnv v1.0.7
   Compiling tower-service v0.3.3
   Compiling try-lock v0.2.5
   Compiling getrandom v0.4.3
   Compiling serde_json v1.0.151
   Compiling rustix v1.1.4
   Compiling ident_case v1.0.1
   Compiling darling_core v0.20.11
   Compiling want v0.3.1
   Compiling p256 v0.13.2
   Compiling num-bigint v0.4.8
   Compiling rayon v1.12.0
   Compiling idna_adapter v1.2.2
   Compiling itertools v0.14.0
   Compiling pairing v0.23.0
   Compiling serde_arrays v0.2.0
   Compiling scopeguard v1.2.0
   Compiling arrayref v0.3.9
   Compiling arrayvec v0.7.8
   Compiling linux-raw-sys v0.12.1
   Compiling byte-slice-cast v1.2.3
   Compiling cfg_aliases v0.2.2
   Compiling atomic-waker v1.1.2
   Compiling constant_time_eq v0.4.2
   Compiling blake2b_simd v1.0.4
   Compiling hyper v1.11.0
   Compiling nix v0.30.1
   Compiling midnight-curves v0.3.1
   Compiling rand_core v0.9.5
   Compiling idna v1.1.0
   Compiling darling_macro v0.20.11
   Compiling form_urlencoded v1.2.2
   Compiling sync_wrapper v1.0.2
   Compiling base64 v0.22.1
   Compiling fastrand v2.5.0
   Compiling crc32fast v1.5.0
   Compiling openssl-probe v0.2.1
   Compiling typewit v1.15.2
   Compiling ipnet v2.12.1
   Compiling tower-layer v0.3.3
   Compiling portable-atomic v1.15.0
   Compiling unicode-segmentation v1.13.3
   Compiling similar v2.7.0
   Compiling tower v0.5.3
   Compiling hyper-util v0.1.20
   Compiling const_panic v0.2.16
   Compiling rustls-native-certs v0.8.4
   Compiling tempfile v3.27.0
   Compiling url v2.5.8
   Compiling darling v0.20.11
   Compiling rand_chacha v0.9.0
   Compiling midnight-proofs v0.8.2
   Compiling console v0.15.11
   Compiling midnight-serialize-macros v1.0.0 (https://github.com/midnightntwrk/midnight-ledger?rev=9a8777c4d035fc7f38ae286bcf5f8656668efd9f#9a8777c4)
   Compiling parking_lot_core v0.9.12
   Compiling log v0.4.33
   Compiling simd-adler32 v0.3.10
   Compiling konst_proc_macros v0.4.1
   Compiling unicode-width v0.2.2
   Compiling anyhow v1.0.104
   Compiling adler2 v2.0.1
   Compiling miniz_oxide v0.8.9
   Compiling console v0.16.4
   Compiling konst v0.4.3
   Compiling similar-asserts v1.7.0
   Compiling rand v0.9.5
   Compiling dummy v0.8.0
   Compiling tower-http v0.6.11
   Compiling http-body-util v0.1.5
   Compiling futures-executor v0.3.34
   Compiling tokio-util v0.7.19
   Compiling crypto v0.5.1
   Compiling serde_bytes v0.11.19
   Compiling virtue v0.0.18
   Compiling rustls-webpki v0.103.14
   Compiling cpufeatures v0.3.0
   Compiling deunicode v1.6.2
   Compiling allocator-api2 v0.2.21
   Compiling foldhash v0.2.0
   Compiling unit-prefix v0.5.2
   Compiling yansi v1.0.1
   Compiling equivalent v1.0.2
   Compiling hashbrown v0.17.1
   Compiling goldenfile v1.8.0
   Compiling indicatif v0.18.6
   Compiling fake v2.10.0
   Compiling tokio-rustls v0.26.4
   Compiling hyper-rustls v0.27.9
   Compiling rustls-platform-verifier v0.7.0
   Compiling reqwest v0.13.4
   Compiling sha2 v0.11.0
   Compiling bincode_derive v2.0.1
   Compiling midnight-serialize v1.2.0 (https://github.com/midnightntwrk/midnight-ledger?rev=9a8777c4d035fc7f38ae286bcf5f8656668efd9f#9a8777c4)
   Compiling futures v0.3.34
   Compiling flate2 v1.1.9
   Compiling atomic-write-file v0.3.0
   Compiling lock_api v0.4.14
   Compiling ripemd v0.2.0
   Compiling const-hex v1.19.1
   Compiling midnight-base-crypto-derive v1.1.0 (https://github.com/midnightntwrk/midnight-ledger?rev=9a8777c4d035fc7f38ae286bcf5f8656668efd9f#9a8777c4)
   Compiling pastey v0.2.3
   Compiling ethnum v1.5.3
   Compiling unty v0.0.4
   Compiling rustc-hash v2.1.3
   Compiling base64 v0.13.1
   Compiling midnight-base-crypto v1.1.0 (https://github.com/midnightntwrk/midnight-ledger?rev=9a8777c4d035fc7f38ae286bcf5f8656668efd9f#9a8777c4)
   Compiling midnight-circuits v7.2.4
   Compiling bincode v2.0.1
   Compiling parking_lot v0.12.5
   Compiling lru v0.18.2
   Compiling midnight-storage-macros v1.0.0 (https://github.com/midnightntwrk/midnight-ledger?rev=9a8777c4d035fc7f38ae286bcf5f8656668efd9f#9a8777c4)
   Compiling sha3-circuit v0.2.0
   Compiling blake2b_halo2 v0.2.0
   Compiling sysinfo v0.39.6
   Compiling derive-where v1.6.1
   Compiling archery v1.2.3
   Compiling hex-literal v1.1.0
   Compiling midnight-zk-stdlib v2.3.5
   Compiling midnight-storage-core v1.2.0 (https://github.com/midnightntwrk/midnight-ledger?rev=9a8777c4d035fc7f38ae286bcf5f8656668efd9f#9a8777c4)
   Compiling keccak v0.2.1
   Compiling sha3 v0.11.0
   Compiling midnight-transient-crypto v3.0.0 (https://github.com/midnightntwrk/midnight-ledger?rev=9a8777c4d035fc7f38ae286bcf5f8656668efd9f#9a8777c4)
   Compiling serde_repr v0.1.21
   Compiling midnight-zkir v3.1.0-rc.1 (https://github.com/midnightntwrk/midnight-zkir?rev=e82d81d25aabcc5f5092e2bd559083487f577914#e82d81d2)
   Compiling beta-public-preimage-check v0.1.0 (/home/charl/research/moriarty-signed-intent-2026-10-01/native-adapter-successor-v3)
    Finished `dev` profile [unoptimized + debuginfo] target(s) in 1m 20s
