PASS accept/roundtrip empty
PASS accept/roundtrip all declarations
PASS accept/roundtrip compact nested generic
PASS accept/roundtrip split generic comments
PASS accept/roundtrip empty lists
PASS accept/roundtrip pre/post identifiers
PASS accept/roundtrip syntactically valid duplicate unknown types
PASS accept/roundtrip unsupported words as identifiers
PASS accept/roundtrip maximal type arity is not call arity
PASS accept/roundtrip precedence
PASS accept/roundtrip left subtraction
PASS accept/roundtrip right subtraction
PASS accept/roundtrip comparison left
PASS accept/roundtrip comparison right
PASS accept/roundtrip double not
PASS accept/roundtrip project all primaries
PASS accept/roundtrip raw escapes
PASS accept/roundtrip unicode string
PASS accept/roundtrip max integer
PASS accept/roundtrip token adjacency
PASS accept/roundtrip identifier adjacent string comparison
PASS accept/roundtrip negative by subtraction
PASS reject trailing parameter
PASS reject trailing field
PASS reject trailing argument
PASS reject trailing type
PASS reject empty type
PASS reject keyword name
PASS reject keyword projection
PASS reject after ensures
PASS reject call on projection
PASS reject call returned function
PASS reject parenthesized callee
PASS reject call generics
PASS reject unsupported declaration
PASS reject missing separator
PASS reject a<b<c
PASS reject a==b!=c
PASS reject -1
PASS reject +1
PASS reject 1.5
PASS reject 1e2
PASS reject 1E+2
PASS reject 1_000
PASS reject 00
PASS reject 01
PASS reject a/b
PASS reject a&&b
PASS reject !a
PASS reject a**b
PASS reject a=>b
PASS reject not
PASS reject a+not b
PASS reject NBSP
PASS reject BOM
PASS reject vertical tab
PASS reject unclosed block
PASS reject slash
PASS reject nonASCII name
PASS reject combining suffix
PASS reject leading underscore
PASS accept/roundtrip line EOF
PASS accept/roundtrip CR line comment
PASS accept/roundtrip first block closer
PASS accept/roundtrip unicode comments
PASS accept/roundtrip all whitespace
PASS reject bad string "\"\\q\""
PASS reject bad string "\"\\u000X\""
PASS reject bad string "\"a\nb\""
PASS reject bad string "\"\\uD800\""
PASS reject bad string "\"\\uDC00\""
PASS reject bad string "\"\\uD800\\u0041\""
PASS reject bad string "\"unterminated"
PASS accept/roundtrip example funded-partial-payment.mori
PASS accept/roundtrip example partial-payment.mori
PASS 121 adjacent operator-pair precedence/rejection probes
PASS 1000 generated expression format roundtrips; seed=9157 depth=4
{"checks":1196,"failed":0,"node":"v24.18.1"}
