node:internal/modules/run_main:107
    triggerUncaughtException(
    ^

AssertionError [ERR_ASSERTION]: Expected values to be strictly deep-equal:
+ actual - expected

  {
    code: 'FINANCIAL_CONTEXT_REQUIRED',
+   nodePath: [],
+   span: {
+     end: '0',
+     kind: 'synthetic',
+     start: '0'
+   },
    status: 'Rejected',
+   workUsed: '0'
  }

    at file:///home/charl/Moriarty/deliverables/language-to-ledger-2026-09-12/k/root-source-core-probes.mjs:52:8 {
  generatedMessage: true,
  code: 'ERR_ASSERTION',
  actual: {
    status: 'Rejected',
    code: 'FINANCIAL_CONTEXT_REQUIRED',
    span: { kind: 'synthetic', start: '0', end: '0' },
    nodePath: [],
    workUsed: '0'
  },
  expected: { status: 'Rejected', code: 'FINANCIAL_CONTEXT_REQUIRED' },
  operator: 'deepStrictEqual',
  diff: 'simple'
}

Node.js v24.18.1
