start 2026-09-11T00:46:10-06:00
    Finished `release` profile [optimized] target(s) in 0.20s
     Running tests/verify_proof_e2e.rs (target/release/deps/verify_proof_e2e-2205454d1bfdafa1)

running 1 test
test verify_proof_with_a_collapsed_decider ... BENCH test_srs unsafe_setup_k=19 ms=17896.6 hwm_mb=293.6
BENCH inner relation=verify_proof_e2e::Echo k=4 keygen_vk_ms=9.0 keygen_pk_ms=4.6 prove_ms=68.3 proof_bytes=2528 hwm_mb=298.3
BENCH inner cost_model=CircuitModel { k: 4, rows: 1, table_rows: 1, nb_unusable_rows: 6, max_deg: 5, advice_columns: 5, fixed_columns: 25, lookups: 1, permutations: 8, column_queries: 34, point_sets: 4, size: 2496 }
BENCH inner relation=verify_proof_e2e::Recursive k=18 keygen_vk_ms=11909.7 keygen_pk_ms=5825.9 prove_ms=36303.6 proof_bytes=6432 hwm_mb=4078.4
BENCH inner cost_model=CircuitModel { k: 18, rows: 150885, table_rows: 253969, nb_unusable_rows: 7, max_deg: 5, advice_columns: 15, fixed_columns: 45, lookups: 5, permutations: 18, column_queries: 69, point_sets: 5, size: 6320 }
BENCH outer k=19 cost_model=CircuitModel { k: 19, rows: 514873, table_rows: 507921, nb_unusable_rows: 7, max_deg: 5, advice_columns: 15, fixed_columns: 45, lookups: 5, permutations: 18, column_queries: 69, point_sets: 5, size: 6320 }
BENCH outer keygen_vk_plus_pk_ms=95164.3 hwm_mb=6381.1
BENCH outer prove_guard_on_ms=81947.2 plonk_proof_bytes=6432 tagged_proof_bytes=6550 accumulators=1 accumulator_pi_elems=12 statement_len=1 hwm_mb=8003.5
BENCH neg=V5_carried_accumulator_dropped ms=5.48 outcome=REJECTED(Invalid outer proof)
BENCH outer verify_with_deferred_pairing n=10 min_ms=5.61 median_ms=6.15 max_ms=6.39
BENCH neg=V1_accumulator_replaced_by_trivial ms=5.58 outcome=REJECTED(Invalid outer proof)
BENCH neg=V2_flipped_outer_proof_byte ms=6.13 outcome=REJECTED(Invalid outer proof)
BENCH neg=V3_statement_extra_element ms=0.65 outcome=REJECTED(Invalid outer proof)
BENCH outer prove_guard_off_ms=84847.4 hwm_mb=8014.5
BENCH outer verify_guard_off_ms=6.42
ok

test result: ok. 1 passed; 0 failed; 0 ignored; 0 measured; 1 filtered out; finished in 467.52s

	Command being timed: "cargo test --release -p midnight-zkir-v3 --test verify_proof_e2e -- --ignored --nocapture --exact verify_proof_with_a_collapsed_decider --test-threads=1"
	User time (seconds): 1485.07
	System time (seconds): 25.58
	Percent of CPU this job got: 322%
	Elapsed (wall clock) time (h:mm:ss or m:ss): 7:47.81
	Average shared text size (kbytes): 0
	Average unshared data size (kbytes): 0
	Average stack size (kbytes): 0
	Average total size (kbytes): 0
	Maximum resident set size (kbytes): 8206868
	Average resident set size (kbytes): 0
	Major (requiring I/O) page faults: 0
	Minor (reclaiming a frame) page faults: 10654738
	Voluntary context switches: 47191
	Involuntary context switches: 410650
	Swaps: 0
	File system inputs: 0
	File system outputs: 560
	Socket messages sent: 0
	Socket messages received: 0
	Signals delivered: 0
	Page size (bytes): 4096
	Exit status: 0
exit=0 2026-09-11T00:53:58-06:00
