✔ closed Preview recovery admits exactly original build, wallet, network and remaining conservative budget (9.495515ms)
✔ actual published native bytes bind fee, address, whole constructor state and every identifier (36.981552ms)
✔ actual finalized deployment public gate accepts unchanged full native state (69.027421ms)
✔ Preview recovery rejects genesis before private restoration (18.469997ms)
✔ Preview recovery rejects failed acceptance before private restoration (15.80395ms)
✔ Preview recovery rejects wrong transaction id before private restoration (21.620554ms)
✔ Preview recovery rejects different history block before private restoration (27.981345ms)
✔ Preview recovery rejects mutated current constructor state before private restoration (41.57995ms)
✔ Preview recovery rejects advanced authority before private restoration (33.725869ms)
✔ Preview recovery rejects stale tip before private restoration (14.8511ms)
✔ Preview recovery rejects forged binding before private restoration (14.611786ms)
(node:881865) ExperimentalWarning: Module mocking is an experimental feature and might change at any time
(Use `node --trace-warnings ...` to show where the warning was created)
(node:881865) DeprecationWarning: mock.module(): options.namedExports is deprecated. Use options.exports instead.
✔ empty failed constructor store remains untouched and nonempty unrelated store rejects (17.477549ms)
✔ constructor mismatch cannot restore private state or mint a recovery capability (22.582606ms)
✔ recovery wallet requires consumed deployment DUST and empty pending state (10.872327ms)
✔ callable Preview recovery restores verified constructor and executes only three calls after fresh deployment comparison (48.061636ms)
✔ recovery loadAssets failure cannot reach a financial call (15.234499ms)
✔ recovery artifact-freshness failure cannot reach a financial call (17.18406ms)
✔ recovery verifyPublic failure cannot reach a financial call (13.519841ms)
✔ recovery reconstruct failure cannot reach a financial call (11.506651ms)
✔ recovery inspectStore failure cannot reach a financial call (28.656568ms)
✔ recovery restore failure cannot reach a financial call (32.074555ms)
✔ recovery genesis failure cannot reach a financial call (12.026879ms)
✔ recovery fee failure cannot reach a financial call (11.036341ms)
✔ verified private restoration and the resulting driver capability are each single-use (27.184672ms)
✔ recovery full receipt result survives durable writer and CLI completion with all historical identifiers (16.078502ms)
✔ malformed explicit recovery null cannot fall back to fresh deployment (11.541218ms)
✔ malformed explicit recovery false cannot fall back to fresh deployment (11.477985ms)
✔ malformed explicit recovery "" cannot fall back to fresh deployment (11.100704ms)
ℹ tests 28
ℹ suites 0
ℹ pass 28
ℹ fail 0
ℹ cancelled 0
ℹ skipped 0
ℹ todo 0
ℹ duration_ms 773.584751
