✔ control: unchanged base and balancing effects are accepted (0.825349ms)
✖ reject changed finalized fallible recipient (0.522251ms)
✖ reject changed finalized fallible amount (0.778887ms)
✖ reject changed finalized balancing recipient (0.168351ms)
✖ reject changed finalized additional intent (0.166567ms)
✖ reject changed finalized missing balancing intent (0.117623ms)
✖ reject changed finalized missing expiration (0.105366ms)
ℹ tests 7
ℹ suites 0
ℹ pass 1
ℹ fail 6
ℹ cancelled 0
ℹ skipped 0
ℹ todo 0
ℹ duration_ms 43.895248

✖ failing tests:

test at .local/state/moriarty/sp05-ledger-integration-20260908/root-effects.test.mjs:37:3
✖ reject changed finalized fallible recipient (0.522251ms)
  AssertionError [ERR_ASSERTION]: Missing expected exception.
      at TestContext.<anonymous> (file:///home/charl/.local/state/moriarty/sp05-ledger-integration-20260908/root-effects.test.mjs:40:12)
      at Test.runInAsyncScope (node:async_hooks:227:14)
      at Test.run (node:internal/test_runner/test:1325:25)
      at Test.processPendingSubtests (node:internal/test_runner/test:911:18)
      at Test.postRun (node:internal/test_runner/test:1465:19)
      at Test.run (node:internal/test_runner/test:1390:12)
      at async startSubtestAfterBootstrap (node:internal/test_runner/harness:385:3) {
    generatedMessage: false,
    code: 'ERR_ASSERTION',
    actual: undefined,
    expected: undefined,
    operator: 'throws',
    diff: 'simple'
  }

test at .local/state/moriarty/sp05-ledger-integration-20260908/root-effects.test.mjs:37:3
✖ reject changed finalized fallible amount (0.778887ms)
  AssertionError [ERR_ASSERTION]: Missing expected exception.
      at TestContext.<anonymous> (file:///home/charl/.local/state/moriarty/sp05-ledger-integration-20260908/root-effects.test.mjs:40:12)
      at Test.runInAsyncScope (node:async_hooks:227:14)
      at Test.run (node:internal/test_runner/test:1325:25)
      at Test.processPendingSubtests (node:internal/test_runner/test:911:18)
      at Test.postRun (node:internal/test_runner/test:1465:19)
      at Test.run (node:internal/test_runner/test:1390:12)
      at async Test.processPendingSubtests (node:internal/test_runner/test:911:7) {
    generatedMessage: false,
    code: 'ERR_ASSERTION',
    actual: undefined,
    expected: undefined,
    operator: 'throws',
    diff: 'simple'
  }

test at .local/state/moriarty/sp05-ledger-integration-20260908/root-effects.test.mjs:37:3
✖ reject changed finalized balancing recipient (0.168351ms)
  AssertionError [ERR_ASSERTION]: Missing expected exception.
      at TestContext.<anonymous> (file:///home/charl/.local/state/moriarty/sp05-ledger-integration-20260908/root-effects.test.mjs:40:12)
      at Test.runInAsyncScope (node:async_hooks:227:14)
      at Test.run (node:internal/test_runner/test:1325:25)
      at Test.processPendingSubtests (node:internal/test_runner/test:911:18)
      at Test.postRun (node:internal/test_runner/test:1465:19)
      at Test.run (node:internal/test_runner/test:1390:12)
      at async Test.processPendingSubtests (node:internal/test_runner/test:911:7) {
    generatedMessage: false,
    code: 'ERR_ASSERTION',
    actual: undefined,
    expected: undefined,
    operator: 'throws',
    diff: 'simple'
  }

test at .local/state/moriarty/sp05-ledger-integration-20260908/root-effects.test.mjs:37:3
✖ reject changed finalized additional intent (0.166567ms)
  AssertionError [ERR_ASSERTION]: Missing expected exception.
      at TestContext.<anonymous> (file:///home/charl/.local/state/moriarty/sp05-ledger-integration-20260908/root-effects.test.mjs:40:12)
      at Test.runInAsyncScope (node:async_hooks:227:14)
      at Test.run (node:internal/test_runner/test:1325:25)
      at Test.processPendingSubtests (node:internal/test_runner/test:911:18)
      at Test.postRun (node:internal/test_runner/test:1465:19)
      at Test.run (node:internal/test_runner/test:1390:12)
      at async Test.processPendingSubtests (node:internal/test_runner/test:911:7) {
    generatedMessage: false,
    code: 'ERR_ASSERTION',
    actual: undefined,
    expected: undefined,
    operator: 'throws',
    diff: 'simple'
  }

test at .local/state/moriarty/sp05-ledger-integration-20260908/root-effects.test.mjs:37:3
✖ reject changed finalized missing balancing intent (0.117623ms)
  AssertionError [ERR_ASSERTION]: Missing expected exception.
      at TestContext.<anonymous> (file:///home/charl/.local/state/moriarty/sp05-ledger-integration-20260908/root-effects.test.mjs:40:12)
      at Test.runInAsyncScope (node:async_hooks:227:14)
      at Test.run (node:internal/test_runner/test:1325:25)
      at Test.processPendingSubtests (node:internal/test_runner/test:911:18)
      at Test.postRun (node:internal/test_runner/test:1465:19)
      at Test.run (node:internal/test_runner/test:1390:12)
      at async Test.processPendingSubtests (node:internal/test_runner/test:911:7) {
    generatedMessage: false,
    code: 'ERR_ASSERTION',
    actual: undefined,
    expected: undefined,
    operator: 'throws',
    diff: 'simple'
  }

test at .local/state/moriarty/sp05-ledger-integration-20260908/root-effects.test.mjs:37:3
✖ reject changed finalized missing expiration (0.105366ms)
  AssertionError [ERR_ASSERTION]: Missing expected exception.
      at TestContext.<anonymous> (file:///home/charl/.local/state/moriarty/sp05-ledger-integration-20260908/root-effects.test.mjs:40:12)
      at Test.runInAsyncScope (node:async_hooks:227:14)
      at Test.run (node:internal/test_runner/test:1325:25)
      at Test.processPendingSubtests (node:internal/test_runner/test:911:18)
      at Test.postRun (node:internal/test_runner/test:1465:19)
      at Test.run (node:internal/test_runner/test:1390:12)
      at async Test.processPendingSubtests (node:internal/test_runner/test:911:7) {
    generatedMessage: false,
    code: 'ERR_ASSERTION',
    actual: undefined,
    expected: undefined,
    operator: 'throws',
    diff: 'simple'
  }
