✔ fixed swap mint matches an actual SDK decoded available coin, without authority claims (8.281561ms)
✔ swap mint gate rejects missing receipt (1.481139ms)
✔ swap mint gate rejects wrong stage (0.455658ms)
✔ swap mint gate rejects wrong tx hash (0.495394ms)
✔ swap mint gate rejects missing id (0.430582ms)
✔ swap mint gate rejects unfinalized metadata (0.348867ms)
✔ swap mint gate rejects wrong protocol (0.304662ms)
✔ swap mint gate rejects missing mint (0.37818ms)
✔ swap mint gate rejects extra mint (0.302879ms)
✔ swap mint gate rejects native input (0.409851ms)
✔ swap mint gate rejects wrong action (0.234263ms)
✔ swap mint gate rejects wrong contract (0.1973ms)
✔ swap mint gate rejects wrong physical segment (0.199625ms)
✔ swap mint gate rejects wrong native section (0.184224ms)
✔ swap mint gate rejects wrong native index (0.225941ms)
✔ swap mint gate rejects wrong native owner (0.227445ms)
✔ swap mint gate rejects wrong native type (0.174575ms)
✔ swap mint gate rejects wrong native value (0.150288ms)
✔ swap mint gate rejects malformed native origin (0.204962ms)
✔ swap mint gate rejects same roles (0.205043ms)
✔ swap mint gate rejects same assets (0.174197ms)
✔ swap mint gate rejects disconnected shielded (0.161355ms)
✔ swap mint gate rejects incomplete unshielded (0.165169ms)
✔ swap mint gate rejects missing dust progress (0.160691ms)
✔ swap mint gate rejects pending dust (0.145781ms)
✔ swap mint gate rejects pending coin (0.185383ms)
✔ swap mint gate rejects missing available coin (0.172886ms)
✔ swap mint gate rejects duplicate available coin (0.146315ms)
✔ swap mint gate rejects rawhex wallet owner (0.670412ms)
✔ swap mint gate rejects wrong wallet owner (0.391175ms)
✔ swap mint gate rejects wrong wallet network (0.303039ms)
✔ swap mint gate rejects wrong wallet type (0.560476ms)
✔ swap mint gate rejects wrong wallet amount (0.492441ms)
✔ swap mint gate rejects string wallet amount (0.28657ms)
✔ swap mint gate rejects wrong wallet origin (0.207636ms)
✔ swap mint gate rejects wrong wallet index (0.209438ms)
✔ swap mint gate rejects flattened coin (0.210392ms)
✔ unrelated correctly shaped coins do not hide exact mint duplicates or fund the predicate (0.321537ms)
✔ actual compiled swap fallible mint matches its exact SDK-decoded available coin (46.664425ms)
✔ fallible mint cannot use the guaranteed origin namespace (25.977817ms)
ℹ tests 40
ℹ suites 0
ℹ pass 40
ℹ fail 0
ℹ cancelled 0
ℹ skipped 0
ℹ todo 0
ℹ duration_ms 556.977143
