TAP version 13
# Subtest: actual retained swap deployment has empty native contract balances
ok 1 - actual retained swap deployment has empty native contract balances
  ---
  duration_ms: 11.646576
  type: 'test'
  ...
# Subtest: actual retained initialized swap native state contains both exact pool reserves
ok 2 - actual retained initialized swap native state contains both exact pool reserves
  ---
  duration_ms: 5.664954
  type: 'test'
  ...
# Subtest: actual retained initialized loan native state has no contract custody balance
ok 3 - actual retained initialized loan native state has no contract custody balance
  ---
  duration_ms: 2.118491
  type: 'test'
  ...
# Subtest: native balance extraction rejects plain state
ok 4 - native balance extraction rejects plain state
  ---
  duration_ms: 0.318174
  type: 'test'
  ...
# Subtest: native balance extraction rejects missing state
ok 5 - native balance extraction rejects missing state
  ---
  duration_ms: 0.209173
  type: 'test'
  ...
# Subtest: native balance extraction rejects wrong native class
ok 6 - native balance extraction rejects wrong native class
  ---
  duration_ms: 0.10147
  type: 'test'
  ...
# Subtest: native balance extraction rejects missing ledger class
ok 7 - native balance extraction rejects missing ledger class
  ---
  duration_ms: 2.169198
  type: 'test'
  ...
# Subtest: native balance extraction rejects not a Map
ok 8 - native balance extraction rejects not a Map
  ---
  duration_ms: 0.111297
  type: 'test'
  ...
# Subtest: native balance extraction rejects negative value
ok 9 - native balance extraction rejects negative value
  ---
  duration_ms: 0.136228
  type: 'test'
  ...
# Subtest: native balance extraction rejects overflow value
ok 10 - native balance extraction rejects overflow value
  ---
  duration_ms: 0.140542
  type: 'test'
  ...
# Subtest: native balance extraction rejects number value
ok 11 - native balance extraction rejects number value
  ---
  duration_ms: 0.119209
  type: 'test'
  ...
# Subtest: native balance extraction rejects string value
ok 12 - native balance extraction rejects string value
  ---
  duration_ms: 0.094066
  type: 'test'
  ...
# Subtest: native balance extraction rejects plain string token
ok 13 - native balance extraction rejects plain string token
  ---
  duration_ms: 0.063957
  type: 'test'
  ...
# Subtest: native balance extraction rejects dust token
ok 14 - native balance extraction rejects dust token
  ---
  duration_ms: 0.069321
  type: 'test'
  ...
# Subtest: native balance extraction rejects shielded token
ok 15 - native balance extraction rejects shielded token
  ---
  duration_ms: 0.081105
  type: 'test'
  ...
# Subtest: native balance extraction rejects short token
ok 16 - native balance extraction rejects short token
  ---
  duration_ms: 0.075011
  type: 'test'
  ...
# Subtest: native balance extraction rejects uppercase token
ok 17 - native balance extraction rejects uppercase token
  ---
  duration_ms: 0.078044
  type: 'test'
  ...
# Subtest: native balance extraction rejects extra field
ok 18 - native balance extraction rejects extra field
  ---
  duration_ms: 0.072748
  type: 'test'
  ...
# Subtest: native balance extraction rejects duplicate token identity
ok 19 - native balance extraction rejects duplicate token identity
  ---
  duration_ms: 0.087773
  type: 'test'
  ...
# Subtest: native balance extraction rejects oversized map
ok 20 - native balance extraction rejects oversized map
  ---
  duration_ms: 1.7819
  type: 'test'
  ...
# Subtest: closed token fields reject getters, hidden fields, symbols and inherited shapes without getter access
ok 21 - closed token fields reject getters, hidden fields, symbols and inherited shapes without getter access
  ---
  duration_ms: 0.237111
  type: 'test'
  ...
# Subtest: zero and maximum u128 are retained exactly in detached frozen decimal map
ok 22 - zero and maximum u128 are retained exactly in detached frozen decimal map
  ---
  duration_ms: 0.094111
  type: 'test'
  ...
1..22
# tests 22
# suites 0
# pass 22
# fail 0
# cancelled 0
# skipped 0
# todo 0
# duration_ms 109.11967
