✔ loan complete inert artifacts produce inspected hashes, never a proven build claim (41.618559ms)
✔ swap chooses exact exported circuits (20.215991ms)
✔ absent admission rejects before compiler and allocation (4.820436ms)
✔ wrong case rejects before compiler and allocation (2.917957ms)
✔ wrong candidate rejects before compiler and allocation (5.003454ms)
✔ wrong resource rejects before compiler and allocation (2.553697ms)
✔ consumed allowance rejects before compiler and allocation (2.605547ms)
✔ nonfinite timeout rejects before compiler and allocation (1.926128ms)
✔ expired deadline rejects before compiler and allocation (2.51564ms)
✔ missing source pin rejects before compiler and allocation (5.242451ms)
✔ stale source pin rejects before compiler and allocation (4.421356ms)
✔ different output rejects before compiler and allocation (1.924412ms)
✔ existing output is preserved and rejects (1.304868ms)
✔ symlink ancestor rejects before compiler (1.401677ms)
✔ compiler failure preserves charged attempt, partial outputs and diagnostic receipt; no retry (4.245899ms)
✔ missing proving key rejects despite compiler success (10.517899ms)
✔ wrong metadata version rejects despite compiler success (16.571409ms)
✔ generated output symlink is rejected, never hashed through (22.943282ms)
✔ consumed on-disk attempt refuses reset counters on later invocation (14.506085ms)
✔ review digest and resource bytes must match immutable admission bindings (16.880099ms)
✔ source commitment ignores object insertion order, retaining the exact ordered source list (0.765794ms)
✔ attempt path equal to output rejects before consuming the allowance (8.502105ms)
✔ post-charge output creation failure retains a diagnostic outside output (8.114363ms)
✔ receipt write failure preserves the original compiler failure and outside diagnostic (13.124379ms)
✔ loan retained generated state and transcript effects match independent comparator (synthetic transport only) (229.532065ms)
✔ swap retained generated state and transcript effects match independent comparator (synthetic transport only) (233.883663ms)
✔ actual generated financial state and actual transcript payout mutations are rejected (249.088511ms)
✔ actual initialize bytes bind complete history input identities and corrected minted origin (70.586333ms)
✔ altered native bytes and the previous deployment fail closed (0.463608ms)
✔ actual initialized state matches exactly; authority, balances and extra operations reject (26.039445ms)
✔ existing private state verification only scopes and sequentially reads, returns no secrets or authority token (12.355736ms)
✔ missing or nonempty private state rejects without key read or writes (9.250378ms)
✔ missing or nonempty private state rejects without key read or writes (6.804161ms)
✔ missing or nonempty private state rejects without key read or writes (6.435332ms)
✔ missing or nonempty private state rejects without key read or writes (6.208006ms)
✔ missing or nonempty private state rejects without key read or writes (7.542898ms)
✔ private state accessor or hidden value is rejected without getter execution (15.713704ms)
✔ stored signing-key mismatch and read failure stop with closed errors (11.987861ms)
✔ wrong real signing identity or wrong state prevents any provider access (12.935664ms)
✔ minted continuation gate requires exactly one full available output and none pending (20.403373ms)
✔ actual wallet sync decoder keeps indexed Bech32m owner and the continuation gate matches its native identity (581.69338ms)
✔ closed initialized plan selects the original nonempty store without accessing its files (1.612852ms)
✔ initialized plan rejects alternate states, identities, modes, stores and limits (1.947289ms)
✔ initialized plan rejects overlapping snapshot/output and historical directories (3.018986ms)
✔ descriptor accessors and symbol fields are rejected without invoking getters (0.195286ms)
✔ public reader verifies both actual native transactions and both original results (77.381521ms)
✔ actual retained swap deployment has empty native contract balances (16.953846ms)
✔ actual retained initialized swap native state contains both exact pool reserves (6.633417ms)
✔ actual retained initialized loan native state has no contract custody balance (5.222963ms)
✔ native balance extraction rejects plain state (0.369002ms)
✔ native balance extraction rejects missing state (0.32248ms)
✔ native balance extraction rejects wrong native class (0.111838ms)
✔ native balance extraction rejects missing ledger class (2.702254ms)
✔ native balance extraction rejects not a Map (0.140531ms)
✔ native balance extraction rejects negative value (0.226338ms)
✔ native balance extraction rejects overflow value (0.138365ms)
✔ native balance extraction rejects number value (0.786719ms)
✔ native balance extraction rejects string value (0.104798ms)
✔ native balance extraction rejects plain string token (0.064191ms)
✔ native balance extraction rejects dust token (0.165079ms)
✔ native balance extraction rejects shielded token (0.068889ms)
✔ native balance extraction rejects short token (0.399591ms)
✔ native balance extraction rejects uppercase token (0.075791ms)
✔ native balance extraction rejects extra field (0.054611ms)
✔ native balance extraction rejects duplicate token identity (0.147872ms)
✔ native balance extraction rejects oversized map (2.351237ms)
✔ closed token fields reject getters, hidden fields, symbols and inherited shapes without getter access (0.199104ms)
✔ zero and maximum u128 are retained exactly in detached frozen decimal map (0.114794ms)
✔ complete loan and swap comparison preserves gross spending and residual duties (17.106837ms)
✔ rejects missing financial field (3.212256ms)
✔ rejects extra financial field (2.493363ms)
✔ rejects remaining debt erased (4.014217ms)
✔ rejects string-valued decoded amount (1.433378ms)
✔ rejects prior result overwritten (3.299444ms)
✔ rejects effect recipient corrupted (1.948637ms)
✔ rejects extra result member (2.111867ms)
✔ rejects initialization flag wrong (3.52726ms)
✔ rejects capability changed (1.511567ms)
✔ rejects payout address changed (2.74505ms)
✔ rejects domain changed (1.305988ms)
✔ rejects color changed (1.208356ms)
✔ rejects network changed (1.16074ms)
✔ rejects program changed (1.659686ms)
✔ rejects native payout changed (1.346124ms)
✔ rejects native conversion amount changed (1.834704ms)
✔ rejects hidden native effect (0.961712ms)
✔ rejects missing native transcript (0.872809ms)
✔ rejects actual lender output short (1.426263ms)
✔ rejects third-party payer (5.146986ms)
✔ rejects gross debit replaced with net (1.48993ms)
✔ rejects native fee mismatch (1.539473ms)
✔ rejects unresolved fee treated resolved (1.645548ms)
✔ rejects contract address changed (0.807455ms)
✔ rejects duplicate tx id (0.796257ms)
✔ rejects block order reversed (1.605014ms)
✔ rejects unfinalized height (1.841385ms)
✔ rejects unsupported protocol (0.935848ms)
✔ rejects false native proof claim (0.960407ms)
✔ swap must observe contract reserves and mint-to-self claims (2.436625ms)
✔ rejects skipped stages and remains stopped after a failure (3.214684ms)
✔ rejects duplicate participants and never exposes role secrets (2.908378ms)
✔ requires explicit ledger protocol, distinct from package version (0.271075ms)
✔ rejects indexer identifier omissions, extras and duplicates (3.702978ms)
✔ rejects zero-valued hidden payout claims (1.385829ms)
✔ summary preserves every observed public field and native aggregate without mutable aliases (7.580817ms)
✔ unknown top-level public state cannot leak into a summary (1.246963ms)
✔ mint-to-self input counts once as contract funding and never as participant spending (5.139736ms)
✔ standalone runtime pin inspection rejects unchanged-version package or entry mutation without importing adapters (1.052241ms)
✔ full composition prepares address then binds colors once and records every stage before next call (13.62ms)
✔ wrong network rejects before preparation and bounded-cleans supplied wallet (0.691866ms)
✔ wrong SDK network rejects before preparation and bounded-cleans supplied wallet (1.021133ms)
✔ wrong payer rejects before preparation and bounded-cleans supplied wallet (0.701653ms)
✔ public endpoint rejects before preparation and bounded-cleans supplied wallet (0.246513ms)
✔ missing protocol rejects before preparation and bounded-cleans supplied wallet (0.458506ms)
✔ unknown logical asset rejects before preparation and bounded-cleans supplied wallet (0.338378ms)
✔ provider construction failure preserves failure and cleans wallet/assets (1.616784ms)
✔ driver failure before its cleanup ownership guard falls back to wallet cleanup (1.830688ms)
✔ driver throw without cleanup receipt falls back to owned providers exactly once (0.689977ms)
✔ onStage failed retention stops before another transaction (0.890773ms)
✔ source adapters cannot silently switch into production mode (0.2177ms)
✔ local RPC uses one bounded nonredirecting request and validates its response identity (22.880098ms)
✔ local RPC aborts an unresponsive inert request by absolute deadline (30.250004ms)
✔ swap waits for exact wallet mint after durable initialize comparison and before actual driver swap (5.972746ms)
✔ missing initialized wallet mint stops actual driver before swap and close (1.394237ms)
✔ wallet sync that crosses the admission deadline prevents swap (1.246902ms)
✔ asset mutation after a recorded stage stops before the next SDK stage (0.736614ms)
✔ inert contained success is explicitly source-only and never financial acceptance (0.513475ms)
✔ RPC rejects mismatched IDs and oversized bodies without a retry (0.62506ms)
✔ protocol and reviewed callbacks remain captured after asynchronous preparation starts (0.623986ms)
✔ recovery composition restores before real driver, observes historical deploy once and submits only three calls (1.810481ms)
✔ recovery publicCheck failure stops before driver and cleans owned resources (0.536014ms)
✔ recovery checkWallet failure stops before driver and cleans owned resources (0.408722ms)
✔ recovery reconstruct failure stops before driver and cleans owned resources (0.427595ms)
✔ recovery inspectStore failure stops before driver and cleans owned resources (0.355874ms)
✔ recovery restore failure stops before driver and cleans owned resources (0.408792ms)
✔ recovery wallet synchronization rejection prevents constructor, store and driver (0.463877ms)
✔ recovery rejects actual allocation differing from closed plan before recovery work (0.274632ms)
✔ recovery rejects actual submissions differing from closed plan before recovery work (1.228528ms)
✔ recovery rejects actual dust differing from closed plan before recovery work (0.569868ms)
✔ recovery rejects actual gross cap differing from closed plan before recovery work (0.40503ms)
✔ recovery rejects actual deadline differing from closed plan before recovery work (0.24495ms)
✔ recovery rejects actual journal differing from closed plan before recovery work (0.224081ms)
✔ recovery rejects actual store directory differing from closed plan before recovery work (0.230593ms)
✔ recovery rejects actual store namespace differing from closed plan before recovery work (0.20117ms)
✔ recovery rejects actual role differing from closed plan before recovery work (0.853054ms)
✔ recovery rejects actual wallet differing from closed plan before recovery work (0.595933ms)
✔ recovery rejects actual network tag differing from closed plan before recovery work (6.829923ms)
✔ recovery rejects actual build differing from closed plan before recovery work (0.652256ms)
✔ recovery plan rejects changed deployment identity and unchecked identity shortcut (0.412247ms)
✔ production integration rejects recovery adapters before loading runtime or touching private state (0.1736ms)
✔ source recovery requires all recovery adapters (0.708337ms)
✔ nonempty recovery destination stops before provider creation and driver (0.87414ms)
✔ recovery rejects deployment identity getter before cloning or executing it (0.178111ms)
✔ initialized composition replays history once before store access and only submits accrue and settle (1.90762ms)
✔ initialized publicCheck failure stops calls and cleans owned resources (0.757923ms)
✔ initialized checkWallet failure stops calls and cleans owned resources (0.465034ms)
✔ initialized preserveStore failure stops calls and cleans owned resources (0.745125ms)
✔ initialized checkPrivate failure stops calls and cleans owned resources (0.629423ms)
✔ failed initialized historical deploy comparison prevents snapshot and providers (1.390392ms)
✔ failed initialized historical initialize comparison prevents snapshot and providers (2.418842ms)
✔ initialized actual store mismatch stops before setup (0.424675ms)
✔ initialized actual limits mismatch stops before setup (0.387956ms)
✔ initialized actual role mismatch stops before setup (0.403679ms)
✔ initialized actual build mismatch stops before setup (0.317612ms)
✔ production rejects continuation adapters; source fixture requires every gate (1.289518ms)
✔ initialized publicCheck requires its closed success result (0.886749ms)
✔ initialized preserveStore requires its closed success result (1.132062ms)
✔ initialized checkPrivate requires its closed success result (0.996839ms)
✔ integration failure emits only a closed code and excludes unknown SDK text (0.397148ms)
✔ actual production preflight failure survives durable launcher retention with its closed code (0.672429ms)
✔ control composes actual driver, observer/native decoder and comparator with source-only durable retention (132.200313ms)
✔ composed negative: wrong payer binding after durable deploy stops and preserves charged public failure evidence (14.157383ms)
✔ composed negative: wrong indexed recipient in initialize stops and preserves charged public failure evidence (27.966892ms)
✔ composed negative: deleted wire fee fields stops and preserves charged public failure evidence (13.127825ms)
✔ composed negative: deleted observed fee fields stops and preserves charged public failure evidence (13.164691ms)
✔ composed negative: understated native debit after actual observer stops and preserves charged public failure evidence (13.874809ms)
✔ composed negative: wrong native payer in settle observation stops and preserves charged public failure evidence (62.89447ms)
✔ closed local plan validates without opening secret paths (1.139272ms)
✔ rejects remote endpoints, Preview, embedded secrets, unknown fields and unbounded limits (0.899721ms)
✔ private input reader rejects permissive files and symlinks without leaking contents (0.740488ms)
✔ private input reader and CLI reject a FIFO without waiting for a writer (214.304536ms)
✔ event projection drops private fields and rejects unexpected event kinds (0.810872ms)
✔ actual pinned launch SDK files satisfy source inspection without wallet construction (21.587365ms)
✔ CLI requires an explicit run, plan path and exact digest without echoing arguments (99.487887ms)
✔ strict saved-state envelope rejects absent, null and incompatible restore data (0.421661ms)
✔ real pinned API exports compose without constructing a wallet or key (1563.763532ms)
✔ public submission capture persists actual historical native bytes before inert submission and retains failure evidence (35.964173ms)
✔ submission evidence storage failure prevents calling even an inert submitter (9.737487ms)
✔ complete reviewed public integration result preserves failed driver receipts, cleanup and finished comparison (0.856803ms)
✔ storage password preflight applies actual SDK policy before wallet work and emits only a closed error (1.760277ms)
✔ closed recovery launch keeps original wallet and roles and permits exactly three submissions (1.606606ms)
✔ launcher rejects malformed diagnostic fields and accessors before durable retention (0.695205ms)
✔ initialized launch admits exactly two calls against the fixed existing store without private access (0.579295ms)
✔ initialized launch rejects combined modes, replacement private state, identity and history changes (0.694244ms)
✔ public integration failure code is retained only as an allowlisted own data field on failure (0.411204ms)
✔ the observed 39-hour-old tip cannot reach wallet balancing (61.723262ms)
✔ fresh indexed block is checked against finalized node chain before each balance (1005.557872ms)
✔ future, mismatched, far-behind and invalid block observations fail closed (177.108704ms)
✔ readiness retries only reads until the indexed tip becomes fresh (1002.803881ms)
✔ hung and oversized indexer responses stop within the shared deadline (79.734169ms)
✔ local readiness rejects remote endpoints before fetching (0.30837ms)
✔ SDK second-query regression is rejected before returning a recipe for signing (0.670281ms)
✔ actual rejected native transaction cannot reach another submission (27.506367ms)
✔ epoch millisecond timestamps use SDK units without accepting second-scale values (36.147818ms)
✔ slow proof and future native DUST time stop submission; recent native time passes (0.578675ms)
✔ readiness retention crossing the deadline cannot start wallet balancing (0.976009ms)
✔ recovery exact-finality readiness waits for matching head while ordinary readiness permits nearby blocks (36.626644ms)
✔ actual public preflight rejects wrong genesis after retained native and build checks without private access (963.66103ms)
✔ preparation fixes the contract address before funding and submits the same transaction once (21.665735ms)
✔ prepared deployment rejects changed constructor or private state before submission (9.762791ms)
✔ submission failure is single-use and stores no successful deployment state (3.003074ms)
✔ preparation verifies native deployment identity and retains an immutable byte snapshot (3.27125ms)
✔ loan synthetic layout and inert constructor composition remain nonexecutable (216.593907ms)
✔ swap synthetic layout and inert constructor composition remain nonexecutable (21.585997ms)
✔ synthetic receipts cannot use executable loader adapters or flipped proven flags (13.498417ms)
✔ receipt binding rejects before module adapter (1.897881ms)
✔ stale sources rejects before module adapter (2.730391ms)
✔ wrong case rejects before module adapter (2.174902ms)
✔ skip-zk command rejects before module adapter (2.504955ms)
✔ missing key rejects before module adapter (6.12506ms)
✔ wrong metadata rejects before module adapter (3.122813ms)
✔ missing circuit rejects before module adapter (3.814975ms)
✔ unlisted asset rejects before module adapter (1.622394ms)
✔ mutated asset rejects before module adapter (1.562676ms)
✔ unsafe path rejects before module adapter (2.863496ms)
✔ symlink asset rejects before module adapter (2.848615ms)
✔ new package import rejects before module adapter (17.924647ms)
✔ lazy import rejects before module adapter (26.081084ms)
✔ source adapter exercises actual pinned protocol CompiledContract constructors without executable result (317.354249ms)
✔ module adapter mutation is caught by complete post-composition reinspection (26.982942ms)
✔ constructs the actual SDK provider interfaces with account-scoped storage and proven asset path (2.724985ms)
✔ real pinned SDK constructors accept production options without storage or network operations (553.11235ms)
✔ production balance/sign/finalize/submit retains per-asset gross without subtracting refunds (78.296119ms)
✔ rejects malformed counters before wallet balance or signing (1.013471ms)
✔ unknown recipes and diagnostic transaction maps stop before signing or finalizing (19.142928ms)
✔ DUST registration is excluded before signing regardless of signature presence or fee authorization (11.993809ms)
✔ wrong signatures reject before finalize; presence is insufficient (7.138823ms)
✔ changed fallible output and extra finalized intent stop submission and retain reservation (33.574015ms)
✔ submission only accepts issued unchanged transaction once (15.753496ms)
✔ deadline during finalization stops all later effects and reports uncontained operation (83.598702ms)
✔ inert ambiguous submit failure permanently stops provider and retains IDs (12.567901ms)
✔ extra unshielded balancing transaction rejects despite admitted assets (6.891823ms)
✔ unknown asset and exhausted submission cap reject before further wallet operations (15.728461ms)
✔ query deadline and explicit cleanup share the wallet stop latch (0.560082ms)
✔ actual wallet balance flags exclude shielded funding; pre-proof callers reject before balance (12.957114ms)
✔ balancing recipe with unadmitted gross rejects before sign (4.010399ms)
✔ durable allocation refuses absent/corrupt/reset state and mismatched limits (0.863922ms)
✔ successful reconstruction preserves charges; failed finalization persists a stop and charges (31.779985ms)
✔ shared file serializes allocation ownership and crash lock is never reset (13.38897ms)
✔ original snapshot rejects in-place changed recipient/value/action and added base intent before signing (16.103977ms)
✔ permitted appended payer funding/change preserves original outputs and durably reserves before finalize (21.486074ms)
✔ already constructed second provider reloads durable allowance before wallet effects (14.958389ms)
✔ execution binding captures wallet-derived payer and immutable endpoints but reads current SDK network (0.543762ms)
✔ allocation binding rejects changed payer, network and allocation identity before wallet effects (1.842506ms)
✔ observer reads actual initialized reserves from its exact-block native state, not empty separate index (98.102458ms)
✔ an unavailable separate balance projection cannot suppress complete native balances (42.217819ms)
✔ observer rejects a plain object in place of native exact-block contract state (42.281641ms)
✔ native byte decoder exposes signed owners and complete gross inputs and outputs (32.199583ms)
✔ native byte decoder rejects noncanonical bytes and missing input signatures (12.542232ms)
✔ finality observer checks canonical block and queries state at the same block hash (7.873652ms)
✔ observer traverses native deployment bytes with inert RPC and rejects financial observation corruption (29.621257ms)
✔ contract effect projection retains mints, contract IO and precise public payouts (1.166704ms)
✔ historical DUST replay preserves unequal fee fields and exact indexed identifiers (53.381569ms)
✔ native decoder verifies signatures by exact input index and count (30.820687ms)
✔ actual guaranteed output origin matches the stopped indexer for a nonzero physical segment (33.350512ms)
✔ indexed initialization waits for later finality after one indexed watch (1016.789501ms)
✔ finality regression stops before state observation (1015.101806ms)
✔ caller deadline stops pending finality without observing state or watching again (104.975438ms)
✔ fallible output origin retains its nonzero physical segment namespace (5.495034ms)
✔ actual initialize owner crosses the Bech32m indexer boundary without changing native identity (16.591334ms)
✔ indexed owner rejects noncanonical, malformed and cross-network address encodings (99.012313ms)
✔ a canonical but unequal indexed owner fails full native output comparison (13.005834ms)
✔ recovery binds actual retained loan bytes, every identifier and original state without constructing a deployment (60.691ms)
✔ complete native state comparison rejects authority, operation-set and balance changes (29.750529ms)
✔ recovery wallet gate requires strict sync, no pending or spent dust, and the full remaining cap (14.821124ms)
✔ metadata gate checks entire real Level namespace and rejects additional state without leaking values (257.285612ms)
✔ public recovery gate verifies native receipt, canonical finality and whole current state through read-only interfaces (42.512713ms)
✔ public recovery gate stops on nonfinality, changed current state, receipt mismatch or stale tip (40099.335108ms)
✔ closed known recovery plan returns an independent identity and reads only retained public inputs (13.516973ms)
✔ closed recovery plan rejects unknown field (0.256621ms)
✔ closed recovery plan rejects symbol field (0.115418ms)
✔ closed recovery plan rejects hidden field (0.147041ms)
✔ closed recovery plan rejects prototype (0.120018ms)
✔ closed recovery plan rejects getter (0.135089ms)
✔ closed recovery plan rejects swap (0.075193ms)
✔ closed recovery plan rejects four submissions (0.066046ms)
✔ closed recovery plan rejects source allocation (0.069379ms)
✔ closed recovery plan rejects reused allocation (0.067955ms)
✔ closed recovery plan rejects source digest (0.076005ms)
✔ closed recovery plan rejects address (0.061864ms)
✔ closed recovery plan rejects identifier order (0.053826ms)
✔ closed recovery plan rejects hash instead of identifier (0.049831ms)
✔ closed recovery plan rejects build (0.053215ms)
✔ closed recovery plan rejects network (0.05155ms)
✔ closed recovery plan rejects protocol (0.047909ms)
✔ closed recovery plan rejects relative path (0.050416ms)
✔ closed recovery plan rejects parent path (0.090097ms)
✔ closed recovery plan rejects wrong source store (0.06058ms)
✔ closed recovery plan rejects wrong roles (0.070801ms)
✔ closed recovery plan rejects wrong destination (0.079215ms)
✔ closed recovery plan rejects same inspection (0.083314ms)
✔ closed recovery plan rejects nested inspection (0.132522ms)
✔ closed recovery plan rejects parent inspection (0.08201ms)
✔ closed recovery plan rejects old password (0.093573ms)
✔ closed recovery plan rejects old output (0.087127ms)
✔ public input reads reject tampered bytes, source result and symlink paths (80.79849ms)
✔ unminted private restore results fail before any provider access (0.402268ms)
✔ recovery detects later finalized state transition after prefetched tip (38.423677ms)
✔ later finalized head with unchanged constructor state passes after final head recheck (40.000443ms)
✔ recovery rejects finalized head movement across current state query (1040.507603ms)
✔ earlier one-block indexed lag must catch up before latest-state observation (36.745728ms)
✔ indexed tip ahead of fresh finalized head is rejected (25.832938ms)
✔ indexed tip outside two-block bound or not canonical is rejected (44.375305ms)
✔ recovery reads latest state when the finalized head has no contract action (37.77192ms)
✔ latest state is rejected when indexed coverage is behind current finality (27.877213ms)
✔ latest state is rejected when indexer coverage changes during observation (1041.711264ms)
✔ one forward head advance between indexed sample and node read is sampled again before private recovery (1039.373474ms)
✔ persistent forward movement is rejected within the existing initial-tip bound (1028.306509ms)
✔ same-height conflicting coverage is fatal without sampling again (25.83456ms)
✔ sampling passes its bounded deadline into the reader and does not retry provider failure (25.844566ms)
✔ a finalized snapshot regressing after an observed advance is fatal (1027.736243ms)
✔ actual SDK decoded coin wrappers reject a retained spent input in available or pending coins (206.348256ms)
✔ wallet coin identity rejects flattened and malformed wrappers (10.629094ms)
✔ initialized public gate observes each historical transaction once and verifies complete initialized snapshot (86.817789ms)
✔ initialized public gate rejects changed initialize bytes (20.175957ms)
✔ initialized public gate rejects wrong initialize identifier (48.110567ms)
✔ initialized public gate rejects wrong initialize hash (48.490944ms)
✔ initialized public gate rejects wrong origin (49.59249ms)
✔ initialized public gate rejects failed initialize status (41.55493ms)
✔ initialized public gate rejects failed initialize segment (49.510929ms)
✔ initialized public gate rejects wrong initialize block identity (56.08027ms)
✔ initialized public gate rejects wrong protocol (32.552256ms)
✔ initialized public gate rejects stale prefetched time (32.651513ms)
✔ initialized public gate rejects not canonical deployment (38.992127ms)
✔ initialized public gate rejects not canonical initialize (49.156123ms)
✔ initialized public gate rejects wrong complete deploy state (60.188369ms)
✔ initialized public gate rejects wrong complete initialize state (60.574382ms)
✔ initialized public gate rejects wrong complete latest state (61.903023ms)
✔ initialized public gate samples forward movement without repeating history watches (1064.564591ms)
✔ initialized public gate stops on current snapshot provider error or same-height reorg (98.282838ms)
✔ initialized public gate times out rather than treating indexed inclusion as finality (189.845861ms)
✔ metadata-only copied namespace passes with original bytes preserved and closed public result (62.743124ms)
✔ unknown root entry rejects and retains copied evidence without changing original (11.624028ms)
✔ same path and nested paths reject before modification (2.411606ms)
✔ existing destination is never reused (2.74861ms)
✔ symlink source, ancestor and file reject (1.941769ms)
✔ nonprivate directory and file reject (1.244166ms)
✔ wrong account rejects and preserves copy (3.256263ms)
✔ oversized file rejects before copy (2.52292ms)
✔ unreadable Level copy is retained (2.460591ms)
✔ file count bound rejects before allocating inspection copy (2.423784ms)
✔ metadata evidence filename collision retains exclusive copy on failure (2.007966ms)
✔ private-state and signing-key entries reject (11.354968ms)
✔ metadata with unexpected shape rejects without disclosing contents (4.936732ms)
✔ empty private recovery destination returns true without creating files (0.99421ms)
✔ nonempty recovery destination rejects and preserves records (0.952009ms)
✔ empty destination rejects symlink and symlink ancestor (1.146073ms)
✔ empty destination rejects loose permissions and relative paths (1.004416ms)
✔ initialized store accepts actual SDK v2 namespace through separate inspection, preserving original and raw snapshot (412.914669ms)
✔ initialized inspection rejects missing, extra, plaintext, v1, mismatched-salt and malformed metadata without modifying source or snapshot (1067.766492ms)
✔ initialized copies reject reuse, overlaps, symlinks and loose permissions (127.105556ms)
✔ source and raw snapshot mutations during inspection are detected and retained (264.220015ms)
✔ loan exact custody arguments and hints pass every comparison before next call (4.002788ms)
✔ swap exact custody arguments and hints pass every comparison before next call (0.398821ms)
✔ returned comparator failure false stops before next SDK call (0.776724ms)
✔ returned comparator failure undefined stops before next SDK call (0.183651ms)
✔ returned comparator failure {"status":"Rejected"} stops before next SDK call (0.171077ms)
✔ returned comparator failure {"status":"FAIL"} stops before next SDK call (0.175679ms)
✔ thrown comparator error retains observed ID and cleans up (0.227076ms)
✔ preflight mismatch prevents deployment but cleans up owned provider (0.158068ms)
✔ preflight mismatch prevents deployment but cleans up owned provider (0.180565ms)
✔ preflight mismatch prevents deployment but cleans up owned provider (0.170933ms)
✔ preflight mismatch prevents deployment but cleans up owned provider (0.249939ms)
✔ preflight mismatch prevents deployment but cleans up owned provider (0.200754ms)
✔ preflight mismatch prevents deployment but cleans up owned provider (0.091655ms)
✔ network identity changed after deploy blocks the next SDK stage (0.268598ms)
✔ incomplete cleanup cannot yield driver PASS (0.365381ms)
✔ incomplete cleanup cannot yield driver PASS (0.194574ms)
✔ cleanup rejection preserves the primary failure and provider-known identifiers (0.201851ms)
✔ observation failure keeps SDK ID and never invokes comparator or next call (0.168315ms)
✔ recovered loan observes historical deployment once then submits exactly three calls (0.688782ms)
✔ malformed recovery identity fails before observations or SDK calls (0.184424ms)
✔ malformed recovery identity fails before observations or SDK calls (0.070231ms)
✔ malformed recovery identity fails before observations or SDK calls (0.064191ms)
✔ malformed recovery identity fails before observations or SDK calls (0.052183ms)
✔ malformed recovery identity fails before observations or SDK calls (0.052458ms)
✔ malformed recovery identity fails before observations or SDK calls (0.054567ms)
✔ malformed recovery identity fails before observations or SDK calls (0.05114ms)
✔ malformed recovery identity fails before observations or SDK calls (0.084751ms)
✔ malformed recovery identity fails before observations or SDK calls (0.066365ms)
✔ malformed recovery identity fails before observations or SDK calls (0.058987ms)
✔ malformed recovery identity fails before observations or SDK calls (0.054795ms)
✔ malformed recovery identity fails before observations or SDK calls (0.050757ms)
✔ malformed recovery identity fails before observations or SDK calls (0.052285ms)
✔ malformed recovery identity fails before observations or SDK calls (0.049724ms)
✔ recovery rejects accessors without invoking them (0.109339ms)
✔ swap recovery is rejected before deployment or observation (0.188969ms)
✔ historical recovery FAIL stops all calls and retains public identity (0.203966ms)
✔ historical recovery throw stops all calls and retains public identity (0.433297ms)
✔ historical recovery observe stops all calls and retains public identity (0.202068ms)
✔ recovery identity is captured before asynchronous binding checks (0.660649ms)
✔ recovered loan cannot pass with incomplete containment (0.432316ms)
✔ public failure retains a known observer code and closed phase without SDK details (0.770198ms)
✔ public failure never copies an unknown SDK message or object (0.256616ms)
✔ launcher durably retains actual driver failure: NOT_FINALIZED (0.991957ms)
✔ launcher durably retains actual driver failure: PRIVATE_SDK_FAILURE (0.288208ms)
✔ fixed initialized loan compares both histories once then calls only accrue and settle (0.24956ms)
✔ failed historical deploy comparison prevents continuation calls (0.171052ms)
✔ failed historical initialize comparison prevents continuation calls (0.137386ms)
✔ initialized driver rejects combined modes and altered fixed history before SDK calls (0.282791ms)
✔ fixed swap mint matches an actual SDK decoded available coin, without authority claims (4.784467ms)
✔ swap mint gate rejects missing receipt (1.348683ms)
✔ swap mint gate rejects wrong stage (0.431307ms)
✔ swap mint gate rejects wrong tx hash (0.400676ms)
✔ swap mint gate rejects missing id (0.401057ms)
✔ swap mint gate rejects unfinalized metadata (0.478172ms)
✔ swap mint gate rejects wrong protocol (0.643408ms)
✔ swap mint gate rejects missing mint (0.732379ms)
✔ swap mint gate rejects extra mint (0.43059ms)
✔ swap mint gate rejects native input (0.521379ms)
✔ swap mint gate rejects wrong action (0.247849ms)
✔ swap mint gate rejects wrong contract (0.207952ms)
✔ swap mint gate rejects wrong physical segment (0.199313ms)
✔ swap mint gate rejects wrong native section (0.260567ms)
✔ swap mint gate rejects wrong native index (0.193795ms)
✔ swap mint gate rejects wrong native owner (0.209161ms)
✔ swap mint gate rejects wrong native type (0.195196ms)
✔ swap mint gate rejects wrong native value (0.177913ms)
✔ swap mint gate rejects malformed native origin (0.192736ms)
✔ swap mint gate rejects same roles (0.184151ms)
✔ swap mint gate rejects same assets (0.182575ms)
✔ swap mint gate rejects disconnected shielded (0.946497ms)
✔ swap mint gate rejects incomplete unshielded (0.225862ms)
✔ swap mint gate rejects missing dust progress (0.154994ms)
✔ swap mint gate rejects pending dust (0.147864ms)
✔ swap mint gate rejects pending coin (0.171801ms)
✔ swap mint gate rejects missing available coin (0.161255ms)
✔ swap mint gate rejects duplicate available coin (0.143351ms)
✔ swap mint gate rejects rawhex wallet owner (0.202959ms)
✔ swap mint gate rejects wrong wallet owner (0.295974ms)
✔ swap mint gate rejects wrong wallet network (0.254276ms)
✔ swap mint gate rejects wrong wallet type (0.259045ms)
✔ swap mint gate rejects wrong wallet amount (0.256337ms)
✔ swap mint gate rejects string wallet amount (0.208849ms)
✔ swap mint gate rejects wrong wallet origin (0.186214ms)
✔ swap mint gate rejects wrong wallet index (0.179769ms)
✔ swap mint gate rejects flattened coin (0.200675ms)
✔ unrelated correctly shaped coins do not hide exact mint duplicates or fund the predicate (0.316348ms)
ℹ tests 448
ℹ suites 0
ℹ pass 448
ℹ fail 0
ℹ cancelled 0
ℹ skipped 0
ℹ todo 0
ℹ duration_ms 50454.096291
