✔ actual retained swap history descriptors preserve exact identities, fallible mint and spent bindings (70.159104ms)
✔ actual initialized state accepts both native and SDK compact state producers via serialized bytes (23.389348ms)
✔ altered native identities and swapped history reject (0.500985ms)
✔ whole initialized state rejects balances, authority and old deploy state (10.147872ms)
✔ private readback scopes swap and performs only sequential reads without secret or dispatch token (6.931212ms)
✔ nonempty/missing private state prevents signing-key read (6.139181ms)
✔ nonempty/missing private state prevents signing-key read (6.031246ms)
✔ nonempty/missing private state prevents signing-key read (6.023029ms)
✔ nonempty/missing private state prevents signing-key read (4.960426ms)
✔ nonempty/missing private state prevents signing-key read (5.46847ms)
✔ nonempty/missing private state prevents signing-key read (4.794848ms)
✔ private getter, read errors and key mismatch reject without private error disclosure (14.461738ms)
✔ wrong signing identity and changed state stop before provider access (9.11626ms)
✔ retained fallible mint reuses ordinary wallet gate through actual SDK wire decoder (402.908544ms)
✔ actual SDK queryContractState producer passes native balance extraction with its compact-runtime class (337.814685ms)
ℹ tests 15
ℹ suites 0
ℹ pass 15
ℹ fail 0
ℹ cancelled 0
ℹ skipped 0
ℹ todo 0
ℹ duration_ms 690.78376
