✔ loan complete inert artifacts produce inspected hashes, never a proven build claim (28.033597ms)
✔ swap chooses exact exported circuits (9.550464ms)
✔ absent admission rejects before compiler and allocation (2.512812ms)
✔ wrong case rejects before compiler and allocation (2.481451ms)
✔ wrong candidate rejects before compiler and allocation (3.881396ms)
✔ wrong resource rejects before compiler and allocation (3.057997ms)
✔ consumed allowance rejects before compiler and allocation (2.324508ms)
✔ nonfinite timeout rejects before compiler and allocation (1.827905ms)
✔ expired deadline rejects before compiler and allocation (3.11615ms)
✔ missing source pin rejects before compiler and allocation (8.525908ms)
✔ stale source pin rejects before compiler and allocation (2.589149ms)
✔ different output rejects before compiler and allocation (3.978674ms)
✔ existing output is preserved and rejects (9.975395ms)
✔ symlink ancestor rejects before compiler (3.340209ms)
✔ compiler failure preserves charged attempt, partial outputs and diagnostic receipt; no retry (4.924004ms)
✔ missing proving key rejects despite compiler success (7.209321ms)
✔ wrong metadata version rejects despite compiler success (5.911497ms)
✔ generated output symlink is rejected, never hashed through (4.740915ms)
✔ consumed on-disk attempt refuses reset counters on later invocation (9.639069ms)
✔ review digest and resource bytes must match immutable admission bindings (2.008543ms)
✔ source commitment ignores object insertion order, retaining the exact ordered source list (0.847671ms)
✔ attempt path equal to output rejects before consuming the allowance (2.607169ms)
✔ post-charge output creation failure retains a diagnostic outside output (6.680759ms)
✔ receipt write failure preserves the original compiler failure and outside diagnostic (4.601694ms)
✔ loan retained generated state and transcript effects match independent comparator (synthetic transport only) (218.113317ms)
✔ swap retained generated state and transcript effects match independent comparator (synthetic transport only) (210.390054ms)
✔ actual generated financial state and actual transcript payout mutations are rejected (232.32356ms)
✔ actual initialize bytes bind complete history input identities and corrected minted origin (82.689903ms)
✔ altered native bytes and the previous deployment fail closed (0.511505ms)
✔ actual initialized state matches exactly; authority, balances and extra operations reject (25.106402ms)
✔ existing private state verification only scopes and sequentially reads, returns no secrets or authority token (13.290651ms)
✔ missing or nonempty private state rejects without key read or writes (8.476363ms)
✔ missing or nonempty private state rejects without key read or writes (12.458235ms)
✔ missing or nonempty private state rejects without key read or writes (6.517838ms)
✔ missing or nonempty private state rejects without key read or writes (6.045669ms)
✔ missing or nonempty private state rejects without key read or writes (6.181907ms)
✔ private state accessor or hidden value is rejected without getter execution (13.395337ms)
✔ stored signing-key mismatch and read failure stop with closed errors (10.637323ms)
✔ wrong real signing identity or wrong state prevents any provider access (12.211714ms)
✔ minted continuation gate requires exactly one full available output and none pending (19.614453ms)
✔ actual wallet sync decoder keeps indexed Bech32m owner and the continuation gate matches its native identity (515.007937ms)
✔ closed initialized plan selects the original nonempty store without accessing its files (2.008451ms)
✔ initialized plan rejects alternate states, identities, modes, stores and limits (5.039378ms)
✔ initialized plan rejects overlapping snapshot/output and historical directories (3.40867ms)
✔ descriptor accessors and symbol fields are rejected without invoking getters (0.326338ms)
✔ public reader verifies both actual native transactions and both original results (98.34996ms)
✔ complete loan and swap comparison preserves gross spending and residual duties (18.345068ms)
✔ rejects missing financial field (5.793916ms)
✔ rejects extra financial field (1.940183ms)
✔ rejects remaining debt erased (8.054509ms)
✔ rejects string-valued decoded amount (5.013436ms)
✔ rejects prior result overwritten (1.482701ms)
✔ rejects effect recipient corrupted (1.373656ms)
✔ rejects extra result member (9.137607ms)
✔ rejects initialization flag wrong (2.783217ms)
✔ rejects capability changed (1.767262ms)
✔ rejects payout address changed (3.198278ms)
✔ rejects domain changed (3.22128ms)
✔ rejects color changed (2.744277ms)
✔ rejects network changed (2.525092ms)
✔ rejects program changed (3.447708ms)
✔ rejects native payout changed (2.692751ms)
✔ rejects native conversion amount changed (1.564926ms)
✔ rejects hidden native effect (1.013573ms)
✔ rejects missing native transcript (1.019092ms)
✔ rejects actual lender output short (1.413487ms)
✔ rejects third-party payer (1.635536ms)
✔ rejects gross debit replaced with net (1.391188ms)
✔ rejects native fee mismatch (1.572769ms)
✔ rejects unresolved fee treated resolved (1.47503ms)
✔ rejects contract address changed (1.703725ms)
✔ rejects duplicate tx id (1.71577ms)
✔ rejects block order reversed (1.600702ms)
✔ rejects unfinalized height (1.043258ms)
✔ rejects unsupported protocol (1.040252ms)
✔ rejects false native proof claim (1.054748ms)
✔ swap must observe contract reserves and mint-to-self claims (3.288038ms)
✔ rejects skipped stages and remains stopped after a failure (3.475078ms)
✔ rejects duplicate participants and never exposes role secrets (3.123395ms)
✔ requires explicit ledger protocol, distinct from package version (0.208298ms)
✔ rejects indexer identifier omissions, extras and duplicates (3.951875ms)
✔ rejects zero-valued hidden payout claims (1.961605ms)
✔ summary preserves every observed public field and native aggregate without mutable aliases (8.10997ms)
✔ unknown top-level public state cannot leak into a summary (1.803244ms)
✔ mint-to-self input counts once as contract funding and never as participant spending (5.446042ms)
✔ standalone runtime pin inspection rejects unchanged-version package or entry mutation without importing adapters (0.368105ms)
✔ full composition prepares address then binds colors once and records every stage before next call (6.382628ms)
✔ wrong network rejects before preparation and bounded-cleans supplied wallet (0.468771ms)
✔ wrong SDK network rejects before preparation and bounded-cleans supplied wallet (0.278042ms)
✔ wrong payer rejects before preparation and bounded-cleans supplied wallet (0.218463ms)
✔ public endpoint rejects before preparation and bounded-cleans supplied wallet (0.121502ms)
✔ missing protocol rejects before preparation and bounded-cleans supplied wallet (0.127992ms)
✔ unknown logical asset rejects before preparation and bounded-cleans supplied wallet (0.125295ms)
✔ provider construction failure preserves failure and cleans wallet/assets (1.012963ms)
✔ driver failure before its cleanup ownership guard falls back to wallet cleanup (1.42195ms)
✔ driver throw without cleanup receipt falls back to owned providers exactly once (0.693236ms)
✔ onStage failed retention stops before another transaction (0.864057ms)
✔ source adapters cannot silently switch into production mode (0.210245ms)
✔ local RPC uses one bounded nonredirecting request and validates its response identity (15.19449ms)
✔ local RPC aborts an unresponsive inert request by absolute deadline (30.15873ms)
✔ swap binds each logical ceiling once and records initialize/swap/close through the actual driver (4.588765ms)
✔ asset mutation after a recorded stage stops before the next SDK stage (0.557152ms)
✔ inert contained success is explicitly source-only and never financial acceptance (0.520853ms)
✔ RPC rejects mismatched IDs and oversized bodies without a retry (0.578135ms)
✔ protocol and reviewed callbacks remain captured after asynchronous preparation starts (0.832508ms)
✔ recovery composition restores before real driver, observes historical deploy once and submits only three calls (3.309206ms)
✔ recovery publicCheck failure stops before driver and cleans owned resources (0.716194ms)
✔ recovery checkWallet failure stops before driver and cleans owned resources (0.430326ms)
✔ recovery reconstruct failure stops before driver and cleans owned resources (0.458468ms)
✔ recovery inspectStore failure stops before driver and cleans owned resources (0.435552ms)
✔ recovery restore failure stops before driver and cleans owned resources (0.705471ms)
✔ recovery wallet synchronization rejection prevents constructor, store and driver (0.924682ms)
✔ recovery rejects actual allocation differing from closed plan before recovery work (0.28799ms)
✔ recovery rejects actual submissions differing from closed plan before recovery work (0.407047ms)
✔ recovery rejects actual dust differing from closed plan before recovery work (0.375085ms)
✔ recovery rejects actual gross cap differing from closed plan before recovery work (0.321407ms)
✔ recovery rejects actual deadline differing from closed plan before recovery work (0.233954ms)
✔ recovery rejects actual journal differing from closed plan before recovery work (1.021103ms)
✔ recovery rejects actual store directory differing from closed plan before recovery work (0.594145ms)
✔ recovery rejects actual store namespace differing from closed plan before recovery work (0.342415ms)
✔ recovery rejects actual role differing from closed plan before recovery work (1.014604ms)
✔ recovery rejects actual wallet differing from closed plan before recovery work (0.386571ms)
✔ recovery rejects actual network tag differing from closed plan before recovery work (0.341462ms)
✔ recovery rejects actual build differing from closed plan before recovery work (0.213358ms)
✔ recovery plan rejects changed deployment identity and unchecked identity shortcut (0.26951ms)
✔ production integration rejects recovery adapters before loading runtime or touching private state (0.136769ms)
✔ source recovery requires all recovery adapters (7.020083ms)
✔ nonempty recovery destination stops before provider creation and driver (0.722624ms)
✔ recovery rejects deployment identity getter before cloning or executing it (0.210335ms)
✔ initialized composition replays history once before store access and only submits accrue and settle (7.120083ms)
✔ initialized publicCheck failure stops calls and cleans owned resources (7.241551ms)
✔ initialized checkWallet failure stops calls and cleans owned resources (0.925166ms)
✔ initialized preserveStore failure stops calls and cleans owned resources (0.821434ms)
✔ initialized checkPrivate failure stops calls and cleans owned resources (0.850566ms)
✔ failed initialized historical deploy comparison prevents snapshot and providers (0.994099ms)
✔ failed initialized historical initialize comparison prevents snapshot and providers (1.288958ms)
✔ initialized actual store mismatch stops before setup (0.681068ms)
✔ initialized actual limits mismatch stops before setup (0.534658ms)
✔ initialized actual role mismatch stops before setup (0.416644ms)
✔ initialized actual build mismatch stops before setup (0.535201ms)
✔ production rejects continuation adapters; source fixture requires every gate (1.897214ms)
✔ initialized publicCheck requires its closed success result (1.126472ms)
✔ initialized preserveStore requires its closed success result (0.873352ms)
✔ initialized checkPrivate requires its closed success result (0.497497ms)
✔ integration failure emits only a closed code and excludes unknown SDK text (0.308058ms)
✔ actual production preflight failure survives durable launcher retention with its closed code (0.636951ms)
✔ closed local plan validates without opening secret paths (1.186332ms)
✔ rejects remote endpoints, Preview, embedded secrets, unknown fields and unbounded limits (0.829648ms)
✔ private input reader rejects permissive files and symlinks without leaking contents (0.717554ms)
✔ private input reader and CLI reject a FIFO without waiting for a writer (209.477776ms)
✔ event projection drops private fields and rejects unexpected event kinds (0.735117ms)
✔ actual pinned launch SDK files satisfy source inspection without wallet construction (10.715585ms)
✔ CLI requires an explicit run, plan path and exact digest without echoing arguments (95.744141ms)
✔ strict saved-state envelope rejects absent, null and incompatible restore data (0.271407ms)
✔ real pinned API exports compose without constructing a wallet or key (1485.732156ms)
✔ public submission capture persists actual historical native bytes before inert submission and retains failure evidence (34.721618ms)
✔ submission evidence storage failure prevents calling even an inert submitter (9.013252ms)
✔ complete reviewed public integration result preserves failed driver receipts, cleanup and finished comparison (0.92539ms)
✔ storage password preflight applies actual SDK policy before wallet work and emits only a closed error (1.985763ms)
✔ closed recovery launch keeps original wallet and roles and permits exactly three submissions (1.57947ms)
✔ launcher rejects malformed diagnostic fields and accessors before durable retention (0.814772ms)
✔ initialized launch admits exactly two calls against the fixed existing store without private access (0.687885ms)
✔ initialized launch rejects combined modes, replacement private state, identity and history changes (0.744312ms)
✔ public integration failure code is retained only as an allowlisted own data field on failure (0.468017ms)
✔ the observed 39-hour-old tip cannot reach wallet balancing (61.379966ms)
✔ fresh indexed block is checked against finalized node chain before each balance (1002.157753ms)
✔ future, mismatched, far-behind and invalid block observations fail closed (181.092878ms)
✔ readiness retries only reads until the indexed tip becomes fresh (1002.60579ms)
✔ hung and oversized indexer responses stop within the shared deadline (80.805107ms)
✔ local readiness rejects remote endpoints before fetching (0.484431ms)
✔ SDK second-query regression is rejected before returning a recipe for signing (0.852175ms)
✔ actual rejected native transaction cannot reach another submission (26.145275ms)
✔ epoch millisecond timestamps use SDK units without accepting second-scale values (36.522935ms)
✔ slow proof and future native DUST time stop submission; recent native time passes (0.464031ms)
✔ readiness retention crossing the deadline cannot start wallet balancing (0.585853ms)
✔ recovery exact-finality readiness waits for matching head while ordinary readiness permits nearby blocks (35.625113ms)
✔ actual public preflight rejects wrong genesis after retained native and build checks without private access (867.843948ms)
✔ preparation fixes the contract address before funding and submits the same transaction once (19.059639ms)
✔ prepared deployment rejects changed constructor or private state before submission (6.048217ms)
✔ submission failure is single-use and stores no successful deployment state (2.622663ms)
✔ preparation verifies native deployment identity and retains an immutable byte snapshot (3.811751ms)
✔ loan synthetic layout and inert constructor composition remain nonexecutable (198.030881ms)
✔ swap synthetic layout and inert constructor composition remain nonexecutable (17.875257ms)
✔ synthetic receipts cannot use executable loader adapters or flipped proven flags (3.661485ms)
✔ receipt binding rejects before module adapter (2.407278ms)
✔ stale sources rejects before module adapter (10.83027ms)
✔ wrong case rejects before module adapter (2.028833ms)
✔ skip-zk command rejects before module adapter (2.162148ms)
✔ missing key rejects before module adapter (7.890344ms)
✔ wrong metadata rejects before module adapter (3.399252ms)
✔ missing circuit rejects before module adapter (4.299815ms)
✔ unlisted asset rejects before module adapter (2.459196ms)
✔ mutated asset rejects before module adapter (2.288506ms)
✔ unsafe path rejects before module adapter (1.446529ms)
✔ symlink asset rejects before module adapter (1.999834ms)
✔ new package import rejects before module adapter (11.162185ms)
✔ lazy import rejects before module adapter (14.752278ms)
✔ source adapter exercises actual pinned protocol CompiledContract constructors without executable result (325.891175ms)
✔ module adapter mutation is caught by complete post-composition reinspection (9.766488ms)
✔ constructs the actual SDK provider interfaces with account-scoped storage and proven asset path (3.653755ms)
✔ real pinned SDK constructors accept production options without storage or network operations (486.221279ms)
✔ production balance/sign/finalize/submit retains per-asset gross without subtracting refunds (89.41524ms)
✔ rejects malformed counters before wallet balance or signing (0.42222ms)
✔ unknown recipes and diagnostic transaction maps stop before signing or finalizing (7.797193ms)
✔ DUST registration is excluded before signing regardless of signature presence or fee authorization (6.41425ms)
✔ wrong signatures reject before finalize; presence is insufficient (4.838357ms)
✔ changed fallible output and extra finalized intent stop submission and retain reservation (28.794194ms)
✔ submission only accepts issued unchanged transaction once (15.045641ms)
✔ deadline during finalization stops all later effects and reports uncontained operation (84.342987ms)
✔ inert ambiguous submit failure permanently stops provider and retains IDs (11.506831ms)
✔ extra unshielded balancing transaction rejects despite admitted assets (4.249175ms)
✔ unknown asset and exhausted submission cap reject before further wallet operations (15.640837ms)
✔ query deadline and explicit cleanup share the wallet stop latch (0.876884ms)
✔ actual wallet balance flags exclude shielded funding; pre-proof callers reject before balance (12.235053ms)
✔ balancing recipe with unadmitted gross rejects before sign (5.010562ms)
✔ durable allocation refuses absent/corrupt/reset state and mismatched limits (1.002053ms)
✔ successful reconstruction preserves charges; failed finalization persists a stop and charges (25.3131ms)
✔ shared file serializes allocation ownership and crash lock is never reset (20.350074ms)
✔ original snapshot rejects in-place changed recipient/value/action and added base intent before signing (18.901288ms)
✔ permitted appended payer funding/change preserves original outputs and durably reserves before finalize (30.265976ms)
✔ already constructed second provider reloads durable allowance before wallet effects (12.968493ms)
✔ execution binding captures wallet-derived payer and immutable endpoints but reads current SDK network (0.555661ms)
✔ allocation binding rejects changed payer, network and allocation identity before wallet effects (1.89803ms)
✔ native byte decoder exposes signed owners and complete gross inputs and outputs (33.712007ms)
✔ native byte decoder rejects noncanonical bytes and missing input signatures (11.216839ms)
✔ finality observer checks canonical block and queries state at the same block hash (8.101826ms)
✔ observer traverses native deployment bytes with inert RPC and rejects financial observation corruption (25.997889ms)
✔ contract effect projection retains mints, contract IO and precise public payouts (0.528842ms)
✔ historical DUST replay preserves unequal fee fields and exact indexed identifiers (58.540599ms)
✔ native decoder verifies signatures by exact input index and count (29.697929ms)
✔ actual guaranteed output origin matches the stopped indexer for a nonzero physical segment (29.880426ms)
✔ indexed initialization waits for later finality after one indexed watch (1018.378436ms)
✔ finality regression stops before state observation (1016.356922ms)
✔ caller deadline stops pending finality without observing state or watching again (105.254011ms)
✔ fallible output origin retains its nonzero physical segment namespace (5.891712ms)
✔ actual initialize owner crosses the Bech32m indexer boundary without changing native identity (13.806233ms)
✔ indexed owner rejects noncanonical, malformed and cross-network address encodings (93.30779ms)
✔ a canonical but unequal indexed owner fails full native output comparison (13.289368ms)
✔ recovery binds actual retained loan bytes, every identifier and original state without constructing a deployment (53.572483ms)
✔ complete native state comparison rejects authority, operation-set and balance changes (26.896549ms)
✔ recovery wallet gate requires strict sync, no pending or spent dust, and the full remaining cap (16.894252ms)
✔ metadata gate checks entire real Level namespace and rejects additional state without leaking values (290.84439ms)
✔ public recovery gate verifies native receipt, canonical finality and whole current state through read-only interfaces (51.545554ms)
✔ public recovery gate stops on nonfinality, changed current state, receipt mismatch or stale tip (40099.631582ms)
✔ closed known recovery plan returns an independent identity and reads only retained public inputs (10.750952ms)
✔ closed recovery plan rejects unknown field (0.245741ms)
✔ closed recovery plan rejects symbol field (0.113536ms)
✔ closed recovery plan rejects hidden field (0.153189ms)
✔ closed recovery plan rejects prototype (0.199194ms)
✔ closed recovery plan rejects getter (0.176321ms)
✔ closed recovery plan rejects swap (0.094769ms)
✔ closed recovery plan rejects four submissions (0.690551ms)
✔ closed recovery plan rejects source allocation (0.283943ms)
✔ closed recovery plan rejects reused allocation (0.306563ms)
✔ closed recovery plan rejects source digest (0.175059ms)
✔ closed recovery plan rejects address (0.08436ms)
✔ closed recovery plan rejects identifier order (0.067537ms)
✔ closed recovery plan rejects hash instead of identifier (0.066713ms)
✔ closed recovery plan rejects build (0.195841ms)
✔ closed recovery plan rejects network (0.127346ms)
✔ closed recovery plan rejects protocol (0.082374ms)
✔ closed recovery plan rejects relative path (0.074666ms)
✔ closed recovery plan rejects parent path (0.072049ms)
✔ closed recovery plan rejects wrong source store (0.0707ms)
✔ closed recovery plan rejects wrong roles (0.066833ms)
✔ closed recovery plan rejects wrong destination (0.0896ms)
✔ closed recovery plan rejects same inspection (0.125584ms)
✔ closed recovery plan rejects nested inspection (0.087791ms)
✔ closed recovery plan rejects parent inspection (0.068272ms)
✔ closed recovery plan rejects old password (0.105817ms)
✔ closed recovery plan rejects old output (0.077627ms)
✔ public input reads reject tampered bytes, source result and symlink paths (77.434905ms)
✔ unminted private restore results fail before any provider access (0.458796ms)
✔ recovery detects later finalized state transition after prefetched tip (34.964013ms)
✔ later finalized head with unchanged constructor state passes after final head recheck (32.00607ms)
✔ recovery rejects finalized head movement across current state query (1034.427301ms)
✔ earlier one-block indexed lag must catch up before latest-state observation (31.06498ms)
✔ indexed tip ahead of fresh finalized head is rejected (21.562134ms)
✔ indexed tip outside two-block bound or not canonical is rejected (35.295549ms)
✔ recovery reads latest state when the finalized head has no contract action (31.494297ms)
✔ latest state is rejected when indexed coverage is behind current finality (21.290982ms)
✔ latest state is rejected when indexer coverage changes during observation (1033.834111ms)
✔ one forward head advance between indexed sample and node read is sampled again before private recovery (1032.85353ms)
✔ persistent forward movement is rejected within the existing initial-tip bound (1023.03812ms)
✔ same-height conflicting coverage is fatal without sampling again (22.261863ms)
✔ sampling passes its bounded deadline into the reader and does not retry provider failure (22.122997ms)
✔ a finalized snapshot regressing after an observed advance is fatal (1022.75583ms)
✔ actual SDK decoded coin wrappers reject a retained spent input in available or pending coins (190.736162ms)
✔ wallet coin identity rejects flattened and malformed wrappers (10.375228ms)
✔ initialized public gate observes each historical transaction once and verifies complete initialized snapshot (67.160086ms)
✔ initialized public gate rejects changed initialize bytes (18.260566ms)
✔ initialized public gate rejects wrong initialize identifier (42.048223ms)
✔ initialized public gate rejects wrong initialize hash (42.490602ms)
✔ initialized public gate rejects wrong origin (43.830651ms)
✔ initialized public gate rejects failed initialize status (36.80965ms)
✔ initialized public gate rejects failed initialize segment (43.244741ms)
✔ initialized public gate rejects wrong initialize block identity (43.934708ms)
✔ initialized public gate rejects wrong protocol (27.217296ms)
✔ initialized public gate rejects stale prefetched time (27.926264ms)
✔ initialized public gate rejects not canonical deployment (32.614204ms)
✔ initialized public gate rejects not canonical initialize (40.319874ms)
✔ initialized public gate rejects wrong complete deploy state (49.246541ms)
✔ initialized public gate rejects wrong complete initialize state (49.779495ms)
✔ initialized public gate rejects wrong complete latest state (52.532962ms)
✔ initialized public gate samples forward movement without repeating history watches (1055.680664ms)
✔ initialized public gate stops on current snapshot provider error or same-height reorg (86.216861ms)
✔ initialized public gate times out rather than treating indexed inclusion as finality (189.225958ms)
✔ metadata-only copied namespace passes with original bytes preserved and closed public result (60.908711ms)
✔ unknown root entry rejects and retains copied evidence without changing original (11.801286ms)
✔ same path and nested paths reject before modification (2.583112ms)
✔ existing destination is never reused (2.689024ms)
✔ symlink source, ancestor and file reject (2.089297ms)
✔ nonprivate directory and file reject (2.14311ms)
✔ wrong account rejects and preserves copy (4.378378ms)
✔ oversized file rejects before copy (3.385029ms)
✔ unreadable Level copy is retained (5.387212ms)
✔ file count bound rejects before allocating inspection copy (3.122118ms)
✔ metadata evidence filename collision retains exclusive copy on failure (2.4806ms)
✔ private-state and signing-key entries reject (14.306896ms)
✔ metadata with unexpected shape rejects without disclosing contents (8.397345ms)
✔ empty private recovery destination returns true without creating files (1.849344ms)
✔ nonempty recovery destination rejects and preserves records (2.003572ms)
✔ empty destination rejects symlink and symlink ancestor (2.455445ms)
✔ empty destination rejects loose permissions and relative paths (1.684029ms)
✔ initialized store accepts actual SDK v2 namespace through separate inspection, preserving original and raw snapshot (388.089518ms)
✔ initialized inspection rejects missing, extra, plaintext, v1, mismatched-salt and malformed metadata without modifying source or snapshot (1048.433385ms)
✔ initialized copies reject reuse, overlaps, symlinks and loose permissions (128.450633ms)
✔ source and raw snapshot mutations during inspection are detected and retained (258.427004ms)
✔ loan exact custody arguments and hints pass every comparison before next call (3.916866ms)
✔ swap exact custody arguments and hints pass every comparison before next call (0.347725ms)
✔ returned comparator failure false stops before next SDK call (0.532835ms)
✔ returned comparator failure undefined stops before next SDK call (0.190418ms)
✔ returned comparator failure {"status":"Rejected"} stops before next SDK call (0.238467ms)
✔ returned comparator failure {"status":"FAIL"} stops before next SDK call (0.149717ms)
✔ thrown comparator error retains observed ID and cleans up (0.275411ms)
✔ preflight mismatch prevents deployment but cleans up owned provider (0.13711ms)
✔ preflight mismatch prevents deployment but cleans up owned provider (0.144317ms)
✔ preflight mismatch prevents deployment but cleans up owned provider (0.155071ms)
✔ preflight mismatch prevents deployment but cleans up owned provider (0.142812ms)
✔ preflight mismatch prevents deployment but cleans up owned provider (0.117877ms)
✔ preflight mismatch prevents deployment but cleans up owned provider (0.105227ms)
✔ network identity changed after deploy blocks the next SDK stage (0.207584ms)
✔ incomplete cleanup cannot yield driver PASS (0.296138ms)
✔ incomplete cleanup cannot yield driver PASS (0.162934ms)
✔ cleanup rejection preserves the primary failure and provider-known identifiers (0.219937ms)
✔ observation failure keeps SDK ID and never invokes comparator or next call (0.153623ms)
✔ recovered loan observes historical deployment once then submits exactly three calls (0.347264ms)
✔ malformed recovery identity fails before observations or SDK calls (0.137379ms)
✔ malformed recovery identity fails before observations or SDK calls (0.081247ms)
✔ malformed recovery identity fails before observations or SDK calls (0.063231ms)
✔ malformed recovery identity fails before observations or SDK calls (0.057659ms)
✔ malformed recovery identity fails before observations or SDK calls (0.054764ms)
✔ malformed recovery identity fails before observations or SDK calls (0.054162ms)
✔ malformed recovery identity fails before observations or SDK calls (0.05221ms)
✔ malformed recovery identity fails before observations or SDK calls (0.08832ms)
✔ malformed recovery identity fails before observations or SDK calls (0.064771ms)
✔ malformed recovery identity fails before observations or SDK calls (0.058875ms)
✔ malformed recovery identity fails before observations or SDK calls (0.049588ms)
✔ malformed recovery identity fails before observations or SDK calls (0.049168ms)
✔ malformed recovery identity fails before observations or SDK calls (0.049882ms)
✔ malformed recovery identity fails before observations or SDK calls (0.050627ms)
✔ recovery rejects accessors without invoking them (0.094113ms)
✔ swap recovery is rejected before deployment or observation (0.075785ms)
✔ historical recovery FAIL stops all calls and retains public identity (0.201826ms)
✔ historical recovery throw stops all calls and retains public identity (0.185563ms)
✔ historical recovery observe stops all calls and retains public identity (0.109036ms)
✔ recovery identity is captured before asynchronous binding checks (0.609752ms)
✔ recovered loan cannot pass with incomplete containment (0.220163ms)
✔ public failure retains a known observer code and closed phase without SDK details (0.209625ms)
✔ public failure never copies an unknown SDK message or object (0.186792ms)
✔ launcher durably retains actual driver failure: NOT_FINALIZED (0.774278ms)
✔ launcher durably retains actual driver failure: PRIVATE_SDK_FAILURE (0.274279ms)
✔ fixed initialized loan compares both histories once then calls only accrue and settle (0.239051ms)
✔ failed historical deploy comparison prevents continuation calls (0.129631ms)
✔ failed historical initialize comparison prevents continuation calls (0.119712ms)
✔ initialized driver rejects combined modes and altered fixed history before SDK calls (0.246398ms)
ℹ tests 376
ℹ suites 0
ℹ pass 376
ℹ fail 0
ℹ cancelled 0
ℹ skipped 0
ℹ todo 0
ℹ duration_ms 49878.458859
