{
  "passed": 27,
  "unexpectedFailures": [
    {
      "name": "reverse-order atomic",
      "pass": false,
      "error": "AssertionError [ERR_ASSERTION]: {\"status\":\"FundedExpressionPrepared\",\"post\":{\"due\":\"100\",\"paid\":\"30\"},\"financialPost\":{\"balances\":[{\"party\":\"Payer\",\"asset\":\"Cash\",\"amount\":\"70\"},{\"party\":\"Lender\",\"asset\":\"Cash\",\"amount\":\"30\"}],\"allowances\":[{\"party\":\"Payer\",\"asset\":\"Cash\",\"remaining\":\"70\",\"spent\":\"30\"}],\"obligations\":[{\"id\":\"Due100\",\"debtor\":\"Payer\",\"creditor\":\"Lender\",\"denomination\":\"Cash\",\"settlementAsset\":\"Cash\",\"principal\":\"70\",\"accrued\":\"0\",\"outstanding\":\"70\",\"allocationRule\":\"AccrualFirst\",\"conversion\":{\"mantissa\":\"1\",\"scale\":\"0\",\"rounding\":\"none\"},\"status\":\"Outstanding\"}],\"usedTransferIds\":[\"T1\"],\"usedAllocationIds\":[\"Alloc1\"],\"work\":{\"remaining\":\"53\",\"spent\":\"47\",\"closureReserve\":\"16\"}},\"effects\":[{\"kind\":\"Transfer\",\"id\":\"T1\",\"from\":\"Payer\",\"to\":\"Lender\",\"asset\":\"Cash\",\"amount\":\"30\"},{\"kind\":\"Repayment\",\"allocationId\":\"Alloc1\",\"transferId\":\"T1\",\"obligationId\":\"Due100\",\"payer\":\"Payer\",\"creditor\":\"Lender\",\"denomination\":\"Cash\",\"settlementAsset\":\"Cash\",\"nominalAmount\":\"30\",\"settlementAmount\":\"30\",\"principalDischarged\":\"30\",\"accruedDischarged\":\"0\",\"remainingOutstanding\":\"70\"}],\"workRemaining\":\"53\"}\n+ actual - expected\n\n+ 'FundedExpressionPrepared'\n- 'Rejected'\n"
    }
  ],
  "diagnosticFindings": [
    {
      "name": "reserved-state",
      "expected": "source span on offending declaration/type",
      "actual": {
        "status": "Rejected",
        "code": "SOURCE_SCHEMA_NAME",
        "span": {
          "kind": "synthetic",
          "start": "0",
          "end": "0"
        },
        "nodePath": [],
        "workUsed": "0"
      },
      "finding": true
    },
    {
      "name": "reserved-param",
      "expected": "source span on offending declaration/type",
      "actual": {
        "status": "Rejected",
        "code": "SOURCE_SCHEMA_NAME",
        "span": {
          "kind": "synthetic",
          "start": "0",
          "end": "0"
        },
        "nodePath": [],
        "workUsed": "0"
      },
      "finding": true
    },
    {
      "name": "operation-cycle",
      "expected": "source span on offending declaration/type",
      "actual": {
        "status": "Rejected",
        "code": "TYPE_SCHEMA_CYCLE",
        "span": {
          "kind": "synthetic",
          "start": "0",
          "end": "0"
        },
        "nodePath": [],
        "workUsed": "0"
      },
      "finding": true
    }
  ]
}
