{
  "passed": 28,
  "unexpectedFailures": [],
  "diagnosticFindings": [
    {
      "name": "reserved-state",
      "expected": "source span on offending declaration/type",
      "actual": {
        "status": "Rejected",
        "code": "SOURCE_SCHEMA_NAME",
        "span": {
          "kind": "synthetic",
          "start": "0",
          "end": "0"
        },
        "nodePath": [],
        "workUsed": "0"
      },
      "finding": true
    },
    {
      "name": "reserved-param",
      "expected": "source span on offending declaration/type",
      "actual": {
        "status": "Rejected",
        "code": "SOURCE_SCHEMA_NAME",
        "span": {
          "kind": "synthetic",
          "start": "0",
          "end": "0"
        },
        "nodePath": [],
        "workUsed": "0"
      },
      "finding": true
    },
    {
      "name": "operation-cycle",
      "expected": "source span on offending declaration/type",
      "actual": {
        "status": "Rejected",
        "code": "TYPE_SCHEMA_CYCLE",
        "span": {
          "kind": "synthetic",
          "start": "0",
          "end": "0"
        },
        "nodePath": [],
        "workUsed": "0"
      },
      "finding": true
    }
  ]
}
