✔ actual public preflight rejects wrong genesis after retained native and build checks without private access (771.517251ms)
✔ recovery binds actual retained loan bytes, every identifier and original state without constructing a deployment (45.492169ms)
✔ complete native state comparison rejects authority, operation-set and balance changes (23.870516ms)
✔ recovery wallet gate requires strict sync, no pending or spent dust, and the full remaining cap (13.625419ms)
✔ metadata gate checks entire real Level namespace and rejects additional state without leaking values (243.664252ms)
✔ public recovery gate verifies native receipt, canonical finality and whole current state through read-only interfaces (41.474605ms)
✔ public recovery gate stops on nonfinality, changed current state, receipt mismatch or stale tip (124.058159ms)
✔ closed known recovery plan returns an independent identity and reads only retained public inputs (11.690861ms)
✔ closed recovery plan rejects unknown field (0.228239ms)
✔ closed recovery plan rejects symbol field (0.118464ms)
✔ closed recovery plan rejects hidden field (0.155001ms)
✔ closed recovery plan rejects prototype (0.099534ms)
✔ closed recovery plan rejects getter (0.096069ms)
✔ closed recovery plan rejects swap (0.073388ms)
✔ closed recovery plan rejects four submissions (0.114112ms)
✔ closed recovery plan rejects source allocation (0.081735ms)
✔ closed recovery plan rejects reused allocation (0.077803ms)
✔ closed recovery plan rejects source digest (0.083942ms)
✔ closed recovery plan rejects address (0.069138ms)
✔ closed recovery plan rejects identifier order (0.054963ms)
✔ closed recovery plan rejects hash instead of identifier (0.060436ms)
✔ closed recovery plan rejects build (0.060684ms)
✔ closed recovery plan rejects network (0.055435ms)
✔ closed recovery plan rejects protocol (0.079769ms)
✔ closed recovery plan rejects relative path (0.0614ms)
✔ closed recovery plan rejects parent path (0.117494ms)
✔ closed recovery plan rejects wrong source store (0.068733ms)
✔ closed recovery plan rejects wrong roles (0.059663ms)
✔ closed recovery plan rejects wrong destination (0.072732ms)
✔ closed recovery plan rejects same inspection (0.086497ms)
✔ closed recovery plan rejects nested inspection (0.073286ms)
✔ closed recovery plan rejects parent inspection (0.062696ms)
✔ closed recovery plan rejects old password (0.087956ms)
✔ closed recovery plan rejects old output (0.077628ms)
✔ public input reads reject tampered bytes, source result and symlink paths (71.493526ms)
✔ unminted private restore results fail before any provider access (0.364502ms)
✔ recovery detects later finalized state transition after prefetched tip (34.447757ms)
✔ later finalized head with unchanged constructor state passes after final head recheck (37.751252ms)
✔ recovery rejects finalized head movement across current state query (5049.600387ms)
✔ earlier one-block indexed lag must catch up before latest-state observation (37.307014ms)
✔ indexed tip ahead of fresh finalized head is rejected (23.548868ms)
✔ indexed tip outside two-block bound or not canonical is rejected (37.190965ms)
✔ recovery reads latest state when the finalized head has no contract action (30.251523ms)
✔ latest state is rejected when indexed coverage is behind current finality (22.095995ms)
✔ latest state is rejected when indexer coverage changes during observation (1032.998424ms)
✔ one forward head advance between indexed sample and node read is sampled again before private recovery (1032.734005ms)
✔ persistent forward coverage mismatch exhausts six samples without querying current state (5029.568751ms)
✔ same-height conflicting coverage is fatal without sampling again (22.682867ms)
ℹ tests 48
ℹ suites 0
ℹ pass 48
ℹ fail 0
ℹ cancelled 0
ℹ skipped 0
ℹ todo 0
ℹ duration_ms 13062.971715
