✔ actual public preflight rejects wrong genesis after retained native and build checks without private access (748.898367ms)
✔ recovery binds actual retained loan bytes, every identifier and original state without constructing a deployment (45.859436ms)
✔ complete native state comparison rejects authority, operation-set and balance changes (23.490399ms)
✔ recovery wallet gate requires strict sync, no pending or spent dust, and the full remaining cap (16.088546ms)
✔ metadata gate checks entire real Level namespace and rejects additional state without leaking values (244.117377ms)
✔ public recovery gate verifies native receipt, canonical finality and whole current state through read-only interfaces (39.174016ms)
✔ public recovery gate stops on nonfinality, changed current state, receipt mismatch or stale tip (119.143918ms)
✔ closed known recovery plan returns an independent identity and reads only retained public inputs (11.723401ms)
✔ closed recovery plan rejects unknown field (0.289458ms)
✔ closed recovery plan rejects symbol field (0.112253ms)
✔ closed recovery plan rejects hidden field (0.236488ms)
✔ closed recovery plan rejects prototype (0.132865ms)
✔ closed recovery plan rejects getter (0.123085ms)
✔ closed recovery plan rejects swap (0.077585ms)
✔ closed recovery plan rejects four submissions (0.081591ms)
✔ closed recovery plan rejects source allocation (0.076854ms)
✔ closed recovery plan rejects reused allocation (0.110497ms)
✔ closed recovery plan rejects source digest (0.074154ms)
✔ closed recovery plan rejects address (0.098932ms)
✔ closed recovery plan rejects identifier order (0.095785ms)
✔ closed recovery plan rejects hash instead of identifier (0.121909ms)
✔ closed recovery plan rejects build (0.083838ms)
✔ closed recovery plan rejects network (0.096574ms)
✔ closed recovery plan rejects protocol (0.071802ms)
✔ closed recovery plan rejects relative path (0.290053ms)
✔ closed recovery plan rejects parent path (0.114835ms)
✔ closed recovery plan rejects wrong source store (0.300047ms)
✔ closed recovery plan rejects wrong roles (0.156183ms)
✔ closed recovery plan rejects wrong destination (0.145212ms)
✔ closed recovery plan rejects same inspection (0.123545ms)
✔ closed recovery plan rejects nested inspection (0.116392ms)
✔ closed recovery plan rejects parent inspection (0.228028ms)
✔ closed recovery plan rejects old password (0.909804ms)
✔ closed recovery plan rejects old output (0.325966ms)
✔ public input reads reject tampered bytes, source result and symlink paths (78.346215ms)
✔ unminted private restore results fail before any provider access (0.401999ms)
✔ recovery detects later finalized state transition after prefetched tip (32.247051ms)
✔ later finalized head with unchanged constructor state passes after final head recheck (35.146209ms)
✔ recovery rejects finalized head movement across current state query (1039.967599ms)
✔ earlier one-block indexed lag must catch up before latest-state observation (30.79468ms)
✔ indexed tip ahead of fresh finalized head is rejected (21.881564ms)
✔ indexed tip outside two-block bound or not canonical is rejected (34.901041ms)
✔ recovery reads latest state when the finalized head has no contract action (31.08527ms)
✔ latest state is rejected when indexed coverage is behind current finality (21.589096ms)
✔ latest state is rejected when indexer coverage changes during observation (1031.680175ms)
✖ one forward head advance between indexed sample and node read is sampled again before private recovery (21.375684ms)
✔ persistent forward head movement exhausts six samples without querying current state (1024.479623ms)
✔ same-height conflicting coverage is fatal without sampling again (24.280104ms)
✔ sampling passes its bounded deadline into the reader and does not retry provider failure (20.724072ms)
✖ a finalized snapshot regressing after an observed advance is fatal (21.548478ms)
ℹ tests 50
ℹ suites 0
ℹ pass 48
ℹ fail 2
ℹ cancelled 0
ℹ skipped 0
ℹ todo 0
ℹ duration_ms 4069.749167

✖ failing tests:

test at experiments/moriarty-midnight-financial/ledger/recover-deployment.test.mjs:188:1
✖ one forward head advance between indexed sample and node read is sampled again before private recovery (21.375684ms)
  Error: RECOVERY_FINALITY_REGRESSION
      at check (file:///home/charl/Moriarty/.worktrees/sp05-deadline-review/experiments/moriarty-midnight-financial/ledger/recover-deployment.mjs:11:38)
      at Module.verifyExistingLoanPublic (file:///home/charl/Moriarty/.worktrees/sp05-deadline-review/experiments/moriarty-midnight-financial/ledger/recover-deployment.mjs:119:4)
      at async TestContext.<anonymous> (file:///home/charl/Moriarty/.worktrees/sp05-deadline-review/experiments/moriarty-midnight-financial/ledger/recover-deployment.test.mjs:192:15)
      at async Test.run (node:internal/test_runner/test:1332:7)
      at async Test.processPendingSubtests (node:internal/test_runner/test:911:7)

test at experiments/moriarty-midnight-financial/ledger/recover-deployment.test.mjs:222:1
✖ a finalized snapshot regressing after an observed advance is fatal (21.548478ms)
  AssertionError [ERR_ASSERTION]: Expected values to be strictly equal:
  
  1 !== 2
  
      at TestContext.<anonymous> (file:///home/charl/Moriarty/.worktrees/sp05-deadline-review/experiments/moriarty-midnight-financial/ledger/recover-deployment.test.mjs:224:102)
      at async Test.run (node:internal/test_runner/test:1332:7)
      at async Test.processPendingSubtests (node:internal/test_runner/test:911:7) {
    generatedMessage: true,
    code: 'ERR_ASSERTION',
    actual: 1,
    expected: 2,
    operator: 'strictEqual',
    diff: 'simple'
  }
