2026-09-29 19:30:34.207 | TIME     | aeon.utils.time_utils:__exit__:36 - [ParseSugar] Time: 0.000 seconds
2026-09-29 19:30:34.235 | TIME     | aeon.utils.time_utils:__exit__:36 - [Compile] Time: 0.027 seconds
2026-09-29 19:30:34.236 | TIME     | aeon.utils.time_utils:__exit__:36 - [ParseSugar] Time: 0.000 seconds
2026-09-29 19:30:34.254 | TIME     | aeon.utils.time_utils:__exit__:36 - [Compile] Time: 0.019 seconds
2026-09-29 19:30:34.255 | TIME     | aeon.utils.time_utils:__exit__:36 - [ParseSugar] Time: 0.000 seconds
2026-09-29 19:30:34.277 | TIME     | aeon.utils.time_utils:__exit__:36 - [Compile] Time: 0.022 seconds
2026-09-29 19:30:34.277 | TIME     | aeon.utils.time_utils:__exit__:36 - [ParseSugar] Time: 0.000 seconds
2026-09-29 19:30:34.292 | TIME     | aeon.utils.time_utils:__exit__:36 - [Compile] Time: 0.015 seconds
2026-09-29 19:30:34.295 | TIME     | aeon.utils.time_utils:__exit__:36 - [DecidabilityScan] Time: 0.002 seconds
2026-09-29 19:30:34.296 | TIME     | aeon.utils.time_utils:__exit__:36 - [Preparing execution env] Time: 0.001 seconds
2026-09-29 19:30:34.296 | TIME     | aeon.utils.time_utils:__exit__:36 - [LLVM compilation] Time: 0.000 seconds
2026-09-29 19:30:34.296 | TIME     | aeon.utils.time_utils:__exit__:36 - [ParseSugar] Time: 0.000 seconds
2026-09-29 19:30:34.305 | TIME     | aeon.utils.time_utils:__exit__:36 - [Compile] Time: 0.008 seconds
2026-09-29 19:30:34.305 | TIME     | aeon.utils.time_utils:__exit__:36 - [DecidabilityScan] Time: 0.000 seconds
2026-09-29 19:30:34.305 | TIME     | aeon.utils.time_utils:__exit__:36 - [Preparing execution env] Time: 0.000 seconds
2026-09-29 19:30:34.305 | TIME     | aeon.utils.time_utils:__exit__:36 - [LLVM compilation] Time: 0.000 seconds
2026-09-29 19:30:34.305 | TIME     | aeon.utils.time_utils:__exit__:36 - [ParseSugar] Time: 0.000 seconds
2026-09-29 19:30:34.320 | TIME     | aeon.utils.time_utils:__exit__:36 - [Compile] Time: 0.015 seconds
2026-09-29 19:30:34.320 | TIME     | aeon.utils.time_utils:__exit__:36 - [DecidabilityScan] Time: 0.000 seconds
2026-09-29 19:30:34.321 | TIME     | aeon.utils.time_utils:__exit__:36 - [Preparing execution env] Time: 0.000 seconds
2026-09-29 19:30:34.321 | TIME     | aeon.utils.time_utils:__exit__:36 - [LLVM compilation] Time: 0.000 seconds
2026-09-29 19:30:34.321 | TIME     | aeon.utils.time_utils:__exit__:36 - [ParseSugar] Time: 0.000 seconds
2026-09-29 19:30:34.333 | TIME     | aeon.utils.time_utils:__exit__:36 - [Compile] Time: 0.012 seconds
2026-09-29 19:30:34.333 | TIME     | aeon.utils.time_utils:__exit__:36 - [DecidabilityScan] Time: 0.000 seconds
2026-09-29 19:30:34.334 | TIME     | aeon.utils.time_utils:__exit__:36 - [Preparing execution env] Time: 0.000 seconds
2026-09-29 19:30:34.334 | TIME     | aeon.utils.time_utils:__exit__:36 - [LLVM compilation] Time: 0.000 seconds
2026-09-29 19:30:34.334 | TIME     | aeon.utils.time_utils:__exit__:36 - [ParseSugar] Time: 0.000 seconds
2026-09-29 19:30:34.341 | TIME     | aeon.utils.time_utils:__exit__:36 - [Compile] Time: 0.008 seconds
2026-09-29 19:30:34.342 | TIME     | aeon.utils.time_utils:__exit__:36 - [DecidabilityScan] Time: 0.001 seconds
2026-09-29 19:30:34.343 | TIME     | aeon.utils.time_utils:__exit__:36 - [Preparing execution env] Time: 0.000 seconds
2026-09-29 19:30:34.343 | TIME     | aeon.utils.time_utils:__exit__:36 - [LLVM compilation] Time: 0.000 seconds
2026-09-29 19:30:34.343 | TIME     | aeon.utils.time_utils:__exit__:36 - [ParseSugar] Time: 0.000 seconds
2026-09-29 19:30:34.357 | TIME     | aeon.utils.time_utils:__exit__:36 - [Compile] Time: 0.014 seconds
2026-09-29 19:30:34.357 | TIME     | aeon.utils.time_utils:__exit__:36 - [DecidabilityScan] Time: 0.000 seconds
2026-09-29 19:30:34.358 | TIME     | aeon.utils.time_utils:__exit__:36 - [Preparing execution env] Time: 0.000 seconds
2026-09-29 19:30:34.358 | TIME     | aeon.utils.time_utils:__exit__:36 - [LLVM compilation] Time: 0.000 seconds
2026-09-29 19:30:34.358 | TIME     | aeon.utils.time_utils:__exit__:36 - [ParseSugar] Time: 0.000 seconds
2026-09-29 19:30:34.372 | TIME     | aeon.utils.time_utils:__exit__:36 - [Compile] Time: 0.014 seconds
2026-09-29 19:30:34.372 | TIME     | aeon.utils.time_utils:__exit__:36 - [ParseSugar] Time: 0.000 seconds
2026-09-29 19:30:34.378 | TIME     | aeon.utils.time_utils:__exit__:36 - [Compile] Time: 0.006 seconds
2026-09-29 19:30:34.378 | TIME     | aeon.utils.time_utils:__exit__:36 - [DecidabilityScan] Time: 0.000 seconds
2026-09-29 19:30:34.379 | TIME     | aeon.utils.time_utils:__exit__:36 - [Preparing execution env] Time: 0.000 seconds
2026-09-29 19:30:34.379 | TIME     | aeon.utils.time_utils:__exit__:36 - [LLVM compilation] Time: 0.000 seconds
2026-09-29 19:30:34.379 | TIME     | aeon.utils.time_utils:__exit__:36 - [ParseSugar] Time: 0.000 seconds
2026-09-29 19:30:34.389 | TIME     | aeon.utils.time_utils:__exit__:36 - [Compile] Time: 0.009 seconds
2026-09-29 19:30:34.389 | TIME     | aeon.utils.time_utils:__exit__:36 - [DecidabilityScan] Time: 0.000 seconds
2026-09-29 19:30:34.390 | TIME     | aeon.utils.time_utils:__exit__:36 - [Preparing execution env] Time: 0.001 seconds
2026-09-29 19:30:34.390 | TIME     | aeon.utils.time_utils:__exit__:36 - [LLVM compilation] Time: 0.000 seconds
2026-09-29 19:30:34.390 | TIME     | aeon.utils.time_utils:__exit__:36 - [ParseSugar] Time: 0.000 seconds
2026-09-29 19:30:34.398 | TIME     | aeon.utils.time_utils:__exit__:36 - [Compile] Time: 0.008 seconds
2026-09-29 19:30:34.399 | TIME     | aeon.utils.time_utils:__exit__:36 - [DecidabilityScan] Time: 0.000 seconds
2026-09-29 19:30:34.399 | TIME     | aeon.utils.time_utils:__exit__:36 - [Preparing execution env] Time: 0.001 seconds
2026-09-29 19:30:34.399 | TIME     | aeon.utils.time_utils:__exit__:36 - [LLVM compilation] Time: 0.000 seconds
2026-09-29 19:30:34.399 | TIME     | aeon.utils.time_utils:__exit__:36 - [ParseSugar] Time: 0.000 seconds
2026-09-29 19:30:34.409 | TIME     | aeon.utils.time_utils:__exit__:36 - [Compile] Time: 0.009 seconds
2026-09-29 19:30:34.409 | TIME     | aeon.utils.time_utils:__exit__:36 - [DecidabilityScan] Time: 0.000 seconds
2026-09-29 19:30:34.414 | TIME     | aeon.utils.time_utils:__exit__:36 - [Preparing execution env] Time: 0.004 seconds
2026-09-29 19:30:34.415 | TIME     | aeon.utils.time_utils:__exit__:36 - [LLVM compilation] Time: 0.000 seconds
2026-09-29 19:30:34.415 | TIME     | aeon.utils.time_utils:__exit__:36 - [ParseSugar] Time: 0.000 seconds
2026-09-29 19:30:34.430 | TIME     | aeon.utils.time_utils:__exit__:36 - [Compile] Time: 0.014 seconds
2026-09-29 19:30:34.430 | TIME     | aeon.utils.time_utils:__exit__:36 - [DecidabilityScan] Time: 0.000 seconds
2026-09-29 19:30:34.430 | TIME     | aeon.utils.time_utils:__exit__:36 - [Preparing execution env] Time: 0.000 seconds
2026-09-29 19:30:34.430 | TIME     | aeon.utils.time_utils:__exit__:36 - [LLVM compilation] Time: 0.000 seconds
2026-09-29 19:30:34.430 | TIME     | aeon.utils.time_utils:__exit__:36 - [ParseSugar] Time: 0.000 seconds
2026-09-29 19:30:34.459 | TIME     | aeon.utils.time_utils:__exit__:36 - [Compile] Time: 0.029 seconds
2026-09-29 19:30:34.459 | TIME     | aeon.utils.time_utils:__exit__:36 - [DecidabilityScan] Time: 0.000 seconds
2026-09-29 19:30:34.459 | TIME     | aeon.utils.time_utils:__exit__:36 - [Preparing execution env] Time: 0.000 seconds
2026-09-29 19:30:34.459 | TIME     | aeon.utils.time_utils:__exit__:36 - [LLVM compilation] Time: 0.000 seconds
[
  {
    "case": "literal_cap",
    "source": "def x : {v:Int | v <= 100} := 101;",
    "accepted": false,
    "errors": [
      "Failed to prove `false` in FileLocation(file='/tmp/tmpd2bz7hij.ae', start=(1, 31), end=(1, 34))\n    Could not establish it from the available facts:\n+-----Constraint-----+\nfalse\n+---------//---------+\n"
    ]
  },
  {
    "case": "named_cap",
    "source": "def cap : {c:Int | c = 100} := 100; def x : {v:Int | v <= cap} := 101;",
    "accepted": false,
    "errors": [
      "Failed to prove `false` in FileLocation(file='/tmp/tmphqri0ebt.ae', start=(1, 67), end=(1, 70))\n    Could not establish it from the available facts:\n+-----Constraint-----+\nfalse\n+---------//---------+\n"
    ]
  },
  {
    "case": "named_fee",
    "source": "def cap : {c:Int | c = 5} := 5; def x : {v:Int | v <= cap} := 6;",
    "accepted": false,
    "errors": [
      "Failed to prove `false` in FileLocation(file='/tmp/tmpvuziq2o0.ae', start=(1, 63), end=(1, 64))\n    Could not establish it from the available facts:\n+-----Constraint-----+\nfalse\n+---------//---------+\n"
    ]
  },
  {
    "case": "two_conjuncts_literal",
    "source": "def x : {v:Int | v = 101 && v <= 100} := 101;",
    "accepted": true,
    "errors": []
  },
  {
    "case": "two_conjuncts_reversed",
    "source": "def x : {v:Int | v <= 100 && v = 101} := 101;",
    "accepted": true,
    "errors": []
  },
  {
    "case": "equality_then_false",
    "source": "def x : {v:Int | v = 101 && false} := 101;",
    "accepted": true,
    "errors": []
  },
  {
    "case": "true_then_false",
    "source": "def x : {v:Int | true && false} := 101;",
    "accepted": true,
    "errors": []
  },
  {
    "case": "false_only",
    "source": "def x : {v:Int | false} := 101;",
    "accepted": true,
    "errors": []
  },
  {
    "case": "false_only_pay",
    "source": "def pay : {v:Int | false} := 101;",
    "accepted": true,
    "errors": []
  },
  {
    "case": "literal_cap_pay",
    "source": "def pay : {v:Int | v <= 100} := 101;",
    "accepted": false,
    "errors": [
      "Failed to prove `false` in FileLocation(file='/tmp/tmpveinj45c.ae', start=(1, 33), end=(1, 36))\n    Could not establish it from the available facts:\n+-----Constraint-----+\nfalse\n+---------//---------+\n"
    ]
  },
  {
    "case": "false_only_long",
    "source": "def planGross : {v:Int | false} := 101;",
    "accepted": true,
    "errors": []
  },
  {
    "case": "false_then_true",
    "source": "def x : {v:Int | false && true} := 101;",
    "accepted": true,
    "errors": []
  },
  {
    "case": "parenthesized_conjuncts",
    "source": "def x : {v:Int | (v = 101) && (v <= 100)} := 101;",
    "accepted": true,
    "errors": []
  },
  {
    "case": "inequality_then_false",
    "source": "def x : {v:Int | v >= 0 && false} := 101;",
    "accepted": true,
    "errors": []
  },
  {
    "case": "two_conjuncts_named",
    "source": "def cap : {c:Int | c = 100} := 100; def x : {v:Int | v = 101 && v <= cap} := 101;",
    "accepted": true,
    "errors": []
  },
  {
    "case": "derived_named",
    "source": "def cap : {c:Int | c = 100} := 100; def a : {x:Int | x >= 0} := 97; def b : {x:Int | x >= 0} := 4; def g : {x:Int | x = a + b && x <= cap} := 101;",
    "accepted": true,
    "errors": []
  }
]
