2026-09-29 19:32:31.911 | TIME     | aeon.utils.time_utils:__exit__:36 - [ParseSugar] Time: 0.000 seconds
2026-09-29 19:32:31.962 | TIME     | aeon.utils.time_utils:__exit__:36 - [Compile] Time: 0.050 seconds
2026-09-29 19:32:31.964 | TIME     | aeon.utils.time_utils:__exit__:36 - [DecidabilityScan] Time: 0.002 seconds
2026-09-29 19:32:31.965 | TIME     | aeon.utils.time_utils:__exit__:36 - [Preparing execution env] Time: 0.001 seconds
2026-09-29 19:32:31.965 | TIME     | aeon.utils.time_utils:__exit__:36 - [LLVM compilation] Time: 0.000 seconds
2026-09-29 19:32:31.965 | TIME     | aeon.utils.time_utils:__exit__:36 - [ParseSugar] Time: 0.000 seconds
2026-09-29 19:32:32.012 | TIME     | aeon.utils.time_utils:__exit__:36 - [Compile] Time: 0.047 seconds
2026-09-29 19:32:32.013 | TIME     | aeon.utils.time_utils:__exit__:36 - [DecidabilityScan] Time: 0.000 seconds
2026-09-29 19:32:32.013 | TIME     | aeon.utils.time_utils:__exit__:36 - [Preparing execution env] Time: 0.000 seconds
2026-09-29 19:32:32.013 | TIME     | aeon.utils.time_utils:__exit__:36 - [LLVM compilation] Time: 0.000 seconds
2026-09-29 19:32:32.014 | TIME     | aeon.utils.time_utils:__exit__:36 - [ParseSugar] Time: 0.000 seconds
2026-09-29 19:32:32.034 | TIME     | aeon.utils.time_utils:__exit__:36 - [Compile] Time: 0.020 seconds
2026-09-29 19:32:32.035 | TIME     | aeon.utils.time_utils:__exit__:36 - [ParseSugar] Time: 0.000 seconds
2026-09-29 19:32:32.056 | TIME     | aeon.utils.time_utils:__exit__:36 - [Compile] Time: 0.021 seconds
2026-09-29 19:32:32.057 | TIME     | aeon.utils.time_utils:__exit__:36 - [ParseSugar] Time: 0.000 seconds
2026-09-29 19:32:32.075 | TIME     | aeon.utils.time_utils:__exit__:36 - [Compile] Time: 0.018 seconds
2026-09-29 19:32:32.076 | TIME     | aeon.utils.time_utils:__exit__:36 - [ParseSugar] Time: 0.000 seconds
2026-09-29 19:32:32.107 | TIME     | aeon.utils.time_utils:__exit__:36 - [Compile] Time: 0.031 seconds
2026-09-29 19:32:32.107 | TIME     | aeon.utils.time_utils:__exit__:36 - [DecidabilityScan] Time: 0.000 seconds
2026-09-29 19:32:32.107 | TIME     | aeon.utils.time_utils:__exit__:36 - [Preparing execution env] Time: 0.000 seconds
2026-09-29 19:32:32.107 | TIME     | aeon.utils.time_utils:__exit__:36 - [LLVM compilation] Time: 0.000 seconds
2026-09-29 19:32:32.108 | TIME     | aeon.utils.time_utils:__exit__:36 - [ParseSugar] Time: 0.000 seconds
2026-09-29 19:32:32.140 | TIME     | aeon.utils.time_utils:__exit__:36 - [Compile] Time: 0.032 seconds
2026-09-29 19:32:32.141 | TIME     | aeon.utils.time_utils:__exit__:36 - [ParseSugar] Time: 0.000 seconds
2026-09-29 19:32:32.174 | TIME     | aeon.utils.time_utils:__exit__:36 - [Compile] Time: 0.033 seconds
2026-09-29 19:32:32.175 | TIME     | aeon.utils.time_utils:__exit__:36 - [ParseSugar] Time: 0.000 seconds
2026-09-29 19:32:32.195 | TIME     | aeon.utils.time_utils:__exit__:36 - [Compile] Time: 0.019 seconds
2026-09-29 19:32:32.195 | TIME     | aeon.utils.time_utils:__exit__:36 - [DecidabilityScan] Time: 0.000 seconds
2026-09-29 19:32:32.196 | TIME     | aeon.utils.time_utils:__exit__:36 - [Preparing execution env] Time: 0.001 seconds
2026-09-29 19:32:32.196 | TIME     | aeon.utils.time_utils:__exit__:36 - [LLVM compilation] Time: 0.000 seconds
[
  {
    "case": "authorized",
    "source_sha256": "2b16e7ec2b6e732dfe5c2143ded160775453eea7b97f97c25ca4e2aefcde0365",
    "accepted": true,
    "error_types": [],
    "errors": [],
    "trust": []
  },
  {
    "case": "authorized_split",
    "source_sha256": "c6928b92ce2a0829a0dbbb0debaab4dce136b2e21496bd4807575872786207ad",
    "accepted": true,
    "error_types": [],
    "errors": [],
    "trust": []
  },
  {
    "case": "recipient_substitution",
    "source_sha256": "4ac8a3ea0d47859324e718026ca2effa54eb5845165089dd3a8caaccc83a5411",
    "accepted": false,
    "error_types": [
      "LiquidTypeCheckingFailedRelation"
    ],
    "errors": [
      "Failed to prove `(43 == 42)` in FileLocation(file='/tmp/tmpfl964qks.ae', start=(10, 54), end=(10, 56))\n    Could not establish it from the available facts:\n+-----Constraint-----+\n(43 == 42)\n+---------//---------+\n"
    ],
    "trust": []
  },
  {
    "case": "domain_substitution",
    "source_sha256": "24e8c4479abfb519ea54b5fb9525a8d22dfea45e113bc533ffcd47f9121a7a7b",
    "accepted": false,
    "error_types": [
      "LiquidTypeCheckingFailedRelation"
    ],
    "errors": [
      "Failed to prove `(11 == 10)` in FileLocation(file='/tmp/tmpn9vncx9h.ae', start=(10, 48), end=(10, 50))\n    Could not establish it from the available facts:\n+-----Constraint-----+\n(11 == 10)\n+---------//---------+\n"
    ],
    "trust": []
  },
  {
    "case": "fee_cap_violation",
    "source_sha256": "be3d029d45ad099b4738164447264235a8b3400dabeb0670adf097997e3d24e0",
    "accepted": false,
    "error_types": [
      "LiquidTypeCheckingFailedRelation"
    ],
    "errors": [
      "Failed to prove `false` in FileLocation(file='/tmp/tmpw6xvm3fp.ae', start=(10, 50), end=(10, 51))\n    Could not establish it from the available facts:\n+-----Constraint-----+\nfalse\n+---------//---------+\n"
    ],
    "trust": []
  },
  {
    "case": "gross_cap_violation",
    "source_sha256": "565003ae56ec1b3bb16f8078abffac14597ab8522cd2ca68a091cd218f412b1e",
    "accepted": true,
    "error_types": [],
    "errors": [],
    "trust": []
  },
  {
    "case": "gross_cap_violation_split",
    "source_sha256": "f5fe0009640d53358e3771220128deb6455b7527138606ce27ffdf723cf12f84",
    "accepted": false,
    "error_types": [
      "LiquidTypeCheckingFailedRelation"
    ],
    "errors": [
      "Failed to prove `false` in FileLocation(file='/tmp/tmp89l9svb4.ae', start=(13, 1), end=(13, 59))\n    Could not establish it from the available facts:\n+-----Constraint-----+\nfalse\n+---------//---------+\n"
    ],
    "trust": []
  },
  {
    "case": "inconsistent_gross",
    "source_sha256": "c507bbf44be6e924ea3a989f71f3a3f43521ffe8578e522844bf5bac2f844f58",
    "accepted": false,
    "error_types": [
      "LiquidTypeCheckingFailedRelation"
    ],
    "errors": [
      "Failed to prove `(97 == 98)` in FileLocation(file='/tmp/tmpsm5ghana.ae', start=(12, 75), end=(12, 77))\n    Could not establish it from the available facts:\n+-----Constraint-----+\n(97 == 98)\n+---------//---------+\n"
    ],
    "trust": []
  },
  {
    "case": "trusted_native_forge",
    "source_sha256": "ed303f760e5872f433246a39d44eb8413f70e9ac060fe3402b8078161594581d",
    "accepted": true,
    "error_types": [],
    "errors": [],
    "trust": [
      {
        "name": "planRecipient",
        "kind": "native"
      }
    ]
  }
]
