test_reserved_duty_survives_split_join (__main__.BackingHistory.test_reserved_duty_survives_split_join) ... ok
test_empty_graph_root_must_be_available (__main__.CurrentnessBoundary.test_empty_graph_root_must_be_available) ... ok
test_final_join_output_cannot_be_reported_current_when_consumed (__main__.CurrentnessBoundary.test_final_join_output_cannot_be_reported_current_when_consumed) ... ok
test_foreign_consumption_does_not_reject_available_history (__main__.CurrentnessBoundary.test_foreign_consumption_does_not_reject_available_history) ... ok
test_seed_currentness_precedes_graph_financial_derivation (__main__.CurrentnessBoundary.test_seed_currentness_precedes_graph_financial_derivation) ... ok
test_seed_head_must_be_available_before_import (__main__.CurrentnessBoundary.test_seed_head_must_be_available_before_import) ... ok
test_untouched_sibling_must_be_available (__main__.CurrentnessBoundary.test_untouched_sibling_must_be_available) ... ok
test_bound_occurrences_independent_branches (__main__.ExactBranches.test_bound_occurrences_independent_branches) ... ok
test_terminal_seed_cannot_split (__main__.ExactBranches.test_terminal_seed_cannot_split) ... ok
test_action_cannot_spend_sibling (__main__.Histories.test_action_cannot_spend_sibling) ... ok
test_actual_split_independent_actions_join (__main__.Histories.test_actual_split_independent_actions_join) ... ok
test_cloned_work_and_caps (__main__.Histories.test_cloned_work_and_caps) ... ok
test_consumed_predecessor (__main__.Histories.test_consumed_predecessor) ... ok
test_debt_cannot_be_dropped (__main__.Histories.test_debt_cannot_be_dropped) ... ok
test_duplicate_branch (__main__.Histories.test_duplicate_branch) ... ok
test_no_implicit_composition_authority (__main__.Histories.test_no_implicit_composition_authority) ... ok
test_origin_and_profile_not_replaceable (__main__.Histories.test_origin_and_profile_not_replaceable) ... ok
test_overlapping_account_and_backing (__main__.Histories.test_overlapping_account_and_backing) ... ok
test_prefix_counted_twice (__main__.Histories.test_prefix_counted_twice) ... ok
test_prior_prefix_is_linked_not_supplied (__main__.Histories.test_prior_prefix_is_linked_not_supplied) ... ok
test_retired_work_not_restored (__main__.Histories.test_retired_work_not_restored) ... ok
test_wrong_charge (__main__.Histories.test_wrong_charge) ... ok

----------------------------------------------------------------------
Ran 22 tests in 0.192s

OK
