test_cancel_backing_positive_and_authority (__main__.Check.test_cancel_backing_positive_and_authority) ... ok
test_caps_derived_even_rehashed (__main__.Check.test_caps_derived_even_rehashed) ... ok
test_changed_effect_and_full_frame (__main__.Check.test_changed_effect_and_full_frame) ... ok
test_currentness_before_bad_post (__main__.Check.test_currentness_before_bad_post) ... ok
test_duplicate_funding (__main__.Check.test_duplicate_funding) ... ok
test_exact_plan_vs_outcome (__main__.Check.test_exact_plan_vs_outcome) ... ok
test_expired_and_revoked (__main__.Check.test_expired_and_revoked) ... ok
test_funding_actual_relation (__main__.Check.test_funding_actual_relation) ... ok
test_label_not_accepted (__main__.Check.test_label_not_accepted) ... ok
test_migration_preserves_context (__main__.Check.test_migration_preserves_context) ... ok
test_net_goal (__main__.Check.test_net_goal) ... ok
test_positive_and_removed_mutation (__main__.Check.test_positive_and_removed_mutation) ... ok
test_reordered_named_binding (__main__.Check.test_reordered_named_binding) ... ok
test_sidecar_derived_not_reported (__main__.Check.test_sidecar_derived_not_reported) ... ok
test_wrong_field_and_type (__main__.Check.test_wrong_field_and_type) ... ok
test_late_domain_newline_not_hash (__main__.CumulativeChecks.test_late_domain_newline_not_hash) ... ok
test_recovery_current_predecessor_cannot_reset (__main__.CumulativeChecks.test_recovery_current_predecessor_cannot_reset) ... ok
test_second_fill_crosses_cap_with_consistent_state (__main__.CumulativeChecks.test_second_fill_crosses_cap_with_consistent_state) ... ok
test_action_not_arbitrary (__main__.MoreChecks.test_action_not_arbitrary) ... ok
test_canonical_and_duplicate (__main__.MoreChecks.test_canonical_and_duplicate) ... ok
test_funded_debt_history_and_mutation (__main__.MoreChecks.test_funded_debt_history_and_mutation) ... ok
test_partition_independent_expected (__main__.MoreChecks.test_partition_independent_expected) ... ok
test_argument_identity_uses_type_not_name (__main__.RepairChecks.test_argument_identity_uses_type_not_name) ... ok
test_disconnected_display_rehashed (__main__.RepairChecks.test_disconnected_display_rehashed) ... ok
test_funding_sum_overflow_and_exact_boundary (__main__.RepairChecks.test_funding_sum_overflow_and_exact_boundary) ... ok
test_generated_cumulative_overflow (__main__.RepairChecks.test_generated_cumulative_overflow) ... ok
test_malformed_plain_inputs_are_closed (__main__.RepairChecks.test_malformed_plain_inputs_are_closed) ... ok
test_profile_preview_more_parties_and_assets (__main__.RepairChecks.test_profile_preview_more_parties_and_assets) ... ok
test_exact_occurrence_once_and_reuse (__main__.ReviewCorrections.test_exact_occurrence_once_and_reuse) ... ok
test_explicit_two_occurrences (__main__.ReviewCorrections.test_explicit_two_occurrences) ... ok
test_external_consumption (__main__.ReviewCorrections.test_external_consumption) ... ok
test_terminal_absorbing (__main__.ReviewCorrections.test_terminal_absorbing) ... ok
test_uncreated_debt_accrual_rejects (__main__.ReviewCorrections.test_uncreated_debt_accrual_rejects) ... ok

----------------------------------------------------------------------
Ran 33 tests in 0.096s

OK
