An example execution:

[State 0]
{
  effects_harness::effects_machine::state:
    {
      history: [],
      ledger:
        Map(
          (Escrow({ asset: TokenA, owner: Alice }), TokenA) -> 0,
          (Escrow({ asset: TokenA, owner: Alice }), TokenB) -> 0,
          (Escrow({ asset: TokenA, owner: Bob }), TokenA) -> 0,
          (Escrow({ asset: TokenA, owner: Bob }), TokenB) -> 0,
          (Escrow({ asset: TokenA, owner: Mallory }), TokenA) -> 0,
          (Escrow({ asset: TokenA, owner: Mallory }), TokenB) -> 0,
          (Escrow({ asset: TokenB, owner: Alice }), TokenA) -> 0,
          (Escrow({ asset: TokenB, owner: Alice }), TokenB) -> 0,
          (Escrow({ asset: TokenB, owner: Bob }), TokenA) -> 0,
          (Escrow({ asset: TokenB, owner: Bob }), TokenB) -> 0,
          (Escrow({ asset: TokenB, owner: Mallory }), TokenA) -> 0,
          (Escrow({ asset: TokenB, owner: Mallory }), TokenB) -> 0,
          (Wallet(Alice), TokenA) -> 10,
          (Wallet(Alice), TokenB) -> 0,
          (Wallet(Bob), TokenA) -> 0,
          (Wallet(Bob), TokenB) -> 20,
          (Wallet(Mallory), TokenA) -> 0,
          (Wallet(Mallory), TokenB) -> 0
        ),
      phase: 0
    }
}

[State 1]
{
  effects_harness::effects_machine::state:
    {
      history:
        [
          {
            asset: TokenA,
            destination: Escrow({ asset: TokenA, owner: Alice }),
            quantity: 10,
            source: Wallet(Alice)
          }
        ],
      ledger:
        Map(
          (Escrow({ asset: TokenA, owner: Alice }), TokenA) -> 10,
          (Escrow({ asset: TokenA, owner: Alice }), TokenB) -> 0,
          (Escrow({ asset: TokenA, owner: Bob }), TokenA) -> 0,
          (Escrow({ asset: TokenA, owner: Bob }), TokenB) -> 0,
          (Escrow({ asset: TokenA, owner: Mallory }), TokenA) -> 0,
          (Escrow({ asset: TokenA, owner: Mallory }), TokenB) -> 0,
          (Escrow({ asset: TokenB, owner: Alice }), TokenA) -> 0,
          (Escrow({ asset: TokenB, owner: Alice }), TokenB) -> 0,
          (Escrow({ asset: TokenB, owner: Bob }), TokenA) -> 0,
          (Escrow({ asset: TokenB, owner: Bob }), TokenB) -> 0,
          (Escrow({ asset: TokenB, owner: Mallory }), TokenA) -> 0,
          (Escrow({ asset: TokenB, owner: Mallory }), TokenB) -> 0,
          (Wallet(Alice), TokenA) -> 0,
          (Wallet(Alice), TokenB) -> 0,
          (Wallet(Bob), TokenA) -> 0,
          (Wallet(Bob), TokenB) -> 20,
          (Wallet(Mallory), TokenA) -> 0,
          (Wallet(Mallory), TokenB) -> 0
        ),
      phase: 1
    }
}

[ok] No violation found (999ms at 10010 traces/second).
Trace length statistics: max=2, min=2, average=2.00
You may increase --max-samples and --max-steps.
Use --verbosity to produce more (or less) output.
Witnesses:
deposited was witnessed in 10000 trace(s) out of 10000 explored (100.00%)
Use --seed=0x2a --backend=rust to reproduce.
