
 Error [QNT013]: import ... from './missing_effects_harness': could not load

  at /tmp/moriarty-s02-retro.TLqMoD/effects_test.qnt:2:3
  2:   import effects_machine(INITIAL_A = 10, INITIAL_B = 20).* from "./missing_effects_harness"
       ^^^^^^^^^^^^^^^^^^^^^^^^^^^^^^^^^^^^^^^^^^^^^^^^^^^^^^^^^^^^^^^^^^^^^^^^^^^^^^^^^^^^^^^^^


 Error [QNT405]: Module 'effects_machine' not found

  at /tmp/moriarty-s02-retro.TLqMoD/effects_test.qnt:2:3
  2:   import effects_machine(INITIAL_A = 10, INITIAL_B = 20).* from "./missing_effects_harness"
       ^^^^^^^^^^^^^^^^^^^^^^^^^^^^^^^^^^^^^^^^^^^^^^^^^^^^^^^^^^^^^^^^^^^^^^^^^^^^^^^^^^^^^^^^^


 Error [QNT405]: Module 'effects' not found

  at /tmp/moriarty-s02-retro.TLqMoD/effects_test.qnt:3:3
  3:   import effects.* from "./effects"
       ^^^^^^^^^^^^^^^^^^^^^^^^^^^^^^^^^


 Error [QNT404]: Name 'INITIAL_A' not found

  at /tmp/moriarty-s02-retro.TLqMoD/effects_test.qnt:2:26
  2:   import effects_machine(INITIAL_A = 10, INITIAL_B = 20).* from "./missing_effects_harness"
                              ^^^^^^^^^


 Error [QNT404]: Name 'INITIAL_B' not found

  at /tmp/moriarty-s02-retro.TLqMoD/effects_test.qnt:2:42
  2:   import effects_machine(INITIAL_A = 10, INITIAL_B = 20).* from "./missing_effects_harness"
                                              ^^^^^^^^^


 Error [QNT404]: Name 'init' not found

  at /tmp/moriarty-s02-retro.TLqMoD/effects_test.qnt:5:21
  5:   run depositTest = init.then(deposit).expect(
                         ^^^^


 Error [QNT404]: Name 'deposit' not found

  at /tmp/moriarty-s02-retro.TLqMoD/effects_test.qnt:5:31
  5:   run depositTest = init.then(deposit).expect(
                                   ^^^^^^^


 Error [QNT404]: Name 'balance' not found

  at /tmp/moriarty-s02-retro.TLqMoD/effects_test.qnt:6:5
  6:     balance(state.ledger, Wallet(Alice), TokenA) == 0 and
         ^^^^^^^^^^^^^^^^^^^^^^^^^^^^^^^^^^^^^^^^^^^^


 Error [QNT404]: Name 'state' not found

  at /tmp/moriarty-s02-retro.TLqMoD/effects_test.qnt:6:13
  6:     balance(state.ledger, Wallet(Alice), TokenA) == 0 and
                 ^^^^^


 Error [QNT404]: Name 'Wallet' not found

  at /tmp/moriarty-s02-retro.TLqMoD/effects_test.qnt:6:27
  6:     balance(state.ledger, Wallet(Alice), TokenA) == 0 and
                               ^^^^^^^^^^^^^


 Error [QNT404]: Name 'Alice' not found

  at /tmp/moriarty-s02-retro.TLqMoD/effects_test.qnt:6:34
  6:     balance(state.ledger, Wallet(Alice), TokenA) == 0 and
                                      ^^^^^


 Error [QNT404]: Name 'TokenA' not found

  at /tmp/moriarty-s02-retro.TLqMoD/effects_test.qnt:6:42
  6:     balance(state.ledger, Wallet(Alice), TokenA) == 0 and
                                              ^^^^^^


 Error [QNT404]: Name 'balance' not found

  at /tmp/moriarty-s02-retro.TLqMoD/effects_test.qnt:7:5
  7:     balance(state.ledger, Escrow({owner: Alice, asset: TokenA}), TokenA) == 10)
         ^^^^^^^^^^^^^^^^^^^^^^^^^^^^^^^^^^^^^^^^^^^^^^^^^^^^^^^^^^^^^^^^^^^^


 Error [QNT404]: Name 'state' not found

  at /tmp/moriarty-s02-retro.TLqMoD/effects_test.qnt:7:13
  7:     balance(state.ledger, Escrow({owner: Alice, asset: TokenA}), TokenA) == 10)
                 ^^^^^


 Error [QNT404]: Name 'Escrow' not found

  at /tmp/moriarty-s02-retro.TLqMoD/effects_test.qnt:7:27
  7:     balance(state.ledger, Escrow({owner: Alice, asset: TokenA}), TokenA) == 10)
                               ^^^^^^^^^^^^^^^^^^^^^^^^^^^^^^^^^^^^^


 Error [QNT404]: Name 'Alice' not found

  at /tmp/moriarty-s02-retro.TLqMoD/effects_test.qnt:7:42
  7:     balance(state.ledger, Escrow({owner: Alice, asset: TokenA}), TokenA) == 10)
                                              ^^^^^


 Error [QNT404]: Name 'TokenA' not found

  at /tmp/moriarty-s02-retro.TLqMoD/effects_test.qnt:7:56
  7:     balance(state.ledger, Escrow({owner: Alice, asset: TokenA}), TokenA) == 10)
                                                            ^^^^^^


 Error [QNT404]: Name 'TokenA' not found

  at /tmp/moriarty-s02-retro.TLqMoD/effects_test.qnt:7:66
  7:     balance(state.ledger, Escrow({owner: Alice, asset: TokenA}), TokenA) == 10)
                                                                      ^^^^^^


 Error [QNT404]: Name 'init' not found

  at /tmp/moriarty-s02-retro.TLqMoD/effects_test.qnt:8:20
  8:   run refundTest = init.then(deposit).then(refund).expect(
                        ^^^^


 Error [QNT404]: Name 'deposit' not found

  at /tmp/moriarty-s02-retro.TLqMoD/effects_test.qnt:8:30
  8:   run refundTest = init.then(deposit).then(refund).expect(
                                  ^^^^^^^


 Error [QNT404]: Name 'refund' not found

  at /tmp/moriarty-s02-retro.TLqMoD/effects_test.qnt:8:44
  8:   run refundTest = init.then(deposit).then(refund).expect(
                                                ^^^^^^


 Error [QNT404]: Name 'state' not found

  at /tmp/moriarty-s02-retro.TLqMoD/effects_test.qnt:9:5
  9:     state.ledger == initialLedger(INITIAL_A, INITIAL_B) and safety)
         ^^^^^


 Error [QNT404]: Name 'initialLedger' not found

  at /tmp/moriarty-s02-retro.TLqMoD/effects_test.qnt:9:21
  9:     state.ledger == initialLedger(INITIAL_A, INITIAL_B) and safety)
                         ^^^^^^^^^^^^^^^^^^^^^^^^^^^^^^^^^^^


 Error [QNT404]: Name 'INITIAL_A' not found

  at /tmp/moriarty-s02-retro.TLqMoD/effects_test.qnt:9:35
  9:     state.ledger == initialLedger(INITIAL_A, INITIAL_B) and safety)
                                       ^^^^^^^^^


 Error [QNT404]: Name 'INITIAL_B' not found

  at /tmp/moriarty-s02-retro.TLqMoD/effects_test.qnt:9:46
  9:     state.ledger == initialLedger(INITIAL_A, INITIAL_B) and safety)
                                                  ^^^^^^^^^


 Error [QNT404]: Name 'safety' not found

  at /tmp/moriarty-s02-retro.TLqMoD/effects_test.qnt:9:61
  9:     state.ledger == initialLedger(INITIAL_A, INITIAL_B) and safety)
                                                                 ^^^^^^


 Error [QNT404]: Name 'init' not found

  at /tmp/moriarty-s02-retro.TLqMoD/effects_test.qnt:10:27
  10:   run missingLedgerTest = init.expect(not(canApply(Map(), List(depositEffect))))
                                ^^^^


 Error [QNT404]: Name 'canApply' not found

  at /tmp/moriarty-s02-retro.TLqMoD/effects_test.qnt:10:43
  10:   run missingLedgerTest = init.expect(not(canApply(Map(), List(depositEffect))))
                                                ^^^^^^^^^^^^^^^^^^^^^^^^^^^^^^^^^^^^


 Error [QNT404]: Name 'depositEffect' not found

  at /tmp/moriarty-s02-retro.TLqMoD/effects_test.qnt:10:64
  10:   run missingLedgerTest = init.expect(not(canApply(Map(), List(depositEffect))))
                                                                     ^^^^^^^^^^^^^


 Error [QNT404]: Name 'init' not found

  at /tmp/moriarty-s02-retro.TLqMoD/effects_test.qnt:11:25
  11:   run nonpositiveTest = init.expect(
                              ^^^^


 Error [QNT404]: Name 'validTransfer' not found

  at /tmp/moriarty-s02-retro.TLqMoD/effects_test.qnt:12:9
  12:     not(validTransfer({...depositEffect, quantity: 0})) and
              ^^^^^^^^^^^^^^^^^^^^^^^^^^^^^^^^^^^^^^^^^^^^^^


 Error [QNT404]: Name 'depositEffect' not found

  at /tmp/moriarty-s02-retro.TLqMoD/effects_test.qnt:12:27
  12:     not(validTransfer({...depositEffect, quantity: 0})) and
                                ^^^^^^^^^^^^^


 Error [QNT404]: Name 'canApply' not found

  at /tmp/moriarty-s02-retro.TLqMoD/effects_test.qnt:13:9
  13:     not(canApply(state.ledger, List({...depositEffect, quantity: -1}))))
              ^^^^^^^^^^^^^^^^^^^^^^^^^^^^^^^^^^^^^^^^^^^^^^^^^^^^^^^^^^^^^^


 Error [QNT404]: Name 'state' not found

  at /tmp/moriarty-s02-retro.TLqMoD/effects_test.qnt:13:18
  13:     not(canApply(state.ledger, List({...depositEffect, quantity: -1}))))
                       ^^^^^


 Error [QNT404]: Name 'depositEffect' not found

  at /tmp/moriarty-s02-retro.TLqMoD/effects_test.qnt:13:41
  13:     not(canApply(state.ledger, List({...depositEffect, quantity: -1}))))
                                              ^^^^^^^^^^^^^


 Error [QNT404]: Name 'init' not found

  at /tmp/moriarty-s02-retro.TLqMoD/effects_test.qnt:14:24
  14:   run wrongAssetTest = init.expect(
                             ^^^^


 Error [QNT404]: Name 'validTransfer' not found

  at /tmp/moriarty-s02-retro.TLqMoD/effects_test.qnt:15:9
  15:     not(validTransfer({...depositEffect, asset: TokenB})))
              ^^^^^^^^^^^^^^^^^^^^^^^^^^^^^^^^^^^^^^^^^^^^^^^^


 Error [QNT404]: Name 'depositEffect' not found

  at /tmp/moriarty-s02-retro.TLqMoD/effects_test.qnt:15:27
  15:     not(validTransfer({...depositEffect, asset: TokenB})))
                                ^^^^^^^^^^^^^


 Error [QNT404]: Name 'TokenB' not found

  at /tmp/moriarty-s02-retro.TLqMoD/effects_test.qnt:15:49
  15:     not(validTransfer({...depositEffect, asset: TokenB})))
                                                      ^^^^^^


 Error [QNT404]: Name 'init' not found

  at /tmp/moriarty-s02-retro.TLqMoD/effects_test.qnt:16:30
  16:   run duplicateEffectsTest = init.expect(
                                   ^^^^


 Error [QNT404]: Name 'policyAllows' not found

  at /tmp/moriarty-s02-retro.TLqMoD/effects_test.qnt:17:9
  17:     not(policyAllows(List(), List(depositEffect), List(depositEffect, depositEffect))) and
              ^^^^^^^^^^^^^^^^^^^^^^^^^^^^^^^^^^^^^^^^^^^^^^^^^^^^^^^^^^^^^^^^^^^^^^^^^^^^^


 Error [QNT404]: Name 'depositEffect' not found

  at /tmp/moriarty-s02-retro.TLqMoD/effects_test.qnt:17:35
  17:     not(policyAllows(List(), List(depositEffect), List(depositEffect, depositEffect))) and
                                        ^^^^^^^^^^^^^


 Error [QNT404]: Name 'depositEffect' not found

  at /tmp/moriarty-s02-retro.TLqMoD/effects_test.qnt:17:56
  17:     not(policyAllows(List(), List(depositEffect), List(depositEffect, depositEffect))) and
                                                             ^^^^^^^^^^^^^


 Error [QNT404]: Name 'depositEffect' not found

  at /tmp/moriarty-s02-retro.TLqMoD/effects_test.qnt:17:71
  17:     not(policyAllows(List(), List(depositEffect), List(depositEffect, depositEffect))) and
                                                                            ^^^^^^^^^^^^^


 Error [QNT404]: Name 'policyAllows' not found

  at /tmp/moriarty-s02-retro.TLqMoD/effects_test.qnt:18:5
  18:     policyAllows(List(depositEffect, depositEffect), List(depositEffect, depositEffect), List(depositEffect, depositEffect)))
          ^^^^^^^^^^^^^^^^^^^^^^^^^^^^^^^^^^^^^^^^^^^^^^^^^^^^^^^^^^^^^^^^^^^^^^^^^^^^^^^^^^^^^^^^^^^^^^^^^^^^^^^^^^^^^^^^^^^^^^^^


 Error [QNT404]: Name 'depositEffect' not found

  at /tmp/moriarty-s02-retro.TLqMoD/effects_test.qnt:18:23
  18:     policyAllows(List(depositEffect, depositEffect), List(depositEffect, depositEffect), List(depositEffect, depositEffect)))
                            ^^^^^^^^^^^^^


 Error [QNT404]: Name 'depositEffect' not found

  at /tmp/moriarty-s02-retro.TLqMoD/effects_test.qnt:18:38
  18:     policyAllows(List(depositEffect, depositEffect), List(depositEffect, depositEffect), List(depositEffect, depositEffect)))
                                           ^^^^^^^^^^^^^


 Error [QNT404]: Name 'depositEffect' not found

  at /tmp/moriarty-s02-retro.TLqMoD/effects_test.qnt:18:59
  18:     policyAllows(List(depositEffect, depositEffect), List(depositEffect, depositEffect), List(depositEffect, depositEffect)))
                                                                ^^^^^^^^^^^^^


 Error [QNT404]: Name 'depositEffect' not found

  at /tmp/moriarty-s02-retro.TLqMoD/effects_test.qnt:18:74
  18:     policyAllows(List(depositEffect, depositEffect), List(depositEffect, depositEffect), List(depositEffect, depositEffect)))
                                                                               ^^^^^^^^^^^^^


 Error [QNT404]: Name 'depositEffect' not found

  at /tmp/moriarty-s02-retro.TLqMoD/effects_test.qnt:18:95
  18:     policyAllows(List(depositEffect, depositEffect), List(depositEffect, depositEffect), List(depositEffect, depositEffect)))
                                                                                                    ^^^^^^^^^^^^^


 Error [QNT404]: Name 'depositEffect' not found

  at /tmp/moriarty-s02-retro.TLqMoD/effects_test.qnt:18:110
  18:     policyAllows(List(depositEffect, depositEffect), List(depositEffect, depositEffect), List(depositEffect, depositEffect)))
                                                                                                                   ^^^^^^^^^^^^^


 Error [QNT404]: Name 'init' not found

  at /tmp/moriarty-s02-retro.TLqMoD/effects_test.qnt:19:29
  19:   run missingRequiredTest = init.expect(
                                  ^^^^


 Error [QNT404]: Name 'policyAllows' not found

  at /tmp/moriarty-s02-retro.TLqMoD/effects_test.qnt:20:9
  20:     not(policyAllows(List(depositEffect), List(depositEffect), List())))
              ^^^^^^^^^^^^^^^^^^^^^^^^^^^^^^^^^^^^^^^^^^^^^^^^^^^^^^^^^^^^^^


 Error [QNT404]: Name 'depositEffect' not found

  at /tmp/moriarty-s02-retro.TLqMoD/effects_test.qnt:20:27
  20:     not(policyAllows(List(depositEffect), List(depositEffect), List())))
                                ^^^^^^^^^^^^^


 Error [QNT404]: Name 'depositEffect' not found

  at /tmp/moriarty-s02-retro.TLqMoD/effects_test.qnt:20:48
  20:     not(policyAllows(List(depositEffect), List(depositEffect), List())))
                                                     ^^^^^^^^^^^^^


 Error [QNT404]: Name 'init' not found

  at /tmp/moriarty-s02-retro.TLqMoD/effects_test.qnt:21:25
  21:   run permutationTest = init.expect(
                              ^^^^


 Error [QNT404]: Name 'policyAllows' not found

  at /tmp/moriarty-s02-retro.TLqMoD/effects_test.qnt:22:5
  22:     policyAllows(List(depositEffect, refundEffect), List(depositEffect, refundEffect), List(refundEffect, depositEffect)))
          ^^^^^^^^^^^^^^^^^^^^^^^^^^^^^^^^^^^^^^^^^^^^^^^^^^^^^^^^^^^^^^^^^^^^^^^^^^^^^^^^^^^^^^^^^^^^^^^^^^^^^^^^^^^^^^^^^^^^^


 Error [QNT404]: Name 'depositEffect' not found

  at /tmp/moriarty-s02-retro.TLqMoD/effects_test.qnt:22:23
  22:     policyAllows(List(depositEffect, refundEffect), List(depositEffect, refundEffect), List(refundEffect, depositEffect)))
                            ^^^^^^^^^^^^^


 Error [QNT404]: Name 'refundEffect' not found

  at /tmp/moriarty-s02-retro.TLqMoD/effects_test.qnt:22:38
  22:     policyAllows(List(depositEffect, refundEffect), List(depositEffect, refundEffect), List(refundEffect, depositEffect)))
                                           ^^^^^^^^^^^^


 Error [QNT404]: Name 'depositEffect' not found

  at /tmp/moriarty-s02-retro.TLqMoD/effects_test.qnt:22:58
  22:     policyAllows(List(depositEffect, refundEffect), List(depositEffect, refundEffect), List(refundEffect, depositEffect)))
                                                               ^^^^^^^^^^^^^


 Error [QNT404]: Name 'refundEffect' not found

  at /tmp/moriarty-s02-retro.TLqMoD/effects_test.qnt:22:73
  22:     policyAllows(List(depositEffect, refundEffect), List(depositEffect, refundEffect), List(refundEffect, depositEffect)))
                                                                              ^^^^^^^^^^^^


 Error [QNT404]: Name 'refundEffect' not found

  at /tmp/moriarty-s02-retro.TLqMoD/effects_test.qnt:22:93
  22:     policyAllows(List(depositEffect, refundEffect), List(depositEffect, refundEffect), List(refundEffect, depositEffect)))
                                                                                                  ^^^^^^^^^^^^


 Error [QNT404]: Name 'depositEffect' not found

  at /tmp/moriarty-s02-retro.TLqMoD/effects_test.qnt:22:107
  22:     policyAllows(List(depositEffect, refundEffect), List(depositEffect, refundEffect), List(refundEffect, depositEffect)))
                                                                                                                ^^^^^^^^^^^^^


 Error [QNT404]: Name 'Wallet' not found

  at /tmp/moriarty-s02-retro.TLqMoD/effects_test.qnt:24:24
  24:     val out = {source: Wallet(Bob), destination: Wallet(Alice), asset: TokenA, quantity: 1}
                             ^^^^^^^^^^^


 Error [QNT404]: Name 'Bob' not found

  at /tmp/moriarty-s02-retro.TLqMoD/effects_test.qnt:24:31
  24:     val out = {source: Wallet(Bob), destination: Wallet(Alice), asset: TokenA, quantity: 1}
                                    ^^^


 Error [QNT404]: Name 'Wallet' not found

  at /tmp/moriarty-s02-retro.TLqMoD/effects_test.qnt:24:50
  24:     val out = {source: Wallet(Bob), destination: Wallet(Alice), asset: TokenA, quantity: 1}
                                                       ^^^^^^^^^^^^^


 Error [QNT404]: Name 'Alice' not found

  at /tmp/moriarty-s02-retro.TLqMoD/effects_test.qnt:24:57
  24:     val out = {source: Wallet(Bob), destination: Wallet(Alice), asset: TokenA, quantity: 1}
                                                              ^^^^^


 Error [QNT404]: Name 'TokenA' not found

  at /tmp/moriarty-s02-retro.TLqMoD/effects_test.qnt:24:72
  24:     val out = {source: Wallet(Bob), destination: Wallet(Alice), asset: TokenA, quantity: 1}
                                                                             ^^^^^^


 Error [QNT404]: Name 'Wallet' not found

  at /tmp/moriarty-s02-retro.TLqMoD/effects_test.qnt:25:25
  25:     val back = {source: Wallet(Alice), destination: Wallet(Bob), asset: TokenA, quantity: 1}
                              ^^^^^^^^^^^^^


 Error [QNT404]: Name 'Alice' not found

  at /tmp/moriarty-s02-retro.TLqMoD/effects_test.qnt:25:32
  25:     val back = {source: Wallet(Alice), destination: Wallet(Bob), asset: TokenA, quantity: 1}
                                     ^^^^^


 Error [QNT404]: Name 'Wallet' not found

  at /tmp/moriarty-s02-retro.TLqMoD/effects_test.qnt:25:53
  25:     val back = {source: Wallet(Alice), destination: Wallet(Bob), asset: TokenA, quantity: 1}
                                                          ^^^^^^^^^^^


 Error [QNT404]: Name 'Bob' not found

  at /tmp/moriarty-s02-retro.TLqMoD/effects_test.qnt:25:60
  25:     val back = {source: Wallet(Alice), destination: Wallet(Bob), asset: TokenA, quantity: 1}
                                                                 ^^^


 Error [QNT404]: Name 'TokenA' not found

  at /tmp/moriarty-s02-retro.TLqMoD/effects_test.qnt:25:73
  25:     val back = {source: Wallet(Alice), destination: Wallet(Bob), asset: TokenA, quantity: 1}
                                                                              ^^^^^^


 Error [QNT404]: Name 'init' not found

  at /tmp/moriarty-s02-retro.TLqMoD/effects_test.qnt:26:5
  26:     init.expect(
          ^^^^


 Error [QNT404]: Name 'applyTransfers' not found

  at /tmp/moriarty-s02-retro.TLqMoD/effects_test.qnt:27:7
  27:       applyTransfers(state.ledger, List(out, back)) == state.ledger and
            ^^^^^^^^^^^^^^^^^^^^^^^^^^^^^^^^^^^^^^^^^^^^^


 Error [QNT404]: Name 'state' not found

  at /tmp/moriarty-s02-retro.TLqMoD/effects_test.qnt:27:22
  27:       applyTransfers(state.ledger, List(out, back)) == state.ledger and
                           ^^^^^


 Error [QNT404]: Name 'state' not found

  at /tmp/moriarty-s02-retro.TLqMoD/effects_test.qnt:27:56
  27:       applyTransfers(state.ledger, List(out, back)) == state.ledger and
                                                             ^^^^^


 Error [QNT404]: Name 'canApply' not found

  at /tmp/moriarty-s02-retro.TLqMoD/effects_test.qnt:28:11
  28:       not(canApply(state.ledger, List(out, back))))
                ^^^^^^^^^^^^^^^^^^^^^^^^^^^^^^^^^^^^^^^


 Error [QNT404]: Name 'state' not found

  at /tmp/moriarty-s02-retro.TLqMoD/effects_test.qnt:28:20
  28:       not(canApply(state.ledger, List(out, back))))
                         ^^^^^


 Error [QNT404]: Name 'Wallet' not found

  at /tmp/moriarty-s02-retro.TLqMoD/effects_test.qnt:31:26
  31:     val extra = {source: Wallet(Alice), destination: Wallet(Mallory), asset: TokenA, quantity: 1}
                               ^^^^^^^^^^^^^


 Error [QNT404]: Name 'Alice' not found

  at /tmp/moriarty-s02-retro.TLqMoD/effects_test.qnt:31:33
  31:     val extra = {source: Wallet(Alice), destination: Wallet(Mallory), asset: TokenA, quantity: 1}
                                      ^^^^^


 Error [QNT404]: Name 'Wallet' not found

  at /tmp/moriarty-s02-retro.TLqMoD/effects_test.qnt:31:54
  31:     val extra = {source: Wallet(Alice), destination: Wallet(Mallory), asset: TokenA, quantity: 1}
                                                           ^^^^^^^^^^^^^^^


 Error [QNT404]: Name 'Mallory' not found

  at /tmp/moriarty-s02-retro.TLqMoD/effects_test.qnt:31:61
  31:     val extra = {source: Wallet(Alice), destination: Wallet(Mallory), asset: TokenA, quantity: 1}
                                                                  ^^^^^^^


 Error [QNT404]: Name 'TokenA' not found

  at /tmp/moriarty-s02-retro.TLqMoD/effects_test.qnt:31:78
  31:     val extra = {source: Wallet(Alice), destination: Wallet(Mallory), asset: TokenA, quantity: 1}
                                                                                   ^^^^^^


 Error [QNT404]: Name 'init' not found

  at /tmp/moriarty-s02-retro.TLqMoD/effects_test.qnt:32:5
  32:     init.expect(not(policyAllows(List(depositEffect), List(depositEffect), List(depositEffect, extra))))
          ^^^^


 Error [QNT404]: Name 'policyAllows' not found

  at /tmp/moriarty-s02-retro.TLqMoD/effects_test.qnt:32:21
  32:     init.expect(not(policyAllows(List(depositEffect), List(depositEffect), List(depositEffect, extra))))
                          ^^^^^^^^^^^^^^^^^^^^^^^^^^^^^^^^^^^^^^^^^^^^^^^^^^^^^^^^^^^^^^^^^^^^^^^^^^^^^^^^^^


 Error [QNT404]: Name 'depositEffect' not found

  at /tmp/moriarty-s02-retro.TLqMoD/effects_test.qnt:32:39
  32:     init.expect(not(policyAllows(List(depositEffect), List(depositEffect), List(depositEffect, extra))))
                                            ^^^^^^^^^^^^^


 Error [QNT404]: Name 'depositEffect' not found

  at /tmp/moriarty-s02-retro.TLqMoD/effects_test.qnt:32:60
  32:     init.expect(not(policyAllows(List(depositEffect), List(depositEffect), List(depositEffect, extra))))
                                                                 ^^^^^^^^^^^^^


 Error [QNT404]: Name 'depositEffect' not found

  at /tmp/moriarty-s02-retro.TLqMoD/effects_test.qnt:32:81
  32:     init.expect(not(policyAllows(List(depositEffect), List(depositEffect), List(depositEffect, extra))))
                                                                                      ^^^^^^^^^^^^^

error: parsing failed
