@polkadot/util has multiple versions, ensure that there is only one installed.
Either remove and explicitly install matching versions or dedupe using your package manager.
The following conflicting packages were found:
	esm 14.0.3	node_modules/@polkadot/util/
	cjs 14.0.3	node_modules/@polkadot/util/cjs
@polkadot/api has multiple versions, ensure that there is only one installed.
Either remove and explicitly install matching versions or dedupe using your package manager.
The following conflicting packages were found:
	esm 16.5.6	node_modules/@polkadot/api/
	cjs 16.5.6	node_modules/@polkadot/api/cjs
@polkadot/rpc-augment has multiple versions, ensure that there is only one installed.
Either remove and explicitly install matching versions or dedupe using your package manager.
The following conflicting packages were found:
	esm 16.5.6	node_modules/@polkadot/rpc-augment/
	cjs 16.5.6	node_modules/@polkadot/rpc-augment/cjs
@polkadot/keyring has multiple versions, ensure that there is only one installed.
Either remove and explicitly install matching versions or dedupe using your package manager.
The following conflicting packages were found:
	esm 14.0.3	node_modules/@polkadot/keyring/
	cjs 14.0.3	node_modules/@polkadot/keyring/cjs
@polkadot/util-crypto has multiple versions, ensure that there is only one installed.
Either remove and explicitly install matching versions or dedupe using your package manager.
The following conflicting packages were found:
	esm 14.0.3	node_modules/@polkadot/util-crypto/
	cjs 14.0.3	node_modules/@polkadot/util-crypto/cjs
@polkadot/wasm-crypto has multiple versions, ensure that there is only one installed.
Either remove and explicitly install matching versions or dedupe using your package manager.
The following conflicting packages were found:
	esm 7.5.4	node_modules/@polkadot/wasm-crypto/
	cjs 7.5.4	node_modules/@polkadot/wasm-crypto/cjs
@polkadot/wasm-bridge has multiple versions, ensure that there is only one installed.
Either remove and explicitly install matching versions or dedupe using your package manager.
The following conflicting packages were found:
	esm 7.5.4	node_modules/@polkadot/wasm-bridge/
	cjs 7.5.4	node_modules/@polkadot/wasm-bridge/cjs
@polkadot/wasm-crypto-wasm has multiple versions, ensure that there is only one installed.
Either remove and explicitly install matching versions or dedupe using your package manager.
The following conflicting packages were found:
	esm 7.5.4	node_modules/@polkadot/wasm-crypto-wasm/
	cjs 7.5.4	node_modules/@polkadot/wasm-crypto-wasm/cjs
@polkadot/wasm-util has multiple versions, ensure that there is only one installed.
Either remove and explicitly install matching versions or dedupe using your package manager.
The following conflicting packages were found:
	esm 7.5.4	node_modules/@polkadot/wasm-util/
	cjs 7.5.4	node_modules/@polkadot/wasm-util/cjs
@polkadot/rpc-provider has multiple versions, ensure that there is only one installed.
Either remove and explicitly install matching versions or dedupe using your package manager.
The following conflicting packages were found:
	esm 16.5.6	node_modules/@polkadot/rpc-provider/
	cjs 16.5.6	node_modules/@polkadot/rpc-provider/cjs
@polkadot/api-derive has multiple versions, ensure that there is only one installed.
Either remove and explicitly install matching versions or dedupe using your package manager.
The following conflicting packages were found:
	esm 16.5.6	node_modules/@polkadot/api-derive/
	cjs 16.5.6	node_modules/@polkadot/api-derive/cjs
@polkadot/rpc-core has multiple versions, ensure that there is only one installed.
Either remove and explicitly install matching versions or dedupe using your package manager.
The following conflicting packages were found:
	esm 16.5.6	node_modules/@polkadot/rpc-core/
	cjs 16.5.6	node_modules/@polkadot/rpc-core/cjs
@polkadot/types has multiple versions, ensure that there is only one installed.
Either remove and explicitly install matching versions or dedupe using your package manager.
The following conflicting packages were found:
	esm 16.5.6	node_modules/@polkadot/types/
	cjs 16.5.6	node_modules/@polkadot/types/cjs
@polkadot/types-create has multiple versions, ensure that there is only one installed.
Either remove and explicitly install matching versions or dedupe using your package manager.
The following conflicting packages were found:
	esm 16.5.6	node_modules/@polkadot/types-create/
	cjs 16.5.6	node_modules/@polkadot/types-create/cjs
@polkadot/types-codec has multiple versions, ensure that there is only one installed.
Either remove and explicitly install matching versions or dedupe using your package manager.
The following conflicting packages were found:
	esm 16.5.6	node_modules/@polkadot/types-codec/
	cjs 16.5.6	node_modules/@polkadot/types-codec/cjs
@polkadot/types-known has multiple versions, ensure that there is only one installed.
Either remove and explicitly install matching versions or dedupe using your package manager.
The following conflicting packages were found:
	esm 16.5.6	node_modules/@polkadot/types-known/
	cjs 16.5.6	node_modules/@polkadot/types-known/cjs
2026-09-17 11:31:47        RPC-CORE: submitExtrinsic(extrinsic: Extrinsic): Hash:: 1010: Invalid Transaction: Custom error: 182
Failed HTTP Request: {"method":"author_submitExtrinsic","params":["[redacted-transaction-bytes]"]}
