TAP version 13
# Subtest: constructs the actual SDK provider interfaces with account-scoped storage and proven asset path
ok 1 - constructs the actual SDK provider interfaces with account-scoped storage and proven asset path
  ---
  duration_ms: 4.965466
  type: 'test'
  ...
# Subtest: real pinned SDK constructors accept production options without storage or network operations
ok 2 - real pinned SDK constructors accept production options without storage or network operations
  ---
  duration_ms: 582.701456
  type: 'test'
  ...
# Subtest: production balance/sign/finalize/submit retains per-asset gross without subtracting refunds
ok 3 - production balance/sign/finalize/submit retains per-asset gross without subtracting refunds
  ---
  duration_ms: 88.5753
  type: 'test'
  ...
# Subtest: rejects malformed counters before wallet balance or signing
ok 4 - rejects malformed counters before wallet balance or signing
  ---
  duration_ms: 0.706278
  type: 'test'
  ...
# Subtest: unknown recipes and diagnostic transaction maps stop before signing or finalizing
ok 5 - unknown recipes and diagnostic transaction maps stop before signing or finalizing
  ---
  duration_ms: 9.430623
  type: 'test'
  ...
# Subtest: DUST registration is excluded before signing regardless of signature presence or fee authorization
ok 6 - DUST registration is excluded before signing regardless of signature presence or fee authorization
  ---
  duration_ms: 5.723663
  type: 'test'
  ...
# Subtest: wrong signatures reject before finalize; presence is insufficient
ok 7 - wrong signatures reject before finalize; presence is insufficient
  ---
  duration_ms: 5.837619
  type: 'test'
  ...
# Subtest: changed fallible output and extra finalized intent stop submission and retain reservation
ok 8 - changed fallible output and extra finalized intent stop submission and retain reservation
  ---
  duration_ms: 32.019604
  type: 'test'
  ...
# Subtest: submission only accepts issued unchanged transaction once
ok 9 - submission only accepts issued unchanged transaction once
  ---
  duration_ms: 16.344373
  type: 'test'
  ...
# Subtest: deadline during finalization stops all later effects and reports uncontained operation
ok 10 - deadline during finalization stops all later effects and reports uncontained operation
  ---
  duration_ms: 85.581577
  type: 'test'
  ...
# Subtest: inert ambiguous submit failure permanently stops provider and retains IDs
ok 11 - inert ambiguous submit failure permanently stops provider and retains IDs
  ---
  duration_ms: 13.481961
  type: 'test'
  ...
# Subtest: extra unshielded balancing transaction rejects despite admitted assets
ok 12 - extra unshielded balancing transaction rejects despite admitted assets
  ---
  duration_ms: 7.415635
  type: 'test'
  ...
# Subtest: unknown asset and exhausted submission cap reject before further wallet operations
ok 13 - unknown asset and exhausted submission cap reject before further wallet operations
  ---
  duration_ms: 18.693279
  type: 'test'
  ...
# Subtest: query deadline and explicit cleanup share the wallet stop latch
ok 14 - query deadline and explicit cleanup share the wallet stop latch
  ---
  duration_ms: 1.449286
  type: 'test'
  ...
# Subtest: actual wallet balance flags exclude shielded funding; pre-proof callers reject before balance
ok 15 - actual wallet balance flags exclude shielded funding; pre-proof callers reject before balance
  ---
  duration_ms: 18.659833
  type: 'test'
  ...
# Subtest: balancing recipe with unadmitted gross rejects before sign
ok 16 - balancing recipe with unadmitted gross rejects before sign
  ---
  duration_ms: 4.38757
  type: 'test'
  ...
# Subtest: durable allocation refuses absent/corrupt/reset state and mismatched limits
ok 17 - durable allocation refuses absent/corrupt/reset state and mismatched limits
  ---
  duration_ms: 1.706129
  type: 'test'
  ...
# Subtest: successful reconstruction preserves charges; failed finalization persists a stop and charges
ok 18 - successful reconstruction preserves charges; failed finalization persists a stop and charges
  ---
  duration_ms: 44.201329
  type: 'test'
  ...
# Subtest: shared file serializes allocation ownership and crash lock is never reset
ok 19 - shared file serializes allocation ownership and crash lock is never reset
  ---
  duration_ms: 17.260667
  type: 'test'
  ...
# Subtest: original snapshot rejects in-place changed recipient/value/action and added base intent before signing
ok 20 - original snapshot rejects in-place changed recipient/value/action and added base intent before signing
  ---
  duration_ms: 23.39307
  type: 'test'
  ...
# Subtest: permitted appended payer funding/change preserves original outputs and durably reserves before finalize
ok 21 - permitted appended payer funding/change preserves original outputs and durably reserves before finalize
  ---
  duration_ms: 28.287792
  type: 'test'
  ...
# Subtest: already constructed second provider reloads durable allowance before wallet effects
ok 22 - already constructed second provider reloads durable allowance before wallet effects
  ---
  duration_ms: 14.782783
  type: 'test'
  ...
# Subtest: execution binding captures wallet-derived payer and immutable endpoints but reads current SDK network
ok 23 - execution binding captures wallet-derived payer and immutable endpoints but reads current SDK network
  ---
  duration_ms: 1.121513
  type: 'test'
  ...
# Subtest: allocation binding rejects changed payer, network and allocation identity before wallet effects
ok 24 - allocation binding rejects changed payer, network and allocation identity before wallet effects
  ---
  duration_ms: 2.547626
  type: 'test'
  ...
1..24
# tests 24
# suites 0
# pass 24
# fail 0
# cancelled 0
# skipped 0
# todo 0
# duration_ms 1185.287976
