---
source: crates/mori-lexer/src/tests.rs
description: "Code:\n\n\"\" \"Midnight\" \"Café\" \"tab\\there\" \"quote \\\" and slash \\\\ \\/\"\n\"\\u00e9 \\uD83D\\uDE00 \\b\\f\\n\\r\"\n"
---
String         0..2       "\"\""
String         3..13      "\"Midnight\""
String         14..21     "\"Café\""
String         22..33     "\"tab\\there\""
String         34..60     "\"quote \\\" and slash \\\\ \\/\""
String         61..91     "\"\\u00e9 \\uD83D\\uDE00 \\b\\f\\n\\r\""
Eof            92..92     ""
