---
source: crates/mori-lexer/src/tests.rs
description: "Code:\n\nconst e = \"\\uD83D\\q\";"
---
mori::lex::invalid_escape

  × `\q` is not an escape I know.
   ╭─[test.mori:1:18]
 1 │ const e = "\uD83D\q";
   ·                  ─┬
   ·                   ╰── unknown escape
   ╰────
  help: Strings use JSON escapes. To write a backslash itself, use `\\`:

            \"  \\  \/  \b  \f  \n  \r  \t  \uXXXX
