To enable execution of this file add
	add-auto-load-safe-path /home/charl/Moriarty/experiments/moriarty-language/formal/k/.build-expression-v1/expression-v1-kompiled/interpreter
line to your configuration file "/home/charl/.config/gdb/gdbinit".
To completely disable this security protection add
	set auto-load safe-path /
line to your configuration file "/home/charl/.config/gdb/gdbinit".
For more information about this security protection see the
"Auto-loading safe path" section in the GDB manual.  E.g., run from the shell:
	info "(gdb)Auto-loading safe path"
[Thread debugging using libthread_db enabled]
Using host libthread_db library "/usr/lib/x86_64-linux-gnu/libthread_db.so.1".

Program received signal SIGSEGV, Segmentation fault.
0x000055555571029c in kllvm::parser::kore_parser::application_pattern_internal (this=0x7fffffffe608, name=...) at /usr/src/kframework-7.1.337/llvm-backend/src/main/native/llvm-backend/lib/parser/KOREParser.cpp:411
#0  0x000055555571029c in kllvm::parser::kore_parser::application_pattern_internal (this=0x7fffffffe608, name=...) at /usr/src/kframework-7.1.337/llvm-backend/src/main/native/llvm-backend/lib/parser/KOREParser.cpp:411
#1  0x000055555570f73b in kllvm::parser::kore_parser::application_pattern (this=0x7fffffffe608, name=...) at /usr/src/kframework-7.1.337/llvm-backend/src/main/native/llvm-backend/lib/parser/KOREParser.cpp:373
#2  0x000055555570cf0f in kllvm::parser::kore_parser::pattern_internal (this=0x7fffffffe608) at /usr/src/kframework-7.1.337/llvm-backend/src/main/native/llvm-backend/lib/parser/KOREParser.cpp:324
#3  0x00005555557107ea in kllvm::parser::kore_parser::patterns_ne (this=0x7fffffffe608, node=0x7ffff6971140) at /usr/src/kframework-7.1.337/llvm-backend/src/main/native/llvm-backend/lib/parser/KOREParser.cpp:431
#4  0x0000555555710411 in kllvm::parser::kore_parser::patterns (this=0x7fffffffe608, node=0x7ffff6971140) at /usr/src/kframework-7.1.337/llvm-backend/src/main/native/llvm-backend/lib/parser/KOREParser.cpp:427
#5  kllvm::parser::kore_parser::application_pattern_internal (this=0x7fffffffe608, name=...) at /usr/src/kframework-7.1.337/llvm-backend/src/main/native/llvm-backend/lib/parser/KOREParser.cpp:418
#6  0x000055555570f73b in kllvm::parser::kore_parser::application_pattern (this=0x7fffffffe608, name=...) at /usr/src/kframework-7.1.337/llvm-backend/src/main/native/llvm-backend/lib/parser/KOREParser.cpp:373
#7  0x000055555570cf0f in kllvm::parser::kore_parser::pattern_internal (this=0x7fffffffe608) at /usr/src/kframework-7.1.337/llvm-backend/src/main/native/llvm-backend/lib/parser/KOREParser.cpp:324
#8  0x00005555557107ea in kllvm::parser::kore_parser::patterns_ne (this=0x7fffffffe608, node=0x7ffff6971100) at /usr/src/kframework-7.1.337/llvm-backend/src/main/native/llvm-backend/lib/parser/KOREParser.cpp:431
#9  0x0000555555710411 in kllvm::parser::kore_parser::patterns (this=0x7fffffffe608, node=0x7ffff6971100) at /usr/src/kframework-7.1.337/llvm-backend/src/main/native/llvm-backend/lib/parser/KOREParser.cpp:427
#10 kllvm::parser::kore_parser::application_pattern_internal (this=0x7fffffffe608, name=...) at /usr/src/kframework-7.1.337/llvm-backend/src/main/native/llvm-backend/lib/parser/KOREParser.cpp:418
#11 0x000055555570f73b in kllvm::parser::kore_parser::application_pattern (this=0x7fffffffe608, name=...) at /usr/src/kframework-7.1.337/llvm-backend/src/main/native/llvm-backend/lib/parser/KOREParser.cpp:373
#12 0x000055555570cf0f in kllvm::parser::kore_parser::pattern_internal (this=0x7fffffffe608) at /usr/src/kframework-7.1.337/llvm-backend/src/main/native/llvm-backend/lib/parser/KOREParser.cpp:324
#13 0x00005555557107ea in kllvm::parser::kore_parser::patterns_ne (this=0x7fffffffe608, node=0x7ffff69710c0) at /usr/src/kframework-7.1.337/llvm-backend/src/main/native/llvm-backend/lib/parser/KOREParser.cpp:431
#14 0x0000555555710411 in kllvm::parser::kore_parser::patterns (this=0x7fffffffe608, node=0x7ffff69710c0) at /usr/src/kframework-7.1.337/llvm-backend/src/main/native/llvm-backend/lib/parser/KOREParser.cpp:427
#15 kllvm::parser::kore_parser::application_pattern_internal (this=0x7fffffffe608, name=...) at /usr/src/kframework-7.1.337/llvm-backend/src/main/native/llvm-backend/lib/parser/KOREParser.cpp:418
#16 0x000055555570f73b in kllvm::parser::kore_parser::application_pattern (this=0x7fffffffe608, name=...) at /usr/src/kframework-7.1.337/llvm-backend/src/main/native/llvm-backend/lib/parser/KOREParser.cpp:373
#17 0x000055555570cf0f in kllvm::parser::kore_parser::pattern_internal (this=0x7fffffffe608) at /usr/src/kframework-7.1.337/llvm-backend/src/main/native/llvm-backend/lib/parser/KOREParser.cpp:324
#18 0x00005555557108da in kllvm::parser::kore_parser::patterns_ne (this=0x7fffffffe608, node=0x7ffff696ffc0) at /usr/src/kframework-7.1.337/llvm-backend/src/main/native/llvm-backend/lib/parser/KOREParser.cpp:435
#19 0x0000555555710411 in kllvm::parser::kore_parser::patterns (this=0x7fffffffe608, node=0x7ffff696ffc0) at /usr/src/kframework-7.1.337/llvm-backend/src/main/native/llvm-backend/lib/parser/KOREParser.cpp:427
#20 kllvm::parser::kore_parser::application_pattern_internal (this=0x7fffffffe608, name=...) at /usr/src/kframework-7.1.337/llvm-backend/src/main/native/llvm-backend/lib/parser/KOREParser.cpp:418
#21 0x000055555570f73b in kllvm::parser::kore_parser::application_pattern (this=0x7fffffffe608, name=...) at /usr/src/kframework-7.1.337/llvm-backend/src/main/native/llvm-backend/lib/parser/KOREParser.cpp:373
#22 0x000055555570cf0f in kllvm::parser::kore_parser::pattern_internal (this=0x7fffffffe608) at /usr/src/kframework-7.1.337/llvm-backend/src/main/native/llvm-backend/lib/parser/KOREParser.cpp:324
#23 0x00005555557107ea in kllvm::parser::kore_parser::patterns_ne (this=0x7fffffffe608, node=0x7ffff696ff80) at /usr/src/kframework-7.1.337/llvm-backend/src/main/native/llvm-backend/lib/parser/KOREParser.cpp:431
#24 0x0000555555710411 in kllvm::parser::kore_parser::patterns (this=0x7fffffffe608, node=0x7ffff696ff80) at /usr/src/kframework-7.1.337/llvm-backend/src/main/native/llvm-backend/lib/parser/KOREParser.cpp:427
#25 kllvm::parser::kore_parser::application_pattern_internal (this=0x7fffffffe608, name=...) at /usr/src/kframework-7.1.337/llvm-backend/src/main/native/llvm-backend/lib/parser/KOREParser.cpp:418
#26 0x000055555570f73b in kllvm::parser::kore_parser::application_pattern (this=0x7fffffffe608, name=...) at /usr/src/kframework-7.1.337/llvm-backend/src/main/native/llvm-backend/lib/parser/KOREParser.cpp:373
#27 0x000055555570cf0f in kllvm::parser::kore_parser::pattern_internal (this=0x7fffffffe608) at /usr/src/kframework-7.1.337/llvm-backend/src/main/native/llvm-backend/lib/parser/KOREParser.cpp:324
#28 0x00005555557107ea in kllvm::parser::kore_parser::patterns_ne (this=0x7fffffffe608, node=0x7ffff696ff40) at /usr/src/kframework-7.1.337/llvm-backend/src/main/native/llvm-backend/lib/parser/KOREParser.cpp:431
#29 0x0000555555710411 in kllvm::parser::kore_parser::patterns (this=0x7fffffffe608, node=0x7ffff696ff40) at /usr/src/kframework-7.1.337/llvm-backend/src/main/native/llvm-backend/lib/parser/KOREParser.cpp:427
#30 kllvm::parser::kore_parser::application_pattern_internal (this=0x7fffffffe608, name=...) at /usr/src/kframework-7.1.337/llvm-backend/src/main/native/llvm-backend/lib/parser/KOREParser.cpp:418
#31 0x000055555570f73b in kllvm::parser::kore_parser::application_pattern (this=0x7fffffffe608, name=...) at /usr/src/kframework-7.1.337/llvm-backend/src/main/native/llvm-backend/lib/parser/KOREParser.cpp:373
#32 0x000055555570cf0f in kllvm::parser::kore_parser::pattern_internal (this=0x7fffffffe608) at /usr/src/kframework-7.1.337/llvm-backend/src/main/native/llvm-backend/lib/parser/KOREParser.cpp:324
#33 0x00005555557108da in kllvm::parser::kore_parser::patterns_ne (this=0x7fffffffe608, node=0x7ffff696fe40) at /usr/src/kframework-7.1.337/llvm-backend/src/main/native/llvm-backend/lib/parser/KOREParser.cpp:435
#34 0x0000555555710411 in kllvm::parser::kore_parser::patterns (this=0x7fffffffe608, node=0x7ffff696fe40) at /usr/src/kframework-7.1.337/llvm-backend/src/main/native/llvm-backend/lib/parser/KOREParser.cpp:427
#35 kllvm::parser::kore_parser::application_pattern_internal (this=0x7fffffffe608, name=...) at /usr/src/kframework-7.1.337/llvm-backend/src/main/native/llvm-backend/lib/parser/KOREParser.cpp:418
#36 0x000055555570f73b in kllvm::parser::kore_parser::application_pattern (this=0x7fffffffe608, name=...) at /usr/src/kframework-7.1.337/llvm-backend/src/main/native/llvm-backend/lib/parser/KOREParser.cpp:373
#37 0x000055555570cf0f in kllvm::parser::kore_parser::pattern_internal (this=0x7fffffffe608) at /usr/src/kframework-7.1.337/llvm-backend/src/main/native/llvm-backend/lib/parser/KOREParser.cpp:324
#38 0x00005555557107ea in kllvm::parser::kore_parser::patterns_ne (this=0x7fffffffe608, node=0x7ffff696fe00) at /usr/src/kframework-7.1.337/llvm-backend/src/main/native/llvm-backend/lib/parser/KOREParser.cpp:431
#39 0x0000555555710411 in kllvm::parser::kore_parser::patterns (this=0x7fffffffe608, node=0x7ffff696fe00) at /usr/src/kframework-7.1.337/llvm-backend/src/main/native/llvm-backend/lib/parser/KOREParser.cpp:427
#40 kllvm::parser::kore_parser::application_pattern_internal (this=0x7fffffffe608, name=...) at /usr/src/kframework-7.1.337/llvm-backend/src/main/native/llvm-backend/lib/parser/KOREParser.cpp:418
#41 0x000055555570f73b in kllvm::parser::kore_parser::application_pattern (this=0x7fffffffe608, name=...) at /usr/src/kframework-7.1.337/llvm-backend/src/main/native/llvm-backend/lib/parser/KOREParser.cpp:373
#42 0x000055555570cf0f in kllvm::parser::kore_parser::pattern_internal (this=0x7fffffffe608) at /usr/src/kframework-7.1.337/llvm-backend/src/main/native/llvm-backend/lib/parser/KOREParser.cpp:324
#43 0x00005555557107ea in kllvm::parser::kore_parser::patterns_ne (this=0x7fffffffe608, node=0x7ffff696fdc0) at /usr/src/kframework-7.1.337/llvm-backend/src/main/native/llvm-backend/lib/parser/KOREParser.cpp:431
#44 0x0000555555710411 in kllvm::parser::kore_parser::patterns (this=0x7fffffffe608, node=0x7ffff696fdc0) at /usr/src/kframework-7.1.337/llvm-backend/src/main/native/llvm-backend/lib/parser/KOREParser.cpp:427
#45 kllvm::parser::kore_parser::application_pattern_internal (this=0x7fffffffe608, name=...) at /usr/src/kframework-7.1.337/llvm-backend/src/main/native/llvm-backend/lib/parser/KOREParser.cpp:418
#46 0x000055555570f73b in kllvm::parser::kore_parser::application_pattern (this=0x7fffffffe608, name=...) at /usr/src/kframework-7.1.337/llvm-backend/src/main/native/llvm-backend/lib/parser/KOREParser.cpp:373
#47 0x000055555570cf0f in kllvm::parser::kore_parser::pattern_internal (this=0x7fffffffe608) at /usr/src/kframework-7.1.337/llvm-backend/src/main/native/llvm-backend/lib/parser/KOREParser.cpp:324
#48 0x00005555557108da in kllvm::parser::kore_parser::patterns_ne (this=0x7fffffffe608, node=0x7ffff696fcc0) at /usr/src/kframework-7.1.337/llvm-backend/src/main/native/llvm-backend/lib/parser/KOREParser.cpp:435
#49 0x0000555555710411 in kllvm::parser::kore_parser::patterns (this=0x7fffffffe608, node=0x7ffff696fcc0) at /usr/src/kframework-7.1.337/llvm-backend/src/main/native/llvm-backend/lib/parser/KOREParser.cpp:427
#50 kllvm::parser::kore_parser::application_pattern_internal (this=0x7fffffffe608, name=...) at /usr/src/kframework-7.1.337/llvm-backend/src/main/native/llvm-backend/lib/parser/KOREParser.cpp:418
#51 0x000055555570f73b in kllvm::parser::kore_parser::application_pattern (this=0x7fffffffe608, name=...) at /usr/src/kframework-7.1.337/llvm-backend/src/main/native/llvm-backend/lib/parser/KOREParser.cpp:373
#52 0x000055555570cf0f in kllvm::parser::kore_parser::pattern_internal (this=0x7fffffffe608) at /usr/src/kframework-7.1.337/llvm-backend/src/main/native/llvm-backend/lib/parser/KOREParser.cpp:324
#53 0x00005555557107ea in kllvm::parser::kore_parser::patterns_ne (this=0x7fffffffe608, node=0x7ffff696fc80) at /usr/src/kframework-7.1.337/llvm-backend/src/main/native/llvm-backend/lib/parser/KOREParser.cpp:431
#54 0x0000555555710411 in kllvm::parser::kore_parser::patterns (this=0x7fffffffe608, node=0x7ffff696fc80) at /usr/src/kframework-7.1.337/llvm-backend/src/main/native/llvm-backend/lib/parser/KOREParser.cpp:427
#55 kllvm::parser::kore_parser::application_pattern_internal (this=0x7fffffffe608, name=...) at /usr/src/kframework-7.1.337/llvm-backend/src/main/native/llvm-backend/lib/parser/KOREParser.cpp:418
#56 0x000055555570f73b in kllvm::parser::kore_parser::application_pattern (this=0x7fffffffe608, name=...) at /usr/src/kframework-7.1.337/llvm-backend/src/main/native/llvm-backend/lib/parser/KOREParser.cpp:373
#57 0x000055555570cf0f in kllvm::parser::kore_parser::pattern_internal (this=0x7fffffffe608) at /usr/src/kframework-7.1.337/llvm-backend/src/main/native/llvm-backend/lib/parser/KOREParser.cpp:324
#58 0x00005555557107ea in kllvm::parser::kore_parser::patterns_ne (this=0x7fffffffe608, node=0x7ffff696fc40) at /usr/src/kframework-7.1.337/llvm-backend/src/main/native/llvm-backend/lib/parser/KOREParser.cpp:431
#59 0x0000555555710411 in kllvm::parser::kore_parser::patterns (this=0x7fffffffe608, node=0x7ffff696fc40) at /usr/src/kframework-7.1.337/llvm-backend/src/main/native/llvm-backend/lib/parser/KOREParser.cpp:427
#60 kllvm::parser::kore_parser::application_pattern_internal (this=0x7fffffffe608, name=...) at /usr/src/kframework-7.1.337/llvm-backend/src/main/native/llvm-backend/lib/parser/KOREParser.cpp:418
#61 0x000055555570f73b in kllvm::parser::kore_parser::application_pattern (this=0x7fffffffe608, name=...) at /usr/src/kframework-7.1.337/llvm-backend/src/main/native/llvm-backend/lib/parser/KOREParser.cpp:373
#62 0x000055555570cf0f in kllvm::parser::kore_parser::pattern_internal (this=0x7fffffffe608) at /usr/src/kframework-7.1.337/llvm-backend/src/main/native/llvm-backend/lib/parser/KOREParser.cpp:324
#63 0x00005555557108da in kllvm::parser::kore_parser::patterns_ne (this=0x7fffffffe608, node=0x7ffff696fb40) at /usr/src/kframework-7.1.337/llvm-backend/src/main/native/llvm-backend/lib/parser/KOREParser.cpp:435
rax            0x7fffff7ff1d8      140737479963096
rbx            0x7fffff7ff290      140737479963280
rcx            0x1157e1e03090e10   78107235913895440
rdx            0x7fffff7ff1c8      140737479963080
rsi            0x7fffffffe608      140737488348680
rdi            0x7fffff7ff120      140737479962912
rbp            0x7fffff7ff010      0x7fffff7ff010
rsp            0x7fffff7ff000      0x7fffff7ff000
r8             0x7ffff6e01b38      140737335270200
r9             0x7ffff6e41000      140737335529472
r10            0x7ffff7d8b778      140737351563128
r11            0x3b8cf8            3902712
r12            0xd                 13
r13            0x7fffff7ff290      140737479963280
r14            0x7fffff7ff1c8      140737479963080
r15            0x7fffffffe608      140737488348680
rip            0x55555571029c      0x55555571029c <kllvm::parser::kore_parser::application_pattern_internal(std::__cxx11::basic_string<char, std::char_traits<char>, std::allocator<char> > const&)+12>
eflags         0x10202             [ IF RF ]
cs             0x33                51
ss             0x2b                43
ds             0x0                 0
es             0x0                 0
fs             0x0                 0
gs             0x0                 0
k0             0x40                64
k1             0xff                255
k2             0xfff               4095
k3             0xfffffbdd          4294966237
k4             0x100000            1048576
k5             0x0                 0
k6             0x0                 0
k7             0x0                 0
fs_base        0x7ffff7d8cfc0      140737351569344
gs_base        0x0                 0
Last stopped for thread 1 (Thread 0x7ffff7d8cfc0 (LWP 226691)).
	Using the running image of child process 226691.
Program stopped at 0x55555571029c.
It stopped with signal SIGSEGV, Segmentation fault.
