(node:1894064) TimeoutNegativeWarning: -1 is a negative number.
Timeout duration was set to 1.
(Use `node --trace-warnings ...` to show where the warning was created)
✔ local state RPC sends exact contract and explicit block in one read request (20.062891ms)
✔ local state RPC rejects absent block, malformed identity and extra arguments before fetch (0.662034ms)
✔ state query capability does not admit transaction writes (0.167327ms)
✔ state query retains the response size limit and performs no retry (0.628592ms)
✔ unsupported state method error propagates without an unpinned fallback (0.4683ms)
✔ RPC rejects a valid response completed after its absolute deadline before its timer fires (0.653147ms)
✔ initialized composition replays history once before store access and only submits swap and close (7.447617ms)
✔ initialized publicCheck failure stops calls and cleans owned resources (1.842949ms)
✔ initialized checkWallet failure stops calls and cleans owned resources (1.613758ms)
✔ initialized preserveStore failure stops calls and cleans owned resources (2.211761ms)
✔ initialized checkPrivate failure stops calls and cleans owned resources (5.581691ms)
✔ failed initialized historical deploy comparison prevents snapshot and providers (1.595291ms)
✔ failed initialized historical initialize comparison prevents snapshot and providers (5.068696ms)
✔ initialized actual store mismatch stops before setup (0.781673ms)
✔ initialized actual limits mismatch stops before setup (3.697948ms)
✔ initialized actual role mismatch stops before setup (0.656866ms)
✔ initialized actual build mismatch stops before setup (0.421872ms)
✔ production rejects continuation adapters; source fixture requires every gate (1.022645ms)
✔ initialized publicCheck requires its closed success result (0.555333ms)
✔ initialized preserveStore requires its closed success result (0.772761ms)
✔ initialized checkPrivate requires its closed success result (0.857137ms)
✔ closed swap plan reads both actual public histories from same source result (55.529876ms)
✔ closed swap plan rejects consumed allocation and altered/exclusive descriptor (0.414623ms)
✔ closed swap plan rejects consumed allocation and altered/exclusive descriptor (0.162438ms)
✔ closed swap plan rejects consumed allocation and altered/exclusive descriptor (0.135965ms)
✔ closed swap plan rejects consumed allocation and altered/exclusive descriptor (0.058131ms)
✔ closed swap plan rejects consumed allocation and altered/exclusive descriptor (0.04455ms)
✔ composed swap plan getters rejected without invocation before setup (0.296985ms)
✔ missing initialized mint stops before preservation and new dispatch (0.72935ms)
✔ retains closed swap diagnostic SWAP_CONTINUATION_DEPLOY_STATE (0.596543ms)
✔ retains closed swap diagnostic SWAP_CONTINUATION_PRIVATE_READ (1.180177ms)
✔ retains closed swap diagnostic SWAP_CONTINUATION_WALLET_HISTORY (1.226009ms)
✔ full composition prepares address then binds colors once and records every stage before next call (5.016077ms)
✔ wrong network rejects before preparation and bounded-cleans supplied wallet (0.937834ms)
✔ wrong SDK network rejects before preparation and bounded-cleans supplied wallet (0.965973ms)
✔ wrong payer rejects before preparation and bounded-cleans supplied wallet (0.575089ms)
✔ public endpoint rejects before preparation and bounded-cleans supplied wallet (0.192826ms)
✔ missing protocol rejects before preparation and bounded-cleans supplied wallet (0.126425ms)
✔ unknown logical asset rejects before preparation and bounded-cleans supplied wallet (0.150651ms)
✔ provider construction failure preserves failure and cleans wallet/assets (0.685367ms)
✔ driver failure before its cleanup ownership guard falls back to wallet cleanup (1.12086ms)
✔ driver throw without cleanup receipt falls back to owned providers exactly once (0.555789ms)
✔ onStage failed retention stops before another transaction (1.246134ms)
✔ source adapters cannot silently switch into production mode (0.236296ms)
✔ local RPC uses one bounded nonredirecting request and validates its response identity (22.567329ms)
✔ local RPC aborts an unresponsive inert request by absolute deadline (30.221539ms)
✔ swap waits for exact wallet mint after durable initialize comparison and before actual driver swap (3.209989ms)
✔ missing initialized wallet mint stops actual driver before swap and close (0.946401ms)
✔ wallet sync that crosses the admission deadline prevents swap (0.83701ms)
✔ asset mutation after a recorded stage stops before the next SDK stage (0.801451ms)
✔ inert contained success is explicitly source-only and never financial acceptance (0.565696ms)
✔ RPC rejects mismatched IDs and oversized bodies without a retry (1.791696ms)
✔ protocol and reviewed callbacks remain captured after asynchronous preparation starts (1.563048ms)
✔ recovery composition restores before real driver, observes historical deploy once and submits only three calls (2.34503ms)
✔ recovery publicCheck failure stops before driver and cleans owned resources (1.724246ms)
✔ recovery checkWallet failure stops before driver and cleans owned resources (1.853737ms)
✔ recovery reconstruct failure stops before driver and cleans owned resources (1.137461ms)
✔ recovery inspectStore failure stops before driver and cleans owned resources (0.543405ms)
✔ recovery restore failure stops before driver and cleans owned resources (0.391729ms)
✔ recovery wallet synchronization rejection prevents constructor, store and driver (0.508578ms)
✔ recovery rejects actual allocation differing from closed plan before recovery work (0.339195ms)
✔ recovery rejects actual submissions differing from closed plan before recovery work (0.236762ms)
✔ recovery rejects actual dust differing from closed plan before recovery work (0.213888ms)
✔ recovery rejects actual gross cap differing from closed plan before recovery work (0.23667ms)
✔ recovery rejects actual deadline differing from closed plan before recovery work (0.256913ms)
✔ recovery rejects actual journal differing from closed plan before recovery work (0.2007ms)
✔ recovery rejects actual store directory differing from closed plan before recovery work (0.19502ms)
✔ recovery rejects actual store namespace differing from closed plan before recovery work (0.174223ms)
✔ recovery rejects actual role differing from closed plan before recovery work (0.228094ms)
✔ recovery rejects actual wallet differing from closed plan before recovery work (1.922039ms)
✔ recovery rejects actual network tag differing from closed plan before recovery work (0.390156ms)
✔ recovery rejects actual build differing from closed plan before recovery work (0.2713ms)
✔ recovery plan rejects changed deployment identity and unchecked identity shortcut (0.297403ms)
✔ production integration rejects recovery adapters before loading runtime or touching private state (0.162226ms)
✔ source recovery requires all recovery adapters (1.63373ms)
✔ nonempty recovery destination stops before provider creation and driver (1.048761ms)
✔ recovery rejects deployment identity getter before cloning or executing it (0.216525ms)
✔ initialized composition replays history once before store access and only submits accrue and settle (5.204855ms)
✔ initialized publicCheck failure stops calls and cleans owned resources (1.22655ms)
✔ initialized checkWallet failure stops calls and cleans owned resources (1.252974ms)
✔ initialized preserveStore failure stops calls and cleans owned resources (0.764582ms)
✔ initialized checkPrivate failure stops calls and cleans owned resources (0.767552ms)
✔ failed initialized historical deploy comparison prevents snapshot and providers (1.0295ms)
✔ failed initialized historical initialize comparison prevents snapshot and providers (1.419087ms)
✔ initialized actual store mismatch stops before setup (0.518029ms)
✔ initialized actual limits mismatch stops before setup (0.440942ms)
✔ initialized actual role mismatch stops before setup (0.425551ms)
✔ initialized actual build mismatch stops before setup (0.972506ms)
✔ production rejects continuation adapters; source fixture requires every gate (2.814163ms)
✔ initialized publicCheck requires its closed success result (0.851544ms)
✔ initialized preserveStore requires its closed success result (3.214402ms)
✔ initialized checkPrivate requires its closed success result (4.859656ms)
✔ integration failure emits only a closed code and excludes unknown SDK text (1.276752ms)
✔ actual production preflight failure survives durable launcher retention with its closed code (2.382232ms)
(node:1894072) TimeoutNegativeWarning: -1 is a negative number.
Timeout duration was set to 1.
(Use `node --trace-warnings ...` to show where the warning was created)
✔ Preview RPC sends exact pinned HTTPS endpoint and explicit read parameters (30.004227ms)
✔ Preview RPC rejects every unapproved target before transport access (0.831241ms)
✔ Preview RPC rejects writes and malformed anchored state parameters before fetch (0.838532ms)
✔ Preview RPC rejects invalid deadlines without dispatch (0.21066ms)
✔ Preview RPC preserves unknown JSON-RPC failure and never retries or falls back (0.491652ms)
✔ Preview RPC rejects malformed envelopes, HTTP errors and malformed JSON (3.152729ms)
✔ Preview RPC rejects oversized response body and aborts (0.74172ms)
✔ Preview RPC rejects late fetch completion even when the timer cannot run (1.733401ms)
✔ Preview RPC rejects late body completion and aborts (0.299308ms)
✔ Preview RPC deadline bounds a transport that never completes (31.184292ms)
ℹ tests 104
ℹ suites 0
ℹ pass 104
ℹ fail 0
ℹ cancelled 0
ℹ skipped 0
ℹ todo 0
ℹ duration_ms 362.129903
