
> midnight-local-network@0.1.0 prestart
> node scripts/preflight.mjs


> midnight-local-network@0.1.0 start
> tsx src/index.ts --fund-config ./accounts.moriarty.json

[20:07:30.619] [32mINFO[39m (1498371): [36mDetected a running Midnight local network.[39m
[20:07:30.621] [32mINFO[39m (1498371): [36mReusing existing network (non-interactive mode).[39m
[20:07:30.622] [32mINFO[39m (1498371): [36mInitializing master wallet from genesis seed...[39m
[20:07:30.622] [32mINFO[39m (1498371): [36mBuilding wallet from hex seed...[39m
[20:07:30.622] [32mINFO[39m (1498371): [36mInitializing wallet builder for undeployed[39m
[20:07:30.669] [32mINFO[39m (1498371): [36mCreating dust wallet with params: {"indexerClientConnection":{"indexerHttpUrl":"http://127.0.0.1:18088/api/v4/graphql","indexerWsUrl":"ws://127.0.0.1:18088/api/v4/graphql/ws"},"provingServerUrl":"http://127.0.0.1:16300/","networkId":"undeployed","relayURL":"ws://127.0.0.1:19944/","txHistoryStorage":{"storage":{}},"costParameters":{"ledgerParams":{"__wbg_ptr":4654560},"additionalFeeOverhead":"1000","feeBlocksMargin":5}}[39m
[20:07:30.698] [32mINFO[39m (1498371): [36mWallet address: mn_addr_undeployed1h3ssm5ru2t6eqy4g3she78zlxn96e36ms6pq996aduvmateh9p9sk96u7s[39m
[20:07:30.698] [32mINFO[39m (1498371): [36mWaiting for wallet to sync...[39m
[20:07:30.705] [32mINFO[39m (1498371): [36mWallet sync: shielded=false, unshielded=false, dust=false[39m
[20:07:30.781] [32mINFO[39m (1498371): [36mWallet sync: shielded=false, unshielded=false, dust=false[39m
[20:07:30.793] [32mINFO[39m (1498371): [36mWallet sync: shielded=false, unshielded=false, dust=false[39m
[20:07:30.800] [32mINFO[39m (1498371): [36mWallet sync: shielded=false, unshielded=false, dust=false[39m
[20:07:30.801] [32mINFO[39m (1498371): [36mWallet sync: shielded=false, unshielded=true, dust=false[39m
[20:07:30.839] [32mINFO[39m (1498371): [36mWallet sync: shielded=false, unshielded=true, dust=false[39m
[20:07:30.885] [32mINFO[39m (1498371): [36mWallet sync: shielded=false, unshielded=true, dust=false[39m
[20:07:30.993] [32mINFO[39m (1498371): [36mWallet sync: shielded=false, unshielded=true, dust=false[39m
[20:07:31.031] [32mINFO[39m (1498371): [36mWallet sync: shielded=false, unshielded=true, dust=false[39m
[20:07:31.067] [32mINFO[39m (1498371): [36mWallet sync: shielded=true, unshielded=true, dust=false[39m
[20:07:31.103] [32mINFO[39m (1498371): [36mWallet sync: shielded=true, unshielded=true, dust=false[39m
2026-09-06 20:07:31        RPC-CORE: subscribeRuntimeVersion(): RuntimeVersion:: disconnected from ws://127.0.0.1:19944/: 1000:: Normal Closure
2026-09-06 20:07:31        RPC-CORE: subscribeRuntimeVersion(): RuntimeVersion:: disconnected from ws://127.0.0.1:19944/: 1000:: Normal Closure
[20:07:31.140] [32mINFO[39m (1498371): [36mWallet sync: shielded=true, unshielded=true, dust=false[39m
[20:07:31.176] [32mINFO[39m (1498371): [36mWallet sync: shielded=true, unshielded=true, dust=false[39m
[20:07:31.214] [32mINFO[39m (1498371): [36mWallet sync: shielded=true, unshielded=true, dust=false[39m
[20:07:31.253] [32mINFO[39m (1498371): [36mWallet sync: shielded=true, unshielded=true, dust=false[39m
[20:07:31.296] [32mINFO[39m (1498371): [36mWallet sync: shielded=true, unshielded=true, dust=false[39m
[20:07:31.332] [32mINFO[39m (1498371): [36mWallet sync: shielded=true, unshielded=true, dust=false[39m
[20:07:31.369] [32mINFO[39m (1498371): [36mWallet sync: shielded=true, unshielded=true, dust=true[39m
[20:07:31.379] [32mINFO[39m (1498371): [36mUnshielded (NIGHT): mn_addr_undeployed1h3ssm5ru2t6eqy4g3she78zlxn96e36ms6pq996aduvmateh9p9sk96u7s[39m
[20:07:31.379] [32mINFO[39m (1498371): [36mShielded:           mn_shield-addr_undeployed1r020sfa7jllsz0z2wqhykz8npmphsu5223nsea7vjt9ekxs5almtvtnrpgpszud4uyd0yjrlqyp7v5xvwqljsng2g79j5w4al9c4kuqy0xtw4[39m
[20:07:31.379] [32mINFO[39m (1498371): [36mDUST:               mn_dust_undeployed1w0l54txthpu8q05j9j9ttk3j5dyu5766dc9zkz2s435vdglzwdr35dw790y[39m
[20:07:31.379] [32mINFO[39m (1498371): [36mNIGHT balance: 500000000000000[39m
[20:07:31.379] [32mINFO[39m (1498371): [36mDUST balance:  1250000000000000000000000[39m
[20:07:31.382] [32mINFO[39m (1498371): [36mRegistering DUST for master wallet...[39m
[20:07:31.388] [32mINFO[39m (1498371): [36mNo NIGHT UTXOs need registration. DUST balance: 1250000000000000000000000, spendable coins: 5[39m
[20:07:31.393] [32mINFO[39m (1498371): [36mUnshielded (NIGHT): mn_addr_undeployed1h3ssm5ru2t6eqy4g3she78zlxn96e36ms6pq996aduvmateh9p9sk96u7s[39m
[20:07:31.394] [32mINFO[39m (1498371): [36mShielded:           mn_shield-addr_undeployed1r020sfa7jllsz0z2wqhykz8npmphsu5223nsea7vjt9ekxs5almtvtnrpgpszud4uyd0yjrlqyp7v5xvwqljsng2g79j5w4al9c4kuqy0xtw4[39m
[20:07:31.394] [32mINFO[39m (1498371): [36mDUST:               mn_dust_undeployed1w0l54txthpu8q05j9j9ttk3j5dyu5766dc9zkz2s435vdglzwdr35dw790y[39m
[20:07:31.394] [32mINFO[39m (1498371): [36mNIGHT balance: 500000000000000[39m
[20:07:31.394] [32mINFO[39m (1498371): [36mDUST balance:  1250000000000000000000000[39m
[20:07:31.395] [32mINFO[39m (1498371): [36mFunding accounts from ./accounts.moriarty.json (non-interactive mode)...[39m
[20:07:31.397] [32mINFO[39m (1498371): [36mFunding 1 accounts from config file...[39m
[20:07:31.397] [32mINFO[39m (1498371): [36m
--- Account 1/1: Moriarty Local Test Wallet ---[39m
[20:07:31.399] [32mINFO[39m (1498371): [36mInitializing wallet builder for undeployed[39m
[20:07:31.408] [32mINFO[39m (1498371): [36mCreating dust wallet with params: {"indexerClientConnection":{"indexerHttpUrl":"http://127.0.0.1:18088/api/v4/graphql","indexerWsUrl":"ws://127.0.0.1:18088/api/v4/graphql/ws"},"provingServerUrl":"http://127.0.0.1:16300/","networkId":"undeployed","relayURL":"ws://127.0.0.1:19944/","txHistoryStorage":{"storage":{}},"costParameters":{"ledgerParams":{"__wbg_ptr":4654560},"additionalFeeOverhead":"1000","feeBlocksMargin":5}}[39m
[20:07:31.418] [32mINFO[39m (1498371): [36mRecipient address: mn_addr_undeployed1n2w7v4y79630m5u40rpm6tn0qvnm83vptu9vqcwzqppam7pfrr9sa6q9r9[39m
[20:07:31.418] [32mINFO[39m (1498371): [36mTransferring 50000000000 NIGHT to Moriarty Local Test Wallet...[39m
2026-09-06 20:07:31        RPC-CORE: subscribeRuntimeVersion(): RuntimeVersion:: disconnected from ws://127.0.0.1:19944/: 1000:: Normal Closure
2026-09-06 20:07:31        RPC-CORE: subscribeRuntimeVersion(): RuntimeVersion:: disconnected from ws://127.0.0.1:19944/: 1000:: Normal Closure
[20:07:48.999] [32mINFO[39m (1498371): [36mTransfer submitted: 003953b132e88fba80a89e3641d34a0d7d7de5a0192678cabcde44175746f761b8[39m
[20:07:48.999] [32mINFO[39m (1498371): [36mWaiting for recipient wallet to sync...[39m
[20:07:49.002] [32mINFO[39m (1498371): [36mWallet sync: shielded=true, unshielded=true, dust=true[39m
[20:07:49.008] [32mINFO[39m (1498371): [36mWaiting for funds. Unshielded: 0, Shielded: 0[39m
[20:08:01.471] [32mINFO[39m (1498371): [36mWaiting for funds. Unshielded: 50000000000, Shielded: 0[39m
[20:08:01.478] [32mINFO[39m (1498371): [36mUnshielded (NIGHT): mn_addr_undeployed1n2w7v4y79630m5u40rpm6tn0qvnm83vptu9vqcwzqppam7pfrr9sa6q9r9[39m
[20:08:01.478] [32mINFO[39m (1498371): [36mShielded:           mn_shield-addr_undeployed1vpn4h92kwz32aukmdfhlt9w5pj8s9znt5sp5s30flhpajc8guexfpgafar9uyzm7ep3qufh87e2jz0k5zq528fnrnudtkvfrh5cntmsd5flp8[39m
[20:08:01.478] [32mINFO[39m (1498371): [36mDUST:               mn_dust_undeployed1wvkyr27na43zfvr0m7hdp9t2jumshcr8mfct84zqtfvf43w32fp55r0qfhw[39m
[20:08:01.478] [32mINFO[39m (1498371): [36mNIGHT balance: 50000000000[39m
[20:08:01.478] [32mINFO[39m (1498371): [36mDUST balance:  0[39m
[20:08:01.479] [32mINFO[39m (1498371): [36mRegistering DUST for Moriarty Local Test Wallet...[39m
[20:08:01.484] [32mINFO[39m (1498371): [36mRegistering 1 NIGHT UTXO(s) for DUST generation...[39m
[20:08:19.663] [32mINFO[39m (1498371): [36mDUST registration submitted: 003c5b2cf79dfd461fd15ab3c3908c24cf06add291cd6b86b5268dc5707c6ef6a8[39m
[20:08:19.663] [32mINFO[39m (1498371): [36mWaiting for a spendable DUST coin...[39m
[20:08:19.665] [32mINFO[39m (1498371): [36mDUST balance: 0, spendable coins: 0[39m
[20:08:31.472] [32mINFO[39m (1498371): [36mDUST balance: 22632728378406144, spendable coins: 1[39m
[20:08:31.475] [32mINFO[39m (1498371): [36mDUST registration complete.[39m
[20:08:31.481] [32mINFO[39m (1498371): [36mUnshielded (NIGHT): mn_addr_undeployed1n2w7v4y79630m5u40rpm6tn0qvnm83vptu9vqcwzqppam7pfrr9sa6q9r9[39m
[20:08:31.481] [32mINFO[39m (1498371): [36mShielded:           mn_shield-addr_undeployed1vpn4h92kwz32aukmdfhlt9w5pj8s9znt5sp5s30flhpajc8guexfpgafar9uyzm7ep3qufh87e2jz0k5zq528fnrnudtkvfrh5cntmsd5flp8[39m
[20:08:31.481] [32mINFO[39m (1498371): [36mDUST:               mn_dust_undeployed1wvkyr27na43zfvr0m7hdp9t2jumshcr8mfct84zqtfvf43w32fp55r0qfhw[39m
[20:08:31.481] [32mINFO[39m (1498371): [36mNIGHT balance: 50000000000[39m
[20:08:31.481] [32mINFO[39m (1498371): [36mDUST balance:  22632728378406144[39m
[20:08:31.482] [32mINFO[39m (1498371): [36mAccount Moriarty Local Test Wallet funded and DUST registered.[39m
[20:08:31.507] [32mINFO[39m (1498371): [36m
All 1 accounts funded with NIGHT + DUST.[39m
[20:08:31.507] [32mINFO[39m (1498371): [36m
--- Funded Accounts (1) ---[39m
[20:08:31.507] [32mINFO[39m (1498371): [36m  Moriarty Local Test Wallet:[39m
[20:08:31.507] [32mINFO[39m (1498371): [36m    Unshielded (NIGHT): mn_addr_undeployed1n2w7v4y79630m5u40rpm6tn0qvnm83vptu9vqcwzqppam7pfrr9sa6q9r9[39m
[20:08:31.507] [32mINFO[39m (1498371): [36m    Shielded:           mn_shield-addr_undeployed1vpn4h92kwz32aukmdfhlt9w5pj8s9znt5sp5s30flhpajc8guexfpgafar9uyzm7ep3qufh87e2jz0k5zq528fnrnudtkvfrh5cntmsd5flp8[39m
[20:08:31.507] [32mINFO[39m (1498371): [36m    DUST:               mn_dust_undeployed1wvkyr27na43zfvr0m7hdp9t2jumshcr8mfct84zqtfvf43w32fp55r0qfhw[39m
[20:08:31.507] [32mINFO[39m (1498371): [36m    NIGHT balance: 50000000000[39m
[20:08:31.507] [32mINFO[39m (1498371): [36m    DUST balance:  22632728378406144[39m
