   Compiling tracing-core v0.1.36
   Compiling tokio-macros v2.7.2
   Compiling tracing v0.1.44
   Compiling tokio v1.53.1
   Compiling num-traits v0.2.19
   Compiling log v0.4.33
   Compiling syn v1.0.109
   Compiling num-integer v0.1.47
   Compiling hyper v1.11.0
   Compiling tower v0.5.3
   Compiling hyper-util v0.1.20
   Compiling tokio-rustls v0.26.4
   Compiling tower-http v0.6.11
   Compiling tokio-util v0.7.19
   Compiling hyper-rustls v0.27.9
   Compiling num-bigint v0.4.8
   Compiling rustls-platform-verifier v0.7.0
   Compiling triomphe v0.1.16
   Compiling archery v1.2.3
   Compiling reqwest v0.13.4
   Compiling halo2derive v0.2.0
   Compiling midnight-proofs v0.8.2
   Compiling midnight-base-crypto v1.1.0 (https://github.com/midnightntwrk/midnight-ledger?rev=9a8777c4d035fc7f38ae286bcf5f8656668efd9f#9a8777c4)
   Compiling midnight-curves v0.2.1
   Compiling midnight-storage-core v1.2.0 (https://github.com/midnightntwrk/midnight-ledger?rev=9a8777c4d035fc7f38ae286bcf5f8656668efd9f#9a8777c4)
   Compiling midnight-circuits v7.2.4
   Compiling midnight-proofs v0.7.3
   Compiling blake2b_halo2 v0.2.0
   Compiling sha3-circuit v0.2.0
   Compiling midnight-zk-stdlib v2.3.5
   Compiling blake2b_halo2 v0.1.0
   Compiling sha3-circuit v0.1.0
   Compiling midnight-circuits v6.3.0
   Compiling midnight-transient-crypto v3.0.0 (https://github.com/midnightntwrk/midnight-ledger?rev=9a8777c4d035fc7f38ae286bcf5f8656668efd9f#9a8777c4)
   Compiling unicode-xid v0.0.4
   Compiling synom v0.11.3
   Compiling midnight-zk-stdlib v1.3.0
   Compiling midnight-base-crypto-derive v1.0.0
   Compiling quote v0.3.15
   Compiling syn v0.11.11
   Compiling midnight-transient-crypto v2.2.0 (https://github.com/midnightntwrk/midnight-ledger?rev=a01a1ea0270d2e8a1f9a58f0e3cf5ceb029283e1#a01a1ea0)
   Compiling midnight-coin-structure v3.0.0 (https://github.com/midnightntwrk/midnight-ledger?rev=9a8777c4d035fc7f38ae286bcf5f8656668efd9f#9a8777c4)
   Compiling midnight-storage v2.0.2 (https://github.com/midnightntwrk/midnight-ledger?rev=9a8777c4d035fc7f38ae286bcf5f8656668efd9f#9a8777c4)
   Compiling midnight-onchain-state v4.0.0 (https://github.com/midnightntwrk/midnight-ledger?rev=9a8777c4d035fc7f38ae286bcf5f8656668efd9f#9a8777c4)
   Compiling rpds v1.2.1
   Compiling midnight-onchain-runtime v4.0.0 (https://github.com/midnightntwrk/midnight-ledger?rev=9a8777c4d035fc7f38ae286bcf5f8656668efd9f#9a8777c4)
   Compiling midnight-onchain-vm v4.0.0 (https://github.com/midnightntwrk/midnight-ledger?rev=9a8777c4d035fc7f38ae286bcf5f8656668efd9f#9a8777c4)
   Compiling enum_index_derive v0.2.0
   Compiling enum_index v0.2.0
   Compiling midnight-zkir v2.2.0 (https://github.com/midnightntwrk/midnight-ledger?rev=9a8777c4d035fc7f38ae286bcf5f8656668efd9f#9a8777c4)
   Compiling introspection v0.1.0
   Compiling tracing-log v0.2.0
   Compiling sharded-slab v0.1.7
   Compiling thread_local v1.1.10
   Compiling midnight-ledger-static v10.0.0 (https://github.com/midnightntwrk/midnight-ledger?rev=9a8777c4d035fc7f38ae286bcf5f8656668efd9f#9a8777c4)
   Compiling nu-ansi-term v0.50.3
   Compiling is_sorted v0.1.1
   Compiling midnight-zswap v9.0.0 (https://github.com/midnightntwrk/midnight-ledger?rev=9a8777c4d035fc7f38ae286bcf5f8656668efd9f#9a8777c4)
   Compiling tracing-subscriber v0.3.23
   Compiling introspection-derive v0.1.0
   Compiling digest-io v0.1.0
   Compiling midnight-zkir v3.1.0-rc.1 (https://github.com/midnightntwrk/midnight-zkir?rev=e82d81d25aabcc5f5092e2bd559083487f577914#e82d81d2)
   Compiling midnight-ledger-v9 v1.0.0 (https://github.com/midnightntwrk/midnight-ledger?rev=9a8777c4d035fc7f38ae286bcf5f8656668efd9f#9a8777c4)
   Compiling beta-native-ledger-consumer v0.1.0 (/home/charl/research/moriarty-signed-intent-2026-10-01/native-ledger-consumer)
error[E0277]: the trait bound `&mut StdRng: SplittableRng` is not satisfied
    --> src/main.rs:192:43
     |
 192 |     let tx=Transaction::Standard(ps).seal(&mut rng);
     |                                      ---- ^^^^^^^^ the trait `SeedableRng` is not implemented for `&mut StdRng`
     |                                      |
     |                                      required by a bound introduced by this call
     |
note: there are multiple different versions of crate `rand_core` in the dependency graph
    --> /home/charl/.cargo/registry/src/index.crates.io-1949cf8c6b5b557f/rand_core-0.6.4/src/lib.rs:246:1
     |
 246 | pub trait SeedableRng: Sized {
     | ^^^^^^^^^^^^^^^^^^^^^^^^^^^^ this is the expected trait
     |
    ::: /home/charl/.cargo/registry/src/index.crates.io-1949cf8c6b5b557f/rand_core-0.9.5/src/lib.rs:371:1
     |
 371 | pub trait SeedableRng: Sized {
     | ---------------------------- this is the trait that was imported
     = help: you can use `cargo tree` to explore your dependency tree
     = note: required for `&mut StdRng` to implement `SplittableRng`
note: required by a bound in `semantics::<impl midnight_ledger_v9::structure::Transaction<S, P, EmbeddedFr, D>>::seal`
    --> /home/charl/.cargo/git/checkouts/midnight-ledger-b2f9c59d942dfdca/9a8777c/ledger/src/semantics.rs:2028:38
     |
2028 |     pub fn seal<R: Rng + CryptoRng + SplittableRng>(
     |                                      ^^^^^^^^^^^^^ required by this bound in `semantics::<impl Transaction<S, P, EmbeddedFr, D>>::seal`
help: consider removing the leading `&`-reference
     |
 192 -     let tx=Transaction::Standard(ps).seal(&mut rng);
 192 +     let tx=Transaction::Standard(ps).seal(rng);
     |

error[E0277]: the trait bound `&mut StdRng: SplittableRng` is not satisfied
    --> src/main.rs:192:43
     |
 192 |     let tx=Transaction::Standard(ps).seal(&mut rng);
     |                                      ---- ^^^^^^^^ the trait `rng::SplittableMarker` is not implemented for `&mut StdRng`
     |                                      |
     |                                      required by a bound introduced by this call
     |
     = note: required for `&mut StdRng` to implement `SplittableRng`
note: required by a bound in `semantics::<impl midnight_ledger_v9::structure::Transaction<S, P, EmbeddedFr, D>>::seal`
    --> /home/charl/.cargo/git/checkouts/midnight-ledger-b2f9c59d942dfdca/9a8777c/ledger/src/semantics.rs:2028:38
     |
2028 |     pub fn seal<R: Rng + CryptoRng + SplittableRng>(
     |                                      ^^^^^^^^^^^^^ required by this bound in `semantics::<impl Transaction<S, P, EmbeddedFr, D>>::seal`
help: consider removing the leading `&`-reference
     |
 192 -     let tx=Transaction::Standard(ps).seal(&mut rng);
 192 +     let tx=Transaction::Standard(ps).seal(rng);
     |

error[E0277]: the trait bound `Array<u8, UInt<UInt<UInt<UInt<..., ...>, ...>, ...>, ...>>: LowerHex` is not satisfied
 --> src/artifacts.rs:2:61
  |
2 | pub(crate) fn sha(bytes: &[u8]) -> String { format!("{:x}", Sha256::digest(bytes)) }
  |                                                      ----   ^^^^^^^^^^^^^^^^^^^^^ the trait `LowerHex` is not implemented for `Array<u8, UInt<UInt<UInt<UInt<UInt<..., ...>, ...>, ...>, ...>, ...>>`
  |                                                      |
  |                                                      required by this formatting parameter
  |
  = help: the following other types implement trait `LowerHex`:
            &T
            &mut T
            Saturating<T>
            Wrapping<T>
            base16ct::display::HexDisplay<'_>
            bitvec::array::BitArray<A, O>
            bitvec::boxed::BitBox<T, O>
            bitvec::domain::Domain<'a, wyz::comu::Const, T, O>
          and 123 others
  = note: the full name for the type has been written to '/home/charl/research/moriarty-crypto-2026-09-30/target/debug/deps/beta_native_ledger_consumer-364480b421ee99d4.long-type-11985669596341709038.txt'
  = note: consider using `--verbose` to print the full type name to the console

error[E0382]: use of moved value: `parent.binding_commitment`
  --> src/verify.rs:34:147
   |
28 | ...mmitment.into())!=pis || pis.first()==Some(&Fr::from(0u8)){return Err("finalized call/proof/statement mismatch or binding0".into(...
   |             ------ `parent.binding_commitment` moved due to this method call
...
34 | ...(HashOutput([5;32]));refused("actual call address",vk.verify(&pv,&proof,bad.public_inputs(parent.binding_commitment.into()).into_...
   |                                                                                              ^^^^^^^^^^^^^^^^^^^^^^^^^ value used here after move
   |
note: `into` takes ownership of the receiver `self`, which moves `parent.binding_commitment`
  --> /rustc/48a229ceaefd4985c50990b14116b6d856af0985/library/core/src/convert/mod.rs:456:12
   = note: move occurs because `parent.binding_commitment` has type `PureGeneratorPedersen`, which does not implement the `Copy` trait
help: you can `clone` the value and consume it, but this might not be your desired behavior
   |
28 |     if cp.0!=raw || call.public_inputs(parent.binding_commitment.clone().into())!=pis || pis.first()==Some(&Fr::from(0u8)){return Err("finalized call/proof/statement mismatch or binding0".into());}
   |                                                                 ++++++++

error[E0382]: use of moved value: `parent.binding_commitment`
  --> src/verify.rs:35:155
   |
34 | ....public_inputs(parent.binding_commitment.into()).into_iter()))?;
   |                                             ------ `parent.binding_commitment` moved due to this method call
35 | ...roof,bad.public_inputs(parent.binding_commitment.into()).into_iter()))?;
   |                           ^^^^^^^^^^^^^^^^^^^^^^^^^ value used here after move
   |
   = note: move occurs because `parent.binding_commitment` has type `PureGeneratorPedersen`, which does not implement the `Copy` trait
help: you can `clone` the value and consume it, but this might not be your desired behavior
   |
34 |     let mut bad=call.clone();bad.address=ContractAddress(HashOutput([5;32]));refused("actual call address",vk.verify(&pv,&proof,bad.public_inputs(parent.binding_commitment.clone().into()).into_iter()))?;
   |                                                                                                                                                                            ++++++++

error[E0382]: use of moved value: `parent.binding_commitment`
  --> src/verify.rs:36:153
   |
35 | ...f,bad.public_inputs(parent.binding_commitment.into()).into_iter()))?;
   |                                                  ------ `parent.binding_commitment` moved due to this method call
36 | ...bad.public_inputs(parent.binding_commitment.into()).into_iter()))?;
   |                      ^^^^^^^^^^^^^^^^^^^^^^^^^ value used here after move
   |
   = note: move occurs because `parent.binding_commitment` has type `PureGeneratorPedersen`, which does not implement the `Copy` trait
help: you can `clone` the value and consume it, but this might not be your desired behavior
   |
35 |     let mut bad=call.clone();bad.entry_point=EntryPointBuf(b"wrong-pay".to_vec());refused("actual call entrypoint",vk.verify(&pv,&proof,bad.public_inputs(parent.binding_commitment.clone().into()).into_iter()))?;
   |                                                                                                                                                                                    ++++++++

error[E0382]: use of moved value: `parent.binding_commitment`
  --> src/verify.rs:40:78
   |
36 | ...m(1u8).0;refused("actual call communication",vk.verify(&pv,&proof,bad.public_inputs(parent.binding_commitment.into()).into_iter()...
   |                                                                                                                  ------ `parent.binding_commitment` moved due to this method call
...
40 | ...c_inputs(parent.binding_commitment.into()).into_iter()))?;
   |             ^^^^^^^^^^^^^^^^^^^^^^^^^ value used here after move
   |
   = note: move occurs because `parent.binding_commitment` has type `PureGeneratorPedersen`, which does not implement the `Copy` trait
help: you can `clone` the value and consume it, but this might not be your desired behavior
   |
36 |     let mut bad=call.clone();bad.communication_commitment.0+=Fr::from(1u8).0;refused("actual call communication",vk.verify(&pv,&proof,bad.public_inputs(parent.binding_commitment.clone().into()).into_iter()))?;
   |                                                                                                                                                                                  ++++++++

error[E0382]: use of moved value: `parent.binding_commitment`
  --> src/verify.rs:43:82
   |
40 |         refused("actual declared gas",vk.verify(&pv,&proof,bad.public_inputs(parent.binding_commitment.into()).into_iter()))?;
   |                                                                                                        ------ `parent.binding_commitment` moved due to this method call
...
43 |         refused("actual declared effects",vk.verify(&pv,&proof,bad.public_inputs(parent.binding_commitment.into()).into_iter()))?;
   |                                                                                  ^^^^^^^^^^^^^^^^^^^^^^^^^ value used here after move
   |
   = note: move occurs because `parent.binding_commitment` has type `PureGeneratorPedersen`, which does not implement the `Copy` trait
help: you can `clone` the value and consume it, but this might not be your desired behavior
   |
40 |         refused("actual declared gas",vk.verify(&pv,&proof,bad.public_inputs(parent.binding_commitment.clone().into()).into_iter()))?;
   |                                                                                                       ++++++++

error[E0005]: refutable pattern in local binding
   --> src/main.rs:143:9
    |
143 |     let ProofPreimageVersioned::V2(p)=&prepared.proof;
    |         ^^^^^^^^^^^^^^^^^^^^^^^^^^^^^ pattern `&_` not covered
    |
    = note: `let` bindings require an "irrefutable pattern", like a `struct` or an `enum` with only one variant
    = note: for more information, visit https://doc.rust-lang.org/book/ch19-02-refutability.html
    = note: the matched value is of type `&midnight_ledger_v9::structure::ProofPreimageVersioned`
help: you might want to use `let...else` to handle the variant that isn't matched
    |
143 |     let ProofPreimageVersioned::V2(p)=&prepared.proof else { todo!() };
    |                                                       ++++++++++++++++

Some errors have detailed explanations: E0005, E0277, E0382.
For more information about an error, try `rustc --explain E0005`.
error: could not compile `beta-native-ledger-consumer` (bin "beta-native-ledger-consumer") due to 9 previous errors
