TAP version 13
# Subtest: returns Submitted only after its required observations
ok 1 - returns Submitted only after its required observations
  ---
  duration_ms: 3.621727
  type: 'test'
  ...
# Subtest: returns InBlock only after its required observations
ok 2 - returns InBlock only after its required observations
  ---
  duration_ms: 0.429132
  type: 'test'
  ...
# Subtest: returns Finalized only after its required observations
ok 3 - returns Finalized only after its required observations
  ---
  duration_ms: 0.519025
  type: 'test'
  ...
# Subtest: finality lag polls observations without resubmitting
ok 4 - finality lag polls observations without resubmitting
  ---
  duration_ms: 4.227619
  type: 'test'
  ...
# Subtest: multi-intent finality requires every native identifier
ok 5 - multi-intent finality requires every native identifier
  ---
  duration_ms: 1.018823
  type: 'test'
  ...
# Subtest: rejects indexed FAILURE
ok 6 - rejects indexed FAILURE
  ---
  duration_ms: 0.30985
  type: 'test'
  ...
# Subtest: rejects indexed PARTIAL_SUCCESS
ok 7 - rejects indexed PARTIAL_SUCCESS
  ---
  duration_ms: 0.471704
  type: 'test'
  ...
# Subtest: rejects indexed unknown
ok 8 - rejects indexed unknown
  ---
  duration_ms: 0.333837
  type: 'test'
  ...
# Subtest: does not confuse another indexed transaction with the submitted one
ok 9 - does not confuse another indexed transaction with the submitted one
  ---
  duration_ms: 9.474564
  type: 'test'
  ...
# Subtest: canonical mismatch fails even after indexed SUCCESS
ok 10 - canonical mismatch fails even after indexed SUCCESS
  ---
  duration_ms: 0.564954
  type: 'test'
  ...
# Subtest: canonical recheck rejects a block replaced across the finality observation
ok 11 - canonical recheck rejects a block replaced across the finality observation
  ---
  duration_ms: 0.532111
  type: 'test'
  ...
# Subtest: submission errors strip transaction bytes and do not retry
ok 12 - submission errors strip transaction bytes and do not retry
  ---
  duration_ms: 0.508936
  type: 'test'
  ...
# Subtest: hanging submit is bounded and never reported as finalized
ok 13 - hanging submit is bounded and never reported as finalized
  ---
  duration_ms: 11.26965
  type: 'test'
  ...
# Subtest: close aborts observation and prevents future submissions
ok 14 - close aborts observation and prevents future submissions
  ---
  duration_ms: 0.611765
  type: 'test'
  ...
# Subtest: explicit network selection preserves historical SDK defaults
ok 15 - explicit network selection preserves historical SDK defaults
  ---
  duration_ms: 0.286425
  type: 'test'
  ...
# (node:881556) ExperimentalWarning: Module mocking is an experimental feature and might change at any time
# (Use `node --trace-warnings ...` to show where the warning was created)
# (node:881556) DeprecationWarning: mock.module(): options.namedExports is deprecated. Use options.exports instead.
# Subtest: selected WS production transport connects once and submits exact bytes without HTTP
ok 16 - selected WS production transport connects once and submits exact bytes without HTTP
  ---
  duration_ms: 2.091339
  type: 'test'
  ...
# Subtest: WS connection failure never constructs an extrinsic or reconnects
ok 17 - WS connection failure never constructs an extrinsic or reconnects
  ---
  duration_ms: 0.730646
  type: 'test'
  ...
# Subtest: WS waits for socket open after connect resolves
ok 18 - WS waits for socket open after connect resolves
  ---
  duration_ms: 10.373108
  type: 'test'
  ...
# Subtest: late socket open after timeout cannot submit
ok 19 - late socket open after timeout cannot submit
  ---
  duration_ms: 20.272071
  type: 'test'
  ...
1..19
# tests 19
# suites 0
# pass 19
# fail 0
# cancelled 0
# skipped 0
# todo 0
# duration_ms 1168.431804
