[Warning] Compiler: Variable 'BP0' defined but not used. Prefix variable name
with underscore if this is intentional.
	Source(/home/charl/Moriarty/.worktrees/sp03-transfer-only/experiments/moriarty-language/formal/k/moriarty.k)
	Location(105,42,105,45)
	105 |	  rule <k> finish(transferPacket(balance(BP0, BA0, B0), balance(BP1,
BA1, B1), allowance(AP, AA, AR, AS), obligation(OID, DEBTOR, CREDITOR, DENOM,
OA, P, I, O, RULE, STATUS), work(WR, WS, RES), transfer(TID, FROM, TO, TA, T),
H), SI, RI) => .K </k>
	    .	                                         ^~~
[Warning] Compiler: Variable 'BA0' defined but not used. Prefix variable name
with underscore if this is intentional.
	Source(/home/charl/Moriarty/.worktrees/sp03-transfer-only/experiments/moriarty-language/formal/k/moriarty.k)
	Location(105,47,105,50)
	105 |	  rule <k> finish(transferPacket(balance(BP0, BA0, B0), balance(BP1,
BA1, B1), allowance(AP, AA, AR, AS), obligation(OID, DEBTOR, CREDITOR, DENOM,
OA, P, I, O, RULE, STATUS), work(WR, WS, RES), transfer(TID, FROM, TO, TA, T),
H), SI, RI) => .K </k>
	    .	                                              ^~~
[Warning] Compiler: Variable 'BP1' defined but not used. Prefix variable name
with underscore if this is intentional.
	Source(/home/charl/Moriarty/.worktrees/sp03-transfer-only/experiments/moriarty-language/formal/k/moriarty.k)
	Location(105,65,105,68)
	105 |	  rule <k> finish(transferPacket(balance(BP0, BA0, B0), balance(BP1,
BA1, B1), allowance(AP, AA, AR, AS), obligation(OID, DEBTOR, CREDITOR, DENOM,
OA, P, I, O, RULE, STATUS), work(WR, WS, RES), transfer(TID, FROM, TO, TA, T),
H), SI, RI) => .K </k>
	    .	                                                                ^~~
[Warning] Compiler: Variable 'BA1' defined but not used. Prefix variable name
with underscore if this is intentional.
	Source(/home/charl/Moriarty/.worktrees/sp03-transfer-only/experiments/moriarty-language/formal/k/moriarty.k)
	Location(105,70,105,73)
	105 |	  rule <k> finish(transferPacket(balance(BP0, BA0, B0), balance(BP1,
BA1, B1), allowance(AP, AA, AR, AS), obligation(OID, DEBTOR, CREDITOR, DENOM,
OA, P, I, O, RULE, STATUS), work(WR, WS, RES), transfer(TID, FROM, TO, TA, T),
H), SI, RI) => .K </k>
	    .	                                                                     ^~~
[Warning] Compiler: Variable 'AP' defined but not used. Prefix variable name
with underscore if this is intentional.
	Source(/home/charl/Moriarty/.worktrees/sp03-transfer-only/experiments/moriarty-language/formal/k/moriarty.k)
	Location(105,90,105,92)
	105 |	  rule <k> finish(transferPacket(balance(BP0, BA0, B0), balance(BP1,
BA1, B1), allowance(AP, AA, AR, AS), obligation(OID, DEBTOR, CREDITOR, DENOM,
OA, P, I, O, RULE, STATUS), work(WR, WS, RES), transfer(TID, FROM, TO, TA, T),
H), SI, RI) => .K </k>
	    .	                                                                        
                ^~
[Warning] Compiler: Variable 'AA' defined but not used. Prefix variable name
with underscore if this is intentional.
	Source(/home/charl/Moriarty/.worktrees/sp03-transfer-only/experiments/moriarty-language/formal/k/moriarty.k)
	Location(105,94,105,96)
	105 |	  rule <k> finish(transferPacket(balance(BP0, BA0, B0), balance(BP1,
BA1, B1), allowance(AP, AA, AR, AS), obligation(OID, DEBTOR, CREDITOR, DENOM,
OA, P, I, O, RULE, STATUS), work(WR, WS, RES), transfer(TID, FROM, TO, TA, T),
H), SI, RI) => .K </k>
	    .	                                                                        
                    ^~
[Warning] Compiler: Variable 'OID' defined but not used. Prefix variable name
with underscore if this is intentional.
	Source(/home/charl/Moriarty/.worktrees/sp03-transfer-only/experiments/moriarty-language/formal/k/moriarty.k)
	Location(105,118,105,121)
	105 |	  rule <k> finish(transferPacket(balance(BP0, BA0, B0), balance(BP1,
BA1, B1), allowance(AP, AA, AR, AS), obligation(OID, DEBTOR, CREDITOR, DENOM,
OA, P, I, O, RULE, STATUS), work(WR, WS, RES), transfer(TID, FROM, TO, TA, T),
H), SI, RI) => .K </k>
	    .	                                                                        
                                            ^~~
[Warning] Compiler: Variable 'DEBTOR' defined but not used. Prefix variable
name with underscore if this is intentional.
	Source(/home/charl/Moriarty/.worktrees/sp03-transfer-only/experiments/moriarty-language/formal/k/moriarty.k)
	Location(105,123,105,129)
	105 |	  rule <k> finish(transferPacket(balance(BP0, BA0, B0), balance(BP1,
BA1, B1), allowance(AP, AA, AR, AS), obligation(OID, DEBTOR, CREDITOR, DENOM,
OA, P, I, O, RULE, STATUS), work(WR, WS, RES), transfer(TID, FROM, TO, TA, T),
H), SI, RI) => .K </k>
	    .	                                                                        
                                                 ^~~~~~
[Warning] Compiler: Variable 'CREDITOR' defined but not used. Prefix variable
name with underscore if this is intentional.
	Source(/home/charl/Moriarty/.worktrees/sp03-transfer-only/experiments/moriarty-language/formal/k/moriarty.k)
	Location(105,131,105,139)
	105 |	  rule <k> finish(transferPacket(balance(BP0, BA0, B0), balance(BP1,
BA1, B1), allowance(AP, AA, AR, AS), obligation(OID, DEBTOR, CREDITOR, DENOM,
OA, P, I, O, RULE, STATUS), work(WR, WS, RES), transfer(TID, FROM, TO, TA, T),
H), SI, RI) => .K </k>
	    .	                                                                        
                                                         ^~~~~~~~
[Warning] Compiler: Variable 'DENOM' defined but not used. Prefix variable name
with underscore if this is intentional.
	Source(/home/charl/Moriarty/.worktrees/sp03-transfer-only/experiments/moriarty-language/formal/k/moriarty.k)
	Location(105,141,105,146)
	105 |	  rule <k> finish(transferPacket(balance(BP0, BA0, B0), balance(BP1,
BA1, B1), allowance(AP, AA, AR, AS), obligation(OID, DEBTOR, CREDITOR, DENOM,
OA, P, I, O, RULE, STATUS), work(WR, WS, RES), transfer(TID, FROM, TO, TA, T),
H), SI, RI) => .K </k>
	    .	                                                                        
                                                                   ^~~~~
[Warning] Compiler: Variable 'OA' defined but not used. Prefix variable name
with underscore if this is intentional.
	Source(/home/charl/Moriarty/.worktrees/sp03-transfer-only/experiments/moriarty-language/formal/k/moriarty.k)
	Location(105,148,105,150)
	105 |	  rule <k> finish(transferPacket(balance(BP0, BA0, B0), balance(BP1,
BA1, B1), allowance(AP, AA, AR, AS), obligation(OID, DEBTOR, CREDITOR, DENOM,
OA, P, I, O, RULE, STATUS), work(WR, WS, RES), transfer(TID, FROM, TO, TA, T),
H), SI, RI) => .K </k>
	    .	                                                                        
                                                                          ^~
[Warning] Compiler: Variable 'P' defined but not used. Prefix variable name
with underscore if this is intentional.
	Source(/home/charl/Moriarty/.worktrees/sp03-transfer-only/experiments/moriarty-language/formal/k/moriarty.k)
	Location(105,152,105,153)
	105 |	  rule <k> finish(transferPacket(balance(BP0, BA0, B0), balance(BP1,
BA1, B1), allowance(AP, AA, AR, AS), obligation(OID, DEBTOR, CREDITOR, DENOM,
OA, P, I, O, RULE, STATUS), work(WR, WS, RES), transfer(TID, FROM, TO, TA, T),
H), SI, RI) => .K </k>
	    .	                                                                        
                                                                              ^
[Warning] Compiler: Variable 'I' defined but not used. Prefix variable name
with underscore if this is intentional.
	Source(/home/charl/Moriarty/.worktrees/sp03-transfer-only/experiments/moriarty-language/formal/k/moriarty.k)
	Location(105,155,105,156)
	105 |	  rule <k> finish(transferPacket(balance(BP0, BA0, B0), balance(BP1,
BA1, B1), allowance(AP, AA, AR, AS), obligation(OID, DEBTOR, CREDITOR, DENOM,
OA, P, I, O, RULE, STATUS), work(WR, WS, RES), transfer(TID, FROM, TO, TA, T),
H), SI, RI) => .K </k>
	    .	                                                                        
                                                                                
^
[Warning] Compiler: Variable 'O' defined but not used. Prefix variable name
with underscore if this is intentional.
	Source(/home/charl/Moriarty/.worktrees/sp03-transfer-only/experiments/moriarty-language/formal/k/moriarty.k)
	Location(105,158,105,159)
	105 |	  rule <k> finish(transferPacket(balance(BP0, BA0, B0), balance(BP1,
BA1, B1), allowance(AP, AA, AR, AS), obligation(OID, DEBTOR, CREDITOR, DENOM,
OA, P, I, O, RULE, STATUS), work(WR, WS, RES), transfer(TID, FROM, TO, TA, T),
H), SI, RI) => .K </k>
	    .	                                                                        
                                                                                
   ^
[Warning] Compiler: Variable 'RULE' defined but not used. Prefix variable name
with underscore if this is intentional.
	Source(/home/charl/Moriarty/.worktrees/sp03-transfer-only/experiments/moriarty-language/formal/k/moriarty.k)
	Location(105,161,105,165)
	105 |	  rule <k> finish(transferPacket(balance(BP0, BA0, B0), balance(BP1,
BA1, B1), allowance(AP, AA, AR, AS), obligation(OID, DEBTOR, CREDITOR, DENOM,
OA, P, I, O, RULE, STATUS), work(WR, WS, RES), transfer(TID, FROM, TO, TA, T),
H), SI, RI) => .K </k>
	    .	                                                                        
                                                                                
      ^~~~
[Warning] Compiler: Variable 'STATUS' defined but not used. Prefix variable
name with underscore if this is intentional.
	Source(/home/charl/Moriarty/.worktrees/sp03-transfer-only/experiments/moriarty-language/formal/k/moriarty.k)
	Location(105,167,105,173)
	105 |	  rule <k> finish(transferPacket(balance(BP0, BA0, B0), balance(BP1,
BA1, B1), allowance(AP, AA, AR, AS), obligation(OID, DEBTOR, CREDITOR, DENOM,
OA, P, I, O, RULE, STATUS), work(WR, WS, RES), transfer(TID, FROM, TO, TA, T),
H), SI, RI) => .K </k>
	    .	                                                                        
                                                                                
            ^~~~~~
[Warning] Compiler: Variable 'RES' defined but not used. Prefix variable name
with underscore if this is intentional.
	Source(/home/charl/Moriarty/.worktrees/sp03-transfer-only/experiments/moriarty-language/formal/k/moriarty.k)
	Location(105,189,105,192)
	105 |	  rule <k> finish(transferPacket(balance(BP0, BA0, B0), balance(BP1,
BA1, B1), allowance(AP, AA, AR, AS), obligation(OID, DEBTOR, CREDITOR, DENOM,
OA, P, I, O, RULE, STATUS), work(WR, WS, RES), transfer(TID, FROM, TO, TA, T),
H), SI, RI) => .K </k>
	    .	                                                                        
                                                                                
                                  ^~~
[Warning] Compiler: Variable 'TID' defined but not used. Prefix variable name
with underscore if this is intentional.
	Source(/home/charl/Moriarty/.worktrees/sp03-transfer-only/experiments/moriarty-language/formal/k/moriarty.k)
	Location(105,204,105,207)
	105 |	  rule <k> finish(transferPacket(balance(BP0, BA0, B0), balance(BP1,
BA1, B1), allowance(AP, AA, AR, AS), obligation(OID, DEBTOR, CREDITOR, DENOM,
OA, P, I, O, RULE, STATUS), work(WR, WS, RES), transfer(TID, FROM, TO, TA, T),
H), SI, RI) => .K </k>
	    .	                                                                        
                                                                                
                                                 ^~~
[Warning] Compiler: Variable 'FROM' defined but not used. Prefix variable name
with underscore if this is intentional.
	Source(/home/charl/Moriarty/.worktrees/sp03-transfer-only/experiments/moriarty-language/formal/k/moriarty.k)
	Location(105,209,105,213)
	105 |	  rule <k> finish(transferPacket(balance(BP0, BA0, B0), balance(BP1,
BA1, B1), allowance(AP, AA, AR, AS), obligation(OID, DEBTOR, CREDITOR, DENOM,
OA, P, I, O, RULE, STATUS), work(WR, WS, RES), transfer(TID, FROM, TO, TA, T),
H), SI, RI) => .K </k>
	    .	                                                                        
                                                                                
                                                      ^~~~
[Warning] Compiler: Variable 'TO' defined but not used. Prefix variable name
with underscore if this is intentional.
	Source(/home/charl/Moriarty/.worktrees/sp03-transfer-only/experiments/moriarty-language/formal/k/moriarty.k)
	Location(105,215,105,217)
	105 |	  rule <k> finish(transferPacket(balance(BP0, BA0, B0), balance(BP1,
BA1, B1), allowance(AP, AA, AR, AS), obligation(OID, DEBTOR, CREDITOR, DENOM,
OA, P, I, O, RULE, STATUS), work(WR, WS, RES), transfer(TID, FROM, TO, TA, T),
H), SI, RI) => .K </k>
	    .	                                                                        
                                                                                
                                                            ^~
[Warning] Compiler: Variable 'TA' defined but not used. Prefix variable name
with underscore if this is intentional.
	Source(/home/charl/Moriarty/.worktrees/sp03-transfer-only/experiments/moriarty-language/formal/k/moriarty.k)
	Location(105,219,105,221)
	105 |	  rule <k> finish(transferPacket(balance(BP0, BA0, B0), balance(BP1,
BA1, B1), allowance(AP, AA, AR, AS), obligation(OID, DEBTOR, CREDITOR, DENOM,
OA, P, I, O, RULE, STATUS), work(WR, WS, RES), transfer(TID, FROM, TO, TA, T),
H), SI, RI) => .K </k>
	    .	                                                                        
                                                                                
                                                                ^~
[Warning] Compiler: Variable 'BP0' defined but not used. Prefix variable name
with underscore if this is intentional.
	Source(/home/charl/Moriarty/.worktrees/sp03-transfer-only/experiments/moriarty-language/formal/k/moriarty.k)
	Location(109,34,109,37)
	109 |	  rule <k> finish(packet(balance(BP0, BA0, B0), balance(BP1, BA1, B1),
allowance(AP, AA, AR, AS), obligation(OID, DEBTOR, CREDITOR, DENOM, OA, P, I,
O, RULE, STATUS), work(WR, WS, RES), transfer(TID, FROM, TO, TA, T), repay(AID,
RTID, ROID, PAYER, N), H), SI, RI) => .K </k>
	    .	                                 ^~~
[Warning] Compiler: Variable 'BA0' defined but not used. Prefix variable name
with underscore if this is intentional.
	Source(/home/charl/Moriarty/.worktrees/sp03-transfer-only/experiments/moriarty-language/formal/k/moriarty.k)
	Location(109,39,109,42)
	109 |	  rule <k> finish(packet(balance(BP0, BA0, B0), balance(BP1, BA1, B1),
allowance(AP, AA, AR, AS), obligation(OID, DEBTOR, CREDITOR, DENOM, OA, P, I,
O, RULE, STATUS), work(WR, WS, RES), transfer(TID, FROM, TO, TA, T), repay(AID,
RTID, ROID, PAYER, N), H), SI, RI) => .K </k>
	    .	                                      ^~~
[Warning] Compiler: Variable 'BP1' defined but not used. Prefix variable name
with underscore if this is intentional.
	Source(/home/charl/Moriarty/.worktrees/sp03-transfer-only/experiments/moriarty-language/formal/k/moriarty.k)
	Location(109,57,109,60)
	109 |	  rule <k> finish(packet(balance(BP0, BA0, B0), balance(BP1, BA1, B1),
allowance(AP, AA, AR, AS), obligation(OID, DEBTOR, CREDITOR, DENOM, OA, P, I,
O, RULE, STATUS), work(WR, WS, RES), transfer(TID, FROM, TO, TA, T), repay(AID,
RTID, ROID, PAYER, N), H), SI, RI) => .K </k>
	    .	                                                        ^~~
[Warning] Compiler: Variable 'BA1' defined but not used. Prefix variable name
with underscore if this is intentional.
	Source(/home/charl/Moriarty/.worktrees/sp03-transfer-only/experiments/moriarty-language/formal/k/moriarty.k)
	Location(109,62,109,65)
	109 |	  rule <k> finish(packet(balance(BP0, BA0, B0), balance(BP1, BA1, B1),
allowance(AP, AA, AR, AS), obligation(OID, DEBTOR, CREDITOR, DENOM, OA, P, I,
O, RULE, STATUS), work(WR, WS, RES), transfer(TID, FROM, TO, TA, T), repay(AID,
RTID, ROID, PAYER, N), H), SI, RI) => .K </k>
	    .	                                                             ^~~
[Warning] Compiler: Variable 'AP' defined but not used. Prefix variable name
with underscore if this is intentional.
	Source(/home/charl/Moriarty/.worktrees/sp03-transfer-only/experiments/moriarty-language/formal/k/moriarty.k)
	Location(109,82,109,84)
	109 |	  rule <k> finish(packet(balance(BP0, BA0, B0), balance(BP1, BA1, B1),
allowance(AP, AA, AR, AS), obligation(OID, DEBTOR, CREDITOR, DENOM, OA, P, I,
O, RULE, STATUS), work(WR, WS, RES), transfer(TID, FROM, TO, TA, T), repay(AID,
RTID, ROID, PAYER, N), H), SI, RI) => .K </k>
	    .	                                                                        
        ^~
[Warning] Compiler: Variable 'AA' defined but not used. Prefix variable name
with underscore if this is intentional.
	Source(/home/charl/Moriarty/.worktrees/sp03-transfer-only/experiments/moriarty-language/formal/k/moriarty.k)
	Location(109,86,109,88)
	109 |	  rule <k> finish(packet(balance(BP0, BA0, B0), balance(BP1, BA1, B1),
allowance(AP, AA, AR, AS), obligation(OID, DEBTOR, CREDITOR, DENOM, OA, P, I,
O, RULE, STATUS), work(WR, WS, RES), transfer(TID, FROM, TO, TA, T), repay(AID,
RTID, ROID, PAYER, N), H), SI, RI) => .K </k>
	    .	                                                                        
            ^~
[Warning] Compiler: Variable 'OID' defined but not used. Prefix variable name
with underscore if this is intentional.
	Source(/home/charl/Moriarty/.worktrees/sp03-transfer-only/experiments/moriarty-language/formal/k/moriarty.k)
	Location(109,110,109,113)
	109 |	  rule <k> finish(packet(balance(BP0, BA0, B0), balance(BP1, BA1, B1),
allowance(AP, AA, AR, AS), obligation(OID, DEBTOR, CREDITOR, DENOM, OA, P, I,
O, RULE, STATUS), work(WR, WS, RES), transfer(TID, FROM, TO, TA, T), repay(AID,
RTID, ROID, PAYER, N), H), SI, RI) => .K </k>
	    .	                                                                        
                                    ^~~
[Warning] Compiler: Variable 'DEBTOR' defined but not used. Prefix variable
name with underscore if this is intentional.
	Source(/home/charl/Moriarty/.worktrees/sp03-transfer-only/experiments/moriarty-language/formal/k/moriarty.k)
	Location(109,115,109,121)
	109 |	  rule <k> finish(packet(balance(BP0, BA0, B0), balance(BP1, BA1, B1),
allowance(AP, AA, AR, AS), obligation(OID, DEBTOR, CREDITOR, DENOM, OA, P, I,
O, RULE, STATUS), work(WR, WS, RES), transfer(TID, FROM, TO, TA, T), repay(AID,
RTID, ROID, PAYER, N), H), SI, RI) => .K </k>
	    .	                                                                        
                                         ^~~~~~
[Warning] Compiler: Variable 'CREDITOR' defined but not used. Prefix variable
name with underscore if this is intentional.
	Source(/home/charl/Moriarty/.worktrees/sp03-transfer-only/experiments/moriarty-language/formal/k/moriarty.k)
	Location(109,123,109,131)
	109 |	  rule <k> finish(packet(balance(BP0, BA0, B0), balance(BP1, BA1, B1),
allowance(AP, AA, AR, AS), obligation(OID, DEBTOR, CREDITOR, DENOM, OA, P, I,
O, RULE, STATUS), work(WR, WS, RES), transfer(TID, FROM, TO, TA, T), repay(AID,
RTID, ROID, PAYER, N), H), SI, RI) => .K </k>
	    .	                                                                        
                                                 ^~~~~~~~
[Warning] Compiler: Variable 'DENOM' defined but not used. Prefix variable name
with underscore if this is intentional.
	Source(/home/charl/Moriarty/.worktrees/sp03-transfer-only/experiments/moriarty-language/formal/k/moriarty.k)
	Location(109,133,109,138)
	109 |	  rule <k> finish(packet(balance(BP0, BA0, B0), balance(BP1, BA1, B1),
allowance(AP, AA, AR, AS), obligation(OID, DEBTOR, CREDITOR, DENOM, OA, P, I,
O, RULE, STATUS), work(WR, WS, RES), transfer(TID, FROM, TO, TA, T), repay(AID,
RTID, ROID, PAYER, N), H), SI, RI) => .K </k>
	    .	                                                                        
                                                           ^~~~~
[Warning] Compiler: Variable 'OA' defined but not used. Prefix variable name
with underscore if this is intentional.
	Source(/home/charl/Moriarty/.worktrees/sp03-transfer-only/experiments/moriarty-language/formal/k/moriarty.k)
	Location(109,140,109,142)
	109 |	  rule <k> finish(packet(balance(BP0, BA0, B0), balance(BP1, BA1, B1),
allowance(AP, AA, AR, AS), obligation(OID, DEBTOR, CREDITOR, DENOM, OA, P, I,
O, RULE, STATUS), work(WR, WS, RES), transfer(TID, FROM, TO, TA, T), repay(AID,
RTID, ROID, PAYER, N), H), SI, RI) => .K </k>
	    .	                                                                        
                                                                  ^~
[Warning] Compiler: Variable 'STATUS' defined but not used. Prefix variable
name with underscore if this is intentional.
	Source(/home/charl/Moriarty/.worktrees/sp03-transfer-only/experiments/moriarty-language/formal/k/moriarty.k)
	Location(109,159,109,165)
	109 |	  rule <k> finish(packet(balance(BP0, BA0, B0), balance(BP1, BA1, B1),
allowance(AP, AA, AR, AS), obligation(OID, DEBTOR, CREDITOR, DENOM, OA, P, I,
O, RULE, STATUS), work(WR, WS, RES), transfer(TID, FROM, TO, TA, T), repay(AID,
RTID, ROID, PAYER, N), H), SI, RI) => .K </k>
	    .	                                                                        
                                                                                
    ^~~~~~
[Warning] Compiler: Variable 'RES' defined but not used. Prefix variable name
with underscore if this is intentional.
	Source(/home/charl/Moriarty/.worktrees/sp03-transfer-only/experiments/moriarty-language/formal/k/moriarty.k)
	Location(109,181,109,184)
	109 |	  rule <k> finish(packet(balance(BP0, BA0, B0), balance(BP1, BA1, B1),
allowance(AP, AA, AR, AS), obligation(OID, DEBTOR, CREDITOR, DENOM, OA, P, I,
O, RULE, STATUS), work(WR, WS, RES), transfer(TID, FROM, TO, TA, T), repay(AID,
RTID, ROID, PAYER, N), H), SI, RI) => .K </k>
	    .	                                                                        
                                                                                
                          ^~~
[Warning] Compiler: Variable 'TID' defined but not used. Prefix variable name
with underscore if this is intentional.
	Source(/home/charl/Moriarty/.worktrees/sp03-transfer-only/experiments/moriarty-language/formal/k/moriarty.k)
	Location(109,196,109,199)
	109 |	  rule <k> finish(packet(balance(BP0, BA0, B0), balance(BP1, BA1, B1),
allowance(AP, AA, AR, AS), obligation(OID, DEBTOR, CREDITOR, DENOM, OA, P, I,
O, RULE, STATUS), work(WR, WS, RES), transfer(TID, FROM, TO, TA, T), repay(AID,
RTID, ROID, PAYER, N), H), SI, RI) => .K </k>
	    .	                                                                        
                                                                                
                                         ^~~
[Warning] Compiler: Variable 'FROM' defined but not used. Prefix variable name
with underscore if this is intentional.
	Source(/home/charl/Moriarty/.worktrees/sp03-transfer-only/experiments/moriarty-language/formal/k/moriarty.k)
	Location(109,201,109,205)
	109 |	  rule <k> finish(packet(balance(BP0, BA0, B0), balance(BP1, BA1, B1),
allowance(AP, AA, AR, AS), obligation(OID, DEBTOR, CREDITOR, DENOM, OA, P, I,
O, RULE, STATUS), work(WR, WS, RES), transfer(TID, FROM, TO, TA, T), repay(AID,
RTID, ROID, PAYER, N), H), SI, RI) => .K </k>
	    .	                                                                        
                                                                                
                                              ^~~~
[Warning] Compiler: Variable 'TO' defined but not used. Prefix variable name
with underscore if this is intentional.
	Source(/home/charl/Moriarty/.worktrees/sp03-transfer-only/experiments/moriarty-language/formal/k/moriarty.k)
	Location(109,207,109,209)
	109 |	  rule <k> finish(packet(balance(BP0, BA0, B0), balance(BP1, BA1, B1),
allowance(AP, AA, AR, AS), obligation(OID, DEBTOR, CREDITOR, DENOM, OA, P, I,
O, RULE, STATUS), work(WR, WS, RES), transfer(TID, FROM, TO, TA, T), repay(AID,
RTID, ROID, PAYER, N), H), SI, RI) => .K </k>
	    .	                                                                        
                                                                                
                                                    ^~
[Warning] Compiler: Variable 'TA' defined but not used. Prefix variable name
with underscore if this is intentional.
	Source(/home/charl/Moriarty/.worktrees/sp03-transfer-only/experiments/moriarty-language/formal/k/moriarty.k)
	Location(109,211,109,213)
	109 |	  rule <k> finish(packet(balance(BP0, BA0, B0), balance(BP1, BA1, B1),
allowance(AP, AA, AR, AS), obligation(OID, DEBTOR, CREDITOR, DENOM, OA, P, I,
O, RULE, STATUS), work(WR, WS, RES), transfer(TID, FROM, TO, TA, T), repay(AID,
RTID, ROID, PAYER, N), H), SI, RI) => .K </k>
	    .	                                                                        
                                                                                
                                                        ^~
[Warning] Compiler: Variable 'AID' defined but not used. Prefix variable name
with underscore if this is intentional.
	Source(/home/charl/Moriarty/.worktrees/sp03-transfer-only/experiments/moriarty-language/formal/k/moriarty.k)
	Location(109,225,109,228)
	109 |	  rule <k> finish(packet(balance(BP0, BA0, B0), balance(BP1, BA1, B1),
allowance(AP, AA, AR, AS), obligation(OID, DEBTOR, CREDITOR, DENOM, OA, P, I,
O, RULE, STATUS), work(WR, WS, RES), transfer(TID, FROM, TO, TA, T), repay(AID,
RTID, ROID, PAYER, N), H), SI, RI) => .K </k>
	    .	                                                                        
                                                                                
                                                                      ^~~
[Warning] Compiler: Variable 'RTID' defined but not used. Prefix variable name
with underscore if this is intentional.
	Source(/home/charl/Moriarty/.worktrees/sp03-transfer-only/experiments/moriarty-language/formal/k/moriarty.k)
	Location(109,230,109,234)
	109 |	  rule <k> finish(packet(balance(BP0, BA0, B0), balance(BP1, BA1, B1),
allowance(AP, AA, AR, AS), obligation(OID, DEBTOR, CREDITOR, DENOM, OA, P, I,
O, RULE, STATUS), work(WR, WS, RES), transfer(TID, FROM, TO, TA, T), repay(AID,
RTID, ROID, PAYER, N), H), SI, RI) => .K </k>
	    .	                                                                        
                                                                                
                                                                           ^~~~
[Warning] Compiler: Variable 'ROID' defined but not used. Prefix variable name
with underscore if this is intentional.
	Source(/home/charl/Moriarty/.worktrees/sp03-transfer-only/experiments/moriarty-language/formal/k/moriarty.k)
	Location(109,236,109,240)
	109 |	  rule <k> finish(packet(balance(BP0, BA0, B0), balance(BP1, BA1, B1),
allowance(AP, AA, AR, AS), obligation(OID, DEBTOR, CREDITOR, DENOM, OA, P, I,
O, RULE, STATUS), work(WR, WS, RES), transfer(TID, FROM, TO, TA, T), repay(AID,
RTID, ROID, PAYER, N), H), SI, RI) => .K </k>
	    .	                                                                        
                                                                                
                                                                                
^~~~
[Warning] Compiler: Variable 'PAYER' defined but not used. Prefix variable name
with underscore if this is intentional.
	Source(/home/charl/Moriarty/.worktrees/sp03-transfer-only/experiments/moriarty-language/formal/k/moriarty.k)
	Location(109,242,109,247)
	109 |	  rule <k> finish(packet(balance(BP0, BA0, B0), balance(BP1, BA1, B1),
allowance(AP, AA, AR, AS), obligation(OID, DEBTOR, CREDITOR, DENOM, OA, P, I,
O, RULE, STATUS), work(WR, WS, RES), transfer(TID, FROM, TO, TA, T), repay(AID,
RTID, ROID, PAYER, N), H), SI, RI) => .K </k>
	    .	                                                                        
                                                                                
                                                                                
      ^~~~~
