✖ SP01 frontend premature episode status keeps NAME_RESOLUTION before later guard mismatch (5.605742ms)
✖ SP01 frontend premature notional status keeps NAME_RESOLUTION before later guard mismatch (1.500036ms)
✖ SP01 frontend policy effect ordinal overflow is UINT_RANGE at the target span (8.912211ms)
✔ SP01 frontend earlier guard TYPE_MISMATCH beats later overflowing policy ordinal (0.818847ms)
✔ SP01 frontend earlier uncovered Amount write beats later overflowing policy ordinal (0.826199ms)
✔ SP01 frontend earlier uncovered emit in another action or unit beats overflowing run ordinal (1.707437ms)
✔ SP01 frontend earlier invalid write target beats overflowing effect target in the same policy (0.697562ms)
ℹ tests 7
ℹ suites 0
ℹ pass 4
ℹ fail 3
ℹ cancelled 0
ℹ skipped 0
ℹ todo 0
ℹ duration_ms 126.177677

✖ failing tests:

test at experiments/moriarty-language/tests/frontend.test.mjs:392:1
✖ SP01 frontend premature episode status keeps NAME_RESOLUTION before later guard mismatch (5.605742ms)
  AssertionError [ERR_ASSERTION]: Expected values to be strictly equal:
  + actual - expected
  
  + 'TYPE_MISMATCH'
  - 'NAME_RESOLUTION'
  
      at Object.<anonymous> (file:///home/charl/Moriarty/.worktrees/sp01-frontend-grok/experiments/moriarty-language/tests/frontend.test.mjs:353:12)
      at expectedException (node:assert:578:17)
      at expectsError (node:assert:703:21)
      at strict.throws (node:assert:759:3)
      at sp01RejectsCompile (file:///home/charl/Moriarty/.worktrees/sp01-frontend-grok/experiments/moriarty-language/tests/frontend.test.mjs:351:10)
      at TestContext.<anonymous> (file:///home/charl/Moriarty/.worktrees/sp01-frontend-grok/experiments/moriarty-language/tests/frontend.test.mjs:398:3)
      at Test.runInAsyncScope (node:async_hooks:227:14)
      at Test.run (node:internal/test_runner/test:1325:25)
      at Test.start (node:internal/test_runner/test:1191:17)
      at startSubtestAfterBootstrap (node:internal/test_runner/harness:385:17) {
    generatedMessage: true,
    code: 'ERR_ASSERTION',
    actual: 'TYPE_MISMATCH',
    expected: 'NAME_RESOLUTION',
    operator: 'strictEqual',
    diff: 'simple'
  }

test at experiments/moriarty-language/tests/frontend.test.mjs:404:1
✖ SP01 frontend premature notional status keeps NAME_RESOLUTION before later guard mismatch (1.500036ms)
  AssertionError [ERR_ASSERTION]: Expected values to be strictly equal:
  + actual - expected
  
  + 'TYPE_MISMATCH'
  - 'NAME_RESOLUTION'
  
      at Object.<anonymous> (file:///home/charl/Moriarty/.worktrees/sp01-frontend-grok/experiments/moriarty-language/tests/frontend.test.mjs:353:12)
      at expectedException (node:assert:578:17)
      at expectsError (node:assert:703:21)
      at strict.throws (node:assert:759:3)
      at sp01RejectsCompile (file:///home/charl/Moriarty/.worktrees/sp01-frontend-grok/experiments/moriarty-language/tests/frontend.test.mjs:351:10)
      at TestContext.<anonymous> (file:///home/charl/Moriarty/.worktrees/sp01-frontend-grok/experiments/moriarty-language/tests/frontend.test.mjs:410:3)
      at Test.runInAsyncScope (node:async_hooks:227:14)
      at Test.run (node:internal/test_runner/test:1325:25)
      at Test.processPendingSubtests (node:internal/test_runner/test:911:18)
      at Test.postRun (node:internal/test_runner/test:1465:19) {
    generatedMessage: true,
    code: 'ERR_ASSERTION',
    actual: 'TYPE_MISMATCH',
    expected: 'NAME_RESOLUTION',
    operator: 'strictEqual',
    diff: 'simple'
  }

test at experiments/moriarty-language/tests/frontend.test.mjs:416:1
✖ SP01 frontend policy effect ordinal overflow is UINT_RANGE at the target span (8.912211ms)
  AssertionError [ERR_ASSERTION]: Expected values to be strictly equal:
  + actual - expected
  
  + 'POLICY_TARGET'
  - 'UINT_RANGE'
  
      at Object.<anonymous> (file:///home/charl/Moriarty/.worktrees/sp01-frontend-grok/experiments/moriarty-language/tests/frontend.test.mjs:353:12)
      at expectedException (node:assert:578:17)
      at expectsError (node:assert:703:21)
      at strict.throws (node:assert:759:3)
      at sp01RejectsCompile (file:///home/charl/Moriarty/.worktrees/sp01-frontend-grok/experiments/moriarty-language/tests/frontend.test.mjs:351:10)
      at TestContext.<anonymous> (file:///home/charl/Moriarty/.worktrees/sp01-frontend-grok/experiments/moriarty-language/tests/frontend.test.mjs:421:5)
      at Test.runInAsyncScope (node:async_hooks:227:14)
      at Test.run (node:internal/test_runner/test:1325:25)
      at Test.processPendingSubtests (node:internal/test_runner/test:911:18)
      at Test.postRun (node:internal/test_runner/test:1465:19) {
    generatedMessage: true,
    code: 'ERR_ASSERTION',
    actual: 'POLICY_TARGET',
    expected: 'UINT_RANGE',
    operator: 'strictEqual',
    diff: 'simple'
  }
