✔ complete parser rejects comments, plain division, chained comparison, trailing input and unknown syntax (3.543884ms)
✔ canonical codec uses ASCII key order, preserves scalar text, and rejects alternative bytes (0.963709ms)
✔ UTF8 spans and erased parentheses retain independent literal span (7.613564ms)
✔ typing rejects forward values, duplicate state writes, wrong actors and nominal units (7.037475ms)
✔ both complete supplied programs produce deterministic full AST, typed annotations, Core and hashes (88.383855ms)
✔ precedence, left association, floor numerator preorder and per-statement IDs are exact (3.182839ms)
✔ unit algebra produces ordered Quantity vectors and cancels exactly without erasing nominal amounts (3.172008ms)
✔ policies reject missing, duplicate, wrong-unit, future and nonfinancial bindings (27.286692ms)
✔ explicit reserve rules are generic, hash-bound, and require the exact structural guard (69.188912ms)
✔ settlements, statuses and exact effect schemas reject malformed records (28.448255ms)
✔ every aggregate encoding and action shape limit is enforced jointly (78.878057ms)
✔ canonical codec rejects sparse, decorated and accessor containers (0.326625ms)
✔ profile-valid redundant parentheses exceed128 without consuming semantic depth (28.748365ms)
✔ public frontend returns one closed diagnostic at earliest stage with exact fields (2.766659ms)
✔ independent stage6 errors select smallest source span, including earlier policies (4.606422ms)
✔ validated canonical record decoding requires a schema validator (0.486916ms)
✔ semantic depth boundary16 accepts and17 rejects with PROGRAM_BOUNDS (9.070089ms)
✔ both example hashes and canonical full records retain audited materialization bytes (58.073445ms)
✔ internal nonadmitted configuration isolates typed versus manifest bounds; public APIs reject overrides (2.985719ms)
✔ malformed settlement literal kinds are stage4 declaration errors after complete syntax (1.573104ms)
✔ settlement wrong shape wins before semantic errors while valid shapes reach stage6 (0.935811ms)
✔ keyword misuse is syntax stage3, reserved tokens are lexical stage2, with numeric stage priority (0.91541ms)
✔ Const State Episode and guard literals preserve schema-versus-typing distinctions (4.221791ms)
✔ loan and swap policies may follow all actions with complete-table metadata resolution (206.531866ms)
✔ policies after actions retain stage6 invalid-target and invalid-rounding controls (32.316964ms)
✔ unexpected astral source characters have exact complete-scalar UTF8 lexical spans (1.039391ms)
✔ SP01 frontend premature episode status keeps NAME_RESOLUTION before later guard mismatch (1.211633ms)
✔ SP01 frontend premature notional status keeps NAME_RESOLUTION before later guard mismatch (1.104745ms)
✔ SP01 frontend policy effect ordinal overflow is UINT_RANGE at the target span (7.204216ms)
✔ SP01 frontend earlier guard TYPE_MISMATCH beats later overflowing policy ordinal (0.94796ms)
✔ SP01 frontend earlier uncovered Amount write beats later overflowing policy ordinal (0.757386ms)
✔ SP01 frontend earlier uncovered emit in another action or unit beats overflowing run ordinal (1.097063ms)
✔ SP01 frontend earlier invalid write target beats overflowing effect target in the same policy (0.382773ms)
ℹ tests 33
ℹ suites 0
ℹ pass 33
ℹ fail 0
ℹ cancelled 0
ℹ skipped 0
ℹ todo 0
ℹ duration_ms 798.416864
