✔ exact registered bytes independently reproduce the pinned bounds hash and accepted program (62.222686ms)
✔ public frontend rejects all modified and malformed bounds without leaked host exceptions (1095.693098ms)
✔ earlier source diagnostics retain stage priority over malformed registry bytes (29.214655ms)
✔ derive rechecks exact registry even when a forged full program matches altered bounds (520.775987ms)
✔ backend registry admission precedes authentication or commit, including absent binding bytes (277.583687ms)
✔ detached or disguised byte views fail closed; caller mutation cannot alter the trusted registry (154.986971ms)
✔ a source stage7 failure is retained ahead of a bounds stage8 mismatch (4.733515ms)
✔ oversized bounds and decorated typed-array length cannot bypass bounded admission (122.24065ms)
✔ oversized bounds are rejected before encoder or digest work on their contents (0.558272ms)
✔ missing local binding and invalid simulator byte containers reject at program admission (47.840702ms)
✔ closed runtime schema admission precedes authentication even with registered source and bounds (77.506026ms)
✔ Core source-map edits have SOURCE_MAP while non-Core manifest edits have PROGRAM_ENCODING (119.707832ms)
✔ complete parser rejects comments, plain division, chained comparison, trailing input and unknown syntax (3.214994ms)
✔ canonical codec uses ASCII key order, preserves scalar text, and rejects alternative bytes (1.144419ms)
✔ UTF8 spans and erased parentheses retain independent literal span (5.488403ms)
✔ typing rejects forward values, duplicate state writes, wrong actors and nominal units (3.717156ms)
✔ both complete supplied programs produce deterministic full AST, typed annotations, Core and hashes (71.269203ms)
✔ precedence, left association, floor numerator preorder and per-statement IDs are exact (2.858968ms)
✔ unit algebra produces ordered Quantity vectors and cancels exactly without erasing nominal amounts (2.5457ms)
✔ policies reject missing, duplicate, wrong-unit, future and nonfinancial bindings (21.723986ms)
✔ explicit reserve rules are generic, hash-bound, and require the exact structural guard (62.464905ms)
✔ settlements, statuses and exact effect schemas reject malformed records (17.46168ms)
✔ every aggregate encoding and action shape limit is enforced jointly (70.679466ms)
✔ canonical codec rejects sparse, decorated and accessor containers (0.312238ms)
✔ profile-valid redundant parentheses exceed128 without consuming semantic depth (29.448418ms)
✔ public frontend returns one closed diagnostic at earliest stage with exact fields (2.572411ms)
✔ independent stage6 errors select smallest source span, including earlier policies (4.342285ms)
✔ validated canonical record decoding requires a schema validator (0.379522ms)
✔ semantic depth boundary16 accepts and17 rejects with PROGRAM_BOUNDS (9.274602ms)
✔ both example hashes and canonical full records retain audited materialization bytes (59.180708ms)
✔ internal nonadmitted configuration isolates typed versus manifest bounds; public APIs reject overrides (3.785915ms)
✔ malformed settlement literal kinds are stage4 declaration errors after complete syntax (1.485099ms)
✔ settlement wrong shape wins before semantic errors while valid shapes reach stage6 (0.91641ms)
✔ keyword misuse is syntax stage3, reserved tokens are lexical stage2, with numeric stage priority (0.709493ms)
✔ Const State Episode and guard literals preserve schema-versus-typing distinctions (4.006437ms)
✔ loan and swap policies may follow all actions with complete-table metadata resolution (228.872796ms)
✔ policies after actions retain stage6 invalid-target and invalid-rounding controls (31.87487ms)
✔ unexpected astral source characters have exact complete-scalar UTF8 lexical spans (0.704359ms)
✔ SP01 frontend premature episode status keeps NAME_RESOLUTION before later guard mismatch (1.089338ms)
✔ SP01 frontend premature notional status keeps NAME_RESOLUTION before later guard mismatch (1.098581ms)
✔ SP01 frontend policy effect ordinal overflow is UINT_RANGE at the target span (5.775394ms)
✔ SP01 frontend earlier guard TYPE_MISMATCH beats later overflowing policy ordinal (0.598226ms)
✔ SP01 frontend earlier uncovered Amount write beats later overflowing policy ordinal (0.602578ms)
✔ SP01 frontend earlier uncovered emit in another action or unit beats overflowing run ordinal (0.941636ms)
✔ SP01 frontend earlier invalid write target beats overflowing effect target in the same policy (0.576394ms)
✔ generic mapper compiles full loan and swap functions and matches all state/effect operands for four transitions (1097.950131ms)
✔ every supplied arithmetic hint is constrained; minOut, actor, state order and lifecycle changes reject (787.890605ms)
✔ unsupported text and short-circuit forms fail closed, while numeric-looking Text remains nominal (9.583528ms)
✔ dynamic compiled overflow is rejected before a later fitting division (291.015685ms)
✔ source map covers every Core expression and numeric unit metadata survives lowering (36.508763ms)
✔ test-only snapshot harness compiles ZKIR and records complete kernel result without mutating failed input state (750.149558ms)
✔ loan accrual and settlement preserve all fields and obligation tombstones (114.252462ms)
✔ swap and close read state and capture effects in source order (91.438931ms)
✔ actionHash binds changed min_out even with identical resulting writes and effects (77.93558ms)
✔ missing backend and client boolean claims cannot produce accepted Complete (18.540699ms)
✔ checked arithmetic rejects overflow BEFORE division, subtraction underflow and zero divisor atomically (18.39032ms)
✔ short circuit execution counts visited expressions and permits Bool and Quantity locals (13.449006ms)
✔ typed input units, unknown members, nominal minOut and state tampering fail closed (181.736754ms)
✔ principal, provider, external prechecks, expiry, invariant, reserve and exhaustion reject (420.956246ms)
✔ exact plan construction is explicitly unsigned simulation, then exact matching rejects changes (134.559848ms)
✔ obligation identity, tombstones, exact amounts and transfer conservation are enforced (288.792039ms)
✔ quantum uses nominal subunits per ledger unit and rejects indivisible transfer or mismatched asset (20.15639ms)
✔ outcome gross caps include fees and never net refunds; net goals include every debit (50.865474ms)
✔ all four complete financial traces agree with retained independent legacy evaluator after documented renaming (150.907456ms)
✔ policy provenance cannot discard floor nodes, and committed action provenance resets (7.864502ms)
✔ rehashed malicious Core and source-map changes cannot substitute for source lowering (38.804282ms)
✔ all binding equalities reject independently even after recomputing affected digest wrappers (328.015043ms)
✔ backend authentication is mandatory, replay prechecks cannot be copied, and unavailable proof work cannot commit (73.48127ms)
✔ resource count body omits the entire counts member and includes every other value (42.816271ms)
✔ same-action creation and settlement preserve immutable event-time delta snapshots (12.437627ms)
✔ empty action has zero expression maxima and consumes one finite allowance (4.191158ms)
✔ original runtime hidden is rejected without normalization or executing user code (66.448383ms)
✔ original runtime symbol is rejected without normalization or executing user code (66.966061ms)
✔ original runtime prototype is rejected without normalization or executing user code (65.382774ms)
✔ original runtime getter is rejected without normalization or executing user code (65.840051ms)
✔ original runtime nested-getter is rejected without normalization or executing user code (65.010057ms)
✔ original runtime array-getter is rejected without normalization or executing user code (68.155275ms)
✔ original runtime array-prototype is rejected without normalization or executing user code (64.770987ms)
✔ original runtime proxy is rejected without normalization or executing user code (66.772054ms)
✔ loan settlement before accrual rejects at its exact source guard, adjacent ordered settlement succeeds (106.831708ms)
✔ ExactPlan rejects extra and reordered effects next to its exact accepting plan (139.201299ms)
✔ retained obligation capacity accepts 127 plus one and rejects 128 plus one, including settled identities (51.846466ms)
✔ runtime counts attain the admitted instruction/local/node bounds; the next source size rejects before execution (169.503303ms)
✔ registered RESULT_BOUNDS has an adjacent valid-input accepting boundary without custom registry limits (431.688623ms)
✔ valid false client checks are replaced, while the admitted backend tuple is deeply immutable (54.842691ms)
ℹ tests 85
ℹ suites 0
ℹ pass 85
ℹ fail 0
ℹ cancelled 0
ℹ skipped 0
ℹ todo 0
ℹ duration_ms 10181.020979
