[2026-09-05 14:08:07] INFO: Fetched (200) <GET https://kframework.org/> (referer: https://www.google.com/)
[2026-09-05 14:08:08] INFO: Fetched (200) <GET https://kframework.org/docs/cheat_sheet/> (referer: https://www.google.com/)
[2026-09-05 14:08:09] INFO: Fetched (200) <GET https://kframework.org/docs/ktools/> (referer: https://www.google.com/)
[2026-09-05 14:08:10] INFO: Fetched (200) <GET https://kframework.org/docs/user_manual/> (referer: https://www.google.com/)
[2026-09-05 14:08:10] INFO: Fetched (200) <GET https://kframework.org/editor_support/> (referer: https://www.google.com/)
[2026-09-05 14:08:11] INFO: Fetched (200) <GET https://kframework.org/exports/K.html> (referer: https://www.google.com/)
[2026-09-05 14:08:12] INFO: Fetched (200) <GET https://kframework.org/faq/> (referer: https://www.google.com/)
[2026-09-05 14:08:13] INFO: Fetched (200) <GET https://kframework.org/index.html> (referer: https://www.google.com/)
[2026-09-05 14:08:14] INFO: Fetched (200) <GET https://kframework.org/k-distribution/include/kframework/> (referer: https://www.google.com/)
[2026-09-05 14:08:14] INFO: Fetched (404) <GET https://kframework.org/k-distribution/include/kframework/builtin/> (referer: https://www.google.com/)
[2026-09-05 14:08:15] INFO: Fetched (200) <GET https://kframework.org/k-distribution/include/kframework/builtin/domains/> (referer: https://www.google.com/)
[2026-09-05 14:08:16] INFO: Fetched (200) <GET https://kframework.org/k-distribution/include/kframework/builtin/ffi/> (referer: https://www.google.com/)
[2026-09-05 14:08:16] INFO: Fetched (200) <GET https://kframework.org/k-distribution/include/kframework/builtin/json/> (referer: https://www.google.com/)
[2026-09-05 14:08:17] INFO: Fetched (200) <GET https://kframework.org/k-distribution/include/kframework/builtin/kast/> (referer: https://www.google.com/)
[2026-09-05 14:08:18] INFO: Fetched (200) <GET https://kframework.org/k-distribution/include/kframework/builtin/prelude/> (referer: https://www.google.com/)
[2026-09-05 14:08:18] INFO: Fetched (200) <GET https://kframework.org/k-distribution/include/kframework/builtin/rat/> (referer: https://www.google.com/)
[2026-09-05 14:08:19] INFO: Fetched (200) <GET https://kframework.org/k-distribution/include/kframework/builtin/substitution/> (referer: https://www.google.com/)
[2026-09-05 14:08:20] INFO: Fetched (200) <GET https://kframework.org/k-distribution/k-tutorial/> (referer: https://www.google.com/)
[2026-09-05 14:08:21] INFO: Fetched (200) <GET https://kframework.org/k-distribution/k-tutorial/1_basic/> (referer: https://www.google.com/)
[2026-09-05 14:08:21] INFO: Fetched (200) <GET https://kframework.org/k-distribution/k-tutorial/1_basic/01_installing/> (referer: https://www.google.com/)
[2026-09-05 14:08:22] INFO: Fetched (200) <GET https://kframework.org/k-distribution/k-tutorial/1_basic/02_basics/> (referer: https://www.google.com/)
[2026-09-05 14:08:23] INFO: Fetched (200) <GET https://kframework.org/k-distribution/k-tutorial/1_basic/03_parsing/> (referer: https://www.google.com/)
[2026-09-05 14:08:23] INFO: Fetched (200) <GET https://kframework.org/k-distribution/k-tutorial/1_basic/04_disambiguation/> (referer: https://www.google.com/)
[2026-09-05 14:08:24] INFO: Fetched (200) <GET https://kframework.org/k-distribution/k-tutorial/1_basic/05_modules/> (referer: https://www.google.com/)
[2026-09-05 14:08:24] INFO: Fetched (200) <GET https://kframework.org/k-distribution/k-tutorial/1_basic/06_ints_and_bools/> (referer: https://www.google.com/)
[2026-09-05 14:08:25] INFO: Fetched (200) <GET https://kframework.org/k-distribution/k-tutorial/1_basic/07_side_conditions/> (referer: https://www.google.com/)
[2026-09-05 14:08:26] INFO: Fetched (200) <GET https://kframework.org/k-distribution/k-tutorial/1_basic/08_literate_programming/> (referer: https://www.google.com/)
[2026-09-05 14:08:26] INFO: Fetched (200) <GET https://kframework.org/k-distribution/k-tutorial/1_basic/09_unparsing/> (referer: https://www.google.com/)
[2026-09-05 14:08:27] INFO: Fetched (200) <GET https://kframework.org/k-distribution/k-tutorial/1_basic/10_strings/> (referer: https://www.google.com/)
[2026-09-05 14:08:28] INFO: Fetched (200) <GET https://kframework.org/k-distribution/k-tutorial/1_basic/11_casts/> (referer: https://www.google.com/)
[2026-09-05 14:08:28] INFO: Fetched (200) <GET https://kframework.org/k-distribution/k-tutorial/1_basic/12_syntactic_lists/> (referer: https://www.google.com/)
[2026-09-05 14:08:29] INFO: Fetched (200) <GET https://kframework.org/k-distribution/k-tutorial/1_basic/13_rewrite_rules/> (referer: https://www.google.com/)
[2026-09-05 14:08:30] INFO: Fetched (200) <GET https://kframework.org/k-distribution/k-tutorial/1_basic/14_evaluation_order/> (referer: https://www.google.com/)
[2026-09-05 14:08:30] INFO: Fetched (200) <GET https://kframework.org/k-distribution/k-tutorial/1_basic/15_configurations/> (referer: https://www.google.com/)
[2026-09-05 14:08:31] INFO: Fetched (200) <GET https://kframework.org/k-distribution/k-tutorial/1_basic/16_collections/> (referer: https://www.google.com/)
[2026-09-05 14:08:32] INFO: Fetched (200) <GET https://kframework.org/k-distribution/k-tutorial/1_basic/17_cell_multiplicity/> (referer: https://www.google.com/)
[2026-09-05 14:08:32] INFO: Fetched (200) <GET https://kframework.org/k-distribution/k-tutorial/1_basic/18_equality_and_conditionals/> (referer: https://www.google.com/)
[2026-09-05 14:08:33] INFO: Fetched (200) <GET https://kframework.org/k-distribution/k-tutorial/1_basic/19_debugging/> (referer: https://www.google.com/)
[2026-09-05 14:08:34] INFO: Fetched (200) <GET https://kframework.org/k-distribution/k-tutorial/1_basic/20_backends/> (referer: https://www.google.com/)
[2026-09-05 14:08:35] INFO: Fetched (200) <GET https://kframework.org/k-distribution/k-tutorial/1_basic/21_symbolic_execution/> (referer: https://www.google.com/)
[2026-09-05 14:08:36] INFO: Fetched (200) <GET https://kframework.org/k-distribution/k-tutorial/1_basic/22_proofs/> (referer: https://www.google.com/)
[2026-09-05 14:08:37] INFO: Fetched (200) <GET https://kframework.org/k-distribution/k-tutorial/2_intermediate/> (referer: https://www.google.com/)
[2026-09-05 14:08:37] INFO: Fetched (200) <GET https://kframework.org/k-distribution/k-tutorial/2_intermediate/01_macros/> (referer: https://www.google.com/)
[2026-09-05 14:08:39] INFO: Fetched (200) <GET https://kframework.org/k-distribution/k-tutorial/2_intermediate/02_fresh_constants/> (referer: https://www.google.com/)
[2026-09-05 14:08:39] INFO: Fetched (200) <GET https://kframework.org/k-distribution/k-tutorial/2_intermediate/03_klabels/> (referer: https://www.google.com/)
[2026-09-05 14:08:40] INFO: Fetched (200) <GET https://kframework.org/k-distribution/k-tutorial/2_intermediate/04_overloading/> (referer: https://www.google.com/)
[2026-09-05 14:08:41] INFO: Fetched (200) <GET https://kframework.org/k-distribution/k-tutorial/2_intermediate/05_matching_logic/> (referer: https://www.google.com/)
[2026-09-05 14:08:41] INFO: Fetched (200) <GET https://kframework.org/k-distribution/k-tutorial/2_intermediate/06_function_context/> (referer: https://www.google.com/)
[2026-09-05 14:08:42] INFO: Fetched (200) <GET https://kframework.org/k-distribution/k-tutorial/2_intermediate/07_record_productions/> (referer: https://www.google.com/)
[2026-09-05 14:08:43] INFO: Fetched (200) <GET https://kframework.org/k-distribution/k-tutorial/2_intermediate/08_fun_and_let/> (referer: https://www.google.com/)
[2026-09-05 14:08:43] INFO: Fetched (200) <GET https://kframework.org/k-distribution/k-tutorial/2_intermediate/09_as/> (referer: https://www.google.com/)
[2026-09-05 14:08:44] INFO: Fetched (200) <GET https://kframework.org/k-distribution/k-tutorial/2_intermediate/10_matching_operator/> (referer: https://www.google.com/)
[2026-09-05 14:08:45] INFO: Fetched (200) <GET https://kframework.org/k-distribution/k-tutorial/2_intermediate/11_evaluation_order/> (referer: https://www.google.com/)
[2026-09-05 14:08:45] INFO: Fetched (200) <GET https://kframework.org/k-distribution/k-tutorial/2_intermediate/12_floats_and_machine_ints/> (referer: https://www.google.com/)
[2026-09-05 14:08:46] INFO: Fetched (200) <GET https://kframework.org/k-distribution/k-tutorial/2_intermediate/13_substitution/> (referer: https://www.google.com/)
[2026-09-05 14:08:47] INFO: Fetched (200) <GET https://kframework.org/k-distribution/k-tutorial/2_intermediate/14_io/> (referer: https://www.google.com/)
[2026-09-05 14:08:47] INFO: Fetched (200) <GET https://kframework.org/k-distribution/k-tutorial/2_intermediate/15_string_buffers_and_bytes/> (referer: https://www.google.com/)
[2026-09-05 14:08:48] INFO: Fetched (200) <GET https://kframework.org/k-distribution/k-tutorial/2_intermediate/16_kore/> (referer: https://www.google.com/)
[2026-09-05 14:08:48] INFO: Fetched (200) <GET https://kframework.org/k-distribution/k-tutorial/2_intermediate/17_debugging_proofs/> (referer: https://www.google.com/)
[2026-09-05 14:08:49] INFO: Fetched (200) <GET https://kframework.org/k-distribution/pl-tutorial/> (referer: https://www.google.com/)
[2026-09-05 14:08:50] INFO: Fetched (200) <GET https://kframework.org/k-distribution/pl-tutorial/1_k/> (referer: https://www.google.com/)
[2026-09-05 14:08:50] INFO: Fetched (200) <GET https://kframework.org/k-distribution/pl-tutorial/1_k/1_lambda/> (referer: https://www.google.com/)
[2026-09-05 14:08:51] INFO: Fetched (200) <GET https://kframework.org/k-distribution/pl-tutorial/1_k/1_lambda/lesson_1/> (referer: https://www.google.com/)
[2026-09-05 14:08:52] INFO: Fetched (200) <GET https://kframework.org/k-distribution/pl-tutorial/1_k/1_lambda/lesson_2/> (referer: https://www.google.com/)
[2026-09-05 14:08:52] INFO: Fetched (200) <GET https://kframework.org/k-distribution/pl-tutorial/1_k/1_lambda/lesson_3/> (referer: https://www.google.com/)
[2026-09-05 14:08:53] INFO: Fetched (200) <GET https://kframework.org/k-distribution/pl-tutorial/1_k/1_lambda/lesson_4/> (referer: https://www.google.com/)
[2026-09-05 14:08:54] INFO: Fetched (200) <GET https://kframework.org/k-distribution/pl-tutorial/1_k/1_lambda/lesson_5/> (referer: https://www.google.com/)
[2026-09-05 14:08:55] INFO: Fetched (200) <GET https://kframework.org/k-distribution/pl-tutorial/1_k/1_lambda/lesson_6/> (referer: https://www.google.com/)
[2026-09-05 14:08:55] INFO: Fetched (200) <GET https://kframework.org/k-distribution/pl-tutorial/1_k/1_lambda/lesson_7/> (referer: https://www.google.com/)
[2026-09-05 14:08:56] INFO: Fetched (200) <GET https://kframework.org/k-distribution/pl-tutorial/1_k/1_lambda/lesson_8/> (referer: https://www.google.com/)
[2026-09-05 14:08:57] INFO: Fetched (200) <GET https://kframework.org/k-distribution/pl-tutorial/1_k/1_lambda/lesson_9/> (referer: https://www.google.com/)
[2026-09-05 14:08:58] INFO: Fetched (200) <GET https://kframework.org/k-distribution/pl-tutorial/1_k/2_imp/> (referer: https://www.google.com/)
[2026-09-05 14:08:58] INFO: Fetched (200) <GET https://kframework.org/k-distribution/pl-tutorial/1_k/2_imp/lesson_1/> (referer: https://www.google.com/)
[2026-09-05 14:08:59] INFO: Fetched (200) <GET https://kframework.org/k-distribution/pl-tutorial/1_k/2_imp/lesson_2/> (referer: https://www.google.com/)
[2026-09-05 14:08:59] INFO: Fetched (200) <GET https://kframework.org/k-distribution/pl-tutorial/1_k/2_imp/lesson_3/> (referer: https://www.google.com/)
[2026-09-05 14:09:00] INFO: Fetched (200) <GET https://kframework.org/k-distribution/pl-tutorial/1_k/2_imp/lesson_4/> (referer: https://www.google.com/)
[2026-09-05 14:09:01] INFO: Fetched (200) <GET https://kframework.org/k-distribution/pl-tutorial/1_k/2_imp/lesson_5/> (referer: https://www.google.com/)
[2026-09-05 14:09:01] INFO: Fetched (200) <GET https://kframework.org/k-distribution/pl-tutorial/1_k/3_lambda++/> (referer: https://www.google.com/)
[2026-09-05 14:09:02] INFO: Fetched (200) <GET https://kframework.org/k-distribution/pl-tutorial/1_k/3_lambda++/lesson_1/> (referer: https://www.google.com/)
[2026-09-05 14:09:03] INFO: Fetched (200) <GET https://kframework.org/k-distribution/pl-tutorial/1_k/3_lambda++/lesson_2/> (referer: https://www.google.com/)
[2026-09-05 14:09:03] INFO: Fetched (200) <GET https://kframework.org/k-distribution/pl-tutorial/1_k/3_lambda++/lesson_3/> (referer: https://www.google.com/)
[2026-09-05 14:09:04] INFO: Fetched (200) <GET https://kframework.org/k-distribution/pl-tutorial/1_k/3_lambda++/lesson_4/> (referer: https://www.google.com/)
[2026-09-05 14:09:05] INFO: Fetched (200) <GET https://kframework.org/k-distribution/pl-tutorial/1_k/3_lambda++/lesson_5/> (referer: https://www.google.com/)
[2026-09-05 14:09:05] INFO: Fetched (200) <GET https://kframework.org/k-distribution/pl-tutorial/1_k/3_lambda++/lesson_6/> (referer: https://www.google.com/)
[2026-09-05 14:09:06] INFO: Fetched (200) <GET https://kframework.org/k-distribution/pl-tutorial/1_k/4_imp++/> (referer: https://www.google.com/)
[2026-09-05 14:09:07] INFO: Fetched (200) <GET https://kframework.org/k-distribution/pl-tutorial/1_k/4_imp++/lesson_1/> (referer: https://www.google.com/)
[2026-09-05 14:09:07] INFO: Fetched (200) <GET https://kframework.org/k-distribution/pl-tutorial/1_k/4_imp++/lesson_2/> (referer: https://www.google.com/)
[2026-09-05 14:09:08] INFO: Fetched (200) <GET https://kframework.org/k-distribution/pl-tutorial/1_k/4_imp++/lesson_3/> (referer: https://www.google.com/)
[2026-09-05 14:09:08] INFO: Fetched (200) <GET https://kframework.org/k-distribution/pl-tutorial/1_k/4_imp++/lesson_4/> (referer: https://www.google.com/)
[2026-09-05 14:09:09] INFO: Fetched (200) <GET https://kframework.org/k-distribution/pl-tutorial/1_k/4_imp++/lesson_5/> (referer: https://www.google.com/)
[2026-09-05 14:09:10] INFO: Fetched (200) <GET https://kframework.org/k-distribution/pl-tutorial/1_k/4_imp++/lesson_6/> (referer: https://www.google.com/)
[2026-09-05 14:09:10] INFO: Fetched (200) <GET https://kframework.org/k-distribution/pl-tutorial/1_k/4_imp++/lesson_7/> (referer: https://www.google.com/)
[2026-09-05 14:09:11] INFO: Fetched (200) <GET https://kframework.org/k-distribution/pl-tutorial/1_k/4_imp++/lesson_8/> (referer: https://www.google.com/)
[2026-09-05 14:09:12] INFO: Fetched (200) <GET https://kframework.org/k-distribution/pl-tutorial/1_k/5_types/> (referer: https://www.google.com/)
[2026-09-05 14:09:12] INFO: Fetched (200) <GET https://kframework.org/k-distribution/pl-tutorial/1_k/5_types/lesson_1/> (referer: https://www.google.com/)
[2026-09-05 14:09:13] INFO: Fetched (200) <GET https://kframework.org/k-distribution/pl-tutorial/1_k/5_types/lesson_2/> (referer: https://www.google.com/)
[2026-09-05 14:09:14] INFO: Fetched (200) <GET https://kframework.org/k-distribution/pl-tutorial/1_k/5_types/lesson_3/> (referer: https://www.google.com/)
[2026-09-05 14:09:14] INFO: Fetched (200) <GET https://kframework.org/k-distribution/pl-tutorial/1_k/5_types/lesson_4/> (referer: https://www.google.com/)
[2026-09-05 14:09:15] INFO: Fetched (200) <GET https://kframework.org/k-distribution/pl-tutorial/1_k/5_types/lesson_5/> (referer: https://www.google.com/)
[2026-09-05 14:09:16] INFO: Fetched (200) <GET https://kframework.org/k-distribution/pl-tutorial/1_k/5_types/lesson_6/> (referer: https://www.google.com/)
[2026-09-05 14:09:16] INFO: Fetched (200) <GET https://kframework.org/k-distribution/pl-tutorial/1_k/5_types/lesson_7/> (referer: https://www.google.com/)
[2026-09-05 14:09:17] INFO: Fetched (200) <GET https://kframework.org/k-distribution/pl-tutorial/1_k/5_types/lesson_8/> (referer: https://www.google.com/)
[2026-09-05 14:09:18] INFO: Fetched (200) <GET https://kframework.org/k-distribution/pl-tutorial/1_k/5_types/lesson_9/> (referer: https://www.google.com/)
[2026-09-05 14:09:20] INFO: Fetched (200) <GET https://kframework.org/k-distribution/pl-tutorial/2_languages/> (referer: https://www.google.com/)
[2026-09-05 14:09:21] INFO: Fetched (200) <GET https://kframework.org/k-distribution/pl-tutorial/2_languages/1_simple/1_untyped/simple-untyped/> (referer: https://www.google.com/)
[2026-09-05 14:09:21] INFO: Fetched (200) <GET https://kframework.org/k-distribution/pl-tutorial/2_languages/1_simple/2_typed/1_static/simple-typed-static/> (referer: https://www.google.com/)
[2026-09-05 14:09:23] INFO: Fetched (200) <GET https://kframework.org/k-distribution/pl-tutorial/2_languages/1_simple/2_typed/2_dynamic/simple-typed-dynamic/> (referer: https://www.google.com/)
[2026-09-05 14:09:24] INFO: Fetched (200) <GET https://kframework.org/k-distribution/pl-tutorial/2_languages/2_kool/1_untyped/kool-untyped/> (referer: https://www.google.com/)
[2026-09-05 14:09:24] INFO: Fetched (200) <GET https://kframework.org/k-distribution/pl-tutorial/2_languages/2_kool/2_typed/1_dynamic/kool-typed-dynamic/> (referer: https://www.google.com/)
[2026-09-05 14:09:25] INFO: Fetched (200) <GET https://kframework.org/k-distribution/pl-tutorial/2_languages/2_kool/2_typed/2_static/kool-typed-static/> (referer: https://www.google.com/)
[2026-09-05 14:09:26] INFO: Fetched (200) <GET https://kframework.org/k-distribution/pl-tutorial/2_languages/3_fun/1_untyped/1_environment/fun-untyped/> (referer: https://www.google.com/)
[2026-09-05 14:09:27] INFO: Fetched (200) <GET https://kframework.org/k-distribution/pl-tutorial/2_languages/3_fun/1_untyped/2_substitution/fun-untyped/> (referer: https://www.google.com/)
[2026-09-05 14:09:27] INFO: Fetched (200) <GET https://kframework.org/k-distribution/pl-tutorial/2_languages/4_logik/basic/logik/> (referer: https://www.google.com/)
[2026-09-05 14:09:28] INFO: Fetched (200) <GET https://kframework.org/overview/> (referer: https://www.google.com/)
[2026-09-05 14:09:28] INFO: Fetched (200) <GET https://kframework.org/projects/> (referer: https://www.google.com/)
[2026-09-05 14:09:30] INFO: Fetched (200) <GET https://kframework.org/pyk/> (referer: https://www.google.com/)
[2026-09-05 14:09:30] INFO: Fetched (200) <GET https://kframework.org/pyk/> (referer: https://www.google.com/)
[2026-09-05 14:09:31] INFO: Fetched (200) <GET https://kframework.org/> (referer: https://www.google.com/)
[2026-09-05 14:09:31] INFO: Fetched (404) <GET https://kframework.org/cdn-cgi/l/email-protection> (referer: https://www.google.com/)
[2026-09-05 14:09:32] INFO: Fetched (404) <GET https://kframework.org/k-distribution/include/kframework/builtin/USER_MANUAL/> (referer: https://www.google.com/)
[2026-09-05 14:09:32] INFO: Fetched (404) <GET https://kframework.org/k-distribution/k-tutorial/2_intermediate/14_string_buffers_and_bytes/> (referer: https://www.google.com/)
[2026-09-05 14:09:33] INFO: Fetched (404) <GET https://kframework.org/USER_MANUAL/> (referer: https://www.google.com/)
[2026-09-05 14:09:33] INFO: Fetched (200) <GET https://kframework.org/k-distribution/k-tutorial/3_advanced/> (referer: https://www.google.com/)
[2026-09-05 14:09:34] INFO: Fetched (404) <GET https://kframework.org/_sources/index.rst.txt> (referer: https://www.google.com/)
[2026-09-05 14:09:34] INFO: Fetched (404) <GET https://kframework.org/api/modules.html> (referer: https://www.google.com/)
[2026-09-05 14:09:34] INFO: Fetched (404) <GET https://kframework.org/api/pyk.html> (referer: https://www.google.com/)
[2026-09-05 14:09:35] INFO: Fetched (404) <GET https://kframework.org/genindex.html> (referer: https://www.google.com/)
[2026-09-05 14:09:35] INFO: Fetched (404) <GET https://kframework.org/py-modindex.html> (referer: https://www.google.com/)
[2026-09-05 14:09:36] INFO: Fetched (404) <GET https://kframework.org/search.html> (referer: https://www.google.com/)
[2026-09-05 14:09:36] INFO: Fetched (200) <GET https://kframework.org/pyk/_sources/index.rst.txt> (referer: https://www.google.com/)
[2026-09-05 14:09:36] INFO: Fetched (200) <GET https://kframework.org/pyk/api/modules.html> (referer: https://www.google.com/)
[2026-09-05 14:09:37] INFO: Fetched (200) <GET https://kframework.org/pyk/api/pyk.html> (referer: https://www.google.com/)
[2026-09-05 14:09:38] INFO: Fetched (200) <GET https://kframework.org/pyk/genindex.html> (referer: https://www.google.com/)
[2026-09-05 14:09:39] INFO: Fetched (200) <GET https://kframework.org/pyk/py-modindex.html> (referer: https://www.google.com/)
[2026-09-05 14:09:39] INFO: Fetched (200) <GET https://kframework.org/pyk/search.html> (referer: https://www.google.com/)
[2026-09-05 14:09:40] INFO: Fetched (200) <GET https://kframework.org/pyk/_sources/api/modules.rst.txt> (referer: https://www.google.com/)
[2026-09-05 14:09:40] INFO: Fetched (200) <GET https://kframework.org/pyk/api/pyk.coverage.html> (referer: https://www.google.com/)
[2026-09-05 14:09:41] INFO: Fetched (200) <GET https://kframework.org/pyk/api/pyk.cterm.html> (referer: https://www.google.com/)
[2026-09-05 14:09:42] INFO: Fetched (200) <GET https://kframework.org/pyk/api/pyk.dequote.html> (referer: https://www.google.com/)
[2026-09-05 14:09:42] INFO: Fetched (200) <GET https://kframework.org/pyk/api/pyk.kast.html> (referer: https://www.google.com/)
[2026-09-05 14:09:43] INFO: Fetched (200) <GET https://kframework.org/pyk/api/pyk.kbuild.html> (referer: https://www.google.com/)
[2026-09-05 14:09:43] INFO: Fetched (200) <GET https://kframework.org/pyk/api/pyk.kcfg.html> (referer: https://www.google.com/)
[2026-09-05 14:09:44] INFO: Fetched (200) <GET https://kframework.org/pyk/api/pyk.kcovr.html> (referer: https://www.google.com/)
[2026-09-05 14:09:45] INFO: Fetched (200) <GET https://kframework.org/pyk/api/pyk.kdist.html> (referer: https://www.google.com/)
[2026-09-05 14:09:45] INFO: Fetched (200) <GET https://kframework.org/pyk/api/pyk.klean.html> (referer: https://www.google.com/)
[2026-09-05 14:09:46] INFO: Fetched (200) <GET https://kframework.org/pyk/api/pyk.kllvm.html> (referer: https://www.google.com/)
[2026-09-05 14:09:47] INFO: Fetched (200) <GET https://kframework.org/pyk/api/pyk.konvert.html> (referer: https://www.google.com/)
[2026-09-05 14:09:47] INFO: Fetched (200) <GET https://kframework.org/pyk/api/pyk.kore.html> (referer: https://www.google.com/)
[2026-09-05 14:09:48] INFO: Fetched (200) <GET https://kframework.org/pyk/api/pyk.kore_exec_covr.html> (referer: https://www.google.com/)
[2026-09-05 14:09:49] INFO: Fetched (200) <GET https://kframework.org/pyk/api/pyk.ktool.html> (referer: https://www.google.com/)
[2026-09-05 14:09:49] INFO: Fetched (200) <GET https://kframework.org/pyk/api/pyk.proof.html> (referer: https://www.google.com/)
[2026-09-05 14:09:50] INFO: Fetched (200) <GET https://kframework.org/pyk/api/pyk.telemetry.html> (referer: https://www.google.com/)
[2026-09-05 14:09:51] INFO: Fetched (200) <GET https://kframework.org/pyk/api/pyk.testing.html> (referer: https://www.google.com/)
[2026-09-05 14:09:51] INFO: Fetched (200) <GET https://kframework.org/pyk/api/pyk.utils.html> (referer: https://www.google.com/)
[2026-09-05 14:09:52] INFO: Fetched (200) <GET https://kframework.org/pyk/index.html> (referer: https://www.google.com/)
[2026-09-05 14:09:52] INFO: Fetched (200) <GET https://kframework.org/pyk/_sources/api/pyk.rst.txt> (referer: https://www.google.com/)
[2026-09-05 14:09:53] INFO: Fetched (200) <GET https://kframework.org/pyk/api/pyk.cterm.cterm.html> (referer: https://www.google.com/)
[2026-09-05 14:09:53] INFO: Fetched (200) <GET https://kframework.org/pyk/api/pyk.cterm.show.html> (referer: https://www.google.com/)
[2026-09-05 14:09:54] INFO: Fetched (200) <GET https://kframework.org/pyk/api/pyk.cterm.symbolic.html> (referer: https://www.google.com/)
[2026-09-05 14:09:55] INFO: Fetched (200) <GET https://kframework.org/pyk/api/pyk.kast.att.html> (referer: https://www.google.com/)
[2026-09-05 14:09:55] INFO: Fetched (200) <GET https://kframework.org/pyk/api/pyk.kast.color.html> (referer: https://www.google.com/)
[2026-09-05 14:09:56] INFO: Fetched (200) <GET https://kframework.org/pyk/api/pyk.kast.formatter.html> (referer: https://www.google.com/)
[2026-09-05 14:09:57] INFO: Fetched (200) <GET https://kframework.org/pyk/api/pyk.kast.inner.html> (referer: https://www.google.com/)
[2026-09-05 14:09:57] INFO: Fetched (200) <GET https://kframework.org/pyk/api/pyk.kast.kast.html> (referer: https://www.google.com/)
[2026-09-05 14:09:58] INFO: Fetched (200) <GET https://kframework.org/pyk/api/pyk.kast.lexer.html> (referer: https://www.google.com/)
[2026-09-05 14:09:58] INFO: Fetched (200) <GET https://kframework.org/pyk/api/pyk.kast.manip.html> (referer: https://www.google.com/)
[2026-09-05 14:09:59] INFO: Fetched (200) <GET https://kframework.org/pyk/api/pyk.kast.markdown.html> (referer: https://www.google.com/)
[2026-09-05 14:10:00] INFO: Fetched (200) <GET https://kframework.org/pyk/api/pyk.kast.outer.html> (referer: https://www.google.com/)
[2026-09-05 14:10:00] INFO: Fetched (200) <GET https://kframework.org/pyk/api/pyk.kast.outer_lexer.html> (referer: https://www.google.com/)
[2026-09-05 14:10:01] INFO: Fetched (200) <GET https://kframework.org/pyk/api/pyk.kast.outer_parser.html> (referer: https://www.google.com/)
[2026-09-05 14:10:02] INFO: Fetched (200) <GET https://kframework.org/pyk/api/pyk.kast.outer_syntax.html> (referer: https://www.google.com/)
[2026-09-05 14:10:02] INFO: Fetched (200) <GET https://kframework.org/pyk/api/pyk.kast.parser.html> (referer: https://www.google.com/)
[2026-09-05 14:10:03] INFO: Fetched (200) <GET https://kframework.org/pyk/api/pyk.kast.prelude.html> (referer: https://www.google.com/)
[2026-09-05 14:10:04] INFO: Fetched (200) <GET https://kframework.org/pyk/api/pyk.kast.pretty.html> (referer: https://www.google.com/)
[2026-09-05 14:10:04] INFO: Fetched (200) <GET https://kframework.org/pyk/api/pyk.kast.rewrite.html> (referer: https://www.google.com/)
[2026-09-05 14:10:05] INFO: Fetched (200) <GET https://kframework.org/pyk/api/pyk.kast.utils.html> (referer: https://www.google.com/)
[2026-09-05 14:10:06] INFO: Fetched (200) <GET https://kframework.org/pyk/api/pyk.kbuild.config.html> (referer: https://www.google.com/)
[2026-09-05 14:10:06] INFO: Fetched (200) <GET https://kframework.org/pyk/api/pyk.kbuild.kbuild.html> (referer: https://www.google.com/)
[2026-09-05 14:10:07] INFO: Fetched (200) <GET https://kframework.org/pyk/api/pyk.kbuild.project.html> (referer: https://www.google.com/)
[2026-09-05 14:10:08] INFO: Fetched (200) <GET https://kframework.org/pyk/api/pyk.kbuild.utils.html> (referer: https://www.google.com/)
[2026-09-05 14:10:08] INFO: Fetched (200) <GET https://kframework.org/pyk/api/pyk.kcfg.exploration.html> (referer: https://www.google.com/)
[2026-09-05 14:10:09] INFO: Fetched (200) <GET https://kframework.org/pyk/api/pyk.kcfg.explore.html> (referer: https://www.google.com/)
[2026-09-05 14:10:10] INFO: Fetched (200) <GET https://kframework.org/pyk/api/pyk.kcfg.kcfg.html> (referer: https://www.google.com/)
[2026-09-05 14:10:10] INFO: Fetched (200) <GET https://kframework.org/pyk/api/pyk.kcfg.minimize.html> (referer: https://www.google.com/)
[2026-09-05 14:10:11] INFO: Fetched (200) <GET https://kframework.org/pyk/api/pyk.kcfg.semantics.html> (referer: https://www.google.com/)
[2026-09-05 14:10:12] INFO: Fetched (200) <GET https://kframework.org/pyk/api/pyk.kcfg.show.html> (referer: https://www.google.com/)
[2026-09-05 14:10:12] INFO: Fetched (200) <GET https://kframework.org/pyk/api/pyk.kcfg.store.html> (referer: https://www.google.com/)
[2026-09-05 14:10:13] INFO: Fetched (200) <GET https://kframework.org/pyk/api/pyk.kcfg.tui.html> (referer: https://www.google.com/)
[2026-09-05 14:10:13] INFO: Fetched (200) <GET https://kframework.org/pyk/api/pyk.kdist.api.html> (referer: https://www.google.com/)
[2026-09-05 14:10:14] INFO: Fetched (200) <GET https://kframework.org/pyk/api/pyk.kdist.utils.html> (referer: https://www.google.com/)
[2026-09-05 14:10:15] INFO: Fetched (200) <GET https://kframework.org/pyk/api/pyk.klean.generate.html> (referer: https://www.google.com/)
[2026-09-05 14:10:15] INFO: Fetched (200) <GET https://kframework.org/pyk/api/pyk.klean.k2lean4.html> (referer: https://www.google.com/)
[2026-09-05 14:10:16] INFO: Fetched (200) <GET https://kframework.org/pyk/api/pyk.klean.model.html> (referer: https://www.google.com/)
[2026-09-05 14:10:17] INFO: Fetched (200) <GET https://kframework.org/pyk/api/pyk.kllvm.ast.html> (referer: https://www.google.com/)
[2026-09-05 14:10:17] INFO: Fetched (200) <GET https://kframework.org/pyk/api/pyk.kllvm.compiler.html> (referer: https://www.google.com/)
[2026-09-05 14:10:18] INFO: Fetched (200) <GET https://kframework.org/pyk/api/pyk.kllvm.convert.html> (referer: https://www.google.com/)
[2026-09-05 14:10:19] INFO: Fetched (200) <GET https://kframework.org/pyk/api/pyk.kllvm.hints.html> (referer: https://www.google.com/)
[2026-09-05 14:10:19] INFO: Fetched (200) <GET https://kframework.org/pyk/api/pyk.kllvm.importer.html> (referer: https://www.google.com/)
[2026-09-05 14:10:20] INFO: Fetched (200) <GET https://kframework.org/pyk/api/pyk.kllvm.load.html> (referer: https://www.google.com/)
[2026-09-05 14:10:20] INFO: Fetched (200) <GET https://kframework.org/pyk/api/pyk.kllvm.load_static.html> (referer: https://www.google.com/)
[2026-09-05 14:10:21] INFO: Fetched (200) <GET https://kframework.org/pyk/api/pyk.kllvm.parser.html> (referer: https://www.google.com/)
[2026-09-05 14:10:22] INFO: Fetched (200) <GET https://kframework.org/pyk/api/pyk.kllvm.runtime.html> (referer: https://www.google.com/)
[2026-09-05 14:10:22] INFO: Fetched (200) <GET https://kframework.org/pyk/api/pyk.kllvm.utils.html> (referer: https://www.google.com/)
[2026-09-05 14:10:23] INFO: Fetched (200) <GET https://kframework.org/pyk/api/pyk.kore.internal.html> (referer: https://www.google.com/)
[2026-09-05 14:10:24] INFO: Fetched (200) <GET https://kframework.org/pyk/api/pyk.kore.kompiled.html> (referer: https://www.google.com/)
[2026-09-05 14:10:24] INFO: Fetched (200) <GET https://kframework.org/pyk/api/pyk.kore.lexer.html> (referer: https://www.google.com/)
[2026-09-05 14:10:25] INFO: Fetched (200) <GET https://kframework.org/pyk/api/pyk.kore.manip.html> (referer: https://www.google.com/)
[2026-09-05 14:10:25] INFO: Fetched (200) <GET https://kframework.org/pyk/api/pyk.kore.match.html> (referer: https://www.google.com/)
[2026-09-05 14:10:26] INFO: Fetched (200) <GET https://kframework.org/pyk/api/pyk.kore.parser.html> (referer: https://www.google.com/)
[2026-09-05 14:10:27] INFO: Fetched (200) <GET https://kframework.org/pyk/api/pyk.kore.pool.html> (referer: https://www.google.com/)
[2026-09-05 14:10:27] INFO: Fetched (200) <GET https://kframework.org/pyk/api/pyk.kore.prelude.html> (referer: https://www.google.com/)
[2026-09-05 14:10:28] INFO: Fetched (200) <GET https://kframework.org/pyk/api/pyk.kore.rpc.html> (referer: https://www.google.com/)
[2026-09-05 14:10:29] INFO: Fetched (200) <GET https://kframework.org/pyk/api/pyk.kore.rule.html> (referer: https://www.google.com/)
[2026-09-05 14:10:29] INFO: Fetched (200) <GET https://kframework.org/pyk/api/pyk.kore.syntax.html> (referer: https://www.google.com/)
[2026-09-05 14:10:30] INFO: Fetched (200) <GET https://kframework.org/pyk/api/pyk.kore.tools.html> (referer: https://www.google.com/)
[2026-09-05 14:10:31] INFO: Fetched (200) <GET https://kframework.org/pyk/api/pyk.kore_exec_covr.kore_exec_covr.html> (referer: https://www.google.com/)
[2026-09-05 14:10:31] INFO: Fetched (200) <GET https://kframework.org/pyk/api/pyk.ktool.claim_index.html> (referer: https://www.google.com/)
[2026-09-05 14:10:32] INFO: Fetched (200) <GET https://kframework.org/pyk/api/pyk.ktool.claim_loader.html> (referer: https://www.google.com/)
[2026-09-05 14:10:32] INFO: Fetched (200) <GET https://kframework.org/pyk/api/pyk.ktool.kfuzz.html> (referer: https://www.google.com/)
[2026-09-05 14:10:33] INFO: Fetched (200) <GET https://kframework.org/pyk/api/pyk.ktool.kompile.html> (referer: https://www.google.com/)
[2026-09-05 14:10:34] INFO: Fetched (200) <GET https://kframework.org/pyk/api/pyk.ktool.kprint.html> (referer: https://www.google.com/)
[2026-09-05 14:10:34] INFO: Fetched (200) <GET https://kframework.org/pyk/api/pyk.ktool.kprove.html> (referer: https://www.google.com/)
[2026-09-05 14:10:35] INFO: Fetched (200) <GET https://kframework.org/pyk/api/pyk.ktool.krun.html> (referer: https://www.google.com/)
[2026-09-05 14:10:36] INFO: Fetched (200) <GET https://kframework.org/pyk/api/pyk.ktool.utils.html> (referer: https://www.google.com/)
[2026-09-05 14:10:36] INFO: Fetched (200) <GET https://kframework.org/pyk/api/pyk.proof.implies.html> (referer: https://www.google.com/)
[2026-09-05 14:10:37] INFO: Fetched (200) <GET https://kframework.org/pyk/api/pyk.proof.proof.html> (referer: https://www.google.com/)
[2026-09-05 14:10:38] INFO: Fetched (200) <GET https://kframework.org/pyk/api/pyk.proof.prove_rpc.html> (referer: https://www.google.com/)
[2026-09-05 14:10:38] INFO: Fetched (200) <GET https://kframework.org/pyk/api/pyk.proof.reachability.html> (referer: https://www.google.com/)
[2026-09-05 14:10:39] INFO: Fetched (200) <GET https://kframework.org/pyk/api/pyk.proof.show.html> (referer: https://www.google.com/)
[2026-09-05 14:10:39] INFO: Fetched (200) <GET https://kframework.org/pyk/api/pyk.proof.tui.html> (referer: https://www.google.com/)
[2026-09-05 14:10:40] INFO: Fetched (200) <GET https://kframework.org/pyk/api/pyk.testing.plugin.html> (referer: https://www.google.com/)
[2026-09-05 14:10:41] INFO: Fetched (200) <GET https://kframework.org/pyk/api/pyk.kast.prelude.bytes.html> (referer: https://www.google.com/)
[2026-09-05 14:10:41] INFO: Fetched (200) <GET https://kframework.org/pyk/api/pyk.kast.prelude.collections.html> (referer: https://www.google.com/)
[2026-09-05 14:10:42] INFO: Fetched (200) <GET https://kframework.org/pyk/api/pyk.kast.prelude.k.html> (referer: https://www.google.com/)
[2026-09-05 14:10:43] INFO: Fetched (200) <GET https://kframework.org/pyk/api/pyk.kast.prelude.kbool.html> (referer: https://www.google.com/)
[2026-09-05 14:10:43] INFO: Fetched (200) <GET https://kframework.org/pyk/api/pyk.kast.prelude.kint.html> (referer: https://www.google.com/)
[2026-09-05 14:10:44] INFO: Fetched (200) <GET https://kframework.org/pyk/api/pyk.kast.prelude.ml.html> (referer: https://www.google.com/)
[2026-09-05 14:10:45] INFO: Fetched (200) <GET https://kframework.org/pyk/api/pyk.kast.prelude.string.html> (referer: https://www.google.com/)
[2026-09-05 14:10:45] INFO: Fetched (200) <GET https://kframework.org/pyk/api/pyk.kast.prelude.utils.html> (referer: https://www.google.com/)
[2026-09-05 14:10:46] INFO: Fetched (200) <GET https://kframework.org/pyk/api/pyk.kllvm.hints.prooftrace.html> (referer: https://www.google.com/)
[2026-09-05 14:10:46] INFO: Fetched (200) <GET https://kframework.org/pyk/_modules/pyk/coverage.html> (referer: https://www.google.com/)
[2026-09-05 14:10:47] INFO: Fetched (200) <GET https://kframework.org/pyk/_sources/api/pyk.coverage.rst.txt> (referer: https://www.google.com/)
[2026-09-05 14:10:48] INFO: Fetched (200) <GET https://kframework.org/pyk/_sources/api/pyk.cterm.rst.txt> (referer: https://www.google.com/)
[2026-09-05 14:10:48] INFO: Fetched (200) <GET https://kframework.org/pyk/_modules/pyk/dequote.html> (referer: https://www.google.com/)
[2026-09-05 14:10:49] INFO: Fetched (200) <GET https://kframework.org/pyk/_sources/api/pyk.dequote.rst.txt> (referer: https://www.google.com/)
[2026-09-05 14:10:49] INFO: Fetched (200) <GET https://kframework.org/pyk/_sources/api/pyk.kast.rst.txt> (referer: https://www.google.com/)
[2026-09-05 14:10:49] INFO: Fetched (200) <GET https://kframework.org/pyk/_sources/api/pyk.kbuild.rst.txt> (referer: https://www.google.com/)
[2026-09-05 14:10:50] INFO: Fetched (200) <GET https://kframework.org/pyk/_sources/api/pyk.kcfg.rst.txt> (referer: https://www.google.com/)
[2026-09-05 14:10:50] INFO: Fetched (200) <GET https://kframework.org/pyk/_modules/pyk/kcovr.html> (referer: https://www.google.com/)
[2026-09-05 14:10:51] INFO: Fetched (200) <GET https://kframework.org/pyk/_sources/api/pyk.kcovr.rst.txt> (referer: https://www.google.com/)
[2026-09-05 14:10:51] INFO: Fetched (200) <GET https://kframework.org/pyk/_sources/api/pyk.kdist.rst.txt> (referer: https://www.google.com/)
[2026-09-05 14:10:52] INFO: Fetched (200) <GET https://kframework.org/pyk/_sources/api/pyk.klean.rst.txt> (referer: https://www.google.com/)
[2026-09-05 14:10:52] INFO: Fetched (200) <GET https://kframework.org/pyk/_sources/api/pyk.kllvm.rst.txt> (referer: https://www.google.com/)
[2026-09-05 14:10:52] INFO: Fetched (200) <GET https://kframework.org/pyk/_sources/api/pyk.konvert.rst.txt> (referer: https://www.google.com/)
[2026-09-05 14:10:53] INFO: Fetched (200) <GET https://kframework.org/pyk/_sources/api/pyk.kore.rst.txt> (referer: https://www.google.com/)
[2026-09-05 14:10:53] INFO: Fetched (200) <GET https://kframework.org/pyk/_sources/api/pyk.kore_exec_covr.rst.txt> (referer: https://www.google.com/)
[2026-09-05 14:10:53] INFO: Fetched (200) <GET https://kframework.org/pyk/_sources/api/pyk.ktool.rst.txt> (referer: https://www.google.com/)
[2026-09-05 14:10:54] INFO: Fetched (200) <GET https://kframework.org/pyk/_sources/api/pyk.proof.rst.txt> (referer: https://www.google.com/)
[2026-09-05 14:10:54] INFO: Fetched (200) <GET https://kframework.org/pyk/_modules/pyk/telemetry.html> (referer: https://www.google.com/)
[2026-09-05 14:10:55] INFO: Fetched (200) <GET https://kframework.org/pyk/_sources/api/pyk.telemetry.rst.txt> (referer: https://www.google.com/)
[2026-09-05 14:10:55] INFO: Fetched (200) <GET https://kframework.org/pyk/_sources/api/pyk.testing.rst.txt> (referer: https://www.google.com/)
[2026-09-05 14:10:56] INFO: Fetched (200) <GET https://kframework.org/pyk/_modules/pyk/utils.html> (referer: https://www.google.com/)
[2026-09-05 14:10:56] INFO: Fetched (200) <GET https://kframework.org/pyk/_sources/api/pyk.utils.rst.txt> (referer: https://www.google.com/)
[2026-09-05 14:10:57] INFO: Fetched (200) <GET https://kframework.org/pyk/_modules/pyk/cterm/cterm.html> (referer: https://www.google.com/)
[2026-09-05 14:10:58] INFO: Fetched (200) <GET https://kframework.org/pyk/_sources/api/pyk.cterm.cterm.rst.txt> (referer: https://www.google.com/)
[2026-09-05 14:10:58] INFO: Fetched (200) <GET https://kframework.org/pyk/_modules/pyk/cterm/show.html> (referer: https://www.google.com/)
[2026-09-05 14:10:59] INFO: Fetched (200) <GET https://kframework.org/pyk/_sources/api/pyk.cterm.show.rst.txt> (referer: https://www.google.com/)
[2026-09-05 14:10:59] INFO: Fetched (200) <GET https://kframework.org/pyk/_modules/pyk/cterm/symbolic.html> (referer: https://www.google.com/)
[2026-09-05 14:11:00] INFO: Fetched (200) <GET https://kframework.org/pyk/_sources/api/pyk.cterm.symbolic.rst.txt> (referer: https://www.google.com/)
[2026-09-05 14:11:00] INFO: Fetched (200) <GET https://kframework.org/pyk/_modules/pyk/kast/att.html> (referer: https://www.google.com/)
[2026-09-05 14:11:01] INFO: Fetched (200) <GET https://kframework.org/pyk/_sources/api/pyk.kast.att.rst.txt> (referer: https://www.google.com/)
[2026-09-05 14:11:01] INFO: Fetched (200) <GET https://kframework.org/pyk/_modules/pyk/kast/color.html> (referer: https://www.google.com/)
[2026-09-05 14:11:02] INFO: Fetched (200) <GET https://kframework.org/pyk/_sources/api/pyk.kast.color.rst.txt> (referer: https://www.google.com/)
[2026-09-05 14:11:02] INFO: Fetched (200) <GET https://kframework.org/pyk/_modules/pyk/kast/formatter.html> (referer: https://www.google.com/)
[2026-09-05 14:11:03] INFO: Fetched (200) <GET https://kframework.org/pyk/_sources/api/pyk.kast.formatter.rst.txt> (referer: https://www.google.com/)
[2026-09-05 14:11:03] INFO: Fetched (200) <GET https://kframework.org/pyk/_modules/pyk/kast/inner.html> (referer: https://www.google.com/)
[2026-09-05 14:11:04] INFO: Fetched (200) <GET https://kframework.org/pyk/_sources/api/pyk.kast.inner.rst.txt> (referer: https://www.google.com/)
[2026-09-05 14:11:04] INFO: Fetched (200) <GET https://kframework.org/pyk/_modules/pyk/kast/kast.html> (referer: https://www.google.com/)
[2026-09-05 14:11:05] INFO: Fetched (200) <GET https://kframework.org/pyk/_sources/api/pyk.kast.kast.rst.txt> (referer: https://www.google.com/)
[2026-09-05 14:11:06] INFO: Fetched (200) <GET https://kframework.org/pyk/_modules/pyk/kast/lexer.html> (referer: https://www.google.com/)
[2026-09-05 14:11:06] INFO: Fetched (200) <GET https://kframework.org/pyk/_sources/api/pyk.kast.lexer.rst.txt> (referer: https://www.google.com/)
[2026-09-05 14:11:07] INFO: Fetched (200) <GET https://kframework.org/pyk/_modules/pyk/kast/manip.html> (referer: https://www.google.com/)
[2026-09-05 14:11:07] INFO: Fetched (200) <GET https://kframework.org/pyk/_sources/api/pyk.kast.manip.rst.txt> (referer: https://www.google.com/)
[2026-09-05 14:11:08] INFO: Fetched (200) <GET https://kframework.org/pyk/_modules/pyk/kast/markdown.html> (referer: https://www.google.com/)
[2026-09-05 14:11:08] INFO: Fetched (200) <GET https://kframework.org/pyk/_sources/api/pyk.kast.markdown.rst.txt> (referer: https://www.google.com/)
[2026-09-05 14:11:09] INFO: Fetched (200) <GET https://kframework.org/pyk/_modules/pyk/kast/outer.html> (referer: https://www.google.com/)
[2026-09-05 14:11:09] INFO: Fetched (200) <GET https://kframework.org/pyk/_sources/api/pyk.kast.outer.rst.txt> (referer: https://www.google.com/)
[2026-09-05 14:11:10] INFO: Fetched (200) <GET https://kframework.org/pyk/_modules/pyk/kast/outer_lexer.html> (referer: https://www.google.com/)
[2026-09-05 14:11:11] INFO: Fetched (200) <GET https://kframework.org/pyk/_sources/api/pyk.kast.outer_lexer.rst.txt> (referer: https://www.google.com/)
[2026-09-05 14:11:11] INFO: Fetched (200) <GET https://kframework.org/pyk/_modules/pyk/kast/outer_parser.html> (referer: https://www.google.com/)
[2026-09-05 14:11:12] INFO: Fetched (200) <GET https://kframework.org/pyk/_sources/api/pyk.kast.outer_parser.rst.txt> (referer: https://www.google.com/)
[2026-09-05 14:11:12] INFO: Fetched (200) <GET https://kframework.org/pyk/_modules/pyk/kast/outer_syntax.html> (referer: https://www.google.com/)
[2026-09-05 14:11:13] INFO: Fetched (200) <GET https://kframework.org/pyk/_sources/api/pyk.kast.outer_syntax.rst.txt> (referer: https://www.google.com/)
[2026-09-05 14:11:13] INFO: Fetched (200) <GET https://kframework.org/pyk/_modules/pyk/kast/parser.html> (referer: https://www.google.com/)
[2026-09-05 14:11:14] INFO: Fetched (200) <GET https://kframework.org/pyk/_sources/api/pyk.kast.parser.rst.txt> (referer: https://www.google.com/)
[2026-09-05 14:11:14] INFO: Fetched (200) <GET https://kframework.org/pyk/_sources/api/pyk.kast.prelude.rst.txt> (referer: https://www.google.com/)
[2026-09-05 14:11:15] INFO: Fetched (200) <GET https://kframework.org/pyk/_modules/pyk/kast/pretty.html> (referer: https://www.google.com/)
[2026-09-05 14:11:15] INFO: Fetched (200) <GET https://kframework.org/pyk/_sources/api/pyk.kast.pretty.rst.txt> (referer: https://www.google.com/)
[2026-09-05 14:11:16] INFO: Fetched (200) <GET https://kframework.org/pyk/_modules/pyk/kast/rewrite.html> (referer: https://www.google.com/)
[2026-09-05 14:11:16] INFO: Fetched (200) <GET https://kframework.org/pyk/_sources/api/pyk.kast.rewrite.rst.txt> (referer: https://www.google.com/)
[2026-09-05 14:11:17] INFO: Fetched (200) <GET https://kframework.org/pyk/_modules/pyk/kast/utils.html> (referer: https://www.google.com/)
[2026-09-05 14:11:17] INFO: Fetched (200) <GET https://kframework.org/pyk/_sources/api/pyk.kast.utils.rst.txt> (referer: https://www.google.com/)
[2026-09-05 14:11:18] INFO: Fetched (200) <GET https://kframework.org/pyk/_sources/api/pyk.kbuild.config.rst.txt> (referer: https://www.google.com/)
[2026-09-05 14:11:18] INFO: Fetched (200) <GET https://kframework.org/pyk/_modules/pyk/kbuild/kbuild.html> (referer: https://www.google.com/)
[2026-09-05 14:11:19] INFO: Fetched (200) <GET https://kframework.org/pyk/_sources/api/pyk.kbuild.kbuild.rst.txt> (referer: https://www.google.com/)
[2026-09-05 14:11:19] INFO: Fetched (200) <GET https://kframework.org/pyk/_modules/pyk/kbuild/project.html> (referer: https://www.google.com/)
[2026-09-05 14:11:20] INFO: Fetched (200) <GET https://kframework.org/pyk/_sources/api/pyk.kbuild.project.rst.txt> (referer: https://www.google.com/)
[2026-09-05 14:11:20] INFO: Fetched (200) <GET https://kframework.org/pyk/_modules/pyk/kbuild/utils.html> (referer: https://www.google.com/)
[2026-09-05 14:11:21] INFO: Fetched (200) <GET https://kframework.org/pyk/_sources/api/pyk.kbuild.utils.rst.txt> (referer: https://www.google.com/)
[2026-09-05 14:11:21] INFO: Fetched (200) <GET https://kframework.org/pyk/_modules/pyk/kcfg/exploration.html> (referer: https://www.google.com/)
[2026-09-05 14:11:22] INFO: Fetched (200) <GET https://kframework.org/pyk/_sources/api/pyk.kcfg.exploration.rst.txt> (referer: https://www.google.com/)
[2026-09-05 14:11:22] INFO: Fetched (200) <GET https://kframework.org/pyk/_modules/pyk/kcfg/explore.html> (referer: https://www.google.com/)
[2026-09-05 14:11:23] INFO: Fetched (200) <GET https://kframework.org/pyk/_sources/api/pyk.kcfg.explore.rst.txt> (referer: https://www.google.com/)
[2026-09-05 14:11:23] INFO: Fetched (200) <GET https://kframework.org/pyk/_modules/pyk/kcfg/kcfg.html> (referer: https://www.google.com/)
[2026-09-05 14:11:24] INFO: Fetched (200) <GET https://kframework.org/pyk/_sources/api/pyk.kcfg.kcfg.rst.txt> (referer: https://www.google.com/)
[2026-09-05 14:11:24] INFO: Fetched (200) <GET https://kframework.org/pyk/_modules/pyk/kcfg/minimize.html> (referer: https://www.google.com/)
[2026-09-05 14:11:25] INFO: Fetched (200) <GET https://kframework.org/pyk/_sources/api/pyk.kcfg.minimize.rst.txt> (referer: https://www.google.com/)
[2026-09-05 14:11:25] INFO: Fetched (200) <GET https://kframework.org/pyk/_modules/pyk/kcfg/semantics.html> (referer: https://www.google.com/)
[2026-09-05 14:11:26] INFO: Fetched (200) <GET https://kframework.org/pyk/_sources/api/pyk.kcfg.semantics.rst.txt> (referer: https://www.google.com/)
[2026-09-05 14:11:26] INFO: Fetched (200) <GET https://kframework.org/pyk/_modules/pyk/kcfg/show.html> (referer: https://www.google.com/)
[2026-09-05 14:11:27] INFO: Fetched (200) <GET https://kframework.org/pyk/_sources/api/pyk.kcfg.show.rst.txt> (referer: https://www.google.com/)
[2026-09-05 14:11:27] INFO: Fetched (200) <GET https://kframework.org/pyk/_modules/pyk/kcfg/store.html> (referer: https://www.google.com/)
[2026-09-05 14:11:28] INFO: Fetched (200) <GET https://kframework.org/pyk/_sources/api/pyk.kcfg.store.rst.txt> (referer: https://www.google.com/)
[2026-09-05 14:11:28] INFO: Fetched (200) <GET https://kframework.org/pyk/_modules/pyk/kcfg/tui.html> (referer: https://www.google.com/)
[2026-09-05 14:11:29] INFO: Fetched (200) <GET https://kframework.org/pyk/_sources/api/pyk.kcfg.tui.rst.txt> (referer: https://www.google.com/)
[2026-09-05 14:11:29] INFO: Fetched (200) <GET https://kframework.org/pyk/_modules/pyk/kdist/api.html> (referer: https://www.google.com/)
[2026-09-05 14:11:30] INFO: Fetched (200) <GET https://kframework.org/pyk/_sources/api/pyk.kdist.api.rst.txt> (referer: https://www.google.com/)
[2026-09-05 14:11:30] INFO: Fetched (200) <GET https://kframework.org/pyk/_modules/pyk/kdist/utils.html> (referer: https://www.google.com/)
[2026-09-05 14:11:31] INFO: Fetched (200) <GET https://kframework.org/pyk/_sources/api/pyk.kdist.utils.rst.txt> (referer: https://www.google.com/)
[2026-09-05 14:11:31] INFO: Fetched (200) <GET https://kframework.org/pyk/_modules/pyk/klean/generate.html> (referer: https://www.google.com/)
[2026-09-05 14:11:32] INFO: Fetched (200) <GET https://kframework.org/pyk/_sources/api/pyk.klean.generate.rst.txt> (referer: https://www.google.com/)
[2026-09-05 14:11:32] INFO: Fetched (200) <GET https://kframework.org/pyk/_modules/pyk/klean/k2lean4.html> (referer: https://www.google.com/)
[2026-09-05 14:11:33] INFO: Fetched (200) <GET https://kframework.org/pyk/_sources/api/pyk.klean.k2lean4.rst.txt> (referer: https://www.google.com/)
[2026-09-05 14:11:33] INFO: Fetched (200) <GET https://kframework.org/pyk/_modules/pyk/klean/model.html> (referer: https://www.google.com/)
[2026-09-05 14:11:34] INFO: Fetched (200) <GET https://kframework.org/pyk/_sources/api/pyk.klean.model.rst.txt> (referer: https://www.google.com/)
[2026-09-05 14:11:35] INFO: Fetched (200) <GET https://kframework.org/pyk/_sources/api/pyk.kllvm.ast.rst.txt> (referer: https://www.google.com/)
[2026-09-05 14:11:35] INFO: Fetched (200) <GET https://kframework.org/pyk/_modules/pyk/kllvm/compiler.html> (referer: https://www.google.com/)
[2026-09-05 14:11:36] INFO: Fetched (200) <GET https://kframework.org/pyk/_sources/api/pyk.kllvm.compiler.rst.txt> (referer: https://www.google.com/)
[2026-09-05 14:11:36] INFO: Fetched (200) <GET https://kframework.org/pyk/_modules/pyk/kllvm/convert.html> (referer: https://www.google.com/)
[2026-09-05 14:11:37] INFO: Fetched (200) <GET https://kframework.org/pyk/_sources/api/pyk.kllvm.convert.rst.txt> (referer: https://www.google.com/)
[2026-09-05 14:11:37] INFO: Fetched (200) <GET https://kframework.org/pyk/_sources/api/pyk.kllvm.hints.rst.txt> (referer: https://www.google.com/)
[2026-09-05 14:11:37] INFO: Fetched (200) <GET https://kframework.org/pyk/_modules/pyk/kllvm/importer.html> (referer: https://www.google.com/)
[2026-09-05 14:11:38] INFO: Fetched (200) <GET https://kframework.org/pyk/_sources/api/pyk.kllvm.importer.rst.txt> (referer: https://www.google.com/)
[2026-09-05 14:11:38] INFO: Fetched (200) <GET https://kframework.org/pyk/_sources/api/pyk.kllvm.load.rst.txt> (referer: https://www.google.com/)
[2026-09-05 14:11:39] INFO: Fetched (200) <GET https://kframework.org/pyk/_modules/pyk/kllvm/load_static.html> (referer: https://www.google.com/)
[2026-09-05 14:11:39] INFO: Fetched (200) <GET https://kframework.org/pyk/_sources/api/pyk.kllvm.load_static.rst.txt> (referer: https://www.google.com/)
[2026-09-05 14:11:40] INFO: Fetched (200) <GET https://kframework.org/pyk/_modules/pyk/kllvm/parser.html> (referer: https://www.google.com/)
[2026-09-05 14:11:40] INFO: Fetched (200) <GET https://kframework.org/pyk/_sources/api/pyk.kllvm.parser.rst.txt> (referer: https://www.google.com/)
[2026-09-05 14:11:41] INFO: Fetched (200) <GET https://kframework.org/pyk/_modules/pyk/kllvm/runtime.html> (referer: https://www.google.com/)
[2026-09-05 14:11:42] INFO: Fetched (200) <GET https://kframework.org/pyk/_sources/api/pyk.kllvm.runtime.rst.txt> (referer: https://www.google.com/)
[2026-09-05 14:11:42] INFO: Fetched (200) <GET https://kframework.org/pyk/_modules/pyk/kllvm/utils.html> (referer: https://www.google.com/)
[2026-09-05 14:11:43] INFO: Fetched (200) <GET https://kframework.org/pyk/_sources/api/pyk.kllvm.utils.rst.txt> (referer: https://www.google.com/)
[2026-09-05 14:11:43] INFO: Fetched (200) <GET https://kframework.org/pyk/_modules/pyk/kore/internal.html> (referer: https://www.google.com/)
[2026-09-05 14:11:44] INFO: Fetched (200) <GET https://kframework.org/pyk/_sources/api/pyk.kore.internal.rst.txt> (referer: https://www.google.com/)
[2026-09-05 14:11:44] INFO: Fetched (200) <GET https://kframework.org/pyk/_modules/pyk/kore/kompiled.html> (referer: https://www.google.com/)
[2026-09-05 14:11:45] INFO: Fetched (200) <GET https://kframework.org/pyk/_sources/api/pyk.kore.kompiled.rst.txt> (referer: https://www.google.com/)
[2026-09-05 14:11:45] INFO: Fetched (200) <GET https://kframework.org/pyk/_modules/pyk/kore/lexer.html> (referer: https://www.google.com/)
[2026-09-05 14:11:46] INFO: Fetched (200) <GET https://kframework.org/pyk/_sources/api/pyk.kore.lexer.rst.txt> (referer: https://www.google.com/)
[2026-09-05 14:11:46] INFO: Fetched (200) <GET https://kframework.org/pyk/_modules/pyk/kore/manip.html> (referer: https://www.google.com/)
[2026-09-05 14:11:47] INFO: Fetched (200) <GET https://kframework.org/pyk/_sources/api/pyk.kore.manip.rst.txt> (referer: https://www.google.com/)
[2026-09-05 14:11:47] INFO: Fetched (200) <GET https://kframework.org/pyk/_modules/pyk/kore/match.html> (referer: https://www.google.com/)
[2026-09-05 14:11:48] INFO: Fetched (200) <GET https://kframework.org/pyk/_sources/api/pyk.kore.match.rst.txt> (referer: https://www.google.com/)
[2026-09-05 14:11:48] INFO: Fetched (200) <GET https://kframework.org/pyk/_modules/pyk/kore/parser.html> (referer: https://www.google.com/)
[2026-09-05 14:11:49] INFO: Fetched (200) <GET https://kframework.org/pyk/_sources/api/pyk.kore.parser.rst.txt> (referer: https://www.google.com/)
[2026-09-05 14:11:49] INFO: Fetched (200) <GET https://kframework.org/pyk/_modules/pyk/kore/pool.html> (referer: https://www.google.com/)
[2026-09-05 14:11:50] INFO: Fetched (200) <GET https://kframework.org/pyk/_sources/api/pyk.kore.pool.rst.txt> (referer: https://www.google.com/)
[2026-09-05 14:11:50] INFO: Fetched (200) <GET https://kframework.org/pyk/_modules/pyk/kore/prelude.html> (referer: https://www.google.com/)
[2026-09-05 14:11:51] INFO: Fetched (200) <GET https://kframework.org/pyk/_sources/api/pyk.kore.prelude.rst.txt> (referer: https://www.google.com/)
[2026-09-05 14:11:52] INFO: Fetched (200) <GET https://kframework.org/pyk/_modules/pyk/kore/rpc.html> (referer: https://www.google.com/)
[2026-09-05 14:11:53] INFO: Fetched (200) <GET https://kframework.org/pyk/_sources/api/pyk.kore.rpc.rst.txt> (referer: https://www.google.com/)
[2026-09-05 14:11:54] INFO: Fetched (200) <GET https://kframework.org/pyk/_modules/pyk/kore/rule.html> (referer: https://www.google.com/)
[2026-09-05 14:11:55] INFO: Fetched (200) <GET https://kframework.org/pyk/_sources/api/pyk.kore.rule.rst.txt> (referer: https://www.google.com/)
[2026-09-05 14:11:56] INFO: Fetched (200) <GET https://kframework.org/pyk/_modules/pyk/kore/syntax.html> (referer: https://www.google.com/)
[2026-09-05 14:11:57] INFO: Fetched (200) <GET https://kframework.org/pyk/_sources/api/pyk.kore.syntax.rst.txt> (referer: https://www.google.com/)
[2026-09-05 14:11:57] INFO: Fetched (200) <GET https://kframework.org/pyk/_modules/pyk/kore/tools.html> (referer: https://www.google.com/)
[2026-09-05 14:11:58] INFO: Fetched (200) <GET https://kframework.org/pyk/_sources/api/pyk.kore.tools.rst.txt> (referer: https://www.google.com/)
[2026-09-05 14:11:58] INFO: Fetched (200) <GET https://kframework.org/pyk/_modules/pyk/kore_exec_covr/kore_exec_covr.html> (referer: https://www.google.com/)
[2026-09-05 14:11:59] INFO: Fetched (200) <GET https://kframework.org/pyk/_sources/api/pyk.kore_exec_covr.kore_exec_covr.rst.txt> (referer: https://www.google.com/)
[2026-09-05 14:11:59] INFO: Fetched (200) <GET https://kframework.org/pyk/_modules/pyk/ktool/claim_index.html> (referer: https://www.google.com/)
[2026-09-05 14:12:00] INFO: Fetched (200) <GET https://kframework.org/pyk/_sources/api/pyk.ktool.claim_index.rst.txt> (referer: https://www.google.com/)
[2026-09-05 14:12:00] INFO: Fetched (200) <GET https://kframework.org/pyk/_modules/pyk/ktool/claim_loader.html> (referer: https://www.google.com/)
[2026-09-05 14:12:01] INFO: Fetched (200) <GET https://kframework.org/pyk/_sources/api/pyk.ktool.claim_loader.rst.txt> (referer: https://www.google.com/)
[2026-09-05 14:12:01] INFO: Fetched (200) <GET https://kframework.org/pyk/_modules/pyk/ktool/kfuzz.html> (referer: https://www.google.com/)
[2026-09-05 14:12:02] INFO: Fetched (200) <GET https://kframework.org/pyk/_sources/api/pyk.ktool.kfuzz.rst.txt> (referer: https://www.google.com/)
[2026-09-05 14:12:02] INFO: Fetched (200) <GET https://kframework.org/pyk/_modules/pyk/ktool/kompile.html> (referer: https://www.google.com/)
[2026-09-05 14:12:03] INFO: Fetched (200) <GET https://kframework.org/pyk/_sources/api/pyk.ktool.kompile.rst.txt> (referer: https://www.google.com/)
[2026-09-05 14:12:03] INFO: Fetched (200) <GET https://kframework.org/pyk/_modules/pyk/ktool/kprint.html> (referer: https://www.google.com/)
[2026-09-05 14:12:04] INFO: Fetched (200) <GET https://kframework.org/pyk/_sources/api/pyk.ktool.kprint.rst.txt> (referer: https://www.google.com/)
[2026-09-05 14:12:04] INFO: Fetched (200) <GET https://kframework.org/pyk/_modules/pyk/ktool/kprove.html> (referer: https://www.google.com/)
[2026-09-05 14:12:05] INFO: Fetched (200) <GET https://kframework.org/pyk/_sources/api/pyk.ktool.kprove.rst.txt> (referer: https://www.google.com/)
[2026-09-05 14:12:05] INFO: Fetched (200) <GET https://kframework.org/pyk/_modules/pyk/ktool/krun.html> (referer: https://www.google.com/)
[2026-09-05 14:12:06] INFO: Fetched (200) <GET https://kframework.org/pyk/_sources/api/pyk.ktool.krun.rst.txt> (referer: https://www.google.com/)
[2026-09-05 14:12:06] INFO: Fetched (200) <GET https://kframework.org/pyk/_modules/pyk/ktool/utils.html> (referer: https://www.google.com/)
[2026-09-05 14:12:07] INFO: Fetched (200) <GET https://kframework.org/pyk/_sources/api/pyk.ktool.utils.rst.txt> (referer: https://www.google.com/)
[2026-09-05 14:12:07] INFO: Fetched (200) <GET https://kframework.org/pyk/_modules/pyk/proof/implies.html> (referer: https://www.google.com/)
[2026-09-05 14:12:08] INFO: Fetched (200) <GET https://kframework.org/pyk/_sources/api/pyk.proof.implies.rst.txt> (referer: https://www.google.com/)
[2026-09-05 14:12:09] INFO: Fetched (200) <GET https://kframework.org/pyk/_modules/pyk/proof/proof.html> (referer: https://www.google.com/)
[2026-09-05 14:12:09] INFO: Fetched (200) <GET https://kframework.org/pyk/_sources/api/pyk.proof.proof.rst.txt> (referer: https://www.google.com/)
[2026-09-05 14:12:10] INFO: Fetched (200) <GET https://kframework.org/pyk/_modules/pyk/proof/prove_rpc.html> (referer: https://www.google.com/)
[2026-09-05 14:12:10] INFO: Fetched (200) <GET https://kframework.org/pyk/_sources/api/pyk.proof.prove_rpc.rst.txt> (referer: https://www.google.com/)
[2026-09-05 14:12:11] INFO: Fetched (200) <GET https://kframework.org/pyk/_modules/pyk/proof/reachability.html> (referer: https://www.google.com/)
[2026-09-05 14:12:12] INFO: Fetched (200) <GET https://kframework.org/pyk/_sources/api/pyk.proof.reachability.rst.txt> (referer: https://www.google.com/)
[2026-09-05 14:12:12] INFO: Fetched (200) <GET https://kframework.org/pyk/_modules/pyk/proof/show.html> (referer: https://www.google.com/)
[2026-09-05 14:12:13] INFO: Fetched (200) <GET https://kframework.org/pyk/_sources/api/pyk.proof.show.rst.txt> (referer: https://www.google.com/)
[2026-09-05 14:12:13] INFO: Fetched (200) <GET https://kframework.org/pyk/_modules/pyk/proof/tui.html> (referer: https://www.google.com/)
[2026-09-05 14:12:14] INFO: Fetched (200) <GET https://kframework.org/pyk/_sources/api/pyk.proof.tui.rst.txt> (referer: https://www.google.com/)
[2026-09-05 14:12:14] INFO: Fetched (200) <GET https://kframework.org/pyk/_modules/pyk/testing/plugin.html> (referer: https://www.google.com/)
[2026-09-05 14:12:15] INFO: Fetched (200) <GET https://kframework.org/pyk/_sources/api/pyk.testing.plugin.rst.txt> (referer: https://www.google.com/)
[2026-09-05 14:12:15] INFO: Fetched (200) <GET https://kframework.org/pyk/_modules/pyk/kast/prelude/bytes.html> (referer: https://www.google.com/)
[2026-09-05 14:12:16] INFO: Fetched (200) <GET https://kframework.org/pyk/_sources/api/pyk.kast.prelude.bytes.rst.txt> (referer: https://www.google.com/)
[2026-09-05 14:12:16] INFO: Fetched (200) <GET https://kframework.org/pyk/_modules/pyk/kast/prelude/collections.html> (referer: https://www.google.com/)
[2026-09-05 14:12:17] INFO: Fetched (200) <GET https://kframework.org/pyk/_sources/api/pyk.kast.prelude.collections.rst.txt> (referer: https://www.google.com/)
[2026-09-05 14:12:17] INFO: Fetched (200) <GET https://kframework.org/pyk/_modules/pyk/kast/prelude/k.html> (referer: https://www.google.com/)
[2026-09-05 14:12:18] INFO: Fetched (200) <GET https://kframework.org/pyk/_sources/api/pyk.kast.prelude.k.rst.txt> (referer: https://www.google.com/)
[2026-09-05 14:12:18] INFO: Fetched (200) <GET https://kframework.org/pyk/_modules/pyk/kast/prelude/kbool.html> (referer: https://www.google.com/)
[2026-09-05 14:12:19] INFO: Fetched (200) <GET https://kframework.org/pyk/_sources/api/pyk.kast.prelude.kbool.rst.txt> (referer: https://www.google.com/)
[2026-09-05 14:12:19] INFO: Fetched (200) <GET https://kframework.org/pyk/_modules/pyk/kast/prelude/kint.html> (referer: https://www.google.com/)
[2026-09-05 14:12:20] INFO: Fetched (200) <GET https://kframework.org/pyk/_sources/api/pyk.kast.prelude.kint.rst.txt> (referer: https://www.google.com/)
[2026-09-05 14:12:20] INFO: Fetched (200) <GET https://kframework.org/pyk/_modules/pyk/kast/prelude/ml.html> (referer: https://www.google.com/)
[2026-09-05 14:12:21] INFO: Fetched (200) <GET https://kframework.org/pyk/_sources/api/pyk.kast.prelude.ml.rst.txt> (referer: https://www.google.com/)
[2026-09-05 14:12:21] INFO: Fetched (200) <GET https://kframework.org/pyk/_modules/pyk/kast/prelude/string.html> (referer: https://www.google.com/)
[2026-09-05 14:12:22] INFO: Fetched (200) <GET https://kframework.org/pyk/_sources/api/pyk.kast.prelude.string.rst.txt> (referer: https://www.google.com/)
[2026-09-05 14:12:22] INFO: Fetched (200) <GET https://kframework.org/pyk/_modules/pyk/kast/prelude/utils.html> (referer: https://www.google.com/)
[2026-09-05 14:12:23] INFO: Fetched (200) <GET https://kframework.org/pyk/_sources/api/pyk.kast.prelude.utils.rst.txt> (referer: https://www.google.com/)
[2026-09-05 14:12:23] INFO: Fetched (200) <GET https://kframework.org/pyk/_modules/pyk/kllvm/hints/prooftrace.html> (referer: https://www.google.com/)
[2026-09-05 14:12:24] INFO: Fetched (200) <GET https://kframework.org/pyk/_sources/api/pyk.kllvm.hints.prooftrace.rst.txt> (referer: https://www.google.com/)
[2026-09-05 14:12:24] INFO: Fetched (200) <GET https://kframework.org/pyk/_modules/index.html> (referer: https://www.google.com/)
STATUS 404 https://kframework.org/k-distribution/include/kframework/builtin/
STATUS 404 https://kframework.org/cdn-cgi/l/email-protection
STATUS 404 https://kframework.org/k-distribution/include/kframework/builtin/USER_MANUAL/
STATUS 404 https://kframework.org/k-distribution/k-tutorial/2_intermediate/14_string_buffers_and_bytes/
STATUS 404 https://kframework.org/USER_MANUAL/
STATUS 404 https://kframework.org/_sources/index.rst.txt
STATUS 404 https://kframework.org/api/modules.html
STATUS 404 https://kframework.org/api/pyk.html
STATUS 404 https://kframework.org/genindex.html
STATUS 404 https://kframework.org/py-modindex.html
STATUS 404 https://kframework.org/search.html
PAGES 311 PRACTICE PARAGRAPHS 1
exit=0
