{
  "ok": true,
  "checked": {
    "positives": 6,
    "prefixes": 100,
    "branches": 2,
    "negatives": 11,
    "mappings": 2
  },
  "failures": [],
  "firstFailure": null,
  "traceResults": [
    {
      "id": "heldouts:NAM19-capitalization:trace",
      "ok": true,
      "accountMismatches": [],
      "reads": [
        "accounts.borrower.USD",
        "accounts.lender.USD",
        "authority.lender.allowedEffects",
        "authority.lender.transferAllowances.USD",
        "authority.system.allowedEffects",
        "debts.nam19",
        "history.H_nam19_ied",
        "history.H_nam19_ipci",
        "history.H_nam19_rr1",
        "history.H_nam19_rr2",
        "work.lifetime",
        "work.remainingOrdinary",
        "work.spent"
      ],
      "writes": [
        "accounts.borrower.USD",
        "accounts.lender.USD",
        "authority.lender.transferAllowance",
        "authority.lender.transferAllowances.USD",
        "authority.system.allowedEffects",
        "contract.accruedInterest",
        "contract.nominalInterestRate",
        "contract.notionalPrincipal",
        "debts.nam19",
        "debts.nam19.accrued",
        "debts.nam19.principal",
        "debts.nam19.rate",
        "duties.nam19-debt",
        "duties.nam19-debt.amount",
        "history.H_nam19_ied",
        "history.H_nam19_ipci",
        "history.H_nam19_rr1",
        "history.H_nam19_rr2",
        "observations.O_LIBOR_2013-07-01",
        "work.remainingOrdinary",
        "work.spent"
      ],
      "footprintCount": 23,
      "footprintExceedsToy": false,
      "actualFootprintRequirement": 23,
      "unresolvedAliases": [],
      "postHash": "7038c8144fdb151fd0ad230f799219c64b1e040f8efad890c43bb3de63a32b33",
      "ord": "[{\"_ordIndex\":0,\"amount\":\"5000\",\"asset\":\"USD\",\"ctor\":\"Transfer\",\"from\":\"lender\",\"id\":\"T_nam_ied\",\"scale\":\"source-decimal\",\"to\":\"borrower\",\"unit\":\"USD\"},{\"_ordIndex\":1,\"asset\":\"USD\",\"creditor\":\"lender\",\"ctor\":\"CreateDebt\",\"debtor\":\"borrower\",\"id\":\"nam19\",\"principal\":\"5000\",\"scale\":\"source-decimal\",\"unit\":\"USD\"},{\"_ordIndex\":2,\"amount\":\"5000\",\"amountDomain\":\"source-decimal\",\"asset\":\"USD\",\"controller\":\"borrower\",\"ctor\":\"AssignDuty\",\"debtId\":\"nam19\",\"dutyVariant\":\"debt-linked\",\"exactAmount\":\"5000\",\"id\":\"nam19-debt\",\"kind\":\"repay-notional\",\"payee\":\"lender\",\"residual\":true},{\"_ordIndex\":3,\"ctor\":\"CreateHistory\",\"id\":\"H_nam19_ied\"},{\"_ordIndex\":4,\"accrued\":\"98.63013698630137\",\"accruedDomain\":\"source-decimal\",\"accruedExact\":\"7200/73\",\"ctor\":\"AccrueNominal\",\"debtId\":\"nam19\",\"observationRef\":\"O_NAM_contract_rate_0_08\",\"period\":\"IED->RR\"},{\"_ordIndex\":5,\"ctor\":\"SetNominalRate\",\"debtId\":\"nam19\",\"observationRef\":\"O_LIBOR_2013-04-01\",\"rate\":\"0.110567901234567900\"},{\"_ordIndex\":6,\"ctor\":\"ConsumeHistory\",\"id\":\"H_nam19_ied\"},{\"_ordIndex\":7,\"ctor\":\"CreateHistory\",\"id\":\"H_nam19_rr1\"},{\"_ordIndex\":8,\"accrued\":\"137.83121934720108\",\"accruedDomain\":\"source-decimal\",\"accruedExact\":\"100616790123456789/730000000000000\",\"ctor\":\"AccrueNominal\",\"days\":\"91\",\"debtId\":\"nam19\",\"observationRef\":\"O_LIBOR_2013-04-01\",\"period\":\"RR->IPCI\",\"rate\":\"0.110567901234567900\"},{\"_ordIndex\":9,\"ctor\":\"Capitalize\",\"debtId\":\"nam19\",\"payoff\":\"0\",\"principalAfter\":\"5236.461356333502\"},{\"_ordIndex\":10,\"accruedInterest\":\"0\",\"ctor\":\"UpdateContract\",\"id\":\"nam19\",\"nominalInterestRate\":\"0.110567901234567900\",\"notionalPrincipal\":\"5236.461356333502\"},{\"_ordIndex\":11,\"ctor\":\"ConsumeHistory\",\"id\":\"H_nam19_rr1\"},{\"_ordIndex\":12,\"ctor\":\"CreateHistory\",\"id\":\"H_nam19_ipci\"},{\"_ordIndex\":13,\"ctor\":\"SetNominalRate\",\"debtId\":\"nam19\",\"observationRef\":\"O_LIBOR_2013-07-01\",\"rate\":\"0.111679012345679000\"},{\"_ordIndex\":14,\"authenticated\":true,\"code\":\"LIBOR_USD\",\"ctor\":\"UpdateObservation\",\"id\":\"O_LIBOR_2013-07-01\",\"kind\":\"assumed-fixture\",\"timestamp\":\"2013-07-01T00:00:00\",\"value\":\"0.011679012345679000\"},{\"_ordIndex\":15,\"accruedInterest\":\"0\",\"ctor\":\"UpdateContract\",\"id\":\"nam19\",\"nominalInterestRate\":\"0.111679012345679000\",\"notionalPrincipal\":\"5236.461356333502\"},{\"_ordIndex\":16,\"ctor\":\"ConsumeHistory\",\"id\":\"H_nam19_ipci\"},{\"_ordIndex\":17,\"ctor\":\"CreateHistory\",\"id\":\"H_nam19_rr2\"},{\"_ordIndex\":18,\"closureDelta\":\"0\",\"ctor\":\"UpdateWork\",\"ordinaryDelta\":\"24\"},{\"_ordIndex\":19,\"asset\":\"USD\",\"ctor\":\"UpdateAuthorityCounters\",\"grossDelta\":\"5000\",\"principal\":\"lender\"}]",
      "prefixCount": 21
    },
    {
      "id": "composition:sequential:trace",
      "ok": true,
      "accountMismatches": [],
      "reads": [
        "accounts.Alice.USDC",
        "accounts.Bob.USDC",
        "authority.Alice.allowedEffects",
        "authority.Alice.transferAllowances.USDC",
        "authority.system.allowedEffects",
        "history.H_seq_A",
        "history.H_seq_B",
        "work.lifetime",
        "work.remainingOrdinary",
        "work.spent"
      ],
      "writes": [
        "accounts.Alice.USDC",
        "accounts.Bob.USDC",
        "authority.Alice.transferAllowance",
        "authority.Alice.transferAllowances.USDC",
        "history.H_seq_A",
        "history.H_seq_B",
        "work.remainingOrdinary",
        "work.spent"
      ],
      "footprintCount": 11,
      "footprintExceedsToy": false,
      "actualFootprintRequirement": 11,
      "unresolvedAliases": [],
      "postHash": "9986046260119a07964bfe877845757360bdf6b9689d0b1af68f25c1716c4ac1",
      "ord": "[{\"_ordIndex\":0,\"amount\":\"10\",\"asset\":\"USDC\",\"ctor\":\"Transfer\",\"from\":\"Alice\",\"id\":\"seq_T0\",\"scale\":\"0\",\"to\":\"Bob\",\"unit\":\"USDC\"},{\"_ordIndex\":1,\"amount\":\"20\",\"asset\":\"USDC\",\"ctor\":\"Transfer\",\"from\":\"Alice\",\"id\":\"seq_T1\",\"scale\":\"0\",\"to\":\"Bob\",\"unit\":\"USDC\"},{\"_ordIndex\":2,\"ctor\":\"CreateHistory\",\"id\":\"H_seq_A\"},{\"_ordIndex\":3,\"ctor\":\"ConsumeHistory\",\"id\":\"H_seq_A\"},{\"_ordIndex\":4,\"ctor\":\"CreateHistory\",\"id\":\"H_seq_B\"},{\"_ordIndex\":5,\"closureDelta\":\"0\",\"ctor\":\"UpdateWork\",\"ordinaryDelta\":\"16\"},{\"_ordIndex\":6,\"asset\":\"USDC\",\"ctor\":\"UpdateAuthorityCounters\",\"grossDelta\":\"30\",\"principal\":\"Alice\"}]",
      "prefixCount": 8
    },
    {
      "id": "composition:disjoint-parallel:trace",
      "ok": true,
      "accountMismatches": [],
      "reads": [
        "accounts.Alice.WETH",
        "accounts.Bob.USDC",
        "accounts.VaultX.WETH",
        "accounts.VaultY.USDC",
        "authority.Alice.allowedEffects",
        "authority.Alice.transferAllowances.WETH",
        "authority.Bob.allowedEffects",
        "authority.Bob.transferAllowances.USDC",
        "authority.system.allowedEffects",
        "history.H_par_A",
        "history.H_par_B",
        "history.H_par_join",
        "work.lifetime",
        "work.remainingOrdinary",
        "work.spent"
      ],
      "writes": [
        "accounts.Alice.WETH",
        "accounts.Bob.USDC",
        "accounts.VaultX.WETH",
        "accounts.VaultY.USDC",
        "authority.Alice.transferAllowance",
        "authority.Alice.transferAllowances.WETH",
        "authority.Bob.transferAllowance",
        "authority.Bob.transferAllowances.USDC",
        "history.H_par_A",
        "history.H_par_B",
        "history.H_par_join",
        "work.remainingOrdinary",
        "work.spent",
        "workPartition.A.remainingOrdinary",
        "workPartition.A.spent",
        "workPartition.B.remainingOrdinary",
        "workPartition.B.spent"
      ],
      "footprintCount": 21,
      "footprintExceedsToy": false,
      "actualFootprintRequirement": 21,
      "unresolvedAliases": [],
      "postHash": "d8b7343f7cdeca3eed735f3f7e2ad01ad5ec5b3b38ad0ec9b8fa699cbc525f39",
      "ord": "[{\"_ordIndex\":0,\"amount\":\"7\",\"asset\":\"WETH\",\"ctor\":\"Transfer\",\"from\":\"Alice\",\"id\":\"par_T0\",\"scale\":\"0\",\"to\":\"VaultX\",\"unit\":\"WETH\"},{\"_ordIndex\":1,\"amount\":\"11\",\"asset\":\"USDC\",\"ctor\":\"Transfer\",\"from\":\"Bob\",\"id\":\"par_T1\",\"scale\":\"0\",\"to\":\"VaultY\",\"unit\":\"USDC\"},{\"_ordIndex\":2,\"ctor\":\"CreateHistory\",\"id\":\"H_par_A\"},{\"_ordIndex\":3,\"ctor\":\"CreateHistory\",\"id\":\"H_par_B\"},{\"_ordIndex\":4,\"ctor\":\"ConsumeHistory\",\"id\":\"H_par_A\"},{\"_ordIndex\":5,\"ctor\":\"ConsumeHistory\",\"id\":\"H_par_B\"},{\"_ordIndex\":6,\"ctor\":\"CreateHistory\",\"id\":\"H_par_join\"},{\"_ordIndex\":7,\"closureDelta\":\"0\",\"ctor\":\"UpdateWork\",\"ordinaryDelta\":\"20\"},{\"_ordIndex\":8,\"asset\":\"WETH\",\"ctor\":\"UpdateAuthorityCounters\",\"grossDelta\":\"7\",\"principal\":\"Alice\"},{\"_ordIndex\":9,\"asset\":\"USDC\",\"ctor\":\"UpdateAuthorityCounters\",\"grossDelta\":\"11\",\"principal\":\"Bob\"}]",
      "prefixCount": 11
    },
    {
      "id": "composition:shared-state-interleaving:trace",
      "ok": true,
      "accountMismatches": [],
      "reads": [
        "accounts.Alice.USDC",
        "accounts.Alice.WETH",
        "accounts.Bob.LP-USDC-WETH",
        "accounts.Bob.USDC",
        "accounts.Bob.WETH",
        "accounts.PoolP.USDC",
        "accounts.PoolP.WETH",
        "accounts.Treasury.USDC",
        "authority.Alice.allowedEffects",
        "authority.Alice.transferAllowances.USDC",
        "authority.Bob.allowedEffects",
        "authority.Bob.transferAllowances.USDC",
        "authority.Bob.transferAllowances.WETH",
        "authority.PoolP.allowedEffects",
        "authority.PoolP.transferAllowances.WETH",
        "authority.system.allowedEffects",
        "history.H_pool_pre",
        "history.H_shared_A",
        "history.H_shared_AB",
        "positions.PoolP",
        "shares.Bob",
        "shares.Maker",
        "work.lifetime",
        "work.remainingOrdinary",
        "work.spent"
      ],
      "writes": [
        "accounts.Alice.USDC",
        "accounts.Alice.WETH",
        "accounts.Bob.LP-USDC-WETH",
        "accounts.Bob.USDC",
        "accounts.Bob.WETH",
        "accounts.PoolP.USDC",
        "accounts.PoolP.WETH",
        "accounts.Treasury.USDC",
        "authority.Alice.transferAllowance",
        "authority.Alice.transferAllowances.USDC",
        "authority.Bob.transferAllowance",
        "authority.Bob.transferAllowances.USDC",
        "authority.Bob.transferAllowances.WETH",
        "authority.PoolP.transferAllowance",
        "authority.PoolP.transferAllowances.WETH",
        "fees.swapFee",
        "history.H_pool_pre",
        "history.H_shared_A",
        "history.H_shared_AB",
        "positions.PoolP.lpSupply",
        "positions.PoolP.reserveUSDC",
        "positions.PoolP.reserveWETH",
        "shares.Bob",
        "work.remainingOrdinary",
        "work.spent"
      ],
      "footprintCount": 32,
      "footprintExceedsToy": false,
      "actualFootprintRequirement": 32,
      "unresolvedAliases": [],
      "postHash": "16575dd85cacf310982a58b225abad15161707aa1ecb4c6ca9bc0a8760f42945",
      "ord": "[{\"_ordIndex\":0,\"amount\":\"20\",\"asset\":\"USDC\",\"ctor\":\"Transfer\",\"from\":\"Alice\",\"id\":\"shared_T0\",\"scale\":\"0\",\"to\":\"PoolP\",\"unit\":\"USDC\"},{\"_ordIndex\":1,\"amount\":\"16\",\"asset\":\"WETH\",\"ctor\":\"Transfer\",\"from\":\"PoolP\",\"id\":\"shared_T1\",\"scale\":\"0\",\"to\":\"Alice\",\"unit\":\"WETH\"},{\"_ordIndex\":2,\"amount\":\"1\",\"asset\":\"USDC\",\"ctor\":\"Transfer\",\"from\":\"Alice\",\"id\":\"T_shared_fee\",\"scale\":\"0\",\"to\":\"Treasury\",\"unit\":\"USDC\"},{\"_ordIndex\":3,\"amount\":\"12\",\"asset\":\"USDC\",\"ctor\":\"Transfer\",\"from\":\"Bob\",\"id\":\"shared_T2\",\"scale\":\"0\",\"to\":\"PoolP\",\"unit\":\"USDC\"},{\"_ordIndex\":4,\"amount\":\"8\",\"asset\":\"WETH\",\"ctor\":\"Transfer\",\"from\":\"Bob\",\"id\":\"shared_T3\",\"scale\":\"0\",\"to\":\"PoolP\",\"unit\":\"WETH\"},{\"_ordIndex\":5,\"amount\":\"9\",\"asset\":\"LP-USDC-WETH\",\"ctor\":\"Mint\",\"scale\":\"0\",\"to\":\"Bob\",\"unit\":\"LP-USDC-WETH\"},{\"_ordIndex\":6,\"amount\":\"1\",\"annotates\":\"T_shared_fee\",\"asset\":\"USDC\",\"cashMovement\":false,\"ctor\":\"AccrueFee\",\"feeId\":\"swapFee\",\"from\":\"Alice\",\"recipient\":\"Treasury\",\"role\":\"annotation\",\"scale\":\"0\",\"unit\":\"USDC\"},{\"_ordIndex\":7,\"ctor\":\"ConsumeHistory\",\"id\":\"H_pool_pre\"},{\"_ordIndex\":8,\"ctor\":\"CreateHistory\",\"id\":\"H_shared_A\"},{\"_ordIndex\":9,\"ctor\":\"ConsumeHistory\",\"id\":\"H_shared_A\"},{\"_ordIndex\":10,\"ctor\":\"CreateHistory\",\"id\":\"H_shared_AB\"},{\"_ordIndex\":11,\"closureDelta\":\"0\",\"ctor\":\"UpdateWork\",\"ordinaryDelta\":\"24\"},{\"_ordIndex\":12,\"asset\":\"USDC\",\"ctor\":\"UpdateAuthorityCounters\",\"grossDelta\":\"21\",\"principal\":\"Alice\"},{\"_ordIndex\":13,\"asset\":\"USDC\",\"ctor\":\"UpdateAuthorityCounters\",\"grossDelta\":\"12\",\"principal\":\"Bob\"},{\"_ordIndex\":14,\"asset\":\"WETH\",\"ctor\":\"UpdateAuthorityCounters\",\"grossDelta\":\"8\",\"principal\":\"Bob\"},{\"_ordIndex\":15,\"asset\":\"WETH\",\"ctor\":\"UpdateAuthorityCounters\",\"grossDelta\":\"16\",\"principal\":\"PoolP\"},{\"_ordIndex\":16,\"ctor\":\"UpdatePositionReserves\",\"id\":\"PoolP\",\"lpSupply\":\"109\",\"reserveUSDC\":\"132\",\"reserveWETH\":\"92\"}]",
      "prefixCount": 18
    },
    {
      "id": "composition:atomic-synchronization:trace",
      "ok": true,
      "accountMismatches": [],
      "reads": [
        "accounts.Alice.USDC",
        "accounts.Alice.WETH",
        "accounts.Lender.USDC",
        "accounts.PoolQ.USDC",
        "accounts.PoolQ.WETH",
        "accounts.Treasury.USDC",
        "authority.Alice.allowedEffects",
        "authority.Alice.transferAllowances.USDC",
        "authority.Lender.allowedEffects",
        "authority.Lender.transferAllowances.USDC",
        "authority.PoolQ.allowedEffects",
        "authority.PoolQ.transferAllowances.WETH",
        "authority.joint",
        "authority.system.allowedEffects",
        "debts.D_flash",
        "history.H_atomic",
        "history.H_lender_pre",
        "history.H_poolq_pre",
        "positions.PoolQ",
        "work.lifetime",
        "work.remainingOrdinary",
        "work.spent"
      ],
      "writes": [
        "accounts.Alice.USDC",
        "accounts.Alice.WETH",
        "accounts.Lender.USDC",
        "accounts.PoolQ.USDC",
        "accounts.PoolQ.WETH",
        "accounts.Treasury.USDC",
        "allocations.A_repay_D_flash",
        "authority.Alice.transferAllowance",
        "authority.Alice.transferAllowances.USDC",
        "authority.Lender.transferAllowance",
        "authority.Lender.transferAllowances.USDC",
        "authority.PoolQ.transferAllowance",
        "authority.PoolQ.transferAllowances.WETH",
        "authority.joint.envelopeConsumed",
        "authority.joint.remainingSplitAuthority",
        "debts.D_flash",
        "fees.repayFee",
        "history.H_atomic",
        "history.H_lender_pre",
        "history.H_poolq_pre",
        "positions.PoolQ.reserveUSDC",
        "positions.PoolQ.reserveWETH",
        "work.remainingOrdinary",
        "work.spent"
      ],
      "footprintCount": 31,
      "footprintExceedsToy": false,
      "actualFootprintRequirement": 31,
      "unresolvedAliases": [],
      "postHash": "a76f1b29857f34eb43d4b883001aa16444692891895f8f790ab863620a8157b5",
      "ord": "[{\"_ordIndex\":0,\"amount\":\"50\",\"asset\":\"USDC\",\"ctor\":\"Transfer\",\"from\":\"Lender\",\"id\":\"atomic_T0\",\"scale\":\"0\",\"to\":\"Alice\",\"unit\":\"USDC\"},{\"_ordIndex\":1,\"amount\":\"50\",\"asset\":\"USDC\",\"ctor\":\"Transfer\",\"from\":\"Alice\",\"id\":\"atomic_T1\",\"scale\":\"0\",\"to\":\"PoolQ\",\"unit\":\"USDC\"},{\"_ordIndex\":2,\"amount\":\"47\",\"asset\":\"WETH\",\"ctor\":\"Transfer\",\"from\":\"PoolQ\",\"id\":\"atomic_T2\",\"scale\":\"0\",\"to\":\"Alice\",\"unit\":\"WETH\"},{\"_ordIndex\":3,\"allocationId\":\"A_repay_D_flash\",\"amount\":\"50\",\"asset\":\"USDC\",\"ctor\":\"Transfer\",\"from\":\"Alice\",\"id\":\"T_alice_lender_50\",\"scale\":\"0\",\"to\":\"Lender\",\"unit\":\"USDC\"},{\"_ordIndex\":4,\"amount\":\"1\",\"asset\":\"USDC\",\"ctor\":\"Transfer\",\"from\":\"Alice\",\"id\":\"T_atomic_fee\",\"scale\":\"0\",\"to\":\"Treasury\",\"unit\":\"USDC\"},{\"_ordIndex\":5,\"asset\":\"USDC\",\"creditor\":\"Lender\",\"ctor\":\"CreateDebt\",\"debtor\":\"Alice\",\"id\":\"D_flash\",\"principal\":\"50\",\"scale\":\"0\",\"unit\":\"USDC\"},{\"_ordIndex\":6,\"allocationId\":\"A_repay_D_flash\",\"amount\":\"50\",\"asset\":\"USDC\",\"ctor\":\"ReduceDebt\",\"fundingTransferId\":\"T_alice_lender_50\",\"id\":\"D_flash\",\"payee\":\"Lender\"},{\"_ordIndex\":7,\"amount\":\"1\",\"annotates\":\"T_atomic_fee\",\"asset\":\"USDC\",\"cashMovement\":false,\"ctor\":\"AccrueFee\",\"feeId\":\"repayFee\",\"from\":\"Alice\",\"recipient\":\"Treasury\",\"role\":\"annotation\",\"scale\":\"0\",\"unit\":\"USDC\"},{\"_ordIndex\":8,\"allocationId\":\"A_repay_D_flash\",\"amount\":\"50\",\"asset\":\"USDC\",\"ctor\":\"SettleTransfer\",\"debtOrDutyId\":\"D_flash\",\"payee\":\"Lender\",\"transferId\":\"T_alice_lender_50\"},{\"_ordIndex\":9,\"ctor\":\"ConsumeHistory\",\"id\":\"H_lender_pre\"},{\"_ordIndex\":10,\"ctor\":\"ConsumeHistory\",\"id\":\"H_poolq_pre\"},{\"_ordIndex\":11,\"ctor\":\"CreateHistory\",\"id\":\"H_atomic\"},{\"_ordIndex\":12,\"closureDelta\":\"0\",\"ctor\":\"UpdateWork\",\"ordinaryDelta\":\"24\"},{\"_ordIndex\":13,\"asset\":\"USDC\",\"ctor\":\"UpdateAuthorityCounters\",\"grossDelta\":\"101\",\"principal\":\"Alice\"},{\"_ordIndex\":14,\"asset\":\"USDC\",\"ctor\":\"UpdateAuthorityCounters\",\"grossDelta\":\"50\",\"principal\":\"Lender\"},{\"_ordIndex\":15,\"asset\":\"WETH\",\"ctor\":\"UpdateAuthorityCounters\",\"grossDelta\":\"47\",\"principal\":\"PoolQ\"},{\"_ordIndex\":16,\"ctor\":\"UpdatePositionReserves\",\"id\":\"PoolQ\",\"reserveUSDC\":\"1050\",\"reserveWETH\":\"953\"}]",
      "prefixCount": 19
    },
    {
      "id": "composition:asynchronous-messaging:trace",
      "ok": true,
      "accountMismatches": [],
      "reads": [
        "accounts.Alice.USDC",
        "accounts.Escrow.USDC",
        "accounts.Treasury.USDC",
        "authority.Alice.allowedEffects",
        "authority.Alice.transferAllowances.USDC",
        "authority.Escrow.allowedEffects",
        "authority.Escrow.transferAllowances.USDC",
        "authority.system.allowedEffects",
        "consumedNonces",
        "duties.DutyLock_M3",
        "history.H_alice_pre",
        "history.H_async_created",
        "history.H_async_refund",
        "messages.M3",
        "work.lifetime",
        "work.remainingOrdinary",
        "work.spent"
      ],
      "writes": [
        "accounts.Alice.USDC",
        "accounts.Escrow.USDC",
        "accounts.Treasury.USDC",
        "allocations.A_refund_M3",
        "authority.Alice.lockConsumed",
        "authority.Alice.lockRefundConsumed",
        "authority.Alice.transferAllowance",
        "authority.Alice.transferAllowances.USDC",
        "authority.Escrow.lockConsumed",
        "authority.Escrow.transferAllowance",
        "authority.Escrow.transferAllowances.USDC",
        "consumedNonces",
        "duties.DutyLock_M3",
        "fees.sendFee",
        "history.H_alice_pre",
        "history.H_async_created",
        "history.H_async_refund",
        "locks.M3",
        "messages.M3",
        "observedTick",
        "work.remainingOrdinary",
        "work.spent"
      ],
      "footprintCount": 26,
      "footprintExceedsToy": false,
      "actualFootprintRequirement": 26,
      "unresolvedAliases": [],
      "postHash": "265f31445982e06fb58b89da4ec1e69f3f26fecf9eb394921c10d8d32f2c5ce7",
      "ord": "[{\"_ordIndex\":0,\"amount\":\"25\",\"asset\":\"USDC\",\"ctor\":\"Transfer\",\"from\":\"Alice\",\"id\":\"T_alice_escrow_25\",\"scale\":\"0\",\"to\":\"Escrow\",\"unit\":\"USDC\"},{\"_ordIndex\":1,\"amount\":\"1\",\"asset\":\"USDC\",\"ctor\":\"Transfer\",\"from\":\"Alice\",\"id\":\"T_async_fee\",\"scale\":\"0\",\"to\":\"Treasury\",\"unit\":\"USDC\"},{\"_ordIndex\":2,\"amount\":\"25\",\"annotates\":\"T_alice_escrow_25\",\"asset\":\"USDC\",\"ctor\":\"Lock\",\"escrow\":\"Escrow\",\"from\":\"Alice\",\"messageId\":\"M3\",\"nonce\":\"N3\"},{\"_ordIndex\":3,\"ctor\":\"SendMessage\",\"deadlineTick\":\"100\",\"escrow\":\"Escrow\",\"from\":\"Alice\",\"id\":\"M3\",\"nonce\":\"N3\",\"to\":\"Bob\"},{\"_ordIndex\":4,\"amount\":\"1\",\"annotates\":\"T_async_fee\",\"asset\":\"USDC\",\"cashMovement\":false,\"ctor\":\"AccrueFee\",\"feeId\":\"sendFee\",\"from\":\"Alice\",\"recipient\":\"Treasury\",\"role\":\"annotation\",\"scale\":\"0\",\"unit\":\"USDC\"},{\"_ordIndex\":5,\"amount\":\"25\",\"asset\":\"USDC\",\"controller\":\"Alice\",\"ctor\":\"AssignDuty\",\"dutyVariant\":\"lock-entitlement\",\"id\":\"DutyLock_M3\",\"kind\":\"locked-funds\",\"lockId\":\"M3\",\"payee\":\"Alice\",\"residual\":true},{\"_ordIndex\":6,\"ctor\":\"UpdateMessageStatus\",\"fromStatus\":\"absent\",\"id\":\"M3\",\"toStatus\":\"Pending\"},{\"_ordIndex\":7,\"ctor\":\"ConsumeHistory\",\"id\":\"H_alice_pre\"},{\"_ordIndex\":8,\"ctor\":\"CreateHistory\",\"id\":\"H_async_created\"},{\"_ordIndex\":9,\"ctor\":\"SetObservedTick\",\"tick\":\"10\"},{\"_ordIndex\":10,\"closureDelta\":\"0\",\"ctor\":\"UpdateWork\",\"ordinaryDelta\":\"8\"},{\"_ordIndex\":11,\"asset\":\"USDC\",\"ctor\":\"UpdateAuthorityCounters\",\"grossDelta\":\"26\",\"principal\":\"Alice\"},{\"_ordIndex\":12,\"ctor\":\"UpdateMessageStatus\",\"fromStatus\":\"Pending\",\"id\":\"M3\",\"toStatus\":\"Refundable\"},{\"_ordIndex\":13,\"ctor\":\"SetObservedTick\",\"tick\":\"100\"},{\"_ordIndex\":14,\"allocationId\":\"A_refund_M3\",\"amount\":\"25\",\"asset\":\"USDC\",\"ctor\":\"Transfer\",\"from\":\"Escrow\",\"id\":\"T_escrow_alice_25\",\"scale\":\"0\",\"to\":\"Alice\",\"unit\":\"USDC\"},{\"_ordIndex\":15,\"ctor\":\"RefundLock\",\"id\":\"M3\",\"nonce\":\"N3\",\"tick\":\"100\",\"to\":\"Alice\"},{\"_ordIndex\":16,\"allocationId\":\"A_refund_M3\",\"amount\":\"25\",\"ctor\":\"SettleDuty\",\"fundingTransferId\":\"T_escrow_alice_25\",\"id\":\"DutyLock_M3\",\"payee\":\"Alice\"},{\"_ordIndex\":17,\"ctor\":\"UpdateMessageStatus\",\"fromStatus\":\"Refundable\",\"id\":\"M3\",\"toStatus\":\"Refunded\"},{\"_ordIndex\":18,\"ctor\":\"ConsumeHistory\",\"id\":\"H_async_created\"},{\"_ordIndex\":19,\"ctor\":\"CreateHistory\",\"id\":\"H_async_refund\"},{\"_ordIndex\":20,\"ctor\":\"ConsumeNonce\",\"id\":\"N3\"},{\"_ordIndex\":21,\"closureDelta\":\"0\",\"ctor\":\"UpdateWork\",\"ordinaryDelta\":\"12\"}]",
      "prefixCount": 23
    }
  ],
  "relationMissing": [],
  "relationMismatches": [],
  "partial": {
    "partialDutyReplayOk": true,
    "partialDutyRemaining": "30"
  },
  "toyFootprintMaximum": 64,
  "selfConsistencyOnly": true,
  "notBNF": true,
  "notK": true,
  "notNetwork": true,
  "notLedgerAcceptance": true,
  "candidateSha256": "f912745cf1edb9d376300fd1690b92c6df613b3343027a2c7e98a3d0e43f57ae",
  "oldFixtureSha256": "2c44dcd0b364afae95213568aa74dd0e75dbc4264b4164772ba0593efbc1a560",
  "oldPinsSha256": "c1025a13d7ccc8c0dfed808969165ca968c4b5af14f167eb80fc028fb2902db0"
}
