✔ full composition prepares address then binds colors once and records every stage before next call (51.196638ms)
✔ wrong network rejects before preparation and bounded-cleans supplied wallet (8.817486ms)
✔ wrong SDK network rejects before preparation and bounded-cleans supplied wallet (0.456306ms)
✔ wrong payer rejects before preparation and bounded-cleans supplied wallet (0.289813ms)
✔ public endpoint rejects before preparation and bounded-cleans supplied wallet (0.148877ms)
✔ missing protocol rejects before preparation and bounded-cleans supplied wallet (0.319951ms)
✔ unknown logical asset rejects before preparation and bounded-cleans supplied wallet (0.225943ms)
✔ provider construction failure preserves failure and cleans wallet/assets (6.98227ms)
✔ driver failure before its cleanup ownership guard falls back to wallet cleanup (7.78611ms)
✔ driver throw without cleanup receipt falls back to owned providers exactly once (1.130536ms)
✔ onStage failed retention stops before another transaction (1.369666ms)
✔ source adapters cannot silently switch into production mode (0.457207ms)
✔ local RPC uses one bounded nonredirecting request and validates its response identity (65.316783ms)
✔ local RPC aborts an unresponsive inert request by absolute deadline (49.561451ms)
✔ swap waits for exact wallet mint after durable initialize comparison and before actual driver swap (35.514801ms)
✔ missing initialized wallet mint stops actual driver before swap and close (1.743187ms)
✔ wallet sync that crosses the admission deadline prevents swap (2.213147ms)
✔ asset mutation after a recorded stage stops before the next SDK stage (15.157327ms)
✔ inert contained success is explicitly source-only and never financial acceptance (19.986852ms)
✔ RPC rejects mismatched IDs and oversized bodies without a retry (4.379173ms)
✔ protocol and reviewed callbacks remain captured after asynchronous preparation starts (1.460048ms)
✔ recovery composition restores before real driver, observes historical deploy once and submits only three calls (7.569235ms)
✔ recovery publicCheck failure stops before driver and cleans owned resources (0.742274ms)
✔ recovery checkWallet failure stops before driver and cleans owned resources (0.598722ms)
✔ recovery reconstruct failure stops before driver and cleans owned resources (4.368362ms)
✔ recovery inspectStore failure stops before driver and cleans owned resources (0.85056ms)
✔ recovery restore failure stops before driver and cleans owned resources (8.821548ms)
✔ recovery wallet synchronization rejection prevents constructor, store and driver (0.904232ms)
✔ recovery rejects actual allocation differing from closed plan before recovery work (0.46826ms)
✔ recovery rejects actual submissions differing from closed plan before recovery work (5.12385ms)
✔ recovery rejects actual dust differing from closed plan before recovery work (0.731919ms)
✔ recovery rejects actual gross cap differing from closed plan before recovery work (0.391752ms)
✔ recovery rejects actual deadline differing from closed plan before recovery work (0.338667ms)
✔ recovery rejects actual journal differing from closed plan before recovery work (0.325538ms)
✔ recovery rejects actual store directory differing from closed plan before recovery work (0.447701ms)
✔ recovery rejects actual store namespace differing from closed plan before recovery work (0.545269ms)
✔ recovery rejects actual role differing from closed plan before recovery work (20.422013ms)
✔ recovery rejects actual wallet differing from closed plan before recovery work (1.738465ms)
✔ recovery rejects actual network tag differing from closed plan before recovery work (15.062842ms)
✔ recovery rejects actual build differing from closed plan before recovery work (1.507545ms)
✔ recovery plan rejects changed deployment identity and unchecked identity shortcut (9.579147ms)
✔ production integration rejects recovery adapters before loading runtime or touching private state (0.898782ms)
✔ source recovery requires all recovery adapters (24.195885ms)
✔ nonempty recovery destination stops before provider creation and driver (1.631007ms)
✔ recovery rejects deployment identity getter before cloning or executing it (0.681116ms)
✔ initialized composition replays history once before store access and only submits accrue and settle (37.356157ms)
✔ initialized publicCheck failure stops calls and cleans owned resources (1.38859ms)
✔ initialized checkWallet failure stops calls and cleans owned resources (6.066452ms)
✔ initialized preserveStore failure stops calls and cleans owned resources (1.100734ms)
✔ initialized checkPrivate failure stops calls and cleans owned resources (18.762564ms)
✔ failed initialized historical deploy comparison prevents snapshot and providers (1.650703ms)
✔ failed initialized historical initialize comparison prevents snapshot and providers (9.945939ms)
✔ initialized actual store mismatch stops before setup (0.451354ms)
✔ initialized actual limits mismatch stops before setup (7.087358ms)
✔ initialized actual role mismatch stops before setup (0.762845ms)
✔ initialized actual build mismatch stops before setup (0.442405ms)
✔ production rejects continuation adapters; source fixture requires every gate (3.30414ms)
✔ initialized publicCheck requires its closed success result (14.43482ms)
✔ initialized preserveStore requires its closed success result (0.947628ms)
✔ initialized checkPrivate requires its closed success result (10.221262ms)
✔ integration failure emits only a closed code and excludes unknown SDK text (0.914882ms)
✔ actual production preflight failure survives durable launcher retention with its closed code (7.928744ms)
✔ closed local plan validates without opening secret paths (1.521553ms)
✔ rejects remote endpoints, Preview, embedded secrets, unknown fields and unbounded limits (0.762656ms)
✔ private input reader rejects permissive files and symlinks without leaking contents (9.055759ms)
✔ private input reader and CLI reject a FIFO without waiting for a writer (1129.875921ms)
✔ event projection drops private fields and rejects unexpected event kinds (1.102878ms)
✔ actual pinned launch SDK files satisfy source inspection without wallet construction (33.336916ms)
✔ CLI requires an explicit run, plan path and exact digest without echoing arguments (657.340611ms)
✔ strict saved-state envelope rejects absent, null and incompatible restore data (12.139979ms)
✔ real pinned API exports compose without constructing a wallet or key (12382.499044ms)
✔ public submission capture persists actual historical native bytes before inert submission and retains failure evidence (220.991175ms)
✔ submission evidence storage failure prevents calling even an inert submitter (45.896838ms)
✔ complete reviewed public integration result preserves failed driver receipts, cleanup and finished comparison (2.804773ms)
✔ storage password preflight applies actual SDK policy before wallet work and emits only a closed error (22.305092ms)
✔ closed recovery launch keeps original wallet and roles and permits exactly three submissions (4.938736ms)
✔ launcher rejects malformed diagnostic fields and accessors before durable retention (9.712632ms)
✔ initialized launch admits exactly two calls against the fixed existing store without private access (1.027275ms)
✔ initialized launch rejects combined modes, replacement private state, identity and history changes (11.999583ms)
✔ public integration failure code is retained only as an allowlisted own data field on failure (1.55491ms)
✔ actual launch plan selects single stale mode and rejects old combined modes (12.813801ms)
✔ actual integration dispatch orders history, wallet, preservation, provider and only stale submission (38.680278ms)
✔ publicCheck stops later actions and always cleans existing wallet/providers (7.621424ms)
✔ checkWallet stops later actions and always cleans existing wallet/providers (10.560268ms)
✔ preserveStore stops later actions and always cleans existing wallet/providers (2.122736ms)
✔ prepare stops later actions and always cleans existing wallet/providers (6.276062ms)
✔ submit stops later actions and always cleans existing wallet/providers (12.438818ms)
✔ production options refuse source adapters and a second submission (6.234615ms)
✔ durable public candidate/outcome/result writer preserves binary, bigint state and rejects reuse/accessors (264.202911ms)
✔ fixed stale plan binds settled state and a single zero-financial-debit attempt without reading private paths (6.440422ms)
✔ stale mode rejects every alternative mode and unknown field (2.984722ms)
✔ all pinned public identity and history fields reject mutation (17.037541ms)
✔ preserves wallet roles build and original private namespace identities (25.957122ms)
✔ caps exactly one new submission and zero USD with bounded canonical DUST/deadline (6.831471ms)
✔ fresh destinations are canonical disjoint paths outside source stores and old campaigns (7.050723ms)
✔ endpoint network and pin overrides reject before any reader (1.50547ms)
✔ nested getters symbols nonplain objects and array accessors never execute (1.250116ms)
✔ public reader rejects private redirects before invoking native decoder (2.096031ms)
✔ public metadata is immutable and reader verifies four native histories and settled source only (503.243375ms)
(node:1816362) ExperimentalWarning: Module mocking is an experimental feature and might change at any time
(Use `node --trace-warnings ...` to show where the warning was created)
(node:1816362) DeprecationWarning: mock.module(): options.namedExports is deprecated. Use options.exports instead.
✔ real public preflight valid uses bounded RPC/native snapshot and exact retained histories (4629.832302ms)
✔ real public preflight wrong-history uses bounded RPC/native snapshot and exact retained histories (938.534112ms)
✔ real public preflight wrong-current uses bounded RPC/native snapshot and exact retained histories (1100.878466ms)
ℹ tests 102
ℹ suites 0
ℹ pass 102
ℹ fail 0
ℹ cancelled 0
ℹ skipped 0
ℹ todo 0
ℹ duration_ms 16564.199891
