{
  "reviewer": "fresh independent GPT-6 Astra",
  "scope": "callable fixed JSON design checker; no compiler, wallet, network or proof work",
  "status": "PASS",
  "node": "v24.18.1",
  "counts": {
    "total": 54,
    "accepted": 4,
    "rejected": 50
  },
  "independentArithmetic": {
    "cash": "1150",
    "collateral": "4",
    "funded": "1000",
    "debt": "0",
    "nav": "1090",
    "loss": "10",
    "lossHistory": [
      "600",
      "610",
      "460",
      "10"
    ],
    "navHistory": [
      "500",
      "490",
      "640",
      "1090"
    ],
    "ordinarySpent": "13",
    "totalResourceUniverse": "15"
  },
  "results": [
    {
      "name": "baseline agrees with independent accounting fold",
      "result": "PASS",
      "inputUnchanged": true
    },
    {
      "name": "each prior transfer cannot replay: CollateralDelivery",
      "result": "REJECTED",
      "code": "REPLAY",
      "inputUnchanged": true
    },
    {
      "name": "each prior transfer cannot replay: SaleCash",
      "result": "REJECTED",
      "code": "REPLAY",
      "inputUnchanged": true
    },
    {
      "name": "each prior transfer cannot replay: SaleFee",
      "result": "REJECTED",
      "code": "REPLAY",
      "inputUnchanged": true
    },
    {
      "name": "each prior transfer cannot replay: LateCash",
      "result": "REJECTED",
      "code": "REPLAY",
      "inputUnchanged": true
    },
    {
      "name": "each prior transfer cannot replay: LateFee",
      "result": "REJECTED",
      "code": "REPLAY",
      "inputUnchanged": true
    },
    {
      "name": "each prior allocation cannot replay: SaleAllocation",
      "result": "REJECTED",
      "code": "REPLAY",
      "inputUnchanged": true
    },
    {
      "name": "each prior allocation cannot replay: LateAllocation",
      "result": "REJECTED",
      "code": "REPLAY",
      "inputUnchanged": true
    },
    {
      "name": "spoofed unexecuted funding lookup: __proto__",
      "result": "REJECTED",
      "code": "FUNDING",
      "inputUnchanged": true
    },
    {
      "name": "spoofed unexecuted funding lookup: constructor",
      "result": "REJECTED",
      "code": "FUNDING",
      "inputUnchanged": true
    },
    {
      "name": "spoofed unexecuted funding lookup: toString",
      "result": "REJECTED",
      "code": "FUNDING",
      "inputUnchanged": true
    },
    {
      "name": "spoofed unexecuted funding lookup: missing",
      "result": "REJECTED",
      "code": "FUNDING",
      "inputUnchanged": true
    },
    {
      "name": "spoofed reversal allocation lookup: __proto__",
      "result": "REJECTED",
      "code": "REVERSAL_FUNDING",
      "inputUnchanged": true
    },
    {
      "name": "spoofed reversal allocation lookup: constructor",
      "result": "REJECTED",
      "code": "REVERSAL_FUNDING",
      "inputUnchanged": true
    },
    {
      "name": "spoofed reversal allocation lookup: toString",
      "result": "REJECTED",
      "code": "REVERSAL_FUNDING",
      "inputUnchanged": true
    },
    {
      "name": "spoofed reversal allocation lookup: missing",
      "result": "REJECTED",
      "code": "REVERSAL_FUNDING",
      "inputUnchanged": true
    },
    {
      "name": "hidden event authority grant",
      "result": "REJECTED",
      "code": "AUTHORITY",
      "inputUnchanged": true
    },
    {
      "name": "hidden transfer refund field",
      "result": "REJECTED",
      "code": "UNKNOWN_EFFECT",
      "inputUnchanged": true
    },
    {
      "name": "hidden repayment forgiveness field",
      "result": "REJECTED",
      "code": "UNKNOWN_EFFECT",
      "inputUnchanged": true
    },
    {
      "name": "consistent pre/post invented sponsor balance",
      "result": "REJECTED",
      "code": "PRE_STATE",
      "inputUnchanged": true
    },
    {
      "name": "consistent pre/post erased fee collector funds",
      "result": "REJECTED",
      "code": "PRE_STATE",
      "inputUnchanged": true
    },
    {
      "name": "expected states cannot erase prior spending",
      "result": "REJECTED",
      "code": "PRE_STATE",
      "inputUnchanged": true
    },
    {
      "name": "expected states cannot erase old transfer identity",
      "result": "REJECTED",
      "code": "PRE_STATE",
      "inputUnchanged": true
    },
    {
      "name": "invent additional hidden grant consistently",
      "result": "REJECTED",
      "code": "PRE_STATE",
      "inputUnchanged": true
    },
    {
      "name": "sponsor subrogation is outside fixed policy",
      "result": "REJECTED",
      "code": "POLICY",
      "inputUnchanged": true
    },
    {
      "name": "new sponsor successor liability",
      "result": "REJECTED",
      "code": "RETAIN_RECORDS",
      "inputUnchanged": true
    },
    {
      "name": "recourse policy cannot mutate at discharge",
      "result": "REJECTED",
      "code": "POST_STATE",
      "inputUnchanged": true
    },
    {
      "name": "continuation cannot retain unpaid claim",
      "result": "REJECTED",
      "code": "POST_STATE",
      "inputUnchanged": true
    },
    {
      "name": "nonzero discharged duty cannot pass expected state",
      "result": "REJECTED",
      "code": "POST_STATE",
      "inputUnchanged": true
    },
    {
      "name": "partial 449 payment hits exact share rounding requirement",
      "result": "REJECTED",
      "code": "SHARE_ROUNDING",
      "inputUnchanged": true
    },
    {
      "name": "partial 445 payment cannot masquerade as full",
      "result": "REJECTED",
      "code": "FULL_RECOVERY_REQUIRED",
      "inputUnchanged": true
    },
    {
      "name": "full cash without impairment reversal",
      "result": "REJECTED",
      "code": "UINT128",
      "inputUnchanged": true
    },
    {
      "name": "reserve converted to ordinary work in expected states",
      "result": "REJECTED",
      "code": "PRE_STATE",
      "inputUnchanged": true
    },
    {
      "name": "external work counted twice",
      "result": "REJECTED",
      "code": "WORK_SOURCE",
      "inputUnchanged": true
    },
    {
      "name": "external work source changed owner",
      "result": "REJECTED",
      "code": "WORK_SOURCE",
      "inputUnchanged": true
    },
    {
      "name": "unspent external work after contribution",
      "result": "REJECTED",
      "code": "POST_STATE",
      "inputUnchanged": true
    },
    {
      "name": "undercharged work count",
      "result": "REJECTED",
      "code": "WORK_COST",
      "inputUnchanged": true
    },
    {
      "name": "same grant fresh predecessor spoof",
      "result": "REJECTED",
      "code": "FRESH_AUTHORITY",
      "inputUnchanged": true
    },
    {
      "name": "fresh grant duty bound: Sponsor450",
      "result": "REJECTED",
      "code": "FRESH_AUTHORITY",
      "inputUnchanged": true
    },
    {
      "name": "fresh grant duty bound: Recovery450",
      "result": "REJECTED",
      "code": "FRESH_AUTHORITY",
      "inputUnchanged": true
    },
    {
      "name": "fresh grant duty bound: Reverse450",
      "result": "REJECTED",
      "code": "FRESH_AUTHORITY",
      "inputUnchanged": true
    },
    {
      "name": "history cannot exceed reduced usedTransfers bound",
      "result": "REJECTED",
      "code": "CAPACITY",
      "inputUnchanged": true
    },
    {
      "name": "history cannot exceed reduced usedAllocations bound",
      "result": "REJECTED",
      "code": "CAPACITY",
      "inputUnchanged": true
    },
    {
      "name": "history cannot exceed reduced lossSnapshots bound",
      "result": "REJECTED",
      "code": "CAPACITY",
      "inputUnchanged": true
    },
    {
      "name": "event array cannot widen capacity",
      "result": "REJECTED",
      "code": "CAPACITY",
      "inputUnchanged": true
    },
    {
      "name": "source composition balance is canonical finite supply",
      "result": "REJECTED",
      "code": "FUNDING_SOURCE",
      "inputUnchanged": true
    },
    {
      "name": "transfer identifier length bounded",
      "result": "REJECTED",
      "code": "REPLAY",
      "inputUnchanged": true
    },
    {
      "name": "empty allocation identifier",
      "result": "REJECTED",
      "code": "REPLAY",
      "inputUnchanged": true
    },
    {
      "name": "event amount must be string",
      "result": "REJECTED",
      "code": "UINT128",
      "inputUnchanged": true
    },
    {
      "name": "false protocol claim rejected",
      "result": "REJECTED",
      "code": "SCOPE",
      "inputUnchanged": true
    },
    {
      "name": "false network claim rejected",
      "result": "REJECTED",
      "code": "SCOPE",
      "inputUnchanged": true
    },
    {
      "name": "issued-at inclusive boundary",
      "result": "PASS",
      "inputUnchanged": true
    },
    {
      "name": "expiry inclusive boundary",
      "result": "PASS",
      "inputUnchanged": true
    },
    {
      "name": "Map permits genuinely fresh prototype-looking IDs without spoofing",
      "result": "PASS",
      "inputUnchanged": true
    }
  ]
}
