node:internal/modules/run_main:107
    triggerUncaughtException(
    ^

AssertionError [ERR_ASSERTION]: partial 449 payment cannot masquerade as full: expected FULL_RECOVERY_REQUIRED
    at reject (file:///home/charl/Moriarty/.worktrees/sp05-financial-integration/deliverables/rp01-loss-full-recovery-review-2026-09-09/gpt6-independent.mjs:9:79)
    at file:///home/charl/Moriarty/.worktrees/sp05-financial-integration/deliverables/rp01-loss-full-recovery-review-2026-09-09/gpt6-independent.mjs:66:1
    at ModuleJob.run (node:internal/modules/esm/module_job:439:25)
    at async node:internal/modules/esm/loader:643:26
    at async asyncRunEntryPointWithESMLoader (node:internal/modules/run_main:101:5) {
  generatedMessage: false,
  code: 'ERR_ASSERTION',
  actual: Error: SHARE_ROUNDING
      at need (file:///home/charl/Moriarty/.worktrees/sp05-financial-integration/deliverables/rp01-loss-full-recovery-2026-09-09/check-case.mjs:15:37)
      at recalculate (file:///home/charl/Moriarty/.worktrees/sp05-financial-integration/deliverables/rp01-loss-full-recovery-2026-09-09/check-case.mjs:28:3)
      at checkCase (file:///home/charl/Moriarty/.worktrees/sp05-financial-integration/deliverables/rp01-loss-full-recovery-2026-09-09/check-case.mjs:138:2)
      at call (file:///home/charl/Moriarty/.worktrees/sp05-financial-integration/deliverables/rp01-loss-full-recovery-review-2026-09-09/gpt6-independent.mjs:8:61)
      at results.push.name.name (file:///home/charl/Moriarty/.worktrees/sp05-financial-integration/deliverables/rp01-loss-full-recovery-review-2026-09-09/gpt6-independent.mjs:9:90)
      at getActual (node:assert:611:5)
      at strict.throws (node:assert:759:24)
      at reject (file:///home/charl/Moriarty/.worktrees/sp05-financial-integration/deliverables/rp01-loss-full-recovery-review-2026-09-09/gpt6-independent.mjs:9:79)
      at file:///home/charl/Moriarty/.worktrees/sp05-financial-integration/deliverables/rp01-loss-full-recovery-review-2026-09-09/gpt6-independent.mjs:66:1
      at ModuleJob.run (node:internal/modules/esm/module_job:439:25),
  expected: [Function (anonymous)],
  operator: 'throws',
  diff: 'simple'
}

Node.js v24.18.1
