
> test:finalized-state
> node --test --test-reporter=tap ledger/finalized-financial-state.test.mjs ledger/finalized-state-rpc.test.mjs

TAP version 13
# Subtest: actual full native state and generated decoder captured at explicit canonical finalized anchor
ok 1 - actual full native state and generated decoder captured at explicit canonical finalized anchor
  ---
  duration_ms: 1153.25122
  type: 'test'
  ...
# Subtest: malformed finalized head rejects connected RPC evidence
ok 2 - malformed finalized head rejects connected RPC evidence
  ---
  duration_ms: 0.773702
  type: 'test'
  ...
# Subtest: malformed header rejects connected RPC evidence
ok 3 - malformed header rejects connected RPC evidence
  ---
  duration_ms: 0.271921
  type: 'test'
  ...
# Subtest: unsafe height rejects connected RPC evidence
ok 4 - unsafe height rejects connected RPC evidence
  ---
  duration_ms: 0.828389
  type: 'test'
  ...
# Subtest: canonical mismatch rejects connected RPC evidence
ok 5 - canonical mismatch rejects connected RPC evidence
  ---
  duration_ms: 0.516741
  type: 'test'
  ...
# Subtest: canonical changes during state query rejects connected RPC evidence
ok 6 - canonical changes during state query rejects connected RPC evidence
  ---
  duration_ms: 92.933822
  type: 'test'
  ...
# Subtest: absent contract rejects connected RPC evidence
ok 7 - absent contract rejects connected RPC evidence
  ---
  duration_ms: 0.526093
  type: 'test'
  ...
# Subtest: unknown RPC envelope rejects connected RPC evidence
ok 8 - unknown RPC envelope rejects connected RPC evidence
  ---
  duration_ms: 0.409238
  type: 'test'
  ...
# Subtest: non-native bytes rejects connected RPC evidence
ok 9 - non-native bytes rejects connected RPC evidence
  ---
  duration_ms: 1.167419
  type: 'test'
  ...
# Subtest: noncanonical trailing bytes rejects connected RPC evidence
ok 10 - noncanonical trailing bytes rejects connected RPC evidence
  ---
  duration_ms: 12.050998
  type: 'test'
  ...
# Subtest: oversized response rejects connected RPC evidence
ok 11 - oversized response rejects connected RPC evidence
  ---
  duration_ms: 0.443211
  type: 'test'
  ...
# Subtest: wrong address and expired deadline stop before RPC
ok 12 - wrong address and expired deadline stop before RPC
  ---
  duration_ms: 0.230487
  type: 'test'
  ...
# Subtest: unsupported node method propagates without latest or indexer fallback
ok 13 - unsupported node method propagates without latest or indexer fallback
  ---
  duration_ms: 0.924035
  type: 'test'
  ...
# Subtest: hanging RPC is unknown under the shared deadline
ok 14 - hanging RPC is unknown under the shared deadline
  ---
  duration_ms: 43.892968
  type: 'test'
  ...
# Subtest: invalid full decoded state is rejected
ok 15 - invalid full decoded state is rejected
  ---
  duration_ms: 8.357191
  type: 'test'
  ...
# Subtest: native unsupported shielded contract balance is rejected
ok 16 - native unsupported shielded contract balance is rejected
  ---
  duration_ms: 16.546502
  type: 'test'
  ...
# Subtest: later best/finalized head does not change the explicit as-of anchor
ok 17 - later best/finalized head does not change the explicit as-of anchor
  ---
  duration_ms: 92.625274
  type: 'test'
  ...
# Subtest: nonfinite and coerced original deadlines reject before any RPC
ok 18 - nonfinite and coerced original deadlines reject before any RPC
  ---
  duration_ms: 0.636562
  type: 'test'
  ...
# Subtest: late RPC 1 rejects elapsed capped deadline and preserves cleanup
ok 19 - late RPC 1 rejects elapsed capped deadline and preserves cleanup
  ---
  duration_ms: 0.836442
  type: 'test'
  ...
# Subtest: late RPC 5 rejects elapsed capped deadline and preserves cleanup
ok 20 - late RPC 5 rejects elapsed capped deadline and preserves cleanup
  ---
  duration_ms: 97.634002
  type: 'test'
  ...
# Subtest: deadline elapsed during native cleanup cannot return a snapshot
ok 21 - deadline elapsed during native cleanup cannot return a snapshot
  ---
  duration_ms: 83.894245
  type: 'test'
  ...
# (node:1668133) TimeoutNegativeWarning: -1 is a negative number.
# Timeout duration was set to 1.
# (Use `node --trace-warnings ...` to show where the warning was created)
# Subtest: local state RPC sends exact contract and explicit block in one read request
ok 22 - local state RPC sends exact contract and explicit block in one read request
  ---
  duration_ms: 64.235669
  type: 'test'
  ...
# Subtest: local state RPC rejects absent block, malformed identity and extra arguments before fetch
ok 23 - local state RPC rejects absent block, malformed identity and extra arguments before fetch
  ---
  duration_ms: 1.144539
  type: 'test'
  ...
# Subtest: state query capability does not admit transaction writes
ok 24 - state query capability does not admit transaction writes
  ---
  duration_ms: 0.700371
  type: 'test'
  ...
# Subtest: state query retains the response size limit and performs no retry
ok 25 - state query retains the response size limit and performs no retry
  ---
  duration_ms: 1.049383
  type: 'test'
  ...
# Subtest: unsupported state method error propagates without an unpinned fallback
ok 26 - unsupported state method error propagates without an unpinned fallback
  ---
  duration_ms: 6.17131
  type: 'test'
  ...
# Subtest: RPC rejects a valid response completed after its absolute deadline before its timer fires
ok 27 - RPC rejects a valid response completed after its absolute deadline before its timer fires
  ---
  duration_ms: 6.605479
  type: 'test'
  ...
1..27
# tests 27
# suites 0
# pass 27
# fail 0
# cancelled 0
# skipped 0
# todo 0
# duration_ms 2200.380447
