✔ loan exact custody arguments and hints pass every comparison before next call (2.702172ms)
✔ swap exact custody arguments and hints pass every comparison before next call (0.678525ms)
✔ returned comparator failure false stops before next SDK call (0.522229ms)
✔ returned comparator failure undefined stops before next SDK call (0.16551ms)
✔ returned comparator failure {"status":"Rejected"} stops before next SDK call (0.127837ms)
✔ returned comparator failure {"status":"FAIL"} stops before next SDK call (0.132543ms)
✔ thrown comparator error retains observed ID and cleans up (0.210206ms)
✔ preflight mismatch prevents deployment but cleans up owned provider (0.124918ms)
✔ preflight mismatch prevents deployment but cleans up owned provider (0.146484ms)
✔ preflight mismatch prevents deployment but cleans up owned provider (0.173616ms)
✔ preflight mismatch prevents deployment but cleans up owned provider (0.113341ms)
✔ preflight mismatch prevents deployment but cleans up owned provider (0.105323ms)
✔ preflight mismatch prevents deployment but cleans up owned provider (0.088208ms)
✔ network identity changed after deploy blocks the next SDK stage (0.158471ms)
✔ incomplete cleanup cannot yield driver PASS (0.380438ms)
✔ incomplete cleanup cannot yield driver PASS (0.21989ms)
✔ cleanup rejection preserves the primary failure and provider-known identifiers (0.182481ms)
✔ observation failure keeps SDK ID and never invokes comparator or next call (0.141207ms)
✖ recovered loan observes historical deployment once then submits exactly three calls (0.312719ms)
✖ malformed recovery identity fails before observations or SDK calls (0.781756ms)
✖ malformed recovery identity fails before observations or SDK calls (0.187516ms)
✖ malformed recovery identity fails before observations or SDK calls (0.155011ms)
✖ malformed recovery identity fails before observations or SDK calls (0.132317ms)
✖ malformed recovery identity fails before observations or SDK calls (0.131465ms)
✖ malformed recovery identity fails before observations or SDK calls (0.809346ms)
✖ malformed recovery identity fails before observations or SDK calls (0.134132ms)
✖ malformed recovery identity fails before observations or SDK calls (0.125937ms)
✖ malformed recovery identity fails before observations or SDK calls (0.13328ms)
✖ malformed recovery identity fails before observations or SDK calls (0.137572ms)
✖ malformed recovery identity fails before observations or SDK calls (0.101522ms)
✖ malformed recovery identity fails before observations or SDK calls (0.09112ms)
✖ malformed recovery identity fails before observations or SDK calls (0.087391ms)
✖ recovery rejects accessors without invoking them (0.191923ms)
✖ swap recovery is rejected before deployment or observation (0.173304ms)
✖ historical recovery FAIL stops all calls and retains public identity (0.261793ms)
✖ historical recovery throw stops all calls and retains public identity (0.193245ms)
✖ historical recovery observe stops all calls and retains public identity (0.134665ms)
✖ recovery identity is captured before asynchronous binding checks (0.174587ms)
ℹ tests 38
ℹ suites 0
ℹ pass 18
ℹ fail 20
ℹ cancelled 0
ℹ skipped 0
ℹ todo 0
ℹ duration_ms 75.652155

✖ failing tests:

test at experiments/moriarty-midnight-financial/ledger/run-local.test.mjs:65:1
✖ recovered loan observes historical deployment once then submits exactly three calls (0.312719ms)
  Error: RECOVERY_DEPLOY_API_FORBIDDEN:deployContract
      at Object.get [as deployContract] (file:///home/charl/Moriarty/.worktrees/sp05-deadline-review/experiments/moriarty-midnight-financial/ledger/run-local.test.mjs:62:170)
      at file:///home/charl/Moriarty/.worktrees/sp05-deadline-review/experiments/moriarty-midnight-financial/ledger/run-local.mjs:49:95
      at async runLocalFinancialCase (file:///home/charl/Moriarty/.worktrees/sp05-deadline-review/experiments/moriarty-midnight-financial/ledger/run-local.mjs:49:20)
      at async TestContext.<anonymous> (file:///home/charl/Moriarty/.worktrees/sp05-deadline-review/experiments/moriarty-midnight-financial/ledger/run-local.test.mjs:69:12)
      at async Test.run (node:internal/test_runner/test:1332:7)
      at async Test.processPendingSubtests (node:internal/test_runner/test:911:7) {
    publicResult: { schema: 'moriarty.local-financial-run/1', status: 'FAILED', kind: 'loan', contractAddress: undefined, stages: [], transactionIds: [], cleanup: { walletStopped: true, pendingOperations: 0, containmentComplete: true }, operationalState: { reservedSubmissions: 0, reservedDustFee: '0', reservedGrossByAsset: {} }, scope: 'Fixed I2 execution and supplied financial comparison; not mandatory PCD acceptance' }
  }

test at experiments/moriarty-midnight-financial/ledger/run-local.test.mjs:75:489
✖ malformed recovery identity fails before observations or SDK calls (0.781756ms)
  AssertionError [ERR_ASSERTION]: Expected values to be strictly equal:
  + actual - expected
  
  + 'OBSERVATION_FORBIDDEN'
  - 'INVALID_EXISTING_DEPLOYMENT'
  
      at Object.<anonymous> (file:///home/charl/Moriarty/.worktrees/sp05-deadline-review/experiments/moriarty-midnight-financial/ledger/run-local.test.mjs:77:67)
      at expectedException (node:assert:578:17)
      at expectsError (node:assert:703:21)
      at strict.rejects (node:assert:769:3)
      at async TestContext.<anonymous> (file:///home/charl/Moriarty/.worktrees/sp05-deadline-review/experiments/moriarty-midnight-financial/ledger/run-local.test.mjs:77:2)
      at async Test.run (node:internal/test_runner/test:1332:7)
      at async Test.processPendingSubtests (node:internal/test_runner/test:911:7) {
    generatedMessage: true,
    code: 'ERR_ASSERTION',
    actual: 'OBSERVATION_FORBIDDEN',
    expected: 'INVALID_EXISTING_DEPLOYMENT',
    operator: 'strictEqual',
    diff: 'simple'
  }

test at experiments/moriarty-midnight-financial/ledger/run-local.test.mjs:75:489
✖ malformed recovery identity fails before observations or SDK calls (0.187516ms)
  AssertionError [ERR_ASSERTION]: Expected values to be strictly equal:
  + actual - expected
  
  + 'OBSERVATION_FORBIDDEN'
  - 'INVALID_EXISTING_DEPLOYMENT'
  
      at Object.<anonymous> (file:///home/charl/Moriarty/.worktrees/sp05-deadline-review/experiments/moriarty-midnight-financial/ledger/run-local.test.mjs:77:67)
      at expectedException (node:assert:578:17)
      at expectsError (node:assert:703:21)
      at strict.rejects (node:assert:769:3)
      at async TestContext.<anonymous> (file:///home/charl/Moriarty/.worktrees/sp05-deadline-review/experiments/moriarty-midnight-financial/ledger/run-local.test.mjs:77:2)
      at async Test.run (node:internal/test_runner/test:1332:7)
      at async Test.processPendingSubtests (node:internal/test_runner/test:911:7) {
    generatedMessage: true,
    code: 'ERR_ASSERTION',
    actual: 'OBSERVATION_FORBIDDEN',
    expected: 'INVALID_EXISTING_DEPLOYMENT',
    operator: 'strictEqual',
    diff: 'simple'
  }

test at experiments/moriarty-midnight-financial/ledger/run-local.test.mjs:75:489
✖ malformed recovery identity fails before observations or SDK calls (0.155011ms)
  AssertionError [ERR_ASSERTION]: Expected values to be strictly equal:
  + actual - expected
  
  + 'OBSERVATION_FORBIDDEN'
  - 'INVALID_EXISTING_DEPLOYMENT'
  
      at Object.<anonymous> (file:///home/charl/Moriarty/.worktrees/sp05-deadline-review/experiments/moriarty-midnight-financial/ledger/run-local.test.mjs:77:67)
      at expectedException (node:assert:578:17)
      at expectsError (node:assert:703:21)
      at strict.rejects (node:assert:769:3)
      at async TestContext.<anonymous> (file:///home/charl/Moriarty/.worktrees/sp05-deadline-review/experiments/moriarty-midnight-financial/ledger/run-local.test.mjs:77:2)
      at async Test.run (node:internal/test_runner/test:1332:7)
      at async Test.processPendingSubtests (node:internal/test_runner/test:911:7) {
    generatedMessage: true,
    code: 'ERR_ASSERTION',
    actual: 'OBSERVATION_FORBIDDEN',
    expected: 'INVALID_EXISTING_DEPLOYMENT',
    operator: 'strictEqual',
    diff: 'simple'
  }

test at experiments/moriarty-midnight-financial/ledger/run-local.test.mjs:75:489
✖ malformed recovery identity fails before observations or SDK calls (0.132317ms)
  AssertionError [ERR_ASSERTION]: Expected values to be strictly equal:
  + actual - expected
  
  + 'OBSERVATION_FORBIDDEN'
  - 'INVALID_EXISTING_DEPLOYMENT'
  
      at Object.<anonymous> (file:///home/charl/Moriarty/.worktrees/sp05-deadline-review/experiments/moriarty-midnight-financial/ledger/run-local.test.mjs:77:67)
      at expectedException (node:assert:578:17)
      at expectsError (node:assert:703:21)
      at strict.rejects (node:assert:769:3)
      at async TestContext.<anonymous> (file:///home/charl/Moriarty/.worktrees/sp05-deadline-review/experiments/moriarty-midnight-financial/ledger/run-local.test.mjs:77:2)
      at async Test.run (node:internal/test_runner/test:1332:7)
      at async Test.processPendingSubtests (node:internal/test_runner/test:911:7) {
    generatedMessage: true,
    code: 'ERR_ASSERTION',
    actual: 'OBSERVATION_FORBIDDEN',
    expected: 'INVALID_EXISTING_DEPLOYMENT',
    operator: 'strictEqual',
    diff: 'simple'
  }

test at experiments/moriarty-midnight-financial/ledger/run-local.test.mjs:75:489
✖ malformed recovery identity fails before observations or SDK calls (0.131465ms)
  AssertionError [ERR_ASSERTION]: Expected values to be strictly equal:
  + actual - expected
  
  + 'OBSERVATION_FORBIDDEN'
  - 'INVALID_EXISTING_DEPLOYMENT'
  
      at Object.<anonymous> (file:///home/charl/Moriarty/.worktrees/sp05-deadline-review/experiments/moriarty-midnight-financial/ledger/run-local.test.mjs:77:67)
      at expectedException (node:assert:578:17)
      at expectsError (node:assert:703:21)
      at strict.rejects (node:assert:769:3)
      at async TestContext.<anonymous> (file:///home/charl/Moriarty/.worktrees/sp05-deadline-review/experiments/moriarty-midnight-financial/ledger/run-local.test.mjs:77:2)
      at async Test.run (node:internal/test_runner/test:1332:7)
      at async Test.processPendingSubtests (node:internal/test_runner/test:911:7) {
    generatedMessage: true,
    code: 'ERR_ASSERTION',
    actual: 'OBSERVATION_FORBIDDEN',
    expected: 'INVALID_EXISTING_DEPLOYMENT',
    operator: 'strictEqual',
    diff: 'simple'
  }

test at experiments/moriarty-midnight-financial/ledger/run-local.test.mjs:75:489
✖ malformed recovery identity fails before observations or SDK calls (0.809346ms)
  AssertionError [ERR_ASSERTION]: Expected values to be strictly equal:
  + actual - expected
  
  + 'OBSERVATION_FORBIDDEN'
  - 'INVALID_EXISTING_DEPLOYMENT'
  
      at Object.<anonymous> (file:///home/charl/Moriarty/.worktrees/sp05-deadline-review/experiments/moriarty-midnight-financial/ledger/run-local.test.mjs:77:67)
      at expectedException (node:assert:578:17)
      at expectsError (node:assert:703:21)
      at strict.rejects (node:assert:769:3)
      at async TestContext.<anonymous> (file:///home/charl/Moriarty/.worktrees/sp05-deadline-review/experiments/moriarty-midnight-financial/ledger/run-local.test.mjs:77:2)
      at async Test.run (node:internal/test_runner/test:1332:7)
      at async Test.processPendingSubtests (node:internal/test_runner/test:911:7) {
    generatedMessage: true,
    code: 'ERR_ASSERTION',
    actual: 'OBSERVATION_FORBIDDEN',
    expected: 'INVALID_EXISTING_DEPLOYMENT',
    operator: 'strictEqual',
    diff: 'simple'
  }

test at experiments/moriarty-midnight-financial/ledger/run-local.test.mjs:75:489
✖ malformed recovery identity fails before observations or SDK calls (0.134132ms)
  AssertionError [ERR_ASSERTION]: Expected values to be strictly equal:
  + actual - expected
  
  + 'OBSERVATION_FORBIDDEN'
  - 'INVALID_EXISTING_DEPLOYMENT'
  
      at Object.<anonymous> (file:///home/charl/Moriarty/.worktrees/sp05-deadline-review/experiments/moriarty-midnight-financial/ledger/run-local.test.mjs:77:67)
      at expectedException (node:assert:578:17)
      at expectsError (node:assert:703:21)
      at strict.rejects (node:assert:769:3)
      at async TestContext.<anonymous> (file:///home/charl/Moriarty/.worktrees/sp05-deadline-review/experiments/moriarty-midnight-financial/ledger/run-local.test.mjs:77:2)
      at async Test.run (node:internal/test_runner/test:1332:7)
      at async Test.processPendingSubtests (node:internal/test_runner/test:911:7) {
    generatedMessage: true,
    code: 'ERR_ASSERTION',
    actual: 'OBSERVATION_FORBIDDEN',
    expected: 'INVALID_EXISTING_DEPLOYMENT',
    operator: 'strictEqual',
    diff: 'simple'
  }

test at experiments/moriarty-midnight-financial/ledger/run-local.test.mjs:75:489
✖ malformed recovery identity fails before observations or SDK calls (0.125937ms)
  AssertionError [ERR_ASSERTION]: Expected values to be strictly equal:
  + actual - expected
  
  + 'OBSERVATION_FORBIDDEN'
  - 'INVALID_EXISTING_DEPLOYMENT'
  
      at Object.<anonymous> (file:///home/charl/Moriarty/.worktrees/sp05-deadline-review/experiments/moriarty-midnight-financial/ledger/run-local.test.mjs:77:67)
      at expectedException (node:assert:578:17)
      at expectsError (node:assert:703:21)
      at strict.rejects (node:assert:769:3)
      at async TestContext.<anonymous> (file:///home/charl/Moriarty/.worktrees/sp05-deadline-review/experiments/moriarty-midnight-financial/ledger/run-local.test.mjs:77:2)
      at async Test.run (node:internal/test_runner/test:1332:7)
      at async Test.processPendingSubtests (node:internal/test_runner/test:911:7) {
    generatedMessage: true,
    code: 'ERR_ASSERTION',
    actual: 'OBSERVATION_FORBIDDEN',
    expected: 'INVALID_EXISTING_DEPLOYMENT',
    operator: 'strictEqual',
    diff: 'simple'
  }

test at experiments/moriarty-midnight-financial/ledger/run-local.test.mjs:75:489
✖ malformed recovery identity fails before observations or SDK calls (0.13328ms)
  AssertionError [ERR_ASSERTION]: Expected values to be strictly equal:
  + actual - expected
  
  + 'OBSERVATION_FORBIDDEN'
  - 'INVALID_EXISTING_DEPLOYMENT'
  
      at Object.<anonymous> (file:///home/charl/Moriarty/.worktrees/sp05-deadline-review/experiments/moriarty-midnight-financial/ledger/run-local.test.mjs:77:67)
      at expectedException (node:assert:578:17)
      at expectsError (node:assert:703:21)
      at strict.rejects (node:assert:769:3)
      at async TestContext.<anonymous> (file:///home/charl/Moriarty/.worktrees/sp05-deadline-review/experiments/moriarty-midnight-financial/ledger/run-local.test.mjs:77:2)
      at async Test.run (node:internal/test_runner/test:1332:7)
      at async Test.processPendingSubtests (node:internal/test_runner/test:911:7) {
    generatedMessage: true,
    code: 'ERR_ASSERTION',
    actual: 'OBSERVATION_FORBIDDEN',
    expected: 'INVALID_EXISTING_DEPLOYMENT',
    operator: 'strictEqual',
    diff: 'simple'
  }

test at experiments/moriarty-midnight-financial/ledger/run-local.test.mjs:75:489
✖ malformed recovery identity fails before observations or SDK calls (0.137572ms)
  AssertionError [ERR_ASSERTION]: Expected values to be strictly equal:
  + actual - expected
  
  + 'OBSERVATION_FORBIDDEN'
  - 'INVALID_EXISTING_DEPLOYMENT'
  
      at Object.<anonymous> (file:///home/charl/Moriarty/.worktrees/sp05-deadline-review/experiments/moriarty-midnight-financial/ledger/run-local.test.mjs:77:67)
      at expectedException (node:assert:578:17)
      at expectsError (node:assert:703:21)
      at strict.rejects (node:assert:769:3)
      at async TestContext.<anonymous> (file:///home/charl/Moriarty/.worktrees/sp05-deadline-review/experiments/moriarty-midnight-financial/ledger/run-local.test.mjs:77:2)
      at async Test.run (node:internal/test_runner/test:1332:7)
      at async Test.processPendingSubtests (node:internal/test_runner/test:911:7) {
    generatedMessage: true,
    code: 'ERR_ASSERTION',
    actual: 'OBSERVATION_FORBIDDEN',
    expected: 'INVALID_EXISTING_DEPLOYMENT',
    operator: 'strictEqual',
    diff: 'simple'
  }

test at experiments/moriarty-midnight-financial/ledger/run-local.test.mjs:75:489
✖ malformed recovery identity fails before observations or SDK calls (0.101522ms)
  AssertionError [ERR_ASSERTION]: Expected values to be strictly equal:
  + actual - expected
  
  + 'OBSERVATION_FORBIDDEN'
  - 'INVALID_EXISTING_DEPLOYMENT'
  
      at Object.<anonymous> (file:///home/charl/Moriarty/.worktrees/sp05-deadline-review/experiments/moriarty-midnight-financial/ledger/run-local.test.mjs:77:67)
      at expectedException (node:assert:578:17)
      at expectsError (node:assert:703:21)
      at strict.rejects (node:assert:769:3)
      at async TestContext.<anonymous> (file:///home/charl/Moriarty/.worktrees/sp05-deadline-review/experiments/moriarty-midnight-financial/ledger/run-local.test.mjs:77:2)
      at async Test.run (node:internal/test_runner/test:1332:7)
      at async Test.processPendingSubtests (node:internal/test_runner/test:911:7) {
    generatedMessage: true,
    code: 'ERR_ASSERTION',
    actual: 'OBSERVATION_FORBIDDEN',
    expected: 'INVALID_EXISTING_DEPLOYMENT',
    operator: 'strictEqual',
    diff: 'simple'
  }

test at experiments/moriarty-midnight-financial/ledger/run-local.test.mjs:75:489
✖ malformed recovery identity fails before observations or SDK calls (0.09112ms)
  AssertionError [ERR_ASSERTION]: Expected values to be strictly equal:
  + actual - expected
  
  + 'OBSERVATION_FORBIDDEN'
  - 'INVALID_EXISTING_DEPLOYMENT'
  
      at Object.<anonymous> (file:///home/charl/Moriarty/.worktrees/sp05-deadline-review/experiments/moriarty-midnight-financial/ledger/run-local.test.mjs:77:67)
      at expectedException (node:assert:578:17)
      at expectsError (node:assert:703:21)
      at strict.rejects (node:assert:769:3)
      at async TestContext.<anonymous> (file:///home/charl/Moriarty/.worktrees/sp05-deadline-review/experiments/moriarty-midnight-financial/ledger/run-local.test.mjs:77:2)
      at async Test.run (node:internal/test_runner/test:1332:7)
      at async Test.processPendingSubtests (node:internal/test_runner/test:911:7) {
    generatedMessage: true,
    code: 'ERR_ASSERTION',
    actual: 'OBSERVATION_FORBIDDEN',
    expected: 'INVALID_EXISTING_DEPLOYMENT',
    operator: 'strictEqual',
    diff: 'simple'
  }

test at experiments/moriarty-midnight-financial/ledger/run-local.test.mjs:75:489
✖ malformed recovery identity fails before observations or SDK calls (0.087391ms)
  AssertionError [ERR_ASSERTION]: Expected values to be strictly equal:
  + actual - expected
  
  + 'OBSERVATION_FORBIDDEN'
  - 'INVALID_EXISTING_DEPLOYMENT'
  
      at Object.<anonymous> (file:///home/charl/Moriarty/.worktrees/sp05-deadline-review/experiments/moriarty-midnight-financial/ledger/run-local.test.mjs:77:67)
      at expectedException (node:assert:578:17)
      at expectsError (node:assert:703:21)
      at strict.rejects (node:assert:769:3)
      at async TestContext.<anonymous> (file:///home/charl/Moriarty/.worktrees/sp05-deadline-review/experiments/moriarty-midnight-financial/ledger/run-local.test.mjs:77:2)
      at async Test.run (node:internal/test_runner/test:1332:7)
      at async Test.processPendingSubtests (node:internal/test_runner/test:911:7) {
    generatedMessage: true,
    code: 'ERR_ASSERTION',
    actual: 'OBSERVATION_FORBIDDEN',
    expected: 'INVALID_EXISTING_DEPLOYMENT',
    operator: 'strictEqual',
    diff: 'simple'
  }

test at experiments/moriarty-midnight-financial/ledger/run-local.test.mjs:79:1
✖ recovery rejects accessors without invoking them (0.191923ms)
  AssertionError [ERR_ASSERTION]: Missing expected rejection.
      at async TestContext.<anonymous> (file:///home/charl/Moriarty/.worktrees/sp05-deadline-review/experiments/moriarty-midnight-financial/ledger/run-local.test.mjs:81:2)
      at async Test.run (node:internal/test_runner/test:1332:7)
      at async Test.processPendingSubtests (node:internal/test_runner/test:911:7) {
    generatedMessage: false,
    code: 'ERR_ASSERTION',
    actual: undefined,
    expected: /INVALID_EXISTING_DEPLOYMENT/,
    operator: 'rejects',
    diff: 'simple'
  }

test at experiments/moriarty-midnight-financial/ledger/run-local.test.mjs:83:1
✖ swap recovery is rejected before deployment or observation (0.173304ms)
  AssertionError [ERR_ASSERTION]: Missing expected rejection.
      at async TestContext.<anonymous> (file:///home/charl/Moriarty/.worktrees/sp05-deadline-review/experiments/moriarty-midnight-financial/ledger/run-local.test.mjs:84:75)
      at async Test.run (node:internal/test_runner/test:1332:7)
      at async Test.processPendingSubtests (node:internal/test_runner/test:911:7) {
    generatedMessage: false,
    code: 'ERR_ASSERTION',
    actual: undefined,
    expected: /EXISTING_DEPLOYMENT_REQUIRES_LOAN/,
    operator: 'rejects',
    diff: 'simple'
  }

test at experiments/moriarty-midnight-financial/ledger/run-local.test.mjs:86:49
✖ historical recovery FAIL stops all calls and retains public identity (0.261793ms)
  AssertionError [ERR_ASSERTION]: Expected values to be strictly equal:
  + actual - expected
  
  + undefined
  - 'abababababababababababababababababababababababababababababababab'
  
      at Object.<anonymous> (file:///home/charl/Moriarty/.worktrees/sp05-deadline-review/experiments/moriarty-midnight-financial/ledger/run-local.test.mjs:90:112)
      at expectedException (node:assert:578:17)
      at expectsError (node:assert:703:21)
      at strict.rejects (node:assert:769:3)
      at async TestContext.<anonymous> (file:///home/charl/Moriarty/.worktrees/sp05-deadline-review/experiments/moriarty-midnight-financial/ledger/run-local.test.mjs:90:2)
      at async Test.run (node:internal/test_runner/test:1332:7)
      at async Test.processPendingSubtests (node:internal/test_runner/test:911:7) {
    generatedMessage: true,
    code: 'ERR_ASSERTION',
    actual: undefined,
    expected: 'abababababababababababababababababababababababababababababababab',
    operator: 'strictEqual',
    diff: 'simple'
  }

test at experiments/moriarty-midnight-financial/ledger/run-local.test.mjs:86:49
✖ historical recovery throw stops all calls and retains public identity (0.193245ms)
  AssertionError [ERR_ASSERTION]: Expected values to be strictly equal:
  + actual - expected
  
  + undefined
  - 'abababababababababababababababababababababababababababababababab'
  
      at Object.<anonymous> (file:///home/charl/Moriarty/.worktrees/sp05-deadline-review/experiments/moriarty-midnight-financial/ledger/run-local.test.mjs:90:112)
      at expectedException (node:assert:578:17)
      at expectsError (node:assert:703:21)
      at strict.rejects (node:assert:769:3)
      at async TestContext.<anonymous> (file:///home/charl/Moriarty/.worktrees/sp05-deadline-review/experiments/moriarty-midnight-financial/ledger/run-local.test.mjs:90:2)
      at async Test.run (node:internal/test_runner/test:1332:7)
      at async Test.processPendingSubtests (node:internal/test_runner/test:911:7) {
    generatedMessage: true,
    code: 'ERR_ASSERTION',
    actual: undefined,
    expected: 'abababababababababababababababababababababababababababababababab',
    operator: 'strictEqual',
    diff: 'simple'
  }

test at experiments/moriarty-midnight-financial/ledger/run-local.test.mjs:86:49
✖ historical recovery observe stops all calls and retains public identity (0.134665ms)
  AssertionError [ERR_ASSERTION]: Expected values to be strictly equal:
  + actual - expected
  
  + undefined
  - 'abababababababababababababababababababababababababababababababab'
  
      at Object.<anonymous> (file:///home/charl/Moriarty/.worktrees/sp05-deadline-review/experiments/moriarty-midnight-financial/ledger/run-local.test.mjs:90:112)
      at expectedException (node:assert:578:17)
      at expectsError (node:assert:703:21)
      at strict.rejects (node:assert:769:3)
      at async TestContext.<anonymous> (file:///home/charl/Moriarty/.worktrees/sp05-deadline-review/experiments/moriarty-midnight-financial/ledger/run-local.test.mjs:90:2)
      at async Test.run (node:internal/test_runner/test:1332:7)
      at async Test.processPendingSubtests (node:internal/test_runner/test:911:7) {
    generatedMessage: true,
    code: 'ERR_ASSERTION',
    actual: undefined,
    expected: 'abababababababababababababababababababababababababababababababab',
    operator: 'strictEqual',
    diff: 'simple'
  }

test at experiments/moriarty-midnight-financial/ledger/run-local.test.mjs:93:1
✖ recovery identity is captured before asynchronous binding checks (0.174587ms)
  Error: RECOVERY_DEPLOY_API_FORBIDDEN:deployContract
      at Object.get [as deployContract] (file:///home/charl/Moriarty/.worktrees/sp05-deadline-review/experiments/moriarty-midnight-financial/ledger/run-local.test.mjs:62:170)
      at file:///home/charl/Moriarty/.worktrees/sp05-deadline-review/experiments/moriarty-midnight-financial/ledger/run-local.mjs:49:95
      at async runLocalFinancialCase (file:///home/charl/Moriarty/.worktrees/sp05-deadline-review/experiments/moriarty-midnight-financial/ledger/run-local.mjs:49:20)
      at async TestContext.<anonymous> (file:///home/charl/Moriarty/.worktrees/sp05-deadline-review/experiments/moriarty-midnight-financial/ledger/run-local.test.mjs:97:12)
      at async Test.run (node:internal/test_runner/test:1332:7)
      at async Test.processPendingSubtests (node:internal/test_runner/test:911:7) {
    publicResult: { schema: 'moriarty.local-financial-run/1', status: 'FAILED', kind: 'loan', contractAddress: undefined, stages: [], transactionIds: [], cleanup: { walletStopped: true, pendingOperations: 0, containmentComplete: true }, operationalState: { reservedSubmissions: 0, reservedDustFee: '0', reservedGrossByAsset: {} }, scope: 'Fixed I2 execution and supplied financial comparison; not mandatory PCD acceptance' }
  }
