✔ loan exact custody arguments and hints pass every comparison before next call (2.216368ms)
✔ swap exact custody arguments and hints pass every comparison before next call (0.389176ms)
✔ returned comparator failure false stops before next SDK call (0.483093ms)
✔ returned comparator failure undefined stops before next SDK call (0.171145ms)
✔ returned comparator failure {"status":"Rejected"} stops before next SDK call (0.164549ms)
✔ returned comparator failure {"status":"FAIL"} stops before next SDK call (0.348973ms)
✔ thrown comparator error retains observed ID and cleans up (0.244336ms)
✔ preflight mismatch prevents deployment but cleans up owned provider (0.135181ms)
✔ preflight mismatch prevents deployment but cleans up owned provider (0.125922ms)
✔ preflight mismatch prevents deployment but cleans up owned provider (0.172939ms)
✔ preflight mismatch prevents deployment but cleans up owned provider (0.114267ms)
✔ preflight mismatch prevents deployment but cleans up owned provider (0.176173ms)
✔ preflight mismatch prevents deployment but cleans up owned provider (0.09615ms)
✔ network identity changed after deploy blocks the next SDK stage (0.189642ms)
✔ incomplete cleanup cannot yield driver PASS (0.410879ms)
✔ incomplete cleanup cannot yield driver PASS (0.259122ms)
✔ cleanup rejection preserves the primary failure and provider-known identifiers (0.394347ms)
✔ observation failure keeps SDK ID and never invokes comparator or next call (0.217491ms)
✖ recovered loan observes historical deployment once then submits exactly three calls (0.330235ms)
✖ malformed recovery identity fails before observations or SDK calls (0.936798ms)
✖ malformed recovery identity fails before observations or SDK calls (0.248584ms)
✖ malformed recovery identity fails before observations or SDK calls (0.193655ms)
✖ malformed recovery identity fails before observations or SDK calls (0.140882ms)
✖ malformed recovery identity fails before observations or SDK calls (0.141127ms)
✖ malformed recovery identity fails before observations or SDK calls (1.176812ms)
✖ malformed recovery identity fails before observations or SDK calls (0.151539ms)
✖ malformed recovery identity fails before observations or SDK calls (0.157304ms)
✖ malformed recovery identity fails before observations or SDK calls (0.148942ms)
✖ malformed recovery identity fails before observations or SDK calls (0.130804ms)
✖ malformed recovery identity fails before observations or SDK calls (0.115593ms)
✖ malformed recovery identity fails before observations or SDK calls (0.095625ms)
✖ malformed recovery identity fails before observations or SDK calls (0.094733ms)
✖ recovery rejects accessors without invoking them (0.265696ms)
✖ swap recovery is rejected before deployment or observation (0.184373ms)
✖ historical recovery FAIL stops all calls and retains public identity (0.231246ms)
✖ historical recovery throw stops all calls and retains public identity (0.142179ms)
✖ historical recovery observe stops all calls and retains public identity (0.119207ms)
✖ recovery identity is captured before asynchronous binding checks (0.143628ms)
ℹ tests 38
ℹ suites 0
ℹ pass 18
ℹ fail 20
ℹ cancelled 0
ℹ skipped 0
ℹ todo 0
ℹ duration_ms 72.066261

✖ failing tests:

test at experiments/moriarty-midnight-financial/ledger/run-local.test.mjs:65:1
✖ recovered loan observes historical deployment once then submits exactly three calls (0.330235ms)
  Error: RECOVERY_DEPLOY_API_FORBIDDEN:deployContract
      at Object.get [as deployContract] (file:///home/charl/Moriarty/.worktrees/sp05-deadline-review/experiments/moriarty-midnight-financial/ledger/run-local.test.mjs:62:170)
      at file:///home/charl/Moriarty/.worktrees/sp05-deadline-review/experiments/moriarty-midnight-financial/ledger/run-local.mjs:49:95
      at async runLocalFinancialCase (file:///home/charl/Moriarty/.worktrees/sp05-deadline-review/experiments/moriarty-midnight-financial/ledger/run-local.mjs:49:20)
      at async TestContext.<anonymous> (file:///home/charl/Moriarty/.worktrees/sp05-deadline-review/experiments/moriarty-midnight-financial/ledger/run-local.test.mjs:69:12)
      at async Test.run (node:internal/test_runner/test:1332:7)
      at async Test.processPendingSubtests (node:internal/test_runner/test:911:7) {
    publicResult: { schema: 'moriarty.local-financial-run/1', status: 'FAILED', kind: 'loan', contractAddress: undefined, stages: [], transactionIds: [], cleanup: { walletStopped: true, pendingOperations: 0, containmentComplete: true }, operationalState: { reservedSubmissions: 0, reservedDustFee: '0', reservedGrossByAsset: {} }, scope: 'Fixed I2 execution and supplied financial comparison; not mandatory PCD acceptance' }
  }

test at experiments/moriarty-midnight-financial/ledger/run-local.test.mjs:75:489
✖ malformed recovery identity fails before observations or SDK calls (0.936798ms)
  AssertionError [ERR_ASSERTION]: Expected values to be strictly equal:
  + actual - expected
  
  + 'OBSERVATION_FORBIDDEN'
  - 'INVALID_EXISTING_DEPLOYMENT'
  
      at Object.<anonymous> (file:///home/charl/Moriarty/.worktrees/sp05-deadline-review/experiments/moriarty-midnight-financial/ledger/run-local.test.mjs:77:67)
      at expectedException (node:assert:578:17)
      at expectsError (node:assert:703:21)
      at strict.rejects (node:assert:769:3)
      at async TestContext.<anonymous> (file:///home/charl/Moriarty/.worktrees/sp05-deadline-review/experiments/moriarty-midnight-financial/ledger/run-local.test.mjs:77:2)
      at async Test.run (node:internal/test_runner/test:1332:7)
      at async Test.processPendingSubtests (node:internal/test_runner/test:911:7) {
    generatedMessage: true,
    code: 'ERR_ASSERTION',
    actual: 'OBSERVATION_FORBIDDEN',
    expected: 'INVALID_EXISTING_DEPLOYMENT',
    operator: 'strictEqual',
    diff: 'simple'
  }

test at experiments/moriarty-midnight-financial/ledger/run-local.test.mjs:75:489
✖ malformed recovery identity fails before observations or SDK calls (0.248584ms)
  AssertionError [ERR_ASSERTION]: Expected values to be strictly equal:
  + actual - expected
  
  + 'OBSERVATION_FORBIDDEN'
  - 'INVALID_EXISTING_DEPLOYMENT'
  
      at Object.<anonymous> (file:///home/charl/Moriarty/.worktrees/sp05-deadline-review/experiments/moriarty-midnight-financial/ledger/run-local.test.mjs:77:67)
      at expectedException (node:assert:578:17)
      at expectsError (node:assert:703:21)
      at strict.rejects (node:assert:769:3)
      at async TestContext.<anonymous> (file:///home/charl/Moriarty/.worktrees/sp05-deadline-review/experiments/moriarty-midnight-financial/ledger/run-local.test.mjs:77:2)
      at async Test.run (node:internal/test_runner/test:1332:7)
      at async Test.processPendingSubtests (node:internal/test_runner/test:911:7) {
    generatedMessage: true,
    code: 'ERR_ASSERTION',
    actual: 'OBSERVATION_FORBIDDEN',
    expected: 'INVALID_EXISTING_DEPLOYMENT',
    operator: 'strictEqual',
    diff: 'simple'
  }

test at experiments/moriarty-midnight-financial/ledger/run-local.test.mjs:75:489
✖ malformed recovery identity fails before observations or SDK calls (0.193655ms)
  AssertionError [ERR_ASSERTION]: Expected values to be strictly equal:
  + actual - expected
  
  + 'OBSERVATION_FORBIDDEN'
  - 'INVALID_EXISTING_DEPLOYMENT'
  
      at Object.<anonymous> (file:///home/charl/Moriarty/.worktrees/sp05-deadline-review/experiments/moriarty-midnight-financial/ledger/run-local.test.mjs:77:67)
      at expectedException (node:assert:578:17)
      at expectsError (node:assert:703:21)
      at strict.rejects (node:assert:769:3)
      at async TestContext.<anonymous> (file:///home/charl/Moriarty/.worktrees/sp05-deadline-review/experiments/moriarty-midnight-financial/ledger/run-local.test.mjs:77:2)
      at async Test.run (node:internal/test_runner/test:1332:7)
      at async Test.processPendingSubtests (node:internal/test_runner/test:911:7) {
    generatedMessage: true,
    code: 'ERR_ASSERTION',
    actual: 'OBSERVATION_FORBIDDEN',
    expected: 'INVALID_EXISTING_DEPLOYMENT',
    operator: 'strictEqual',
    diff: 'simple'
  }

test at experiments/moriarty-midnight-financial/ledger/run-local.test.mjs:75:489
✖ malformed recovery identity fails before observations or SDK calls (0.140882ms)
  AssertionError [ERR_ASSERTION]: Expected values to be strictly equal:
  + actual - expected
  
  + 'OBSERVATION_FORBIDDEN'
  - 'INVALID_EXISTING_DEPLOYMENT'
  
      at Object.<anonymous> (file:///home/charl/Moriarty/.worktrees/sp05-deadline-review/experiments/moriarty-midnight-financial/ledger/run-local.test.mjs:77:67)
      at expectedException (node:assert:578:17)
      at expectsError (node:assert:703:21)
      at strict.rejects (node:assert:769:3)
      at async TestContext.<anonymous> (file:///home/charl/Moriarty/.worktrees/sp05-deadline-review/experiments/moriarty-midnight-financial/ledger/run-local.test.mjs:77:2)
      at async Test.run (node:internal/test_runner/test:1332:7)
      at async Test.processPendingSubtests (node:internal/test_runner/test:911:7) {
    generatedMessage: true,
    code: 'ERR_ASSERTION',
    actual: 'OBSERVATION_FORBIDDEN',
    expected: 'INVALID_EXISTING_DEPLOYMENT',
    operator: 'strictEqual',
    diff: 'simple'
  }

test at experiments/moriarty-midnight-financial/ledger/run-local.test.mjs:75:489
✖ malformed recovery identity fails before observations or SDK calls (0.141127ms)
  AssertionError [ERR_ASSERTION]: Expected values to be strictly equal:
  + actual - expected
  
  + 'OBSERVATION_FORBIDDEN'
  - 'INVALID_EXISTING_DEPLOYMENT'
  
      at Object.<anonymous> (file:///home/charl/Moriarty/.worktrees/sp05-deadline-review/experiments/moriarty-midnight-financial/ledger/run-local.test.mjs:77:67)
      at expectedException (node:assert:578:17)
      at expectsError (node:assert:703:21)
      at strict.rejects (node:assert:769:3)
      at async TestContext.<anonymous> (file:///home/charl/Moriarty/.worktrees/sp05-deadline-review/experiments/moriarty-midnight-financial/ledger/run-local.test.mjs:77:2)
      at async Test.run (node:internal/test_runner/test:1332:7)
      at async Test.processPendingSubtests (node:internal/test_runner/test:911:7) {
    generatedMessage: true,
    code: 'ERR_ASSERTION',
    actual: 'OBSERVATION_FORBIDDEN',
    expected: 'INVALID_EXISTING_DEPLOYMENT',
    operator: 'strictEqual',
    diff: 'simple'
  }

test at experiments/moriarty-midnight-financial/ledger/run-local.test.mjs:75:489
✖ malformed recovery identity fails before observations or SDK calls (1.176812ms)
  AssertionError [ERR_ASSERTION]: Expected values to be strictly equal:
  + actual - expected
  
  + 'OBSERVATION_FORBIDDEN'
  - 'INVALID_EXISTING_DEPLOYMENT'
  
      at Object.<anonymous> (file:///home/charl/Moriarty/.worktrees/sp05-deadline-review/experiments/moriarty-midnight-financial/ledger/run-local.test.mjs:77:67)
      at expectedException (node:assert:578:17)
      at expectsError (node:assert:703:21)
      at strict.rejects (node:assert:769:3)
      at async TestContext.<anonymous> (file:///home/charl/Moriarty/.worktrees/sp05-deadline-review/experiments/moriarty-midnight-financial/ledger/run-local.test.mjs:77:2)
      at async Test.run (node:internal/test_runner/test:1332:7)
      at async Test.processPendingSubtests (node:internal/test_runner/test:911:7) {
    generatedMessage: true,
    code: 'ERR_ASSERTION',
    actual: 'OBSERVATION_FORBIDDEN',
    expected: 'INVALID_EXISTING_DEPLOYMENT',
    operator: 'strictEqual',
    diff: 'simple'
  }

test at experiments/moriarty-midnight-financial/ledger/run-local.test.mjs:75:489
✖ malformed recovery identity fails before observations or SDK calls (0.151539ms)
  AssertionError [ERR_ASSERTION]: Expected values to be strictly equal:
  + actual - expected
  
  + 'OBSERVATION_FORBIDDEN'
  - 'INVALID_EXISTING_DEPLOYMENT'
  
      at Object.<anonymous> (file:///home/charl/Moriarty/.worktrees/sp05-deadline-review/experiments/moriarty-midnight-financial/ledger/run-local.test.mjs:77:67)
      at expectedException (node:assert:578:17)
      at expectsError (node:assert:703:21)
      at strict.rejects (node:assert:769:3)
      at async TestContext.<anonymous> (file:///home/charl/Moriarty/.worktrees/sp05-deadline-review/experiments/moriarty-midnight-financial/ledger/run-local.test.mjs:77:2)
      at async Test.run (node:internal/test_runner/test:1332:7)
      at async Test.processPendingSubtests (node:internal/test_runner/test:911:7) {
    generatedMessage: true,
    code: 'ERR_ASSERTION',
    actual: 'OBSERVATION_FORBIDDEN',
    expected: 'INVALID_EXISTING_DEPLOYMENT',
    operator: 'strictEqual',
    diff: 'simple'
  }

test at experiments/moriarty-midnight-financial/ledger/run-local.test.mjs:75:489
✖ malformed recovery identity fails before observations or SDK calls (0.157304ms)
  AssertionError [ERR_ASSERTION]: Expected values to be strictly equal:
  + actual - expected
  
  + 'OBSERVATION_FORBIDDEN'
  - 'INVALID_EXISTING_DEPLOYMENT'
  
      at Object.<anonymous> (file:///home/charl/Moriarty/.worktrees/sp05-deadline-review/experiments/moriarty-midnight-financial/ledger/run-local.test.mjs:77:67)
      at expectedException (node:assert:578:17)
      at expectsError (node:assert:703:21)
      at strict.rejects (node:assert:769:3)
      at async TestContext.<anonymous> (file:///home/charl/Moriarty/.worktrees/sp05-deadline-review/experiments/moriarty-midnight-financial/ledger/run-local.test.mjs:77:2)
      at async Test.run (node:internal/test_runner/test:1332:7)
      at async Test.processPendingSubtests (node:internal/test_runner/test:911:7) {
    generatedMessage: true,
    code: 'ERR_ASSERTION',
    actual: 'OBSERVATION_FORBIDDEN',
    expected: 'INVALID_EXISTING_DEPLOYMENT',
    operator: 'strictEqual',
    diff: 'simple'
  }

test at experiments/moriarty-midnight-financial/ledger/run-local.test.mjs:75:489
✖ malformed recovery identity fails before observations or SDK calls (0.148942ms)
  AssertionError [ERR_ASSERTION]: Expected values to be strictly equal:
  + actual - expected
  
  + 'OBSERVATION_FORBIDDEN'
  - 'INVALID_EXISTING_DEPLOYMENT'
  
      at Object.<anonymous> (file:///home/charl/Moriarty/.worktrees/sp05-deadline-review/experiments/moriarty-midnight-financial/ledger/run-local.test.mjs:77:67)
      at expectedException (node:assert:578:17)
      at expectsError (node:assert:703:21)
      at strict.rejects (node:assert:769:3)
      at async TestContext.<anonymous> (file:///home/charl/Moriarty/.worktrees/sp05-deadline-review/experiments/moriarty-midnight-financial/ledger/run-local.test.mjs:77:2)
      at async Test.run (node:internal/test_runner/test:1332:7)
      at async Test.processPendingSubtests (node:internal/test_runner/test:911:7) {
    generatedMessage: true,
    code: 'ERR_ASSERTION',
    actual: 'OBSERVATION_FORBIDDEN',
    expected: 'INVALID_EXISTING_DEPLOYMENT',
    operator: 'strictEqual',
    diff: 'simple'
  }

test at experiments/moriarty-midnight-financial/ledger/run-local.test.mjs:75:489
✖ malformed recovery identity fails before observations or SDK calls (0.130804ms)
  AssertionError [ERR_ASSERTION]: Expected values to be strictly equal:
  + actual - expected
  
  + 'OBSERVATION_FORBIDDEN'
  - 'INVALID_EXISTING_DEPLOYMENT'
  
      at Object.<anonymous> (file:///home/charl/Moriarty/.worktrees/sp05-deadline-review/experiments/moriarty-midnight-financial/ledger/run-local.test.mjs:77:67)
      at expectedException (node:assert:578:17)
      at expectsError (node:assert:703:21)
      at strict.rejects (node:assert:769:3)
      at async TestContext.<anonymous> (file:///home/charl/Moriarty/.worktrees/sp05-deadline-review/experiments/moriarty-midnight-financial/ledger/run-local.test.mjs:77:2)
      at async Test.run (node:internal/test_runner/test:1332:7)
      at async Test.processPendingSubtests (node:internal/test_runner/test:911:7) {
    generatedMessage: true,
    code: 'ERR_ASSERTION',
    actual: 'OBSERVATION_FORBIDDEN',
    expected: 'INVALID_EXISTING_DEPLOYMENT',
    operator: 'strictEqual',
    diff: 'simple'
  }

test at experiments/moriarty-midnight-financial/ledger/run-local.test.mjs:75:489
✖ malformed recovery identity fails before observations or SDK calls (0.115593ms)
  AssertionError [ERR_ASSERTION]: Expected values to be strictly equal:
  + actual - expected
  
  + 'OBSERVATION_FORBIDDEN'
  - 'INVALID_EXISTING_DEPLOYMENT'
  
      at Object.<anonymous> (file:///home/charl/Moriarty/.worktrees/sp05-deadline-review/experiments/moriarty-midnight-financial/ledger/run-local.test.mjs:77:67)
      at expectedException (node:assert:578:17)
      at expectsError (node:assert:703:21)
      at strict.rejects (node:assert:769:3)
      at async TestContext.<anonymous> (file:///home/charl/Moriarty/.worktrees/sp05-deadline-review/experiments/moriarty-midnight-financial/ledger/run-local.test.mjs:77:2)
      at async Test.run (node:internal/test_runner/test:1332:7)
      at async Test.processPendingSubtests (node:internal/test_runner/test:911:7) {
    generatedMessage: true,
    code: 'ERR_ASSERTION',
    actual: 'OBSERVATION_FORBIDDEN',
    expected: 'INVALID_EXISTING_DEPLOYMENT',
    operator: 'strictEqual',
    diff: 'simple'
  }

test at experiments/moriarty-midnight-financial/ledger/run-local.test.mjs:75:489
✖ malformed recovery identity fails before observations or SDK calls (0.095625ms)
  AssertionError [ERR_ASSERTION]: Expected values to be strictly equal:
  + actual - expected
  
  + 'OBSERVATION_FORBIDDEN'
  - 'INVALID_EXISTING_DEPLOYMENT'
  
      at Object.<anonymous> (file:///home/charl/Moriarty/.worktrees/sp05-deadline-review/experiments/moriarty-midnight-financial/ledger/run-local.test.mjs:77:67)
      at expectedException (node:assert:578:17)
      at expectsError (node:assert:703:21)
      at strict.rejects (node:assert:769:3)
      at async TestContext.<anonymous> (file:///home/charl/Moriarty/.worktrees/sp05-deadline-review/experiments/moriarty-midnight-financial/ledger/run-local.test.mjs:77:2)
      at async Test.run (node:internal/test_runner/test:1332:7)
      at async Test.processPendingSubtests (node:internal/test_runner/test:911:7) {
    generatedMessage: true,
    code: 'ERR_ASSERTION',
    actual: 'OBSERVATION_FORBIDDEN',
    expected: 'INVALID_EXISTING_DEPLOYMENT',
    operator: 'strictEqual',
    diff: 'simple'
  }

test at experiments/moriarty-midnight-financial/ledger/run-local.test.mjs:75:489
✖ malformed recovery identity fails before observations or SDK calls (0.094733ms)
  AssertionError [ERR_ASSERTION]: Expected values to be strictly equal:
  + actual - expected
  
  + 'OBSERVATION_FORBIDDEN'
  - 'INVALID_EXISTING_DEPLOYMENT'
  
      at Object.<anonymous> (file:///home/charl/Moriarty/.worktrees/sp05-deadline-review/experiments/moriarty-midnight-financial/ledger/run-local.test.mjs:77:67)
      at expectedException (node:assert:578:17)
      at expectsError (node:assert:703:21)
      at strict.rejects (node:assert:769:3)
      at async TestContext.<anonymous> (file:///home/charl/Moriarty/.worktrees/sp05-deadline-review/experiments/moriarty-midnight-financial/ledger/run-local.test.mjs:77:2)
      at async Test.run (node:internal/test_runner/test:1332:7)
      at async Test.processPendingSubtests (node:internal/test_runner/test:911:7) {
    generatedMessage: true,
    code: 'ERR_ASSERTION',
    actual: 'OBSERVATION_FORBIDDEN',
    expected: 'INVALID_EXISTING_DEPLOYMENT',
    operator: 'strictEqual',
    diff: 'simple'
  }

test at experiments/moriarty-midnight-financial/ledger/run-local.test.mjs:79:1
✖ recovery rejects accessors without invoking them (0.265696ms)
  AssertionError [ERR_ASSERTION]: Missing expected rejection.
      at async TestContext.<anonymous> (file:///home/charl/Moriarty/.worktrees/sp05-deadline-review/experiments/moriarty-midnight-financial/ledger/run-local.test.mjs:81:2)
      at async Test.run (node:internal/test_runner/test:1332:7)
      at async Test.processPendingSubtests (node:internal/test_runner/test:911:7) {
    generatedMessage: false,
    code: 'ERR_ASSERTION',
    actual: undefined,
    expected: /INVALID_EXISTING_DEPLOYMENT/,
    operator: 'rejects',
    diff: 'simple'
  }

test at experiments/moriarty-midnight-financial/ledger/run-local.test.mjs:83:1
✖ swap recovery is rejected before deployment or observation (0.184373ms)
  AssertionError [ERR_ASSERTION]: Missing expected rejection.
      at async TestContext.<anonymous> (file:///home/charl/Moriarty/.worktrees/sp05-deadline-review/experiments/moriarty-midnight-financial/ledger/run-local.test.mjs:84:75)
      at async Test.run (node:internal/test_runner/test:1332:7)
      at async Test.processPendingSubtests (node:internal/test_runner/test:911:7) {
    generatedMessage: false,
    code: 'ERR_ASSERTION',
    actual: undefined,
    expected: /EXISTING_DEPLOYMENT_REQUIRES_LOAN/,
    operator: 'rejects',
    diff: 'simple'
  }

test at experiments/moriarty-midnight-financial/ledger/run-local.test.mjs:86:49
✖ historical recovery FAIL stops all calls and retains public identity (0.231246ms)
  AssertionError [ERR_ASSERTION]: Expected values to be strictly equal:
  + actual - expected
  
  + undefined
  - 'abababababababababababababababababababababababababababababababab'
  
      at Object.<anonymous> (file:///home/charl/Moriarty/.worktrees/sp05-deadline-review/experiments/moriarty-midnight-financial/ledger/run-local.test.mjs:90:112)
      at expectedException (node:assert:578:17)
      at expectsError (node:assert:703:21)
      at strict.rejects (node:assert:769:3)
      at async TestContext.<anonymous> (file:///home/charl/Moriarty/.worktrees/sp05-deadline-review/experiments/moriarty-midnight-financial/ledger/run-local.test.mjs:90:2)
      at async Test.run (node:internal/test_runner/test:1332:7)
      at async Test.processPendingSubtests (node:internal/test_runner/test:911:7) {
    generatedMessage: true,
    code: 'ERR_ASSERTION',
    actual: undefined,
    expected: 'abababababababababababababababababababababababababababababababab',
    operator: 'strictEqual',
    diff: 'simple'
  }

test at experiments/moriarty-midnight-financial/ledger/run-local.test.mjs:86:49
✖ historical recovery throw stops all calls and retains public identity (0.142179ms)
  AssertionError [ERR_ASSERTION]: Expected values to be strictly equal:
  + actual - expected
  
  + undefined
  - 'abababababababababababababababababababababababababababababababab'
  
      at Object.<anonymous> (file:///home/charl/Moriarty/.worktrees/sp05-deadline-review/experiments/moriarty-midnight-financial/ledger/run-local.test.mjs:90:112)
      at expectedException (node:assert:578:17)
      at expectsError (node:assert:703:21)
      at strict.rejects (node:assert:769:3)
      at async TestContext.<anonymous> (file:///home/charl/Moriarty/.worktrees/sp05-deadline-review/experiments/moriarty-midnight-financial/ledger/run-local.test.mjs:90:2)
      at async Test.run (node:internal/test_runner/test:1332:7)
      at async Test.processPendingSubtests (node:internal/test_runner/test:911:7) {
    generatedMessage: true,
    code: 'ERR_ASSERTION',
    actual: undefined,
    expected: 'abababababababababababababababababababababababababababababababab',
    operator: 'strictEqual',
    diff: 'simple'
  }

test at experiments/moriarty-midnight-financial/ledger/run-local.test.mjs:86:49
✖ historical recovery observe stops all calls and retains public identity (0.119207ms)
  AssertionError [ERR_ASSERTION]: Expected values to be strictly equal:
  + actual - expected
  
  + undefined
  - 'abababababababababababababababababababababababababababababababab'
  
      at Object.<anonymous> (file:///home/charl/Moriarty/.worktrees/sp05-deadline-review/experiments/moriarty-midnight-financial/ledger/run-local.test.mjs:90:112)
      at expectedException (node:assert:578:17)
      at expectsError (node:assert:703:21)
      at strict.rejects (node:assert:769:3)
      at async TestContext.<anonymous> (file:///home/charl/Moriarty/.worktrees/sp05-deadline-review/experiments/moriarty-midnight-financial/ledger/run-local.test.mjs:90:2)
      at async Test.run (node:internal/test_runner/test:1332:7)
      at async Test.processPendingSubtests (node:internal/test_runner/test:911:7) {
    generatedMessage: true,
    code: 'ERR_ASSERTION',
    actual: undefined,
    expected: 'abababababababababababababababababababababababababababababababab',
    operator: 'strictEqual',
    diff: 'simple'
  }

test at experiments/moriarty-midnight-financial/ledger/run-local.test.mjs:93:1
✖ recovery identity is captured before asynchronous binding checks (0.143628ms)
  Error: RECOVERY_DEPLOY_API_FORBIDDEN:deployContract
      at Object.get [as deployContract] (file:///home/charl/Moriarty/.worktrees/sp05-deadline-review/experiments/moriarty-midnight-financial/ledger/run-local.test.mjs:62:170)
      at file:///home/charl/Moriarty/.worktrees/sp05-deadline-review/experiments/moriarty-midnight-financial/ledger/run-local.mjs:49:95
      at async runLocalFinancialCase (file:///home/charl/Moriarty/.worktrees/sp05-deadline-review/experiments/moriarty-midnight-financial/ledger/run-local.mjs:49:20)
      at async TestContext.<anonymous> (file:///home/charl/Moriarty/.worktrees/sp05-deadline-review/experiments/moriarty-midnight-financial/ledger/run-local.test.mjs:97:12)
      at async Test.run (node:internal/test_runner/test:1332:7)
      at async Test.processPendingSubtests (node:internal/test_runner/test:911:7) {
    publicResult: { schema: 'moriarty.local-financial-run/1', status: 'FAILED', kind: 'loan', contractAddress: undefined, stages: [], transactionIds: [], cleanup: { walletStopped: true, pendingOperations: 0, containmentComplete: true }, operationalState: { reservedSubmissions: 0, reservedDustFee: '0', reservedGrossByAsset: {} }, scope: 'Fixed I2 execution and supplied financial comparison; not mandatory PCD acceptance' }
  }
