✔ loan exact custody arguments and hints pass every comparison before next call (2.311076ms)
✔ swap exact custody arguments and hints pass every comparison before next call (0.389462ms)
✔ returned comparator failure false stops before next SDK call (0.46874ms)
✔ returned comparator failure undefined stops before next SDK call (0.229986ms)
✔ returned comparator failure {"status":"Rejected"} stops before next SDK call (0.166876ms)
✔ returned comparator failure {"status":"FAIL"} stops before next SDK call (0.13556ms)
✔ thrown comparator error retains observed ID and cleans up (0.211911ms)
✔ preflight mismatch prevents deployment but cleans up owned provider (0.184937ms)
✔ preflight mismatch prevents deployment but cleans up owned provider (3.526686ms)
✔ preflight mismatch prevents deployment but cleans up owned provider (0.314949ms)
✔ preflight mismatch prevents deployment but cleans up owned provider (0.136542ms)
✔ preflight mismatch prevents deployment but cleans up owned provider (0.134222ms)
✔ preflight mismatch prevents deployment but cleans up owned provider (0.091849ms)
✔ network identity changed after deploy blocks the next SDK stage (0.198966ms)
✔ incomplete cleanup cannot yield driver PASS (0.36061ms)
✔ incomplete cleanup cannot yield driver PASS (0.223522ms)
✔ cleanup rejection preserves the primary failure and provider-known identifiers (0.231048ms)
✔ observation failure keeps SDK ID and never invokes comparator or next call (0.151532ms)
✔ recovered loan observes historical deployment once then submits exactly three calls (0.39403ms)
✔ malformed recovery identity fails before observations or SDK calls (0.131979ms)
✔ malformed recovery identity fails before observations or SDK calls (0.064385ms)
✔ malformed recovery identity fails before observations or SDK calls (0.058389ms)
✔ malformed recovery identity fails before observations or SDK calls (0.075426ms)
✔ malformed recovery identity fails before observations or SDK calls (0.057656ms)
✔ malformed recovery identity fails before observations or SDK calls (0.061691ms)
✔ malformed recovery identity fails before observations or SDK calls (0.046606ms)
✔ malformed recovery identity fails before observations or SDK calls (0.087315ms)
✔ malformed recovery identity fails before observations or SDK calls (0.650498ms)
✔ malformed recovery identity fails before observations or SDK calls (0.084105ms)
✔ malformed recovery identity fails before observations or SDK calls (0.050789ms)
✔ malformed recovery identity fails before observations or SDK calls (0.127943ms)
✔ malformed recovery identity fails before observations or SDK calls (0.128566ms)
✔ recovery rejects accessors without invoking them (0.13378ms)
✔ swap recovery is rejected before deployment or observation (0.064936ms)
✔ historical recovery FAIL stops all calls and retains public identity (0.186402ms)
✔ historical recovery throw stops all calls and retains public identity (0.118454ms)
✔ historical recovery observe stops all calls and retains public identity (0.107372ms)
✔ recovery identity is captured before asynchronous binding checks (0.176418ms)
ℹ tests 38
ℹ suites 0
ℹ pass 38
ℹ fail 0
ℹ cancelled 0
ℹ skipped 0
ℹ todo 0
ℹ duration_ms 70.716219
