✔ loan exact custody arguments and hints pass every comparison before next call (2.083146ms)
✔ swap exact custody arguments and hints pass every comparison before next call (0.337456ms)
✔ returned comparator failure false stops before next SDK call (0.542618ms)
✔ returned comparator failure undefined stops before next SDK call (0.160288ms)
✔ returned comparator failure {"status":"Rejected"} stops before next SDK call (0.133384ms)
✔ returned comparator failure {"status":"FAIL"} stops before next SDK call (0.144054ms)
✔ thrown comparator error retains observed ID and cleans up (0.208956ms)
✔ preflight mismatch prevents deployment but cleans up owned provider (0.135397ms)
✔ preflight mismatch prevents deployment but cleans up owned provider (0.169954ms)
✔ preflight mismatch prevents deployment but cleans up owned provider (0.158161ms)
✔ preflight mismatch prevents deployment but cleans up owned provider (0.120115ms)
✔ preflight mismatch prevents deployment but cleans up owned provider (0.189436ms)
✔ preflight mismatch prevents deployment but cleans up owned provider (3.622592ms)
✔ network identity changed after deploy blocks the next SDK stage (0.253199ms)
✔ incomplete cleanup cannot yield driver PASS (0.414987ms)
✔ incomplete cleanup cannot yield driver PASS (0.236272ms)
✔ cleanup rejection preserves the primary failure and provider-known identifiers (0.200577ms)
✔ observation failure keeps SDK ID and never invokes comparator or next call (0.150288ms)
✔ recovered loan observes historical deployment once then submits exactly three calls (0.3536ms)
✔ malformed recovery identity fails before observations or SDK calls (0.179127ms)
✔ malformed recovery identity fails before observations or SDK calls (0.073068ms)
✔ malformed recovery identity fails before observations or SDK calls (0.064801ms)
✔ malformed recovery identity fails before observations or SDK calls (0.053293ms)
✔ malformed recovery identity fails before observations or SDK calls (0.053061ms)
✔ malformed recovery identity fails before observations or SDK calls (0.051077ms)
✔ malformed recovery identity fails before observations or SDK calls (0.051263ms)
✔ malformed recovery identity fails before observations or SDK calls (0.081319ms)
✔ malformed recovery identity fails before observations or SDK calls (0.627059ms)
✔ malformed recovery identity fails before observations or SDK calls (0.06965ms)
✔ malformed recovery identity fails before observations or SDK calls (0.043645ms)
✔ malformed recovery identity fails before observations or SDK calls (0.03601ms)
✔ malformed recovery identity fails before observations or SDK calls (0.041776ms)
✔ malformed recovery identity fails before observations or SDK calls (0.036203ms)
✔ recovery rejects accessors without invoking them (0.120127ms)
✔ swap recovery is rejected before deployment or observation (0.062723ms)
✔ historical recovery FAIL stops all calls and retains public identity (0.202212ms)
✔ historical recovery throw stops all calls and retains public identity (0.287773ms)
✔ historical recovery observe stops all calls and retains public identity (0.149842ms)
✔ recovery identity is captured before asynchronous binding checks (0.227215ms)
✔ recovered loan cannot pass with incomplete containment (0.142714ms)
ℹ tests 40
ℹ suites 0
ℹ pass 40
ℹ fail 0
ℹ cancelled 0
ℹ skipped 0
ℹ todo 0
ℹ duration_ms 67.145396
