✔ loan complete inert artifacts produce inspected hashes, never a proven build claim (33.004769ms)
✔ swap chooses exact exported circuits (11.127607ms)
✔ absent admission rejects before compiler and allocation (2.967649ms)
✔ wrong case rejects before compiler and allocation (3.694032ms)
✔ wrong candidate rejects before compiler and allocation (3.447147ms)
✔ wrong resource rejects before compiler and allocation (2.593033ms)
✔ consumed allowance rejects before compiler and allocation (3.476618ms)
✔ nonfinite timeout rejects before compiler and allocation (3.116283ms)
✔ expired deadline rejects before compiler and allocation (3.194493ms)
✔ missing source pin rejects before compiler and allocation (3.526258ms)
✔ stale source pin rejects before compiler and allocation (1.948857ms)
✔ different output rejects before compiler and allocation (1.870332ms)
✔ existing output is preserved and rejects (4.857787ms)
✔ symlink ancestor rejects before compiler (4.511867ms)
✔ compiler failure preserves charged attempt, partial outputs and diagnostic receipt; no retry (3.715158ms)
✔ missing proving key rejects despite compiler success (5.349658ms)
✔ wrong metadata version rejects despite compiler success (9.168049ms)
✔ generated output symlink is rejected, never hashed through (5.947951ms)
✔ consumed on-disk attempt refuses reset counters on later invocation (9.647922ms)
✔ review digest and resource bytes must match immutable admission bindings (2.339576ms)
✔ source commitment ignores object insertion order, retaining the exact ordered source list (0.695007ms)
✔ attempt path equal to output rejects before consuming the allowance (3.064944ms)
✔ post-charge output creation failure retains a diagnostic outside output (4.767655ms)
✔ receipt write failure preserves the original compiler failure and outside diagnostic (3.052592ms)
✔ loan retained generated state and transcript effects match independent comparator (synthetic transport only) (211.859862ms)
✔ swap retained generated state and transcript effects match independent comparator (synthetic transport only) (192.938991ms)
✔ actual generated financial state and actual transcript payout mutations are rejected (225.547876ms)
✔ complete loan and swap comparison preserves gross spending and residual duties (19.218742ms)
✔ rejects missing financial field (2.608392ms)
✔ rejects extra financial field (2.06564ms)
✔ rejects remaining debt erased (5.351172ms)
✔ rejects string-valued decoded amount (2.361463ms)
✔ rejects prior result overwritten (2.034971ms)
✔ rejects effect recipient corrupted (2.676612ms)
✔ rejects extra result member (2.102183ms)
✔ rejects initialization flag wrong (1.288075ms)
✔ rejects capability changed (3.477882ms)
✔ rejects payout address changed (1.688768ms)
✔ rejects domain changed (1.574497ms)
✔ rejects color changed (1.408266ms)
✔ rejects network changed (1.336915ms)
✔ rejects program changed (1.794885ms)
✔ rejects native payout changed (1.400006ms)
✔ rejects native conversion amount changed (2.316382ms)
✔ rejects hidden native effect (1.749213ms)
✔ rejects missing native transcript (2.050782ms)
✔ rejects actual lender output short (1.964101ms)
✔ rejects third-party payer (3.706445ms)
✔ rejects gross debit replaced with net (2.219026ms)
✔ rejects native fee mismatch (3.826902ms)
✔ rejects unresolved fee treated resolved (1.772923ms)
✔ rejects contract address changed (1.008139ms)
✔ rejects duplicate tx id (1.500091ms)
✔ rejects block order reversed (1.548684ms)
✔ rejects unfinalized height (2.211787ms)
✔ rejects unsupported protocol (0.999867ms)
✔ rejects false native proof claim (2.322842ms)
✔ swap must observe contract reserves and mint-to-self claims (2.641021ms)
✔ rejects skipped stages and remains stopped after a failure (2.930852ms)
✔ rejects duplicate participants and never exposes role secrets (1.830099ms)
✔ requires explicit ledger protocol, distinct from package version (0.14254ms)
✔ rejects indexer identifier omissions, extras and duplicates (2.730412ms)
✔ rejects zero-valued hidden payout claims (2.983359ms)
✔ summary preserves every observed public field and native aggregate without mutable aliases (8.319998ms)
✔ unknown top-level public state cannot leak into a summary (1.313882ms)
✔ mint-to-self input counts once as contract funding and never as participant spending (3.821966ms)
✔ standalone runtime pin inspection rejects unchanged-version package or entry mutation without importing adapters (0.338489ms)
✔ full composition prepares address then binds colors once and records every stage before next call (4.684365ms)
✔ wrong network rejects before preparation and bounded-cleans supplied wallet (0.485274ms)
✔ wrong SDK network rejects before preparation and bounded-cleans supplied wallet (0.34827ms)
✔ wrong payer rejects before preparation and bounded-cleans supplied wallet (0.207673ms)
✔ public endpoint rejects before preparation and bounded-cleans supplied wallet (0.161795ms)
✔ missing protocol rejects before preparation and bounded-cleans supplied wallet (0.125015ms)
✔ unknown logical asset rejects before preparation and bounded-cleans supplied wallet (0.346474ms)
✔ provider construction failure preserves failure and cleans wallet/assets (0.723557ms)
✔ driver failure before its cleanup ownership guard falls back to wallet cleanup (1.268333ms)
✔ driver throw without cleanup receipt falls back to owned providers exactly once (1.098344ms)
✔ onStage failed retention stops before another transaction (2.569711ms)
✔ source adapters cannot silently switch into production mode (0.225935ms)
✔ local RPC uses one bounded nonredirecting request and validates its response identity (15.641671ms)
✔ local RPC aborts an unresponsive inert request by absolute deadline (30.757536ms)
✔ swap binds each logical ceiling once and records initialize/swap/close through the actual driver (3.278551ms)
✔ asset mutation after a recorded stage stops before the next SDK stage (1.739052ms)
✔ inert contained success is explicitly source-only and never financial acceptance (0.530493ms)
✔ RPC rejects mismatched IDs and oversized bodies without a retry (0.67115ms)
✔ protocol and reviewed callbacks remain captured after asynchronous preparation starts (3.104969ms)
✔ recovery composition restores before real driver, observes historical deploy once and submits only three calls (2.131124ms)
✔ recovery publicCheck failure stops before driver and cleans owned resources (0.53237ms)
✔ recovery checkWallet failure stops before driver and cleans owned resources (0.42491ms)
✔ recovery reconstruct failure stops before driver and cleans owned resources (1.195827ms)
✔ recovery inspectStore failure stops before driver and cleans owned resources (0.678366ms)
✔ recovery restore failure stops before driver and cleans owned resources (0.841849ms)
✔ recovery wallet synchronization rejection prevents constructor, store and driver (1.016233ms)
✔ recovery rejects actual allocation differing from closed plan before recovery work (0.328295ms)
✔ recovery rejects actual submissions differing from closed plan before recovery work (0.227086ms)
✔ recovery rejects actual dust differing from closed plan before recovery work (0.19647ms)
✔ recovery rejects actual gross cap differing from closed plan before recovery work (0.372676ms)
✔ recovery rejects actual deadline differing from closed plan before recovery work (0.237075ms)
✔ recovery rejects actual journal differing from closed plan before recovery work (0.243699ms)
✔ recovery rejects actual store directory differing from closed plan before recovery work (0.220233ms)
✔ recovery rejects actual store namespace differing from closed plan before recovery work (0.172375ms)
✔ recovery rejects actual role differing from closed plan before recovery work (0.204517ms)
✔ recovery rejects actual wallet differing from closed plan before recovery work (0.252037ms)
✔ recovery rejects actual network tag differing from closed plan before recovery work (0.237987ms)
✔ recovery rejects actual build differing from closed plan before recovery work (0.268325ms)
✔ recovery plan rejects changed deployment identity and unchecked identity shortcut (0.266084ms)
✔ production integration rejects recovery adapters before loading runtime or touching private state (0.157328ms)
✔ source recovery requires all recovery adapters (0.905941ms)
✔ nonempty recovery destination stops before provider creation and driver (0.57405ms)
✔ recovery rejects deployment identity getter before cloning or executing it (0.176219ms)
✔ closed local plan validates without opening secret paths (1.101791ms)
✔ rejects remote endpoints, Preview, embedded secrets, unknown fields and unbounded limits (0.619015ms)
✔ private input reader rejects permissive files and symlinks without leaking contents (0.799275ms)
✔ private input reader and CLI reject a FIFO without waiting for a writer (100.732024ms)
✔ event projection drops private fields and rejects unexpected event kinds (1.194899ms)
✔ actual pinned launch SDK files satisfy source inspection without wallet construction (22.415375ms)
✔ CLI requires an explicit run, plan path and exact digest without echoing arguments (51.70146ms)
✔ strict saved-state envelope rejects absent, null and incompatible restore data (0.359264ms)
✔ real pinned API exports compose without constructing a wallet or key (1527.218532ms)
✔ public submission capture persists actual historical native bytes before inert submission and retains failure evidence (33.369515ms)
✔ submission evidence storage failure prevents calling even an inert submitter (8.526418ms)
✔ complete reviewed public integration result preserves failed driver receipts, cleanup and finished comparison (1.105265ms)
✔ storage password preflight applies actual SDK policy before wallet work and emits only a closed error (2.899113ms)
✔ closed recovery launch keeps original wallet and roles and permits exactly three submissions (1.720564ms)
✔ the observed 39-hour-old tip cannot reach wallet balancing (61.737057ms)
✔ fresh indexed block is checked against finalized node chain before each balance (1002.449093ms)
✔ future, mismatched, far-behind and invalid block observations fail closed (182.937839ms)
✔ readiness retries only reads until the indexed tip becomes fresh (1002.427235ms)
✔ hung and oversized indexer responses stop within the shared deadline (80.752605ms)
✔ local readiness rejects remote endpoints before fetching (0.376337ms)
✔ SDK second-query regression is rejected before returning a recipe for signing (0.607493ms)
✔ actual rejected native transaction cannot reach another submission (52.69646ms)
✔ epoch millisecond timestamps use SDK units without accepting second-scale values (38.531984ms)
✔ slow proof and future native DUST time stop submission; recent native time passes (0.44256ms)
✔ readiness retention crossing the deadline cannot start wallet balancing (0.742066ms)
✔ actual public preflight rejects wrong genesis after retained native and build checks without private access (1047.10629ms)
✔ preparation fixes the contract address before funding and submits the same transaction once (25.867001ms)
✔ prepared deployment rejects changed constructor or private state before submission (7.102607ms)
✔ submission failure is single-use and stores no successful deployment state (2.710617ms)
✔ preparation verifies native deployment identity and retains an immutable byte snapshot (3.073226ms)
✔ loan synthetic layout and inert constructor composition remain nonexecutable (207.714396ms)
✔ swap synthetic layout and inert constructor composition remain nonexecutable (13.524685ms)
✔ synthetic receipts cannot use executable loader adapters or flipped proven flags (2.80333ms)
✔ receipt binding rejects before module adapter (1.787438ms)
✔ stale sources rejects before module adapter (2.824085ms)
✔ wrong case rejects before module adapter (4.576557ms)
✔ skip-zk command rejects before module adapter (10.232101ms)
✔ missing key rejects before module adapter (4.512103ms)
✔ wrong metadata rejects before module adapter (3.483297ms)
✔ missing circuit rejects before module adapter (4.007377ms)
✔ unlisted asset rejects before module adapter (2.117204ms)
✔ mutated asset rejects before module adapter (11.056439ms)
✔ unsafe path rejects before module adapter (4.860177ms)
✔ symlink asset rejects before module adapter (1.553724ms)
✔ new package import rejects before module adapter (13.178309ms)
✔ lazy import rejects before module adapter (16.245953ms)
✔ source adapter exercises actual pinned protocol CompiledContract constructors without executable result (305.527882ms)
✔ module adapter mutation is caught by complete post-composition reinspection (15.336964ms)
✔ constructs the actual SDK provider interfaces with account-scoped storage and proven asset path (4.654588ms)
✔ real pinned SDK constructors accept production options without storage or network operations (546.014479ms)
✔ production balance/sign/finalize/submit retains per-asset gross without subtracting refunds (93.144036ms)
✔ rejects malformed counters before wallet balance or signing (0.402723ms)
✔ unknown recipes and diagnostic transaction maps stop before signing or finalizing (9.955601ms)
✔ DUST registration is excluded before signing regardless of signature presence or fee authorization (3.424063ms)
✔ wrong signatures reject before finalize; presence is insufficient (4.438623ms)
✔ changed fallible output and extra finalized intent stop submission and retain reservation (25.833964ms)
✔ submission only accepts issued unchanged transaction once (13.55488ms)
✔ deadline during finalization stops all later effects and reports uncontained operation (83.632673ms)
✔ inert ambiguous submit failure permanently stops provider and retains IDs (10.937792ms)
✔ extra unshielded balancing transaction rejects despite admitted assets (4.510316ms)
✔ unknown asset and exhausted submission cap reject before further wallet operations (13.220854ms)
✔ query deadline and explicit cleanup share the wallet stop latch (0.61548ms)
✔ actual wallet balance flags exclude shielded funding; pre-proof callers reject before balance (11.218416ms)
✔ balancing recipe with unadmitted gross rejects before sign (3.456999ms)
✔ durable allocation refuses absent/corrupt/reset state and mismatched limits (0.870042ms)
✔ successful reconstruction preserves charges; failed finalization persists a stop and charges (27.103922ms)
✔ shared file serializes allocation ownership and crash lock is never reset (10.777262ms)
✔ original snapshot rejects in-place changed recipient/value/action and added base intent before signing (16.726793ms)
✔ permitted appended payer funding/change preserves original outputs and durably reserves before finalize (27.418973ms)
✔ already constructed second provider reloads durable allowance before wallet effects (13.801423ms)
✔ execution binding captures wallet-derived payer and immutable endpoints but reads current SDK network (0.531949ms)
✔ allocation binding rejects changed payer, network and allocation identity before wallet effects (2.025275ms)
✔ native byte decoder exposes signed owners and complete gross inputs and outputs (28.824422ms)
✔ native byte decoder rejects noncanonical bytes and missing input signatures (13.924662ms)
✔ finality observer checks canonical block and queries state at the same block hash (10.180059ms)
✔ observer traverses native deployment bytes with inert RPC and rejects financial observation corruption (35.091413ms)
✔ contract effect projection retains mints, contract IO and precise public payouts (0.804356ms)
✔ historical DUST replay preserves unequal fee fields and exact indexed identifiers (67.223024ms)
✔ native decoder verifies signatures by exact input index and count (34.929851ms)
✔ recovery binds actual retained loan bytes, every identifier and original state without constructing a deployment (57.316171ms)
✔ complete native state comparison rejects authority, operation-set and balance changes (28.759182ms)
✔ recovery wallet gate requires strict sync, no pending or spent dust, and the full remaining cap (16.157889ms)
✔ metadata gate checks entire real Level namespace and rejects additional state without leaking values (279.975253ms)
✔ public recovery gate verifies native receipt, canonical finality and whole current state through read-only interfaces (39.870719ms)
✔ public recovery gate stops on nonfinality, changed current state, receipt mismatch or stale tip (119.403489ms)
✔ closed known recovery plan returns an independent identity and reads only retained public inputs (11.06463ms)
✔ closed recovery plan rejects unknown field (0.225375ms)
✔ closed recovery plan rejects symbol field (0.115102ms)
✔ closed recovery plan rejects hidden field (0.157905ms)
✔ closed recovery plan rejects prototype (0.096944ms)
✔ closed recovery plan rejects getter (0.102381ms)
✔ closed recovery plan rejects swap (0.071679ms)
✔ closed recovery plan rejects four submissions (0.065178ms)
✔ closed recovery plan rejects source allocation (0.066708ms)
✔ closed recovery plan rejects reused allocation (0.066891ms)
✔ closed recovery plan rejects source digest (0.065472ms)
✔ closed recovery plan rejects address (0.071863ms)
✔ closed recovery plan rejects identifier order (0.052281ms)
✔ closed recovery plan rejects hash instead of identifier (0.048546ms)
✔ closed recovery plan rejects build (0.055136ms)
✔ closed recovery plan rejects network (0.052592ms)
✔ closed recovery plan rejects protocol (0.053753ms)
✔ closed recovery plan rejects relative path (0.060801ms)
✔ closed recovery plan rejects parent path (0.093337ms)
✔ closed recovery plan rejects wrong source store (0.076415ms)
✔ closed recovery plan rejects wrong roles (0.06442ms)
✔ closed recovery plan rejects wrong destination (0.071872ms)
✔ closed recovery plan rejects same inspection (0.088652ms)
✔ closed recovery plan rejects nested inspection (0.074912ms)
✔ closed recovery plan rejects parent inspection (0.063107ms)
✔ closed recovery plan rejects old password (0.081625ms)
✔ closed recovery plan rejects old output (0.062387ms)
✔ public input reads reject tampered bytes, source result and symlink paths (71.645325ms)
✔ unminted private restore results fail before any provider access (0.366256ms)
✔ metadata-only copied namespace passes with original bytes preserved and closed public result (21.724355ms)
✔ unknown root entry rejects and retains copied evidence without changing original (6.219605ms)
✔ same path and nested paths reject before modification (2.695263ms)
✔ existing destination is never reused (3.969959ms)
✔ symlink source, ancestor and file reject (4.495737ms)
✔ nonprivate directory and file reject (5.14248ms)
✔ wrong account rejects and preserves copy (3.953336ms)
✔ oversized file rejects before copy (3.451425ms)
✔ unreadable Level copy is retained (2.392498ms)
✔ file count bound rejects before allocating inspection copy (1.544041ms)
✔ metadata evidence filename collision retains exclusive copy on failure (2.069554ms)
✔ private-state and signing-key entries reject (5.099974ms)
✔ metadata with unexpected shape rejects without disclosing contents (4.106339ms)
✔ empty private recovery destination returns true without creating files (0.879175ms)
✔ nonempty recovery destination rejects and preserves records (1.208154ms)
✔ empty destination rejects symlink and symlink ancestor (0.981431ms)
✔ empty destination rejects loose permissions and relative paths (1.244105ms)
✔ loan exact custody arguments and hints pass every comparison before next call (7.453696ms)
✔ swap exact custody arguments and hints pass every comparison before next call (0.79015ms)
✔ returned comparator failure false stops before next SDK call (1.040031ms)
✔ returned comparator failure undefined stops before next SDK call (0.220252ms)
✔ returned comparator failure {"status":"Rejected"} stops before next SDK call (0.148778ms)
✔ returned comparator failure {"status":"FAIL"} stops before next SDK call (0.140633ms)
✔ thrown comparator error retains observed ID and cleans up (0.238472ms)
✔ preflight mismatch prevents deployment but cleans up owned provider (0.272914ms)
✔ preflight mismatch prevents deployment but cleans up owned provider (0.379815ms)
✔ preflight mismatch prevents deployment but cleans up owned provider (0.198652ms)
✔ preflight mismatch prevents deployment but cleans up owned provider (0.170361ms)
✔ preflight mismatch prevents deployment but cleans up owned provider (0.257534ms)
✔ preflight mismatch prevents deployment but cleans up owned provider (0.09223ms)
✔ network identity changed after deploy blocks the next SDK stage (0.187056ms)
✔ incomplete cleanup cannot yield driver PASS (0.857917ms)
✔ incomplete cleanup cannot yield driver PASS (0.253153ms)
✔ cleanup rejection preserves the primary failure and provider-known identifiers (0.225048ms)
✔ observation failure keeps SDK ID and never invokes comparator or next call (0.162001ms)
✔ recovered loan observes historical deployment once then submits exactly three calls (0.779564ms)
✔ malformed recovery identity fails before observations or SDK calls (0.133134ms)
✔ malformed recovery identity fails before observations or SDK calls (0.06046ms)
✔ malformed recovery identity fails before observations or SDK calls (0.058174ms)
✔ malformed recovery identity fails before observations or SDK calls (0.045892ms)
✔ malformed recovery identity fails before observations or SDK calls (0.049216ms)
✔ malformed recovery identity fails before observations or SDK calls (0.050584ms)
✔ malformed recovery identity fails before observations or SDK calls (0.045858ms)
✔ malformed recovery identity fails before observations or SDK calls (0.075183ms)
✔ malformed recovery identity fails before observations or SDK calls (0.82851ms)
✔ malformed recovery identity fails before observations or SDK calls (0.075886ms)
✔ malformed recovery identity fails before observations or SDK calls (0.050922ms)
✔ malformed recovery identity fails before observations or SDK calls (0.071008ms)
✔ malformed recovery identity fails before observations or SDK calls (0.049762ms)
✔ malformed recovery identity fails before observations or SDK calls (0.044778ms)
✔ recovery rejects accessors without invoking them (0.106063ms)
✔ swap recovery is rejected before deployment or observation (0.068078ms)
✔ historical recovery FAIL stops all calls and retains public identity (0.229527ms)
✔ historical recovery throw stops all calls and retains public identity (0.115354ms)
✔ historical recovery observe stops all calls and retains public identity (0.09209ms)
✔ recovery identity is captured before asynchronous binding checks (0.168274ms)
✔ recovered loan cannot pass with incomplete containment (0.164004ms)
ℹ tests 281
ℹ suites 0
ℹ pass 281
ℹ fail 0
ℹ cancelled 0
ℹ skipped 0
ℹ todo 0
ℹ duration_ms 2652.401356
