TAP version 13
# Subtest: metadata-only copied namespace passes with original bytes preserved and closed public result
ok 1 - metadata-only copied namespace passes with original bytes preserved and closed public result
  ---
  duration_ms: 12.88079
  type: 'test'
  ...
# Subtest: unknown root entry rejects and retains copied evidence without changing original
ok 2 - unknown root entry rejects and retains copied evidence without changing original
  ---
  duration_ms: 3.494307
  type: 'test'
  ...
# Subtest: same path and nested paths reject before modification
ok 3 - same path and nested paths reject before modification
  ---
  duration_ms: 1.304084
  type: 'test'
  ...
# Subtest: existing destination is never reused
ok 4 - existing destination is never reused
  ---
  duration_ms: 1.693797
  type: 'test'
  ...
# Subtest: symlink source, ancestor and file reject
ok 5 - symlink source, ancestor and file reject
  ---
  duration_ms: 1.78294
  type: 'test'
  ...
# Subtest: nonprivate directory and file reject
ok 6 - nonprivate directory and file reject
  ---
  duration_ms: 2.125541
  type: 'test'
  ...
# Subtest: wrong account rejects and preserves copy
ok 7 - wrong account rejects and preserves copy
  ---
  duration_ms: 2.691498
  type: 'test'
  ...
# Subtest: oversized file rejects before copy
ok 8 - oversized file rejects before copy
  ---
  duration_ms: 2.498227
  type: 'test'
  ...
# Subtest: unreadable Level copy is retained
ok 9 - unreadable Level copy is retained
  ---
  duration_ms: 2.549637
  type: 'test'
  ...
# Subtest: file count bound rejects before allocating inspection copy
ok 10 - file count bound rejects before allocating inspection copy
  ---
  duration_ms: 1.551635
  type: 'test'
  ...
# Subtest: metadata evidence filename collision retains exclusive copy on failure
ok 11 - metadata evidence filename collision retains exclusive copy on failure
  ---
  duration_ms: 1.927298
  type: 'test'
  ...
# Subtest: private-state and signing-key entries reject
ok 12 - private-state and signing-key entries reject
  ---
  duration_ms: 4.68661
  type: 'test'
  ...
# Subtest: metadata with unexpected shape rejects without disclosing contents
ok 13 - metadata with unexpected shape rejects without disclosing contents
  ---
  duration_ms: 2.551852
  type: 'test'
  ...
# Subtest: empty private recovery destination returns true without creating files
not ok 14 - empty private recovery destination returns true without creating files
  ---
  duration_ms: 1.37761
  type: 'test'
  location: '/home/charl/Moriarty/.worktrees/sp05-deadline-review/experiments/moriarty-midnight-financial/ledger/recover-store.test.mjs:31:1'
  failureType: 'testCodeFailure'
  error: |-
    empty recovery destination gate must exist
    + actual - expected
    
    + 'undefined'
    - 'function'
    
  code: 'ERR_ASSERTION'
  name: 'AssertionError'
  expected: 'function'
  actual: 'undefined'
  operator: 'strictEqual'
  stack: |-
    emptyGate (file:///home/charl/Moriarty/.worktrees/sp05-deadline-review/experiments/moriarty-midnight-financial/ledger/recover-store.test.mjs:30:81)
    async TestContext.<anonymous> (file:///home/charl/Moriarty/.worktrees/sp05-deadline-review/experiments/moriarty-midnight-financial/ledger/recover-store.test.mjs:31:174)
    async Test.run (node:internal/test_runner/test:1332:7)
    async Test.processPendingSubtests (node:internal/test_runner/test:911:7)
  ...
# Subtest: nonempty recovery destination rejects and preserves records
not ok 15 - nonempty recovery destination rejects and preserves records
  ---
  duration_ms: 1.571528
  type: 'test'
  location: '/home/charl/Moriarty/.worktrees/sp05-deadline-review/experiments/moriarty-midnight-financial/ledger/recover-store.test.mjs:32:1'
  failureType: 'testCodeFailure'
  error: |-
    empty recovery destination gate must exist
    + actual - expected
    
    + 'undefined'
    - 'function'
    
  code: 'ERR_ASSERTION'
  name: 'AssertionError'
  expected: 'function'
  actual: 'undefined'
  operator: 'strictEqual'
  stack: |-
    emptyGate (file:///home/charl/Moriarty/.worktrees/sp05-deadline-review/experiments/moriarty-midnight-financial/ledger/recover-store.test.mjs:30:81)
    async TestContext.<anonymous> (file:///home/charl/Moriarty/.worktrees/sp05-deadline-review/experiments/moriarty-midnight-financial/ledger/recover-store.test.mjs:32:149)
    async Test.run (node:internal/test_runner/test:1332:7)
    async Test.processPendingSubtests (node:internal/test_runner/test:911:7)
  ...
# Subtest: empty destination rejects symlink and symlink ancestor
not ok 16 - empty destination rejects symlink and symlink ancestor
  ---
  duration_ms: 1.188793
  type: 'test'
  location: '/home/charl/Moriarty/.worktrees/sp05-deadline-review/experiments/moriarty-midnight-financial/ledger/recover-store.test.mjs:33:1'
  failureType: 'testCodeFailure'
  error: |-
    empty recovery destination gate must exist
    + actual - expected
    
    + 'undefined'
    - 'function'
    
  code: 'ERR_ASSERTION'
  name: 'AssertionError'
  expected: 'function'
  actual: 'undefined'
  operator: 'strictEqual'
  stack: |-
    emptyGate (file:///home/charl/Moriarty/.worktrees/sp05-deadline-review/experiments/moriarty-midnight-financial/ledger/recover-store.test.mjs:30:81)
    async TestContext.<anonymous> (file:///home/charl/Moriarty/.worktrees/sp05-deadline-review/experiments/moriarty-midnight-financial/ledger/recover-store.test.mjs:33:183)
    async Test.run (node:internal/test_runner/test:1332:7)
    async Test.processPendingSubtests (node:internal/test_runner/test:911:7)
  ...
# Subtest: empty destination rejects loose permissions and relative paths
not ok 17 - empty destination rejects loose permissions and relative paths
  ---
  duration_ms: 2.17145
  type: 'test'
  location: '/home/charl/Moriarty/.worktrees/sp05-deadline-review/experiments/moriarty-midnight-financial/ledger/recover-store.test.mjs:34:1'
  failureType: 'testCodeFailure'
  error: |-
    empty recovery destination gate must exist
    + actual - expected
    
    + 'undefined'
    - 'function'
    
  code: 'ERR_ASSERTION'
  name: 'AssertionError'
  expected: 'function'
  actual: 'undefined'
  operator: 'strictEqual'
  stack: |-
    emptyGate (file:///home/charl/Moriarty/.worktrees/sp05-deadline-review/experiments/moriarty-midnight-financial/ledger/recover-store.test.mjs:30:81)
    async TestContext.<anonymous> (file:///home/charl/Moriarty/.worktrees/sp05-deadline-review/experiments/moriarty-midnight-financial/ledger/recover-store.test.mjs:34:166)
    async Test.run (node:internal/test_runner/test:1332:7)
    async Test.processPendingSubtests (node:internal/test_runner/test:911:7)
  ...
1..17
# tests 17
# suites 0
# pass 13
# fail 4
# cancelled 0
# skipped 0
# todo 0
# duration_ms 104.089607
